Run configuration:
  solver: iterations=1000 tol=0.001 total_time_limit_s=120 seed=42
  master: solver=cplex Q=2 T_minutes=660 slot_res=30 (slots=22) trip_dur_min=30 Emax=150.0 L=30.0 eps=0.01 conc_pen=0.25 delta_chg=35.0
  subproblem: solver=cplex_direct S=15.0 Wmax=60 p=50.0 fill_eps=1e-06 (slot_res=30)
  demand_file: setups/base.yaml
Initialized master problem.
[MW] enabled=True alpha=0.3 eps=0.001

=== Iteration 1 ===
Solving Master (MP)...
[SCHEDULE] master gap-tied: time_limit_s=102 mipgap=0.05 g_bd=0.05
MP raw solver: status=ok term=optimal incumbent=0.0 best_bound=0.0
MP solutions: count=1 keys=['Gap', 'Status', 'Message', 'Problem', 'Objective', 'Variable', 'Constraint']
Shuttle totals (OUT+RET): q0=0, q1=0
MP stats (solver): nodes=0 best_bound=0.0 incumbent=0.0 gap=0.0
2026-08-06 11:21:59,495 INFO | mobauto2_benders.benders.solver | iter=1 master status=SolveStatus.OPTIMAL obj=0 lb=0
MP result: status=SolveStatus.OPTIMAL obj=0 lb=0
[CHECK] MP: first=0 theta=0 mp_total=0 inc_obj=0 best_bound=0
[CHECK] MP bounds: mp_obj=0 mp_best_bound=0 mp_best_integer=0 term=optimal status=ok gap=0
[MP] iter=1 incumbent=0 best_bound=0 gap=0 (src: inc=cplex_api bb=cplex_api gap=cplex_api)
[MP] iter=1 cuts=0 obj=0.000
[MW] core updated (t=0..): min=0.7 max=0.7 mean=0.7
Evaluating Subproblem (SP) at candidate...
SP result: recourse=15000 feasible=True
[SP PIPELINE] iter=1 build=0.000s solve=0.000s extract=0.000s post=0.000s cutgen=0.014s mode=mw lb_valid=True tl_inc=False vars=- bin=- cons=- lp=-
[CHECK] SP: recourse=15000 first=0 sp_total=15000
[CUT TIGHTNESS] raw_line(y)=15000  SP_ub=15000  diff=0
[BENDERS] Added cut #0: const_out=7500, const_ret=7500, nnz=41, slope_range=[-735,-720], raw_pos_dm=0, scale=1
[BENDERS] Eval cut (dir): OUT lhs=0 rhs=7500; RET lhs=0 rhs=7500
2026-08-06 11:21:59,563 INFO | mobauto2_benders.benders.solver | force-added CutType.OPTIMALITY cut 'opt_cut'
2026-08-06 11:21:59,563 INFO | mobauto2_benders.benders.solver | added 1 cut(s)
Master updated: added 1 cut(s): opt_cut
[CUT SUMMARY] it=1 cand=candidate:idle decision=added skip=None theta_total=0.0 rec_total=15000.0 raw_rhs_total=15000.0 rhs_total=15000.0 lhs_total=0.0
Timing: master=0.043s sp_solve=0.012s cutgen=0.014s cutadd=0.001s cuts_added=1 total_cuts=1
MP stats: nodes=0 best_bound=0.0 incumbent=0.0 gap=0.0
2026-08-06 11:21:59,563 INFO | mobauto2_benders.benders.solver | bounds: best_lb=0 best_ub=15000 gap=15000 rel=1
[CHECK] GAP: LB=0 UB=15000 gap=15000 rel=1

=== Iteration 2 ===
Solving Master (MP)...
[SCHEDULE] master gap-tied: time_limit_s=102 mipgap=0.05 g_bd=1
[MIPSTART] x-only start applied: n_out=44 n_ret=44
Warning:  No solution found from 1 MIP starts.
MP raw solver: status=ok term=optimal incumbent=0.22 best_bound=0.22000000000000003
MP solutions: count=1 keys=['Gap', 'Status', 'Message', 'Problem', 'Objective', 'Variable', 'Constraint']
Shuttle totals (OUT+RET): q0=12, q1=10
MP stats (solver): nodes=70 best_bound=0.22000000000000003 incumbent=0.22 gap=0.0
2026-08-06 11:21:59,672 INFO | mobauto2_benders.benders.solver | iter=2 master status=SolveStatus.OPTIMAL obj=0.22 lb=0.22
MP result: status=SolveStatus.OPTIMAL obj=0.22 lb=0.22
[CHECK] MP: first=0.22 theta=0 mp_total=0.22 inc_obj=0.22 best_bound=0.22
[CHECK] MP bounds: mp_obj=0.22 mp_best_bound=0.22 mp_best_integer=0.22 term=optimal status=ok gap=0
[MP] iter=2 incumbent=0.22 best_bound=0.22 gap=0 (src: inc=cplex_api bb=cplex_api gap=cplex_api)
[MP] iter=2 cuts=1 obj=0.220 last_const=15000.000 last_nnz=41
[MW] core updated (t=0..): min=0.49 max=0.79 mean=0.64
Evaluating Subproblem (SP) at candidate...
SP result: recourse=5782 feasible=True
[SP PIPELINE] iter=2 build=0.000s solve=0.000s extract=0.000s post=0.000s cutgen=0.012s mode=mw lb_valid=True tl_inc=False vars=- bin=- cons=- lp=-
[CHECK] SP: recourse=5782 first=0.22 sp_total=5782.22
[CUT TIGHTNESS] raw_line(y)=5782  SP_ub=5782  diff=0
[BENDERS] Added cut #1: const_out=6279, const_ret=5353, nnz=26, slope_range=[-735,-15], raw_pos_dm=0, scale=1
[BENDERS] Eval cut (dir): OUT lhs=0 rhs=3354; RET lhs=-0 rhs=2428
2026-08-06 11:21:59,737 INFO | mobauto2_benders.benders.solver | force-added CutType.OPTIMALITY cut 'opt_cut'
2026-08-06 11:21:59,737 INFO | mobauto2_benders.benders.solver | added 1 cut(s)
Master updated: added 1 cut(s): opt_cut
[CUT SUMMARY] it=2 cand=OUT[0,1]|RET[0,2]|OUT[0,6]|RET[0,7]|OUT[0,8]|RET[0,9]|OUT[0,14]|RET[0,15]|OUT[0,17]|RET[0,18]|OUT[0,19]|RET[0,20]|...(+10) decision=added skip=None theta_total=0.0 rec_total=5782.0 raw_rhs_total=5782.0 rhs_total=5782.0 lhs_total=0.0
Timing: master=0.117s sp_solve=0.013s cutgen=0.012s cutadd=0.001s cuts_added=1 total_cuts=2
MP stats: nodes=70 best_bound=0.22000000000000003 incumbent=0.22 gap=0.0
2026-08-06 11:21:59,737 INFO | mobauto2_benders.benders.solver | bounds: best_lb=0.22 best_ub=5782.22 gap=5782 rel=1
[CHECK] GAP: LB=0.22 UB=5782.22 gap=5782 rel=1

=== Iteration 3 ===
Solving Master (MP)...
[SCHEDULE] master gap-tied: time_limit_s=102 mipgap=0.05 g_bd=1
[MIPSTART] x-only start applied: n_out=44 n_ret=44
Warning:  No solution found from 1 MIP starts.
MP raw solver: status=ok term=optimal incumbent=400.48999999999666 best_bound=384.5509397152877
MP solutions: count=1 keys=['Gap', 'Status', 'Message', 'Problem', 'Objective', 'Variable', 'Constraint']
Shuttle totals (OUT+RET): q0=12, q1=12
MP stats (solver): nodes=432 best_bound=384.5509397152877 incumbent=400.48999999999666 gap=0.03979889706286074
2026-08-06 11:21:59,991 INFO | mobauto2_benders.benders.solver | iter=3 master status=SolveStatus.FEASIBLE obj=400.49 lb=384.551
MP result: status=SolveStatus.FEASIBLE obj=400.49 lb=384.551
[CHECK] MP: first=1.49 theta=399 mp_total=400.49 inc_obj=400.49 best_bound=384.551
[CHECK] MP bounds: mp_obj=400.49 mp_best_bound=384.551 mp_best_integer=400.49 term=optimal status=ok gap=0.0397989
[MP] iter=3 incumbent=400.49 best_bound=384.551 gap=0.0397989 (src: inc=cplex_api bb=cplex_api gap=cplex_api)
[MP] iter=3 cuts=2 obj=400.490 last_const=11632.000 last_nnz=26
[MW] core updated (t=0..): min=0.343 max=0.943 mean=0.612
Evaluating Subproblem (SP) at candidate...
SP result: recourse=6363 feasible=True
[SP PIPELINE] iter=3 build=0.000s solve=0.000s extract=0.000s post=0.000s cutgen=0.012s mode=mw lb_valid=True tl_inc=False vars=- bin=- cons=- lp=-
[CHECK] SP: recourse=6363 first=1.49 sp_total=6364.49
[CUT TIGHTNESS] raw_line(y)=6363  SP_ub=6363  diff=0
[BENDERS] Added cut #2: const_out=6578, const_ret=4210, nnz=29, slope_range=[-735,-15], raw_pos_dm=0, scale=1
[BENDERS] Eval cut (dir): OUT lhs=399 rhs=3638; RET lhs=-0 rhs=2725
2026-08-06 11:22:00,058 INFO | mobauto2_benders.benders.solver | force-added CutType.OPTIMALITY cut 'opt_cut'
2026-08-06 11:22:00,058 INFO | mobauto2_benders.benders.solver | added 1 cut(s)
Master updated: added 1 cut(s): opt_cut
[CUT SUMMARY] it=3 cand=OUT[0,2]|RET[0,3]|OUT[0,4]|RET[0,5]|OUT[0,9]|RET[0,10]|OUT[0,11]|RET[0,12]|OUT[0,16]|RET[0,17]|OUT[0,18]|RET[0,19]|...(+12) decision=added skip=None theta_total=398.9999999999967 rec_total=6363.000011 raw_rhs_total=6363.000011 rhs_total=6363.000011 lhs_total=398.9999999999967
Timing: master=0.257s sp_solve=0.012s cutgen=0.012s cutadd=0.001s cuts_added=1 total_cuts=3
MP stats: nodes=432 best_bound=384.5509397152877 incumbent=400.48999999999666 gap=0.03979889706286074
2026-08-06 11:22:00,058 INFO | mobauto2_benders.benders.solver | bounds: best_lb=384.551 best_ub=5782.22 gap=5397.67 rel=0.933
[CHECK] GAP: LB=384.551 UB=5782.22 gap=5397.67 rel=0.933

=== Iteration 4 ===
Solving Master (MP)...
[SCHEDULE] master gap-tied: time_limit_s=102 mipgap=0.05 g_bd=0.933
[MIPSTART] x-only start applied: n_out=44 n_ret=44
Warning:  No solution found from 1 MIP starts.
MP raw solver: status=ok term=optimal incumbent=1372.9900867299966 best_bound=1304.6716281260838
MP solutions: count=1 keys=['Gap', 'Status', 'Message', 'Problem', 'Objective', 'Variable', 'Constraint']
Shuttle totals (OUT+RET): q0=12, q1=12
MP stats (solver): nodes=7147 best_bound=1304.6716281260838 incumbent=1372.9900867299966 gap=0.04975888701907499
2026-08-06 11:22:06,096 INFO | mobauto2_benders.benders.solver | iter=4 master status=SolveStatus.FEASIBLE obj=1372.99 lb=1304.67
MP result: status=SolveStatus.FEASIBLE obj=1372.99 lb=1304.67
[CHECK] MP: first=0.99 theta=1372 mp_total=1372.99 inc_obj=1372.99 best_bound=1304.67
[CHECK] MP bounds: mp_obj=1372.99 mp_best_bound=1304.67 mp_best_integer=1372.99 term=optimal status=ok gap=0.0497589
[MP] iter=4 incumbent=1372.99 best_bound=1304.67 gap=0.0497589 (src: inc=cplex_api bb=cplex_api gap=cplex_api)
[MP] iter=4 cuts=3 obj=1372.990 last_const=10788.000 last_nnz=29
[MW] core updated (t=0..): min=0.24 max=1.2 mean=0.592
Evaluating Subproblem (SP) at candidate...
SP result: recourse=5302 feasible=True
[SP PIPELINE] iter=4 build=0.000s solve=0.000s extract=0.000s post=0.000s cutgen=0.113s mode=mw lb_valid=True tl_inc=False vars=- bin=- cons=- lp=-
[CHECK] SP: recourse=5302 first=0.99 sp_total=5302.99
[CUT TIGHTNESS] raw_line(y)=5302  SP_ub=5302  diff=-1.82e-12
[BENDERS] Added cut #3: const_out=6499, const_ret=7488, nnz=29, slope_range=[-1.44e+03,-15], raw_pos_dm=0, scale=1
[BENDERS] Eval cut (dir): OUT lhs=1134 rhs=2869; RET lhs=238 rhs=2433
2026-08-06 11:22:06,462 INFO | mobauto2_benders.benders.solver | force-added CutType.OPTIMALITY cut 'opt_cut'
2026-08-06 11:22:06,463 INFO | mobauto2_benders.benders.solver | added 1 cut(s)
Master updated: added 1 cut(s): opt_cut
[CUT SUMMARY] it=4 cand=OUT[0,2]|RET[0,3]|OUT[0,5]|RET[0,6]|OUT[0,9]|RET[0,10]|OUT[0,13]|RET[0,14]|OUT[0,15]|RET[0,17]|OUT[0,19]|RET[0,20]|...(+12) decision=added skip=None theta_total=1372.0000867299968 rec_total=5302.000015 raw_rhs_total=5302.000014999999 rhs_total=5302.0000150000005 lhs_total=1372.0000867299968
Timing: master=6.034s sp_solve=0.059s cutgen=0.113s cutadd=0.003s cuts_added=1 total_cuts=4
MP stats: nodes=7147 best_bound=1304.6716281260838 incumbent=1372.9900867299966 gap=0.04975888701907499
2026-08-06 11:22:06,463 INFO | mobauto2_benders.benders.solver | bounds: best_lb=1304.67 best_ub=5302.99 gap=3998.32 rel=0.754
[CHECK] GAP: LB=1304.67 UB=5302.99 gap=3998.32 rel=0.754

=== Iteration 5 ===
Solving Master (MP)...
[SCHEDULE] master gap-tied: time_limit_s=102 mipgap=0.05 g_bd=0.754
[MIPSTART] x-only start applied: n_out=44 n_ret=44
MP raw solver: status=ok term=optimal incumbent=1627.9899993810636 best_bound=1546.9025116945359
MP solutions: count=1 keys=['Gap', 'Status', 'Message', 'Problem', 'Objective', 'Variable', 'Constraint']
Shuttle totals (OUT+RET): q0=12, q1=12
MP stats (solver): nodes=5318 best_bound=1546.9025116945359 incumbent=1627.9899993810636 gap=0.04980834508648762
2026-08-06 11:22:12,686 INFO | mobauto2_benders.benders.solver | iter=5 master status=SolveStatus.FEASIBLE obj=1627.99 lb=1546.9
MP result: status=SolveStatus.FEASIBLE obj=1627.99 lb=1546.9
[CHECK] MP: first=1.99 theta=1626 mp_total=1627.99 inc_obj=1627.99 best_bound=1546.9
[CHECK] MP bounds: mp_obj=1627.99 mp_best_bound=1546.9 mp_best_integer=1627.99 term=optimal status=ok gap=0.0498083
[MP] iter=5 incumbent=1627.99 best_bound=1546.9 gap=0.0498083 (src: inc=cplex_api bb=cplex_api gap=cplex_api)
[MP] iter=5 cuts=4 obj=1627.990 last_const=13987.000 last_nnz=29
[MW] core updated (t=0..): min=0.168 max=1.44 mean=0.578
Evaluating Subproblem (SP) at candidate...
SP result: recourse=6033 feasible=True
[SP PIPELINE] iter=5 build=0.000s solve=0.000s extract=0.000s post=0.000s cutgen=0.014s mode=mw lb_valid=True tl_inc=False vars=- bin=- cons=- lp=-
[CHECK] SP: recourse=6033 first=1.99 sp_total=6034.99
[CUT TIGHTNESS] raw_line(y)=6033  SP_ub=6033  diff=0
[BENDERS] Added cut #4: const_out=6142, const_ret=5711, nnz=29, slope_range=[-1.44e+03,-15], raw_pos_dm=0, scale=1
[BENDERS] Eval cut (dir): OUT lhs=713 rhs=3202; RET lhs=913 rhs=2831
2026-08-06 11:22:12,772 INFO | mobauto2_benders.benders.solver | force-added CutType.OPTIMALITY cut 'opt_cut'
2026-08-06 11:22:12,772 INFO | mobauto2_benders.benders.solver | added 1 cut(s)
Master updated: added 1 cut(s): opt_cut
[CUT SUMMARY] it=5 cand=OUT[0,1]|RET[0,2]|OUT[0,4]|RET[0,5]|OUT[0,7]|RET[0,8]|OUT[0,11]|RET[0,12]|OUT[0,14]|RET[0,17]|OUT[0,19]|RET[0,20]|...(+12) decision=added skip=None theta_total=1625.9999993794702 rec_total=6033.000031 raw_rhs_total=6033.00002596054 rhs_total=6033.000025960542 lhs_total=1625.9999993794702
Timing: master=6.222s sp_solve=0.015s cutgen=0.014s cutadd=0.001s cuts_added=1 total_cuts=5
MP stats: nodes=5318 best_bound=1546.9025116945359 incumbent=1627.9899993810636 gap=0.04980834508648762
2026-08-06 11:22:12,772 INFO | mobauto2_benders.benders.solver | bounds: best_lb=1546.9 best_ub=5302.99 gap=3756.09 rel=0.708
[CHECK] GAP: LB=1546.9 UB=5302.99 gap=3756.09 rel=0.708

=== Iteration 6 ===
Solving Master (MP)...
[SCHEDULE] master gap-tied: time_limit_s=102 mipgap=0.05 g_bd=0.708
[MIPSTART] x-only start applied: n_out=44 n_ret=44
MP raw solver: status=ok term=optimal incumbent=2108.739999066045 best_bound=2003.3272482627033
MP solutions: count=1 keys=['Gap', 'Status', 'Message', 'Problem', 'Objective', 'Variable', 'Constraint']
Shuttle totals (OUT+RET): q0=12, q1=12
MP stats (solver): nodes=20420 best_bound=2003.3272482627033 incumbent=2108.739999066045 gap=0.0499885006449462
2026-08-06 11:22:27,734 INFO | mobauto2_benders.benders.solver | iter=6 master status=SolveStatus.FEASIBLE obj=2108.74 lb=2003.33
MP result: status=SolveStatus.FEASIBLE obj=2108.74 lb=2003.33
[CHECK] MP: first=1.74 theta=2107 mp_total=2108.74 inc_obj=2108.74 best_bound=2003.33
[CHECK] MP bounds: mp_obj=2108.74 mp_best_bound=2003.33 mp_best_integer=2108.74 term=optimal status=ok gap=0.0499885
[MP] iter=6 incumbent=2108.74 best_bound=2003.33 gap=0.0499885 (src: inc=cplex_api bb=cplex_api gap=cplex_api)
[MP] iter=6 cuts=5 obj=2108.740 last_const=11853.000 last_nnz=29
[MW] core updated (t=0..): min=0.118 max=1.61 mean=0.568
Evaluating Subproblem (SP) at candidate...
SP result: recourse=5282 feasible=True
[SP PIPELINE] iter=6 build=0.000s solve=0.000s extract=0.000s post=0.000s cutgen=0.020s mode=mw lb_valid=True tl_inc=False vars=- bin=- cons=- lp=-
[CHECK] SP: recourse=5282 first=1.74 sp_total=5283.74
[CUT TIGHTNESS] raw_line(y)=5282  SP_ub=5282  diff=-9.09e-13
[BENDERS] Added cut #5: const_out=5018, const_ret=8229, nnz=29, slope_range=[-1.44e+03,-15], raw_pos_dm=0, scale=1
[BENDERS] Eval cut (dir): OUT lhs=1179 rhs=2828; RET lhs=928 rhs=2454
2026-08-06 11:22:27,842 INFO | mobauto2_benders.benders.solver | force-added CutType.OPTIMALITY cut 'opt_cut'
2026-08-06 11:22:27,843 INFO | mobauto2_benders.benders.solver | added 1 cut(s)
Master updated: added 1 cut(s): opt_cut
[CUT SUMMARY] it=6 cand=OUT[0,1]|RET[0,2]|OUT[0,4]|RET[0,5]|OUT[0,7]|RET[0,8]|OUT[0,12]|RET[0,13]|OUT[0,15]|RET[0,18]|OUT[0,19]|RET[0,20]|...(+12) decision=added skip=None theta_total=2106.99999906627 rec_total=5282.000034 raw_rhs_total=5282.000035006158 rhs_total=5282.00003500616 lhs_total=2106.99999906627
Timing: master=14.961s sp_solve=0.020s cutgen=0.020s cutadd=0.001s cuts_added=1 total_cuts=6
MP stats: nodes=20420 best_bound=2003.3272482627033 incumbent=2108.739999066045 gap=0.0499885006449462
2026-08-06 11:22:27,843 INFO | mobauto2_benders.benders.solver | bounds: best_lb=2003.33 best_ub=5283.74 gap=3280.41 rel=0.621
[CHECK] GAP: LB=2003.33 UB=5283.74 gap=3280.41 rel=0.621

=== Iteration 7 ===
Solving Master (MP)...
[SCHEDULE] master gap-tied: time_limit_s=92 mipgap=0.05 g_bd=0.621
[MIPSTART] x-only start applied: n_out=44 n_ret=44
MP raw solver: status=ok term=optimal incumbent=2143.4901017299962 best_bound=2036.3663798009131
MP solutions: count=1 keys=['Gap', 'Status', 'Message', 'Problem', 'Objective', 'Variable', 'Constraint']
Shuttle totals (OUT+RET): q0=12, q1=12
MP stats (solver): nodes=17576 best_bound=2036.3663798009131 incumbent=2143.4901017299962 gap=0.04997630819130878
2026-08-06 11:22:43,820 INFO | mobauto2_benders.benders.solver | iter=7 master status=SolveStatus.FEASIBLE obj=2143.49 lb=2036.37
MP result: status=SolveStatus.FEASIBLE obj=2143.49 lb=2036.37
[CHECK] MP: first=1.49 theta=2142 mp_total=2143.49 inc_obj=2143.49 best_bound=2036.37
[CHECK] MP bounds: mp_obj=2143.49 mp_best_bound=2036.37 mp_best_integer=2143.49 term=optimal status=ok gap=0.0499763
[MP] iter=7 incumbent=2143.49 best_bound=2036.37 gap=0.0499763 (src: inc=cplex_api bb=cplex_api gap=cplex_api)
[MP] iter=7 cuts=6 obj=2143.490 last_const=13247.000 last_nnz=29
[MW] core updated (t=0..): min=0.0824 max=1.72 mean=0.561
Evaluating Subproblem (SP) at candidate...
SP result: recourse=4876 feasible=True
[SP PIPELINE] iter=7 build=0.000s solve=0.000s extract=0.000s post=0.000s cutgen=0.014s mode=mw lb_valid=True tl_inc=False vars=- bin=- cons=- lp=-
[CHECK] SP: recourse=4876 first=1.49 sp_total=4877.49
[CUT TIGHTNESS] raw_line(y)=4876  SP_ub=4876  diff=9.09e-13
[BENDERS] Added cut #6: const_out=4391, const_ret=7745, nnz=30, slope_range=[-1.44e+03,-15], raw_pos_dm=0, scale=1
[BENDERS] Eval cut (dir): OUT lhs=1164 rhs=2921; RET lhs=978 rhs=1955
2026-08-06 11:22:43,904 INFO | mobauto2_benders.benders.solver | force-added CutType.OPTIMALITY cut 'opt_cut'
2026-08-06 11:22:43,904 INFO | mobauto2_benders.benders.solver | added 1 cut(s)
Master updated: added 1 cut(s): opt_cut
[CUT SUMMARY] it=7 cand=OUT[0,1]|RET[0,2]|OUT[0,4]|RET[0,5]|OUT[0,6]|RET[0,7]|OUT[0,11]|RET[0,12]|OUT[0,14]|RET[0,17]|OUT[0,19]|RET[0,20]|...(+12) decision=added skip=None theta_total=2142.0001017299965 rec_total=4876.000029 raw_rhs_total=4876.000029000001 rhs_total=4876.000029000002 lhs_total=2142.0001017299965
Timing: master=15.977s sp_solve=0.015s cutgen=0.014s cutadd=0.001s cuts_added=1 total_cuts=7
MP stats: nodes=17576 best_bound=2036.3663798009131 incumbent=2143.4901017299962 gap=0.04997630819130878
2026-08-06 11:22:43,904 INFO | mobauto2_benders.benders.solver | bounds: best_lb=2036.37 best_ub=4877.49 gap=2841.12 rel=0.582
[CHECK] GAP: LB=2036.37 UB=4877.49 gap=2841.12 rel=0.582

=== Iteration 8 ===
Solving Master (MP)...
[SCHEDULE] master gap-tied: time_limit_s=75 mipgap=0.05 g_bd=0.582
[MIPSTART] x-only start applied: n_out=44 n_ret=44
MP raw solver: status=ok term=optimal incumbent=2549.9900149999858 best_bound=2422.5195186024557
MP solutions: count=1 keys=['Gap', 'Status', 'Message', 'Problem', 'Objective', 'Variable', 'Constraint']
Shuttle totals (OUT+RET): q0=12, q1=12
MP stats (solver): nodes=28764 best_bound=2422.5195186024557 incumbent=2549.9900149999858 gap=0.049988625699589555
2026-08-06 11:23:06,187 INFO | mobauto2_benders.benders.solver | iter=8 master status=SolveStatus.FEASIBLE obj=2549.99 lb=2422.52
MP result: status=SolveStatus.FEASIBLE obj=2549.99 lb=2422.52
[CHECK] MP: first=1.99 theta=2548 mp_total=2549.99 inc_obj=2549.99 best_bound=2422.52
[CHECK] MP bounds: mp_obj=2549.99 mp_best_bound=2422.52 mp_best_integer=2549.99 term=optimal status=ok gap=0.0499886
[MP] iter=8 incumbent=2549.99 best_bound=2422.52 gap=0.0499886 (src: inc=cplex_api bb=cplex_api gap=cplex_api)
[MP] iter=8 cuts=7 obj=2549.990 last_const=12136.000 last_nnz=30
[MW] core updated (t=0..): min=0.0576 max=1.81 mean=0.557
Evaluating Subproblem (SP) at candidate...
SP result: recourse=5229 feasible=True
[SP PIPELINE] iter=8 build=0.000s solve=0.000s extract=0.000s post=0.000s cutgen=0.028s mode=mw lb_valid=True tl_inc=False vars=- bin=- cons=- lp=-
[CHECK] SP: recourse=5229 first=1.99 sp_total=5230.99
[CUT TIGHTNESS] raw_line(y)=5229  SP_ub=5229  diff=-9.09e-13
[BENDERS] Added cut #7: const_out=8692, const_ret=5912, nnz=27, slope_range=[-1.44e+03,-15], raw_pos_dm=0, scale=1
[BENDERS] Eval cut (dir): OUT lhs=1433 rhs=2932; RET lhs=1115 rhs=2297
2026-08-06 11:23:06,306 INFO | mobauto2_benders.benders.solver | force-added CutType.OPTIMALITY cut 'opt_cut'
2026-08-06 11:23:06,306 INFO | mobauto2_benders.benders.solver | added 1 cut(s)
Master updated: added 1 cut(s): opt_cut
[CUT SUMMARY] it=8 cand=OUT[0,2]|RET[0,3]|OUT[0,5]|RET[0,6]|OUT[0,10]|RET[0,11]|OUT[0,12]|RET[0,13]|OUT[0,15]|RET[0,16]|OUT[0,19]|RET[0,20]|...(+12) decision=added skip=None theta_total=2548.000014999986 rec_total=5229.00005 raw_rhs_total=5229.000049999956 rhs_total=5229.000049999958 lhs_total=2548.000014999986
Timing: master=22.282s sp_solve=0.019s cutgen=0.028s cutadd=0.001s cuts_added=1 total_cuts=8
MP stats: nodes=28764 best_bound=2422.5195186024557 incumbent=2549.9900149999858 gap=0.049988625699589555
2026-08-06 11:23:06,306 INFO | mobauto2_benders.benders.solver | bounds: best_lb=2422.52 best_ub=4877.49 gap=2454.97 rel=0.503
[CHECK] GAP: LB=2422.52 UB=4877.49 gap=2454.97 rel=0.503

=== Iteration 9 ===
Solving Master (MP)...
[SCHEDULE] master gap-tied: time_limit_s=53 mipgap=0.05 g_bd=0.503
[MIPSTART] x-only start applied: n_out=44 n_ret=44
MP raw solver: status=ok term=optimal incumbent=2579.489946176136 best_bound=2450.69647281968
MP solutions: count=1 keys=['Gap', 'Status', 'Message', 'Problem', 'Objective', 'Variable', 'Constraint']
Shuttle totals (OUT+RET): q0=12, q1=12
MP stats (solver): nodes=2732 best_bound=2450.69647281968 incumbent=2579.489946176136 gap=0.049929821803483286
2026-08-06 11:23:09,394 INFO | mobauto2_benders.benders.solver | iter=9 master status=SolveStatus.FEASIBLE obj=2579.49 lb=2450.7
MP result: status=SolveStatus.FEASIBLE obj=2579.49 lb=2450.7
[CHECK] MP: first=1.49 theta=2578 mp_total=2579.49 inc_obj=2579.49 best_bound=2450.7
[CHECK] MP bounds: mp_obj=2579.49 mp_best_bound=2450.7 mp_best_integer=2579.49 term=optimal status=ok gap=0.0499298
[MP] iter=9 incumbent=2579.49 best_bound=2450.7 gap=0.0499298 (src: inc=cplex_api bb=cplex_api gap=cplex_api)
[MP] iter=9 cuts=8 obj=2579.490 last_const=14604.000 last_nnz=27
[MW] core updated (t=0..): min=0.0404 max=1.87 mean=0.553
Evaluating Subproblem (SP) at candidate...
SP result: recourse=4848 feasible=True
[SP PIPELINE] iter=9 build=0.000s solve=0.000s extract=0.000s post=0.000s cutgen=0.013s mode=mw lb_valid=True tl_inc=False vars=- bin=- cons=- lp=-
[CHECK] SP: recourse=4848 first=1.49 sp_total=4849.49
[CUT TIGHTNESS] raw_line(y)=4848  SP_ub=4848  diff=-2.73e-12
[BENDERS] Added cut #8: const_out=8453, const_ret=5785, nnz=25, slope_range=[-1.44e+03,-15], raw_pos_dm=0, scale=1
[BENDERS] Eval cut (dir): OUT lhs=1448 rhs=2693; RET lhs=1130 rhs=2155
2026-08-06 11:23:09,488 INFO | mobauto2_benders.benders.solver | force-added CutType.OPTIMALITY cut 'opt_cut'
2026-08-06 11:23:09,488 INFO | mobauto2_benders.benders.solver | added 1 cut(s)
Master updated: added 1 cut(s): opt_cut
[CUT SUMMARY] it=9 cand=OUT[0,2]|RET[0,3]|OUT[0,5]|RET[0,6]|OUT[0,9]|RET[0,10]|OUT[0,13]|RET[0,14]|OUT[0,15]|RET[0,16]|OUT[0,18]|RET[0,20]|...(+12) decision=added skip=None theta_total=2577.999946195107 rec_total=4848.000045 raw_rhs_total=4848.000194402949 rhs_total=4848.000194402951 lhs_total=2577.999946195107
Timing: master=3.088s sp_solve=0.012s cutgen=0.013s cutadd=0.001s cuts_added=1 total_cuts=9
MP stats: nodes=2732 best_bound=2450.69647281968 incumbent=2579.489946176136 gap=0.049929821803483286
2026-08-06 11:23:09,488 INFO | mobauto2_benders.benders.solver | bounds: best_lb=2450.7 best_ub=4849.49 gap=2398.79 rel=0.495
[CHECK] GAP: LB=2450.7 UB=4849.49 gap=2398.79 rel=0.495

=== Iteration 10 ===
Solving Master (MP)...
[SCHEDULE] master gap-tied: time_limit_s=50 mipgap=0.05 g_bd=0.495
[MIPSTART] x-only start applied: n_out=44 n_ret=44
MP raw solver: status=ok term=optimal incumbent=3764.4900449999996 best_bound=3576.684478873909
MP solutions: count=1 keys=['Gap', 'Status', 'Message', 'Problem', 'Objective', 'Variable', 'Constraint']
Shuttle totals (OUT+RET): q0=12, q1=12
MP stats (solver): nodes=4854 best_bound=3576.684478873909 incumbent=3764.4900449999996 gap=0.04988871371184236
2026-08-06 11:23:13,432 INFO | mobauto2_benders.benders.solver | iter=10 master status=SolveStatus.FEASIBLE obj=3764.49 lb=3576.68
MP result: status=SolveStatus.FEASIBLE obj=3764.49 lb=3576.68
[CHECK] MP: first=1.49 theta=3763 mp_total=3764.49 inc_obj=3764.49 best_bound=3576.68
[CHECK] MP bounds: mp_obj=3764.49 mp_best_bound=3576.68 mp_best_integer=3764.49 term=optimal status=ok gap=0.0498887
[MP] iter=10 incumbent=3764.49 best_bound=3576.68 gap=0.0498887 (src: inc=cplex_api bb=cplex_api gap=cplex_api)
[MP] iter=10 cuts=9 obj=3764.490 last_const=14238.000 last_nnz=25
[MW] core updated (t=0..): min=0.0282 max=1.91 mean=0.551
Evaluating Subproblem (SP) at candidate...
SP result: recourse=4686 feasible=True
[SP PIPELINE] iter=10 build=0.000s solve=0.000s extract=0.000s post=0.000s cutgen=0.019s mode=mw lb_valid=True tl_inc=False vars=- bin=- cons=- lp=-
[CHECK] SP: recourse=4686 first=1.49 sp_total=4687.49
[CUT TIGHTNESS] raw_line(y)=4686  SP_ub=4686  diff=-2.73e-12
[BENDERS] Added cut #9: const_out=8643, const_ret=6873, nnz=27, slope_range=[-1.44e+03,-15], raw_pos_dm=0, scale=1
[BENDERS] Eval cut (dir): OUT lhs=2648 rhs=2883; RET lhs=1115 rhs=1803
2026-08-06 11:23:13,531 INFO | mobauto2_benders.benders.solver | force-added CutType.OPTIMALITY cut 'opt_cut'
2026-08-06 11:23:13,531 INFO | mobauto2_benders.benders.solver | added 1 cut(s)
Master updated: added 1 cut(s): opt_cut
[CUT SUMMARY] it=10 cand=OUT[0,2]|RET[0,3]|OUT[0,5]|RET[0,6]|OUT[0,7]|RET[0,8]|OUT[0,12]|RET[0,13]|OUT[0,16]|RET[0,17]|OUT[0,18]|RET[0,20]|...(+12) decision=added skip=None theta_total=3763.000045 rec_total=4686.000045 raw_rhs_total=4686.000044999998 rhs_total=4686.000045 lhs_total=3763.000045
Timing: master=3.943s sp_solve=0.021s cutgen=0.019s cutadd=0.001s cuts_added=1 total_cuts=10
MP stats: nodes=4854 best_bound=3576.684478873909 incumbent=3764.4900449999996 gap=0.04988871371184236
2026-08-06 11:23:13,532 INFO | mobauto2_benders.benders.solver | bounds: best_lb=3576.68 best_ub=4687.49 gap=1110.81 rel=0.237
[CHECK] GAP: LB=3576.68 UB=4687.49 gap=1110.81 rel=0.237

=== Iteration 11 ===
Solving Master (MP)...
[SCHEDULE] master gap-tied: time_limit_s=46 mipgap=0.05 g_bd=0.237
[MIPSTART] x-only start applied: n_out=44 n_ret=44
MP raw solver: status=ok term=optimal incumbent=3764.4900449999996 best_bound=3576.291908745696
MP solutions: count=1 keys=['Gap', 'Status', 'Message', 'Problem', 'Objective', 'Variable', 'Constraint']
Shuttle totals (OUT+RET): q0=12, q1=12
MP stats (solver): nodes=2306 best_bound=3576.291908745696 incumbent=3764.4900449999996 gap=0.049992996130847345
2026-08-06 11:23:14,798 INFO | mobauto2_benders.benders.solver | iter=11 master status=SolveStatus.FEASIBLE obj=3764.49 lb=3576.29
MP result: status=SolveStatus.FEASIBLE obj=3764.49 lb=3576.29
[CHECK] MP: first=1.49 theta=3763 mp_total=3764.49 inc_obj=3764.49 best_bound=3576.29
[CHECK] MP bounds: mp_obj=3764.49 mp_best_bound=3576.29 mp_best_integer=3764.49 term=optimal status=ok gap=0.049993
[MP] iter=11 incumbent=3764.49 best_bound=3576.29 gap=0.049993 (src: inc=cplex_api bb=cplex_api gap=cplex_api)
[MP] iter=11 cuts=10 obj=3764.490 last_const=15516.000 last_nnz=27
[MW] core updated (t=0..): min=0.0198 max=1.93 mean=0.549
Evaluating Subproblem (SP) at candidate...
SP result: recourse=4833 feasible=True
[SP PIPELINE] iter=11 build=0.000s solve=0.000s extract=0.000s post=0.000s cutgen=0.016s mode=mw lb_valid=True tl_inc=False vars=- bin=- cons=- lp=-
[CHECK] SP: recourse=4833 first=1.49 sp_total=4834.49
[CUT TIGHTNESS] raw_line(y)=4833  SP_ub=4833  diff=-2.73e-12
[BENDERS] Added cut #10: const_out=8835, const_ret=6828, nnz=27, slope_range=[-1.44e+03,-15], raw_pos_dm=0, scale=1
[BENDERS] Eval cut (dir): OUT lhs=2633 rhs=3075; RET lhs=1130 rhs=1758
2026-08-06 11:23:14,882 INFO | mobauto2_benders.benders.solver | force-added CutType.OPTIMALITY cut 'opt_cut'
2026-08-06 11:23:14,883 INFO | mobauto2_benders.benders.solver | added 1 cut(s)
Master updated: added 1 cut(s): opt_cut
[CUT SUMMARY] it=11 cand=OUT[0,2]|RET[0,3]|OUT[0,5]|RET[0,6]|OUT[0,10]|RET[0,11]|OUT[0,14]|RET[0,15]|OUT[0,17]|RET[0,18]|OUT[0,19]|RET[0,20]|...(+12) decision=added skip=None theta_total=3763.000044999999 rec_total=4833.000045 raw_rhs_total=4833.000044999998 rhs_total=4833.000045 lhs_total=3763.000044999999
Timing: master=1.266s sp_solve=0.017s cutgen=0.016s cutadd=0.001s cuts_added=1 total_cuts=11
MP stats: nodes=2306 best_bound=3576.291908745696 incumbent=3764.4900449999996 gap=0.049992996130847345
2026-08-06 11:23:14,883 INFO | mobauto2_benders.benders.solver | bounds: best_lb=3576.68 best_ub=4687.49 gap=1110.81 rel=0.237
[CHECK] GAP: LB=3576.68 UB=4687.49 gap=1110.81 rel=0.237

=== Iteration 12 ===
Solving Master (MP)...
[SCHEDULE] master gap-tied: time_limit_s=45 mipgap=0.05 g_bd=0.237
[MIPSTART] x-only start applied: n_out=44 n_ret=44
MP raw solver: status=ok term=optimal incumbent=3794.490045 best_bound=3605.659581775863
MP solutions: count=1 keys=['Gap', 'Status', 'Message', 'Problem', 'Objective', 'Variable', 'Constraint']
Shuttle totals (OUT+RET): q0=12, q1=12
MP stats (solver): nodes=1181 best_bound=3605.659581775863 incumbent=3794.490045 gap=0.04976438493308316
2026-08-06 11:23:15,693 INFO | mobauto2_benders.benders.solver | iter=12 master status=SolveStatus.FEASIBLE obj=3794.49 lb=3605.66
MP result: status=SolveStatus.FEASIBLE obj=3794.49 lb=3605.66
[CHECK] MP: first=1.49 theta=3793 mp_total=3794.49 inc_obj=3794.49 best_bound=3605.66
[CHECK] MP bounds: mp_obj=3794.49 mp_best_bound=3605.66 mp_best_integer=3794.49 term=optimal status=ok gap=0.0497644
[MP] iter=12 incumbent=3794.49 best_bound=3605.66 gap=0.0497644 (src: inc=cplex_api bb=cplex_api gap=cplex_api)
[MP] iter=12 cuts=11 obj=3794.490 last_const=15663.000 last_nnz=27
[MW] core updated (t=0..): min=0.0138 max=1.95 mean=0.548
Evaluating Subproblem (SP) at candidate...
SP result: recourse=4924 feasible=True
[SP PIPELINE] iter=12 build=0.000s solve=0.000s extract=0.000s post=0.000s cutgen=0.020s mode=mw lb_valid=True tl_inc=False vars=- bin=- cons=- lp=-
[CHECK] SP: recourse=4924 first=1.49 sp_total=4925.49
[CUT TIGHTNESS] raw_line(y)=4924  SP_ub=4924  diff=-2.73e-12
[BENDERS] Added cut #11: const_out=8689, const_ret=7065, nnz=27, slope_range=[-1.44e+03,-15], raw_pos_dm=0, scale=1
[BENDERS] Eval cut (dir): OUT lhs=2663 rhs=2929; RET lhs=1130 rhs=1995
2026-08-06 11:23:15,797 INFO | mobauto2_benders.benders.solver | force-added CutType.OPTIMALITY cut 'opt_cut'
2026-08-06 11:23:15,797 INFO | mobauto2_benders.benders.solver | added 1 cut(s)
Master updated: added 1 cut(s): opt_cut
[CUT SUMMARY] it=12 cand=OUT[0,2]|RET[0,3]|OUT[0,5]|RET[0,6]|OUT[0,8]|RET[0,10]|OUT[0,14]|RET[0,15]|OUT[0,17]|RET[0,18]|OUT[0,19]|RET[0,20]|...(+12) decision=added skip=None theta_total=3793.000044999999 rec_total=4924.000045 raw_rhs_total=4924.000044999998 rhs_total=4924.000045 lhs_total=3793.000044999999
Timing: master=0.810s sp_solve=0.020s cutgen=0.020s cutadd=0.001s cuts_added=1 total_cuts=12
MP stats: nodes=1181 best_bound=3605.659581775863 incumbent=3794.490045 gap=0.04976438493308316
2026-08-06 11:23:15,798 INFO | mobauto2_benders.benders.solver | bounds: best_lb=3605.66 best_ub=4687.49 gap=1081.83 rel=0.231
[CHECK] GAP: LB=3605.66 UB=4687.49 gap=1081.83 rel=0.231

=== Iteration 13 ===
Solving Master (MP)...
[SCHEDULE] master gap-tied: time_limit_s=44 mipgap=0.05 g_bd=0.231
[MIPSTART] x-only start applied: n_out=44 n_ret=44
MP raw solver: status=ok term=optimal incumbent=3794.990045 best_bound=3606.3455114500066
MP solutions: count=1 keys=['Gap', 'Status', 'Message', 'Problem', 'Objective', 'Variable', 'Constraint']
Shuttle totals (OUT+RET): q0=12, q1=12
MP stats (solver): nodes=924 best_bound=3606.3455114500066 incumbent=3794.990045 gap=0.049708834888389924
2026-08-06 11:23:16,561 INFO | mobauto2_benders.benders.solver | iter=13 master status=SolveStatus.FEASIBLE obj=3794.99 lb=3606.35
MP result: status=SolveStatus.FEASIBLE obj=3794.99 lb=3606.35
[CHECK] MP: first=1.99 theta=3793 mp_total=3794.99 inc_obj=3794.99 best_bound=3606.35
[CHECK] MP bounds: mp_obj=3794.99 mp_best_bound=3606.35 mp_best_integer=3794.99 term=optimal status=ok gap=0.0497088
[MP] iter=13 incumbent=3794.99 best_bound=3606.35 gap=0.0497088 (src: inc=cplex_api bb=cplex_api gap=cplex_api)
[MP] iter=13 cuts=12 obj=3794.990 last_const=15754.000 last_nnz=27
[MW] core updated (t=0..): min=0.00969 max=1.97 mean=0.547
Evaluating Subproblem (SP) at candidate...
SP result: recourse=4985 feasible=True
[SP PIPELINE] iter=13 build=0.000s solve=0.000s extract=0.000s post=0.000s cutgen=0.016s mode=mw lb_valid=True tl_inc=False vars=- bin=- cons=- lp=-
[CHECK] SP: recourse=4985 first=1.99 sp_total=4986.99
[CUT TIGHTNESS] raw_line(y)=4985  SP_ub=4985  diff=-2.73e-12
[BENDERS] Added cut #12: const_out=8890, const_ret=6220, nnz=29, slope_range=[-1.44e+03,-15], raw_pos_dm=0, scale=1
[BENDERS] Eval cut (dir): OUT lhs=2663 rhs=3130; RET lhs=1130 rhs=1855
2026-08-06 11:23:16,683 INFO | mobauto2_benders.benders.solver | force-added CutType.OPTIMALITY cut 'opt_cut'
2026-08-06 11:23:16,683 INFO | mobauto2_benders.benders.solver | added 1 cut(s)
Master updated: added 1 cut(s): opt_cut
[CUT SUMMARY] it=13 cand=OUT[0,2]|RET[0,3]|OUT[0,5]|RET[0,6]|OUT[0,9]|RET[0,11]|OUT[0,12]|RET[0,13]|OUT[0,16]|RET[0,17]|OUT[0,19]|RET[0,20]|...(+12) decision=added skip=None theta_total=3793.000045 rec_total=4985.000045 raw_rhs_total=4985.000044999998 rhs_total=4985.000045 lhs_total=3793.000045
Timing: master=0.763s sp_solve=0.041s cutgen=0.016s cutadd=0.001s cuts_added=1 total_cuts=13
MP stats: nodes=924 best_bound=3606.3455114500066 incumbent=3794.990045 gap=0.049708834888389924
2026-08-06 11:23:16,683 INFO | mobauto2_benders.benders.solver | bounds: best_lb=3606.35 best_ub=4687.49 gap=1081.14 rel=0.231
[CHECK] GAP: LB=3606.35 UB=4687.49 gap=1081.14 rel=0.231

=== Iteration 14 ===
Solving Master (MP)...
[SCHEDULE] master gap-tied: time_limit_s=43 mipgap=0.05 g_bd=0.231
[MIPSTART] x-only start applied: n_out=44 n_ret=44
MP raw solver: status=ok term=optimal incumbent=3824.7400449999986 best_bound=3635.3349055177814
MP solutions: count=1 keys=['Gap', 'Status', 'Message', 'Problem', 'Objective', 'Variable', 'Constraint']
Shuttle totals (OUT+RET): q0=12, q1=12
MP stats (solver): nodes=523 best_bound=3635.3349055177814 incumbent=3824.7400449999986 gap=0.04952104907883023
2026-08-06 11:23:17,173 INFO | mobauto2_benders.benders.solver | iter=14 master status=SolveStatus.FEASIBLE obj=3824.74 lb=3635.33
MP result: status=SolveStatus.FEASIBLE obj=3824.74 lb=3635.33
[CHECK] MP: first=1.74 theta=3823 mp_total=3824.74 inc_obj=3824.74 best_bound=3635.33
[CHECK] MP bounds: mp_obj=3824.74 mp_best_bound=3635.33 mp_best_integer=3824.74 term=optimal status=ok gap=0.049521
[MP] iter=14 incumbent=3824.74 best_bound=3635.33 gap=0.049521 (src: inc=cplex_api bb=cplex_api gap=cplex_api)
[MP] iter=14 cuts=13 obj=3824.740 last_const=15110.000 last_nnz=29
[MW] core updated (t=0..): min=0.00678 max=1.98 mean=0.547
Evaluating Subproblem (SP) at candidate...
SP result: recourse=4891 feasible=True
[SP PIPELINE] iter=14 build=0.000s solve=0.000s extract=0.000s post=0.000s cutgen=0.022s mode=mw lb_valid=True tl_inc=False vars=- bin=- cons=- lp=-
[CHECK] SP: recourse=4891 first=1.74 sp_total=4892.74
[CUT TIGHTNESS] raw_line(y)=4891  SP_ub=4891  diff=-2.73e-12
[BENDERS] Added cut #13: const_out=8841, const_ret=6175, nnz=28, slope_range=[-1.44e+03,-15], raw_pos_dm=0, scale=1
[BENDERS] Eval cut (dir): OUT lhs=2678 rhs=3081; RET lhs=1145 rhs=1810
2026-08-06 11:23:17,288 INFO | mobauto2_benders.benders.solver | force-added CutType.OPTIMALITY cut 'opt_cut'
2026-08-06 11:23:17,288 INFO | mobauto2_benders.benders.solver | added 1 cut(s)
Master updated: added 1 cut(s): opt_cut
[CUT SUMMARY] it=14 cand=OUT[0,2]|RET[0,3]|OUT[0,5]|RET[0,6]|OUT[0,7]|RET[0,9]|OUT[0,12]|RET[0,13]|OUT[0,16]|RET[0,17]|OUT[0,19]|RET[0,20]|...(+12) decision=added skip=None theta_total=3823.000044999999 rec_total=4891.000045 raw_rhs_total=4891.000044999998 rhs_total=4891.000045 lhs_total=3823.000044999999
Timing: master=0.490s sp_solve=0.030s cutgen=0.022s cutadd=0.002s cuts_added=1 total_cuts=14
MP stats: nodes=523 best_bound=3635.3349055177814 incumbent=3824.7400449999986 gap=0.04952104907883023
2026-08-06 11:23:17,288 INFO | mobauto2_benders.benders.solver | bounds: best_lb=3635.33 best_ub=4687.49 gap=1052.16 rel=0.224
[CHECK] GAP: LB=3635.33 UB=4687.49 gap=1052.16 rel=0.224

=== Iteration 15 ===
Solving Master (MP)...
[SCHEDULE] master gap-tied: time_limit_s=42 mipgap=0.05 g_bd=0.224
[MIPSTART] x-only start applied: n_out=44 n_ret=44
MP raw solver: status=ok term=optimal incumbent=3924.240045 best_bound=3728.071800164907
MP solutions: count=1 keys=['Gap', 'Status', 'Message', 'Problem', 'Objective', 'Variable', 'Constraint']
Shuttle totals (OUT+RET): q0=12, q1=12
MP stats (solver): nodes=911 best_bound=3728.071800164907 incumbent=3924.240045 gap=0.04998884945507659
2026-08-06 11:23:17,989 INFO | mobauto2_benders.benders.solver | iter=15 master status=SolveStatus.FEASIBLE obj=3924.24 lb=3728.07
MP result: status=SolveStatus.FEASIBLE obj=3924.24 lb=3728.07
[CHECK] MP: first=1.24 theta=3923 mp_total=3924.24 inc_obj=3924.24 best_bound=3728.07
[CHECK] MP bounds: mp_obj=3924.24 mp_best_bound=3728.07 mp_best_integer=3924.24 term=optimal status=ok gap=0.0499888
[MP] iter=15 incumbent=3924.24 best_bound=3728.07 gap=0.0499888 (src: inc=cplex_api bb=cplex_api gap=cplex_api)
[MP] iter=15 cuts=14 obj=3924.240 last_const=15016.000 last_nnz=28
[MW] core updated (t=0..): min=0.00475 max=1.98 mean=0.546
Evaluating Subproblem (SP) at candidate...
SP result: recourse=4927 feasible=True
[SP PIPELINE] iter=15 build=0.000s solve=0.000s extract=0.000s post=0.000s cutgen=0.029s mode=mw lb_valid=True tl_inc=False vars=- bin=- cons=- lp=-
[CHECK] SP: recourse=4927 first=1.24 sp_total=4928.24
[CUT TIGHTNESS] raw_line(y)=4927  SP_ub=4927  diff=-2.73e-12
[BENDERS] Added cut #14: const_out=8692, const_ret=6360, nnz=26, slope_range=[-1.44e+03,-15], raw_pos_dm=0, scale=1
[BENDERS] Eval cut (dir): OUT lhs=2678 rhs=2932; RET lhs=1245 rhs=1995
2026-08-06 11:23:18,098 INFO | mobauto2_benders.benders.solver | force-added CutType.OPTIMALITY cut 'opt_cut'
2026-08-06 11:23:18,099 INFO | mobauto2_benders.benders.solver | added 1 cut(s)
Master updated: added 1 cut(s): opt_cut
[CUT SUMMARY] it=15 cand=OUT[0,2]|RET[0,3]|OUT[0,5]|RET[0,6]|OUT[0,7]|RET[0,8]|OUT[0,11]|RET[0,12]|OUT[0,16]|RET[0,17]|OUT[0,18]|RET[0,20]|...(+12) decision=added skip=None theta_total=3923.000045 rec_total=4927.000045 raw_rhs_total=4927.000044999998 rhs_total=4927.000045 lhs_total=3923.000045
Timing: master=0.701s sp_solve=0.024s cutgen=0.029s cutadd=0.001s cuts_added=1 total_cuts=15
MP stats: nodes=911 best_bound=3728.071800164907 incumbent=3924.240045 gap=0.04998884945507659
2026-08-06 11:23:18,099 INFO | mobauto2_benders.benders.solver | bounds: best_lb=3728.07 best_ub=4687.49 gap=959.418 rel=0.205
[CHECK] GAP: LB=3728.07 UB=4687.49 gap=959.418 rel=0.205

=== Iteration 16 ===
Solving Master (MP)...
[SCHEDULE] master gap-tied: time_limit_s=41 mipgap=0.05 g_bd=0.205
[MIPSTART] x-only start applied: n_out=44 n_ret=44
MP raw solver: status=ok term=optimal incumbent=3954.4900450000005 best_bound=3761.8440529745017
MP solutions: count=1 keys=['Gap', 'Status', 'Message', 'Problem', 'Objective', 'Variable', 'Constraint']
Shuttle totals (OUT+RET): q0=12, q1=12
MP stats (solver): nodes=835 best_bound=3761.8440529745017 incumbent=3954.4900450000005 gap=0.04871576102943354
2026-08-06 11:23:18,942 INFO | mobauto2_benders.benders.solver | iter=16 master status=SolveStatus.FEASIBLE obj=3954.49 lb=3761.84
MP result: status=SolveStatus.FEASIBLE obj=3954.49 lb=3761.84
[CHECK] MP: first=1.49 theta=3953 mp_total=3954.49 inc_obj=3954.49 best_bound=3761.84
[CHECK] MP bounds: mp_obj=3954.49 mp_best_bound=3761.84 mp_best_integer=3954.49 term=optimal status=ok gap=0.0487158
[MP] iter=16 incumbent=3954.49 best_bound=3761.84 gap=0.0487158 (src: inc=cplex_api bb=cplex_api gap=cplex_api)
[MP] iter=16 cuts=15 obj=3954.490 last_const=15052.000 last_nnz=26
[MW] core updated (t=0..): min=0.00332 max=1.99 mean=0.546
Evaluating Subproblem (SP) at candidate...
SP result: recourse=4782 feasible=True
[SP PIPELINE] iter=16 build=0.000s solve=0.000s extract=0.000s post=0.000s cutgen=0.018s mode=mw lb_valid=True tl_inc=False vars=- bin=- cons=- lp=-
[CHECK] SP: recourse=4782 first=1.49 sp_total=4783.49
[CUT TIGHTNESS] raw_line(y)=4782  SP_ub=4782  diff=-2.73e-12
[BENDERS] Added cut #15: const_out=8647, const_ret=7655, nnz=28, slope_range=[-1.44e+03,-15], raw_pos_dm=0, scale=1
[BENDERS] Eval cut (dir): OUT lhs=2693 rhs=2887; RET lhs=1260 rhs=1895
2026-08-06 11:23:19,045 INFO | mobauto2_benders.benders.solver | force-added CutType.OPTIMALITY cut 'opt_cut'
2026-08-06 11:23:19,045 INFO | mobauto2_benders.benders.solver | added 1 cut(s)
Master updated: added 1 cut(s): opt_cut
[CUT SUMMARY] it=16 cand=OUT[0,2]|RET[0,3]|OUT[0,5]|RET[0,7]|OUT[0,9]|RET[0,10]|OUT[0,13]|RET[0,14]|OUT[0,16]|RET[0,17]|OUT[0,19]|RET[0,20]|...(+12) decision=added skip=None theta_total=3953.000045 rec_total=4782.000045 raw_rhs_total=4782.000044999997 rhs_total=4782.000045 lhs_total=3953.000045
Timing: master=0.843s sp_solve=0.021s cutgen=0.018s cutadd=0.001s cuts_added=1 total_cuts=16
MP stats: nodes=835 best_bound=3761.8440529745017 incumbent=3954.4900450000005 gap=0.04871576102943354
2026-08-06 11:23:19,046 INFO | mobauto2_benders.benders.solver | bounds: best_lb=3761.84 best_ub=4687.49 gap=925.646 rel=0.197
[CHECK] GAP: LB=3761.84 UB=4687.49 gap=925.646 rel=0.197

=== Iteration 17 ===
Solving Master (MP)...
[SCHEDULE] master gap-tied: time_limit_s=40 mipgap=0.05 g_bd=0.197
[MIPSTART] x-only start applied: n_out=44 n_ret=44
MP raw solver: status=ok term=optimal incumbent=4048.9900450000005 best_bound=3847.02583360382
MP solutions: count=1 keys=['Gap', 'Status', 'Message', 'Problem', 'Objective', 'Variable', 'Constraint']
Shuttle totals (OUT+RET): q0=12, q1=12
MP stats (solver): nodes=1059 best_bound=3847.02583360382 incumbent=4048.9900450000005 gap=0.049880145209439605
2026-08-06 11:23:19,639 INFO | mobauto2_benders.benders.solver | iter=17 master status=SolveStatus.FEASIBLE obj=4048.99 lb=3847.03
MP result: status=SolveStatus.FEASIBLE obj=4048.99 lb=3847.03
[CHECK] MP: first=1.99 theta=4047 mp_total=4048.99 inc_obj=4048.99 best_bound=3847.03
[CHECK] MP bounds: mp_obj=4048.99 mp_best_bound=3847.03 mp_best_integer=4048.99 term=optimal status=ok gap=0.0498801
[MP] iter=17 incumbent=4048.99 best_bound=3847.03 gap=0.0498801 (src: inc=cplex_api bb=cplex_api gap=cplex_api)
[MP] iter=17 cuts=16 obj=4048.990 last_const=16302.000 last_nnz=28
[MW] core updated (t=0..): min=0.00233 max=1.99 mean=0.546
Evaluating Subproblem (SP) at candidate...
SP result: recourse=5564 feasible=True
[SP PIPELINE] iter=17 build=0.000s solve=0.000s extract=0.000s post=0.000s cutgen=0.012s mode=mw lb_valid=True tl_inc=False vars=- bin=- cons=- lp=-
[CHECK] SP: recourse=5564 first=1.99 sp_total=5565.99
[CUT TIGHTNESS] raw_line(y)=5564  SP_ub=5564  diff=-2.73e-12
[BENDERS] Added cut #16: const_out=9082, const_ret=6592, nnz=28, slope_range=[-1.44e+03,-15], raw_pos_dm=0, scale=1
[BENDERS] Eval cut (dir): OUT lhs=2872 rhs=3322; RET lhs=1175 rhs=2242
2026-08-06 11:23:19,706 INFO | mobauto2_benders.benders.solver | force-added CutType.OPTIMALITY cut 'opt_cut'
2026-08-06 11:23:19,706 INFO | mobauto2_benders.benders.solver | added 1 cut(s)
Master updated: added 1 cut(s): opt_cut
[CUT SUMMARY] it=17 cand=OUT[0,2]|RET[0,3]|OUT[0,5]|RET[0,7]|OUT[0,10]|RET[0,11]|OUT[0,13]|RET[0,14]|OUT[0,17]|RET[0,18]|OUT[0,19]|RET[0,20]|...(+12) decision=added skip=None theta_total=4047.000045 rec_total=5564.000045 raw_rhs_total=5564.000044999997 rhs_total=5564.000045 lhs_total=4047.000045
Timing: master=0.593s sp_solve=0.014s cutgen=0.012s cutadd=0.001s cuts_added=1 total_cuts=17
MP stats: nodes=1059 best_bound=3847.02583360382 incumbent=4048.9900450000005 gap=0.049880145209439605
2026-08-06 11:23:19,706 INFO | mobauto2_benders.benders.solver | bounds: best_lb=3847.03 best_ub=4687.49 gap=840.464 rel=0.179
[CHECK] GAP: LB=3847.03 UB=4687.49 gap=840.464 rel=0.179

=== Iteration 18 ===
Solving Master (MP)...
[SCHEDULE] master gap-tied: time_limit_s=40 mipgap=0.05 g_bd=0.179
[MIPSTART] x-only start applied: n_out=44 n_ret=44
MP raw solver: status=ok term=optimal incumbent=4114.4900425481 best_bound=3909.3610746440813
MP solutions: count=1 keys=['Gap', 'Status', 'Message', 'Problem', 'Objective', 'Variable', 'Constraint']
Shuttle totals (OUT+RET): q0=12, q1=12
MP stats (solver): nodes=1309 best_bound=3909.3610746440813 incumbent=4114.4900425481 gap=0.049855259286756604
2026-08-06 11:23:20,466 INFO | mobauto2_benders.benders.solver | iter=18 master status=SolveStatus.FEASIBLE obj=4114.49 lb=3909.36
MP result: status=SolveStatus.FEASIBLE obj=4114.49 lb=3909.36
[CHECK] MP: first=1.49 theta=4113 mp_total=4114.49 inc_obj=4114.49 best_bound=3909.36
[CHECK] MP bounds: mp_obj=4114.49 mp_best_bound=3909.36 mp_best_integer=4114.49 term=optimal status=ok gap=0.0498553
[MP] iter=18 incumbent=4114.49 best_bound=3909.36 gap=0.0498553 (src: inc=cplex_api bb=cplex_api gap=cplex_api)
[MP] iter=18 cuts=17 obj=4114.490 last_const=15674.000 last_nnz=28
[MW] core updated (t=0..): min=0.00163 max=1.99 mean=0.546
Evaluating Subproblem (SP) at candidate...
SP result: recourse=4495 feasible=True
[SP PIPELINE] iter=18 build=0.000s solve=0.000s extract=0.000s post=0.000s cutgen=0.021s mode=mw lb_valid=True tl_inc=False vars=- bin=- cons=- lp=-
[CHECK] SP: recourse=4495 first=1.49 sp_total=4496.49
[CUT TIGHTNESS] raw_line(y)=4495  SP_ub=4495  diff=-2.73e-12
[BENDERS] Added cut #17: const_out=8644, const_ret=6681, nnz=27, slope_range=[-1.44e+03,-15], raw_pos_dm=0, scale=1
[BENDERS] Eval cut (dir): OUT lhs=2883 rhs=2884; RET lhs=1230 rhs=1611
2026-08-06 11:23:20,588 INFO | mobauto2_benders.benders.solver | force-added CutType.OPTIMALITY cut 'opt_cut'
2026-08-06 11:23:20,588 INFO | mobauto2_benders.benders.solver | added 1 cut(s)
Master updated: added 1 cut(s): opt_cut
[CUT SUMMARY] it=18 cand=OUT[0,2]|RET[0,3]|OUT[0,5]|RET[0,6]|OUT[0,7]|RET[0,9]|OUT[0,14]|RET[0,15]|OUT[0,17]|RET[0,18]|OUT[0,19]|RET[0,20]|...(+12) decision=added skip=None theta_total=4113.0000425882945 rec_total=4495.000045 raw_rhs_total=4495.000042588282 rhs_total=4495.000042588284 lhs_total=4113.0000425882945
Timing: master=0.759s sp_solve=0.029s cutgen=0.021s cutadd=0.001s cuts_added=1 total_cuts=18
MP stats: nodes=1309 best_bound=3909.3610746440813 incumbent=4114.4900425481 gap=0.049855259286756604
2026-08-06 11:23:20,588 INFO | mobauto2_benders.benders.solver | bounds: best_lb=3909.36 best_ub=4496.49 gap=587.129 rel=0.131
[CHECK] GAP: LB=3909.36 UB=4496.49 gap=587.129 rel=0.131

=== Iteration 19 ===
Solving Master (MP)...
[SCHEDULE] master gap-tied: time_limit_s=39 mipgap=0.05 g_bd=0.131
[MIPSTART] x-only start applied: n_out=44 n_ret=44
MP raw solver: status=ok term=optimal incumbent=4392.49011242501 best_bound=4173.426875297213
MP solutions: count=1 keys=['Gap', 'Status', 'Message', 'Problem', 'Objective', 'Variable', 'Constraint']
Shuttle totals (OUT+RET): q0=12, q1=12
MP stats (solver): nodes=4975 best_bound=4173.426875297213 incumbent=4392.49011242501 gap=0.04987222088630984
2026-08-06 11:23:24,656 INFO | mobauto2_benders.benders.solver | iter=19 master status=SolveStatus.FEASIBLE obj=4392.49 lb=4173.43
MP result: status=SolveStatus.FEASIBLE obj=4392.49 lb=4173.43
[CHECK] MP: first=1.49 theta=4391 mp_total=4392.49 inc_obj=4392.49 best_bound=4173.43
[CHECK] MP bounds: mp_obj=4392.49 mp_best_bound=4173.43 mp_best_integer=4392.49 term=optimal status=ok gap=0.0498722
[MP] iter=19 incumbent=4392.49 best_bound=4173.43 gap=0.0498722 (src: inc=cplex_api bb=cplex_api gap=cplex_api)
[MP] iter=19 cuts=18 obj=4392.490 last_const=15325.000 last_nnz=27
[MW] core updated (t=0..): min=0.00114 max=2 mean=0.546
Evaluating Subproblem (SP) at candidate...
SP result: recourse=4742 feasible=True
[SP PIPELINE] iter=19 build=0.000s solve=0.000s extract=0.000s post=0.000s cutgen=0.013s mode=mw lb_valid=True tl_inc=False vars=- bin=- cons=- lp=-
[CHECK] SP: recourse=4742 first=1.49 sp_total=4743.49
[CUT TIGHTNESS] raw_line(y)=4742  SP_ub=4742  diff=-2.73e-12
[BENDERS] Added cut #18: const_out=8839, const_ret=6028, nnz=27, slope_range=[-1.44e+03,-15], raw_pos_dm=0, scale=1
[BENDERS] Eval cut (dir): OUT lhs=2869 rhs=3079; RET lhs=1522 rhs=1663
2026-08-06 11:23:24,722 INFO | mobauto2_benders.benders.solver | force-added CutType.OPTIMALITY cut 'opt_cut'
2026-08-06 11:23:24,722 INFO | mobauto2_benders.benders.solver | added 1 cut(s)
Master updated: added 1 cut(s): opt_cut
[CUT SUMMARY] it=19 cand=OUT[0,2]|RET[0,3]|OUT[0,5]|RET[0,6]|OUT[0,7]|RET[0,9]|OUT[0,12]|RET[0,13]|OUT[0,16]|RET[0,17]|OUT[0,19]|RET[0,20]|...(+12) decision=added skip=None theta_total=4391.00011242501 rec_total=4742.000045 raw_rhs_total=4742.000044999998 rhs_total=4742.000045 lhs_total=4391.00011242501
Timing: master=4.069s sp_solve=0.012s cutgen=0.013s cutadd=0.001s cuts_added=1 total_cuts=19
MP stats: nodes=4975 best_bound=4173.426875297213 incumbent=4392.49011242501 gap=0.04987222088630984
2026-08-06 11:23:24,722 INFO | mobauto2_benders.benders.solver | bounds: best_lb=4173.43 best_ub=4496.49 gap=323.063 rel=0.0718
[CHECK] GAP: LB=4173.43 UB=4496.49 gap=323.063 rel=0.0718

=== Iteration 20 ===
Solving Master (MP)...
[SCHEDULE] master gap-tied: time_limit_s=35 mipgap=0.05 g_bd=0.0718
[MIPSTART] x-only start applied: n_out=44 n_ret=44
MP raw solver: status=ok term=optimal incumbent=4422.7400450000005 best_bound=4201.608287133252
MP solutions: count=1 keys=['Gap', 'Status', 'Message', 'Problem', 'Objective', 'Variable', 'Constraint']
Shuttle totals (OUT+RET): q0=12, q1=12
MP stats (solver): nodes=5054 best_bound=4201.608287133252 incumbent=4422.7400450000005 gap=0.04999881422303751
2026-08-06 11:23:30,472 INFO | mobauto2_benders.benders.solver | iter=20 master status=SolveStatus.FEASIBLE obj=4422.74 lb=4201.61
MP result: status=SolveStatus.FEASIBLE obj=4422.74 lb=4201.61
[CHECK] MP: first=1.74 theta=4421 mp_total=4422.74 inc_obj=4422.74 best_bound=4201.61
[CHECK] MP bounds: mp_obj=4422.74 mp_best_bound=4201.61 mp_best_integer=4422.74 term=optimal status=ok gap=0.0499988
[MP] iter=20 incumbent=4422.74 best_bound=4201.61 gap=0.0499988 (src: inc=cplex_api bb=cplex_api gap=cplex_api)
[MP] iter=20 cuts=19 obj=4422.740 last_const=14867.000 last_nnz=27
[MW] core updated (t=0..): min=0.001 max=2 mean=0.546
Evaluating Subproblem (SP) at candidate...
SP result: recourse=4644 feasible=True
[SP PIPELINE] iter=20 build=0.000s solve=0.000s extract=0.000s post=0.000s cutgen=0.023s mode=mw lb_valid=True tl_inc=False vars=- bin=- cons=- lp=-
[CHECK] SP: recourse=4644 first=1.74 sp_total=4645.74
[CUT TIGHTNESS] raw_line(y)=4644  SP_ub=4644  diff=-2.73e-12
[BENDERS] Added cut #19: const_out=8646, const_ret=6828, nnz=28, slope_range=[-1.44e+03,-15], raw_pos_dm=0, scale=1
[BENDERS] Eval cut (dir): OUT lhs=2663 rhs=2886; RET lhs=1758 rhs=1758
2026-08-06 11:23:30,589 INFO | mobauto2_benders.benders.solver | force-added CutType.OPTIMALITY cut 'opt_cut'
2026-08-06 11:23:30,589 INFO | mobauto2_benders.benders.solver | added 1 cut(s)
Master updated: added 1 cut(s): opt_cut
[CUT SUMMARY] it=20 cand=OUT[0,2]|RET[0,3]|OUT[0,5]|RET[0,6]|OUT[0,9]|RET[0,11]|OUT[0,12]|RET[0,13]|OUT[0,16]|RET[0,17]|OUT[0,19]|RET[0,20]|...(+12) decision=added skip=None theta_total=4421.000045 rec_total=4644.000045 raw_rhs_total=4644.000044999998 rhs_total=4644.000045 lhs_total=4421.000045
Timing: master=5.750s sp_solve=0.021s cutgen=0.023s cutadd=0.001s cuts_added=1 total_cuts=20
MP stats: nodes=5054 best_bound=4201.608287133252 incumbent=4422.7400450000005 gap=0.04999881422303751
2026-08-06 11:23:30,589 INFO | mobauto2_benders.benders.solver | bounds: best_lb=4201.61 best_ub=4496.49 gap=294.882 rel=0.0656
[CHECK] GAP: LB=4201.61 UB=4496.49 gap=294.882 rel=0.0656

=== Iteration 21 ===
Solving Master (MP)...
[SCHEDULE] master gap-tied: time_limit_s=29 mipgap=0.05 g_bd=0.0656
[MIPSTART] x-only start applied: n_out=44 n_ret=44
MP raw solver: status=ok term=optimal incumbent=4467.4900450000005 best_bound=4244.147730397725
MP solutions: count=1 keys=['Gap', 'Status', 'Message', 'Problem', 'Objective', 'Variable', 'Constraint']
Shuttle totals (OUT+RET): q0=12, q1=12
MP stats (solver): nodes=5720 best_bound=4244.147730397725 incumbent=4467.4900450000005 gap=0.04999279513834263
2026-08-06 11:23:41,708 INFO | mobauto2_benders.benders.solver | iter=21 master status=SolveStatus.FEASIBLE obj=4467.49 lb=4244.15
MP result: status=SolveStatus.FEASIBLE obj=4467.49 lb=4244.15
[CHECK] MP: first=1.49 theta=4466 mp_total=4467.49 inc_obj=4467.49 best_bound=4244.15
[CHECK] MP bounds: mp_obj=4467.49 mp_best_bound=4244.15 mp_best_integer=4467.49 term=optimal status=ok gap=0.0499928
[MP] iter=21 incumbent=4467.49 best_bound=4244.15 gap=0.0499928 (src: inc=cplex_api bb=cplex_api gap=cplex_api)
[MP] iter=21 cuts=20 obj=4467.490 last_const=15474.000 last_nnz=28
[MW] core updated (t=0..): min=0.001 max=2 mean=0.546
Evaluating Subproblem (SP) at candidate...
SP result: recourse=5169 feasible=True
[SP PIPELINE] iter=21 build=0.000s solve=0.000s extract=0.000s post=0.000s cutgen=0.029s mode=mw lb_valid=True tl_inc=False vars=- bin=- cons=- lp=-
[CHECK] SP: recourse=5169 first=1.49 sp_total=5170.49
[CUT TIGHTNESS] raw_line(y)=5169  SP_ub=5169  diff=-2.73e-12
[BENDERS] Added cut #20: const_out=8594, const_ret=5950, nnz=24, slope_range=[-1.44e+03,-15], raw_pos_dm=0, scale=1
[BENDERS] Eval cut (dir): OUT lhs=2678 rhs=2834; RET lhs=1788 rhs=2335
2026-08-06 11:23:41,858 INFO | mobauto2_benders.benders.solver | force-added CutType.OPTIMALITY cut 'opt_cut'
2026-08-06 11:23:41,858 INFO | mobauto2_benders.benders.solver | added 1 cut(s)
Master updated: added 1 cut(s): opt_cut
[CUT SUMMARY] it=21 cand=OUT[0,2]|RET[0,3]|OUT[0,5]|RET[0,6]|OUT[0,7]|RET[0,8]|OUT[0,11]|RET[0,12]|OUT[0,15]|RET[0,16]|OUT[0,18]|RET[0,20]|...(+12) decision=added skip=None theta_total=4466.000045 rec_total=5169.000045 raw_rhs_total=5169.000044999998 rhs_total=5169.000045 lhs_total=4466.000045
Timing: master=11.120s sp_solve=0.034s cutgen=0.029s cutadd=0.002s cuts_added=1 total_cuts=21
MP stats: nodes=5720 best_bound=4244.147730397725 incumbent=4467.4900450000005 gap=0.04999279513834263
2026-08-06 11:23:41,858 INFO | mobauto2_benders.benders.solver | bounds: best_lb=4244.15 best_ub=4496.49 gap=252.342 rel=0.0561
[CHECK] GAP: LB=4244.15 UB=4496.49 gap=252.342 rel=0.0561

=== Iteration 22 ===
Solving Master (MP)...
[SCHEDULE] master gap-tied: time_limit_s=18 mipgap=0.05 g_bd=0.0561
[MIPSTART] x-only start applied: n_out=44 n_ret=44
MP raw solver: status=ok term=optimal incumbent=4496.4900450000005 best_bound=4271.714011231908
MP solutions: count=1 keys=['Gap', 'Status', 'Message', 'Problem', 'Objective', 'Variable', 'Constraint']
Shuttle totals (OUT+RET): q0=12, q1=12
MP stats (solver): nodes=6824 best_bound=4271.714011231908 incumbent=4496.4900450000005 gap=0.049989220818587844
2026-08-06 11:23:56,277 INFO | mobauto2_benders.benders.solver | iter=22 master status=SolveStatus.FEASIBLE obj=4496.49 lb=4271.71
MP result: status=SolveStatus.FEASIBLE obj=4496.49 lb=4271.71
[CHECK] MP: first=1.49 theta=4495 mp_total=4496.49 inc_obj=4496.49 best_bound=4271.71
[CHECK] MP bounds: mp_obj=4496.49 mp_best_bound=4271.71 mp_best_integer=4496.49 term=optimal status=ok gap=0.0499892
[MP] iter=22 incumbent=4496.49 best_bound=4271.71 gap=0.0499892 (src: inc=cplex_api bb=cplex_api gap=cplex_api)
[MP] iter=22 cuts=21 obj=4496.490 last_const=14544.000 last_nnz=24
[MW] core updated (t=0..): min=0.001 max=2 mean=0.546
Evaluating Subproblem (SP) at candidate...
SP result: recourse=4495 feasible=True
[SP PIPELINE] iter=22 build=0.000s solve=0.000s extract=0.000s post=0.000s cutgen=0.026s mode=mw lb_valid=True tl_inc=False vars=- bin=- cons=- lp=-
[CHECK] SP: recourse=4495 first=1.49 sp_total=4496.49
[CUT TIGHTNESS] raw_line(y)=4495  SP_ub=4495  diff=-2.73e-12
[CUT DEBUG] Not violated (dir). viol_out=-4.54747e-13 viol_ret=0
[CUT DEBUG] Not violated (dir). viol_out=-4.54747e-13 viol_ret=0
Master updated: no new cuts (all skipped / duplicates)
[CUT ATTEMPT] it=22 cand=OUT[0,2]|RET[0,3]|OUT[0,5]|RET[0,6]|OUT[0,7]|RET[0,9]|OUT[0,14]|RET[0,15]|OUT[0,16]|RET[0,17]|OUT[0,19]|RET[0,20]|...(+12) theta_out=2884.0000299999997 theta_ret=1611.0000150000005 theta_total=4495.000045000001 rec_out=2884.00003 rec_ret=1611.000015 rec_total=4495.000045 raw_rhs_out=2884.0000299999997 raw_rhs_ret=1611.000015 raw_rhs_total=4495.000044999998 raw_gap=-1.8189894035458565e-12 lhs_out=2884.0000299999997 lhs_ret=1611.0000150000005 lhs_total=4495.000045000001 rhs_out=2884.0000299999992 rhs_ret=1611.0000150000005 rhs_total=4495.000045 tol_master=1e-08 tol_filter=None skip=not_violated_directional
[CUT SUMMARY] it=22 cand=OUT[0,2]|RET[0,3]|OUT[0,5]|RET[0,6]|OUT[0,7]|RET[0,9]|OUT[0,14]|RET[0,15]|OUT[0,16]|RET[0,17]|OUT[0,19]|RET[0,20]|...(+12) decision=None skip=not_violated_directional theta_total=4495.000045000001 rec_total=4495.000045 raw_rhs_total=4495.000044999998 rhs_total=4495.000045 lhs_total=4495.000045000001
Timing: master=14.404s sp_solve=0.031s cutgen=0.026s cutadd=0.004s cuts_added=0 total_cuts=21
MP stats: nodes=6824 best_bound=4271.714011231908 incumbent=4496.4900450000005 gap=0.049989220818587844
2026-08-06 11:23:56,568 INFO | mobauto2_benders.benders.solver | bounds: best_lb=4271.71 best_ub=4496.49 gap=224.776 rel=0.05
[CHECK] GAP: LB=4271.71 UB=4496.49 gap=224.776 rel=0.05

=== Iteration 23 ===
Solving Master (MP)...
[SCHEDULE] master gap-tied: time_limit_s=3 mipgap=0.05 g_bd=0.05
[MIPSTART] x-only start applied: n_out=44 n_ret=44
2026-08-06 11:23:59,508 WARNING | pyomo.core | Loading a SolverResults object with an 'aborted' status, but containing a solution
2026-08-06 11:23:59,512 WARNING | pyomo.core | Loading a SolverResults object with an 'aborted' status, but containing a solution
MP raw solver: status=aborted term=maxTimeLimit incumbent=4496.4900450000005 best_bound=3912.166599227397
MP solutions: count=1 keys=['Gap', 'Status', 'Message', 'Problem', 'Objective', 'Variable', 'Constraint']
Shuttle totals (OUT+RET): q0=12, q1=12
MP stats (solver): nodes=1569 best_bound=3912.166599227397 incumbent=4496.4900450000005 gap=0.1299510151084056
2026-08-06 11:23:59,515 INFO | mobauto2_benders.benders.solver | iter=23 master status=SolveStatus.FEASIBLE obj=4496.49 lb=3912.17
MP result: status=SolveStatus.FEASIBLE obj=4496.49 lb=3912.17
[CHECK] MP: first=1.49 theta=4495 mp_total=4496.49 inc_obj=4496.49 best_bound=3912.17
[CHECK] MP bounds: mp_obj=4496.49 mp_best_bound=3912.17 mp_best_integer=4496.49 term=maxTimeLimit status=aborted gap=0.129951
[MP] iter=23 incumbent=4496.49 best_bound=3912.17 gap=0.129951 (src: inc=cplex_api bb=cplex_api gap=cplex_api)
[MP] iter=23 cuts=21 obj=4496.490 last_const=14544.000 last_nnz=24
[MW] core updated (t=0..): min=0.001 max=2 mean=0.546
Evaluating Subproblem (SP) at candidate...
SP result: recourse=4495 feasible=True
[SP PIPELINE] iter=23 build=0.000s solve=0.000s extract=0.000s post=0.000s cutgen=0.029s mode=mw lb_valid=True tl_inc=False vars=- bin=- cons=- lp=-
[CHECK] SP: recourse=4495 first=1.49 sp_total=4496.49
[CUT TIGHTNESS] raw_line(y)=4495  SP_ub=4495  diff=-2.73e-12
[CUT DEBUG] Not violated (dir). viol_out=-4.54747e-13 viol_ret=0
[CUT DEBUG] Not violated (dir). viol_out=-4.54747e-13 viol_ret=0
Master updated: no new cuts (all skipped / duplicates)
[CUT ATTEMPT] it=23 cand=OUT[0,2]|RET[0,3]|OUT[0,5]|RET[0,6]|OUT[0,7]|RET[0,9]|OUT[0,14]|RET[0,15]|OUT[0,16]|RET[0,17]|OUT[0,19]|RET[0,20]|...(+12) theta_out=2884.0000299999997 theta_ret=1611.0000150000005 theta_total=4495.000045000001 rec_out=2884.00003 rec_ret=1611.000015 rec_total=4495.000045 raw_rhs_out=2884.0000299999997 raw_rhs_ret=1611.000015 raw_rhs_total=4495.000044999998 raw_gap=-1.8189894035458565e-12 lhs_out=2884.0000299999997 lhs_ret=1611.0000150000005 lhs_total=4495.000045000001 rhs_out=2884.0000299999992 rhs_ret=1611.0000150000005 rhs_total=4495.000045 tol_master=1e-08 tol_filter=None skip=not_violated_directional
[CUT SUMMARY] it=23 cand=OUT[0,2]|RET[0,3]|OUT[0,5]|RET[0,6]|OUT[0,7]|RET[0,9]|OUT[0,14]|RET[0,15]|OUT[0,16]|RET[0,17]|OUT[0,19]|RET[0,20]|...(+12) decision=None skip=not_violated_directional theta_total=4495.000045000001 rec_total=4495.000045 raw_rhs_total=4495.000044999998 rhs_total=4495.000045 lhs_total=4495.000045000001
Timing: master=2.943s sp_solve=0.034s cutgen=0.029s cutadd=0.003s cuts_added=0 total_cuts=21
MP stats: nodes=1569 best_bound=3912.166599227397 incumbent=4496.4900450000005 gap=0.1299510151084056
2026-08-06 11:23:59,688 INFO | mobauto2_benders.benders.solver | bounds: best_lb=4271.71 best_ub=4496.49 gap=224.776 rel=0.05
[CHECK] GAP: LB=4271.71 UB=4496.49 gap=224.776 rel=0.05
2026-08-06 11:23:59,688 WARNING | mobauto2_benders.benders.solver | Time limit reached after 23 iterations

Time limit reached after 23 iterations.
Total solve time: 120.302 seconds
Best bounds: LB=4271.71 UB=4496.49 gap=224.776 rel=0.05

Best Master Solution:
Q=2 T=22
theta = 4113
  - theta_out = 2883
  - theta_ret = 1230
Timeline (per shuttle):
           0     1     2     3     4     5     6     7     8     9    10    11    12    13    14    15    16    17    18    19    20    21
  q=0:   IDL   IDL   OUT   RET   CHR   OUT   RET   OUT   IDL   RET   CHR   CHR   CHR   CHR   OUT   RET   CHR   OUT   RET   OUT   RET   IDL
  q=1:   IDL   IDL   OUT   RET   CHR   OUT   IDL   RET   CHR   CHR   OUT   RET   OUT   RET   CHR   CHR   OUT   RET   CHR   OUT   RET   IDL
Battery (per shuttle):
           0     1     2     3     4     5     6     7     8     9    10    11    12    13    14    15    16    17    18    19    20    21
  q=0:   150   150   150   120    90   125    95    65    35    35     5    40    75   110   145   115    85    55    25    60    30     0
  q=1:   150   150   150   120    90   125    95    95    65   100   135   105    75    45    15    50    85   120    90    60    30     0

Demand per slot (OUT/RET):
         0   1   2   3   4   5   6   7   8   9  10  11  12  13  14  15  16  17  18  19  20  21
  OUT:  19  22  29  22  17   8   4   4   2   4   5   3   1   4   1   2   0   1   0   2   0   0
  RET:   3   1   2   0   0   4   3   7   4   4   8  12   8   7   6   7  19  15  24  16   0   0

Pax per shuttle and slot (total):
         0   1   2   3   4   5   6   7   8   9  10  11  12  13  14  15  16  17  18  19  20  21
  q=0:   0   0  15   3   0  15   4  12   0  11   0   0   0   0   5  13   0   0  15   1  15   0
  q=1:   0   0  15   0   0  15   0   3   0   0   6  12   8  15   0   0   3  15   0   0  15   0
Pax served: 216/300
Pax served: 216/300
Subproblem (last): obj=4495 wait_slots=295 fill_eps=4.5e-05 penalty_cost=4200 penalty_pax=84 total_demand=300
Avg wait (min): 40.9722
UB_total (best): 4496.49

Result: status=UNKNOWN iterations=23 best_lb=4271.714011231908 best_ub=4496.490045

Manifest: C:\Users\fabio\My Drive\05_Projects\19_MobAuto2_Benders\manifests\manifest_cpx_thr1_20260806_092359.json
