Run configuration:
  solver: iterations=1000 tol=0.001 total_time_limit_s=120 seed=42
  master: solver=cplex Q=2 T_minutes=660 slot_res=30 (slots=22) trip_dur_min=30 Emax=150.0 L=30.0 eps=0.01 conc_pen=0.25 delta_chg=35.0
  subproblem: solver=cplex_direct S=15.0 Wmax=60 p=50.0 fill_eps=1e-06 (slot_res=30)
  demand_file: setups/base.yaml
Initialized master problem.
[MW] enabled=True alpha=0.3 eps=0.001

=== Iteration 1 ===
Solving Master (MP)...
[SCHEDULE] master gap-tied: time_limit_s=102 mipgap=0.05 g_bd=0.05
MP raw solver: status=ok term=optimal incumbent=0.0 best_bound=0.0
MP solutions: count=1 keys=['Gap', 'Status', 'Message', 'Problem', 'Objective', 'Variable', 'Constraint']
Shuttle totals (OUT+RET): q0=0, q1=0
MP stats (solver): nodes=0 best_bound=0.0 incumbent=0.0 gap=0.0
2026-08-06 11:24:00,910 INFO | mobauto2_benders.benders.solver | iter=1 master status=SolveStatus.OPTIMAL obj=0 lb=0
MP result: status=SolveStatus.OPTIMAL obj=0 lb=0
[CHECK] MP: first=0 theta=0 mp_total=0 inc_obj=0 best_bound=0
[CHECK] MP bounds: mp_obj=0 mp_best_bound=0 mp_best_integer=0 term=optimal status=ok gap=0
[MP] iter=1 incumbent=0 best_bound=0 gap=0 (src: inc=cplex_api bb=cplex_api gap=cplex_api)
[MP] iter=1 cuts=0 obj=0.000
[MW] core updated (t=0..): min=0.7 max=0.7 mean=0.7
Evaluating Subproblem (SP) at candidate...
SP result: recourse=15000 feasible=True
[SP PIPELINE] iter=1 build=0.000s solve=0.000s extract=0.000s post=0.000s cutgen=0.014s mode=mw lb_valid=True tl_inc=False vars=- bin=- cons=- lp=-
[CHECK] SP: recourse=15000 first=0 sp_total=15000
[CUT TIGHTNESS] raw_line(y)=15000  SP_ub=15000  diff=0
[BENDERS] Added cut #0: const_out=7500, const_ret=7500, nnz=41, slope_range=[-735,-720], raw_pos_dm=0, scale=1
[BENDERS] Eval cut (dir): OUT lhs=0 rhs=7500; RET lhs=0 rhs=7500
2026-08-06 11:24:00,983 INFO | mobauto2_benders.benders.solver | force-added CutType.OPTIMALITY cut 'opt_cut'
2026-08-06 11:24:00,983 INFO | mobauto2_benders.benders.solver | added 1 cut(s)
Master updated: added 1 cut(s): opt_cut
[CUT SUMMARY] it=1 cand=candidate:idle decision=added skip=None theta_total=0.0 rec_total=15000.0 raw_rhs_total=15000.0 rhs_total=15000.0 lhs_total=0.0
Timing: master=0.048s sp_solve=0.013s cutgen=0.014s cutadd=0.001s cuts_added=1 total_cuts=1
MP stats: nodes=0 best_bound=0.0 incumbent=0.0 gap=0.0
2026-08-06 11:24:00,983 INFO | mobauto2_benders.benders.solver | bounds: best_lb=0 best_ub=15000 gap=15000 rel=1
[CHECK] GAP: LB=0 UB=15000 gap=15000 rel=1

=== Iteration 2 ===
Solving Master (MP)...
[SCHEDULE] master gap-tied: time_limit_s=102 mipgap=0.05 g_bd=1
[MIPSTART] x-only start applied: n_out=44 n_ret=44
Warning:  No solution found from 1 MIP starts.
MP raw solver: status=ok term=optimal incumbent=0.22000000000000003 best_bound=0.22000000000000003
MP solutions: count=1 keys=['Gap', 'Status', 'Message', 'Problem', 'Objective', 'Variable', 'Constraint']
Shuttle totals (OUT+RET): q0=12, q1=10
MP stats (solver): nodes=0 best_bound=0.22000000000000003 incumbent=0.22000000000000003 gap=0.0
2026-08-06 11:24:01,128 INFO | mobauto2_benders.benders.solver | iter=2 master status=SolveStatus.OPTIMAL obj=0.22 lb=0.22
MP result: status=SolveStatus.OPTIMAL obj=0.22 lb=0.22
[CHECK] MP: first=0.22 theta=0 mp_total=0.22 inc_obj=0.22 best_bound=0.22
[CHECK] MP bounds: mp_obj=0.22 mp_best_bound=0.22 mp_best_integer=0.22 term=optimal status=ok gap=0
[MP] iter=2 incumbent=0.22 best_bound=0.22 gap=0 (src: inc=cplex_api bb=cplex_api gap=cplex_api)
[MP] iter=2 cuts=1 obj=0.220 last_const=15000.000 last_nnz=41
[MW] core updated (t=0..): min=0.49 max=0.79 mean=0.64
Evaluating Subproblem (SP) at candidate...
SP result: recourse=5307 feasible=True
[SP PIPELINE] iter=2 build=0.000s solve=0.000s extract=0.000s post=0.000s cutgen=0.014s mode=mw lb_valid=True tl_inc=False vars=- bin=- cons=- lp=-
[CHECK] SP: recourse=5307 first=0.22 sp_total=5307.22
[CUT TIGHTNESS] raw_line(y)=5307  SP_ub=5307  diff=0
[BENDERS] Added cut #1: const_out=5963, const_ret=4459, nnz=24, slope_range=[-735,-15], raw_pos_dm=0, scale=1
[BENDERS] Eval cut (dir): OUT lhs=0 rhs=3068; RET lhs=0 rhs=2239
2026-08-06 11:24:01,196 INFO | mobauto2_benders.benders.solver | force-added CutType.OPTIMALITY cut 'opt_cut'
2026-08-06 11:24:01,196 INFO | mobauto2_benders.benders.solver | added 1 cut(s)
Master updated: added 1 cut(s): opt_cut
[CUT SUMMARY] it=2 cand=OUT[0,1]|RET[0,2]|OUT[0,5]|RET[0,6]|OUT[0,8]|RET[0,9]|OUT[0,13]|RET[0,14]|OUT[0,16]|RET[0,17]|OUT[0,18]|RET[0,19]|...(+10) decision=added skip=None theta_total=0.0 rec_total=5307.0 raw_rhs_total=5307.0 rhs_total=5307.0 lhs_total=0.0
Timing: master=0.144s sp_solve=0.014s cutgen=0.014s cutadd=0.001s cuts_added=1 total_cuts=2
MP stats: nodes=0 best_bound=0.22000000000000003 incumbent=0.22000000000000003 gap=0.0
2026-08-06 11:24:01,196 INFO | mobauto2_benders.benders.solver | bounds: best_lb=0.22 best_ub=5307.22 gap=5307 rel=1
[CHECK] GAP: LB=0.22 UB=5307.22 gap=5307 rel=1

=== Iteration 3 ===
Solving Master (MP)...
[SCHEDULE] master gap-tied: time_limit_s=102 mipgap=0.05 g_bd=1
[MIPSTART] x-only start applied: n_out=44 n_ret=44
Warning:  No solution found from 1 MIP starts.
MP raw solver: status=ok term=optimal incumbent=1618.9899999999998 best_bound=1582.233253968254
MP solutions: count=1 keys=['Gap', 'Status', 'Message', 'Problem', 'Objective', 'Variable', 'Constraint']
Shuttle totals (OUT+RET): q0=12, q1=12
MP stats (solver): nodes=0 best_bound=1582.233253968254 incumbent=1618.9899999999998 gap=0.02270350405607412
2026-08-06 11:24:01,330 INFO | mobauto2_benders.benders.solver | iter=3 master status=SolveStatus.FEASIBLE obj=1618.99 lb=1582.23
MP result: status=SolveStatus.FEASIBLE obj=1618.99 lb=1582.23
[CHECK] MP: first=1.99 theta=1617 mp_total=1618.99 inc_obj=1618.99 best_bound=1582.23
[CHECK] MP bounds: mp_obj=1618.99 mp_best_bound=1582.23 mp_best_integer=1618.99 term=optimal status=ok gap=0.0227035
[MP] iter=3 incumbent=1618.99 best_bound=1582.23 gap=0.0227035 (src: inc=cplex_api bb=cplex_api gap=cplex_api)
[MP] iter=3 cuts=2 obj=1618.990 last_const=10422.000 last_nnz=24
[MW] core updated (t=0..): min=0.343 max=1.15 mean=0.612
Evaluating Subproblem (SP) at candidate...
SP result: recourse=6426 feasible=True
[SP PIPELINE] iter=3 build=0.000s solve=0.000s extract=0.000s post=0.000s cutgen=0.017s mode=mw lb_valid=True tl_inc=False vars=- bin=- cons=- lp=-
[CHECK] SP: recourse=6426 first=1.99 sp_total=6427.99
[CUT TIGHTNESS] raw_line(y)=6426  SP_ub=6426  diff=9.09e-13
[BENDERS] Added cut #2: const_out=4923, const_ret=7323, nnz=30, slope_range=[-1.44e+03,-15], raw_pos_dm=0, scale=1
[BENDERS] Eval cut (dir): OUT lhs=1583 rhs=3453; RET lhs=34 rhs=2973
2026-08-06 11:24:01,403 INFO | mobauto2_benders.benders.solver | force-added CutType.OPTIMALITY cut 'opt_cut'
2026-08-06 11:24:01,404 INFO | mobauto2_benders.benders.solver | added 1 cut(s)
Master updated: added 1 cut(s): opt_cut
[CUT SUMMARY] it=3 cand=OUT[0,1]|RET[0,2]|OUT[0,3]|RET[0,4]|OUT[0,6]|RET[0,7]|OUT[0,14]|RET[0,15]|OUT[0,17]|RET[0,18]|OUT[0,19]|RET[0,20]|...(+12) decision=added skip=None theta_total=1617.0 rec_total=6426.000029 raw_rhs_total=6426.000029000002 rhs_total=6426.000029000002 lhs_total=1617.0
Timing: master=0.134s sp_solve=0.015s cutgen=0.017s cutadd=0.001s cuts_added=1 total_cuts=3
MP stats: nodes=0 best_bound=1582.233253968254 incumbent=1618.9899999999998 gap=0.02270350405607412
2026-08-06 11:24:01,404 INFO | mobauto2_benders.benders.solver | bounds: best_lb=1582.23 best_ub=5307.22 gap=3724.99 rel=0.702
[CHECK] GAP: LB=1582.23 UB=5307.22 gap=3724.99 rel=0.702

=== Iteration 4 ===
Solving Master (MP)...
[SCHEDULE] master gap-tied: time_limit_s=102 mipgap=0.05 g_bd=0.702
[MIPSTART] x-only start applied: n_out=44 n_ret=44
MP raw solver: status=ok term=optimal incumbent=2367.9899991121583 best_bound=2250.589240088682
MP solutions: count=1 keys=['Gap', 'Status', 'Message', 'Problem', 'Objective', 'Variable', 'Constraint']
Shuttle totals (OUT+RET): q0=12, q1=12
MP stats (solver): nodes=485 best_bound=2250.589240088682 incumbent=2367.9899991121583 gap=0.04957823262238823
2026-08-06 11:24:01,859 INFO | mobauto2_benders.benders.solver | iter=4 master status=SolveStatus.FEASIBLE obj=2367.99 lb=2250.59
MP result: status=SolveStatus.FEASIBLE obj=2367.99 lb=2250.59
[CHECK] MP: first=0.99 theta=2367 mp_total=2367.99 inc_obj=2367.99 best_bound=2250.59
[CHECK] MP bounds: mp_obj=2367.99 mp_best_bound=2250.59 mp_best_integer=2367.99 term=optimal status=ok gap=0.0495782
[MP] iter=4 incumbent=2367.99 best_bound=2250.59 gap=0.0495782 (src: inc=cplex_api bb=cplex_api gap=cplex_api)
[MP] iter=4 cuts=3 obj=2367.990 last_const=12246.000 last_nnz=30
[MW] core updated (t=0..): min=0.24 max=1.26 mean=0.592
Evaluating Subproblem (SP) at candidate...
SP result: recourse=5884 feasible=True
[SP PIPELINE] iter=4 build=0.000s solve=0.000s extract=0.000s post=0.000s cutgen=0.059s mode=mw lb_valid=True tl_inc=False vars=- bin=- cons=- lp=-
[CHECK] SP: recourse=5884 first=0.99 sp_total=5884.99
[CUT TIGHTNESS] raw_line(y)=5884  SP_ub=5884  diff=1.82e-12
[BENDERS] Added cut #3: const_out=6043, const_ret=7116, nnz=27, slope_range=[-1.44e+03,-15], raw_pos_dm=0, scale=1
[BENDERS] Eval cut (dir): OUT lhs=1613 rhs=3103; RET lhs=754 rhs=2781
2026-08-06 11:24:02,072 INFO | mobauto2_benders.benders.solver | force-added CutType.OPTIMALITY cut 'opt_cut'
2026-08-06 11:24:02,073 INFO | mobauto2_benders.benders.solver | added 1 cut(s)
Master updated: added 1 cut(s): opt_cut
[CUT SUMMARY] it=4 cand=OUT[0,1]|RET[0,2]|OUT[0,3]|RET[0,4]|OUT[0,7]|RET[0,9]|OUT[0,11]|RET[0,12]|OUT[0,15]|RET[0,16]|OUT[0,18]|RET[0,20]|...(+12) decision=added skip=None theta_total=2366.9999991103996 rec_total=5884.000015 raw_rhs_total=5884.00002277024 rhs_total=5884.000022770237 lhs_total=2366.9999991103996
Timing: master=0.459s sp_solve=0.031s cutgen=0.059s cutadd=0.003s cuts_added=1 total_cuts=4
MP stats: nodes=485 best_bound=2250.589240088682 incumbent=2367.9899991121583 gap=0.04957823262238823
2026-08-06 11:24:02,073 INFO | mobauto2_benders.benders.solver | bounds: best_lb=2250.59 best_ub=5307.22 gap=3056.63 rel=0.576
[CHECK] GAP: LB=2250.59 UB=5307.22 gap=3056.63 rel=0.576

=== Iteration 5 ===
Solving Master (MP)...
[SCHEDULE] master gap-tied: time_limit_s=102 mipgap=0.05 g_bd=0.576
[MIPSTART] x-only start applied: n_out=44 n_ret=44
MP raw solver: status=ok term=optimal incumbent=2944.990014687334 best_bound=2797.7546422084274
MP solutions: count=1 keys=['Gap', 'Status', 'Message', 'Problem', 'Objective', 'Variable', 'Constraint']
Shuttle totals (OUT+RET): q0=12, q1=12
MP stats (solver): nodes=17365 best_bound=2797.7546422084274 incumbent=2944.990014687334 gap=0.04999520261345728
2026-08-06 11:24:06,066 INFO | mobauto2_benders.benders.solver | iter=5 master status=SolveStatus.FEASIBLE obj=2944.99 lb=2797.75
MP result: status=SolveStatus.FEASIBLE obj=2944.99 lb=2797.75
[CHECK] MP: first=0.99 theta=2944 mp_total=2944.99 inc_obj=2944.99 best_bound=2797.75
[CHECK] MP bounds: mp_obj=2944.99 mp_best_bound=2797.75 mp_best_integer=2944.99 term=optimal status=ok gap=0.0499952
[MP] iter=5 incumbent=2944.99 best_bound=2797.75 gap=0.0499952 (src: inc=cplex_api bb=cplex_api gap=cplex_api)
[MP] iter=5 cuts=4 obj=2944.990 last_const=13159.000 last_nnz=27
[MW] core updated (t=0..): min=0.168 max=1.48 mean=0.578
Evaluating Subproblem (SP) at candidate...
SP result: recourse=4651 feasible=True
[SP PIPELINE] iter=5 build=0.000s solve=0.000s extract=0.000s post=0.000s cutgen=0.070s mode=mw lb_valid=True tl_inc=False vars=- bin=- cons=- lp=-
[CHECK] SP: recourse=4651 first=0.99 sp_total=4651.99
[CUT TIGHTNESS] raw_line(y)=4651  SP_ub=4651  diff=-1.82e-12
[BENDERS] Added cut #4: const_out=6039, const_ret=7267, nnz=29, slope_range=[-1.44e+03,-15], raw_pos_dm=0, scale=1
[BENDERS] Eval cut (dir): OUT lhs=1648 rhs=2454; RET lhs=1296 rhs=2197
2026-08-06 11:24:06,391 INFO | mobauto2_benders.benders.solver | force-added CutType.OPTIMALITY cut 'opt_cut'
2026-08-06 11:24:06,392 INFO | mobauto2_benders.benders.solver | added 1 cut(s)
Master updated: added 1 cut(s): opt_cut
[CUT SUMMARY] it=5 cand=OUT[0,1]|RET[0,2]|OUT[0,4]|RET[0,5]|OUT[0,6]|RET[0,9]|OUT[0,14]|RET[0,15]|OUT[0,17]|RET[0,18]|OUT[0,19]|RET[0,20]|...(+12) decision=added skip=None theta_total=2944.0000146871607 rec_total=4651.000015 raw_rhs_total=4651.000015185706 rhs_total=4651.000015185705 lhs_total=2944.0000146871607
Timing: master=3.993s sp_solve=0.072s cutgen=0.070s cutadd=0.004s cuts_added=1 total_cuts=5
MP stats: nodes=17365 best_bound=2797.7546422084274 incumbent=2944.990014687334 gap=0.04999520261345728
2026-08-06 11:24:06,393 INFO | mobauto2_benders.benders.solver | bounds: best_lb=2797.75 best_ub=4651.99 gap=1854.24 rel=0.399
[CHECK] GAP: LB=2797.75 UB=4651.99 gap=1854.24 rel=0.399

=== Iteration 6 ===
Solving Master (MP)...
[SCHEDULE] master gap-tied: time_limit_s=102 mipgap=0.05 g_bd=0.399
[MIPSTART] x-only start applied: n_out=44 n_ret=44
MP raw solver: status=ok term=optimal incumbent=3056.990014401126 best_bound=2904.2684919625517
MP solutions: count=1 keys=['Gap', 'Status', 'Message', 'Problem', 'Objective', 'Variable', 'Constraint']
Shuttle totals (OUT+RET): q0=12, q1=12
MP stats (solver): nodes=12564 best_bound=2904.2684919625517 incumbent=3056.990014401126 gap=0.04995813585229775
2026-08-06 11:24:09,722 INFO | mobauto2_benders.benders.solver | iter=6 master status=SolveStatus.FEASIBLE obj=3056.99 lb=2904.27
MP result: status=SolveStatus.FEASIBLE obj=3056.99 lb=2904.27
[CHECK] MP: first=0.99 theta=3056 mp_total=3056.99 inc_obj=3056.99 best_bound=2904.27
[CHECK] MP bounds: mp_obj=3056.99 mp_best_bound=2904.27 mp_best_integer=3056.99 term=optimal status=ok gap=0.0499581
[MP] iter=6 incumbent=3056.99 best_bound=2904.27 gap=0.0499581 (src: inc=cplex_api bb=cplex_api gap=cplex_api)
[MP] iter=6 cuts=5 obj=3056.990 last_const=13306.000 last_nnz=29
[MW] core updated (t=0..): min=0.118 max=1.64 mean=0.568
Evaluating Subproblem (SP) at candidate...
SP result: recourse=4776 feasible=True
[SP PIPELINE] iter=6 build=0.000s solve=0.000s extract=0.000s post=0.000s cutgen=0.026s mode=mw lb_valid=True tl_inc=False vars=- bin=- cons=- lp=-
[CHECK] SP: recourse=4776 first=0.99 sp_total=4776.99
[CUT TIGHTNESS] raw_line(y)=4776  SP_ub=4776  diff=9.09e-13
[BENDERS] Added cut #5: const_out=5127, const_ret=6924, nnz=27, slope_range=[-1.44e+03,-15], raw_pos_dm=0, scale=1
[BENDERS] Eval cut (dir): OUT lhs=2303 rhs=2922; RET lhs=753 rhs=1854
2026-08-06 11:24:09,838 INFO | mobauto2_benders.benders.solver | force-added CutType.OPTIMALITY cut 'opt_cut'
2026-08-06 11:24:09,838 INFO | mobauto2_benders.benders.solver | added 1 cut(s)
Master updated: added 1 cut(s): opt_cut
[CUT SUMMARY] it=6 cand=OUT[0,2]|RET[0,3]|OUT[0,6]|RET[0,7]|OUT[0,9]|RET[0,10]|OUT[0,11]|RET[0,12]|OUT[0,16]|RET[0,17]|OUT[0,19]|RET[0,20]|...(+12) decision=added skip=None theta_total=3056.0000144013547 rec_total=4776.000025 raw_rhs_total=4776.00002510679 rhs_total=4776.00002510679 lhs_total=3056.0000144013547
Timing: master=3.329s sp_solve=0.020s cutgen=0.026s cutadd=0.001s cuts_added=1 total_cuts=6
MP stats: nodes=12564 best_bound=2904.2684919625517 incumbent=3056.990014401126 gap=0.04995813585229775
2026-08-06 11:24:09,838 INFO | mobauto2_benders.benders.solver | bounds: best_lb=2904.27 best_ub=4651.99 gap=1747.72 rel=0.376
[CHECK] GAP: LB=2904.27 UB=4651.99 gap=1747.72 rel=0.376

=== Iteration 7 ===
Solving Master (MP)...
[SCHEDULE] master gap-tied: time_limit_s=102 mipgap=0.05 g_bd=0.376
[MIPSTART] x-only start applied: n_out=44 n_ret=44
MP raw solver: status=ok term=optimal incumbent=3119.7400697650105 best_bound=2964.0530002743253
MP solutions: count=1 keys=['Gap', 'Status', 'Message', 'Problem', 'Objective', 'Variable', 'Constraint']
Shuttle totals (OUT+RET): q0=12, q1=12
MP stats (solver): nodes=5336 best_bound=2964.0530002743253 incumbent=3119.7400697650105 gap=0.049903859298895716
2026-08-06 11:24:11,097 INFO | mobauto2_benders.benders.solver | iter=7 master status=SolveStatus.FEASIBLE obj=3119.74 lb=2964.05
MP result: status=SolveStatus.FEASIBLE obj=3119.74 lb=2964.05
[CHECK] MP: first=1.74 theta=3118 mp_total=3119.74 inc_obj=3119.74 best_bound=2964.05
[CHECK] MP bounds: mp_obj=3119.74 mp_best_bound=2964.05 mp_best_integer=3119.74 term=optimal status=ok gap=0.0499039
[MP] iter=7 incumbent=3119.74 best_bound=2964.05 gap=0.0499039 (src: inc=cplex_api bb=cplex_api gap=cplex_api)
[MP] iter=7 cuts=6 obj=3119.740 last_const=12051.000 last_nnz=27
[MW] core updated (t=0..): min=0.0824 max=1.75 mean=0.561
Evaluating Subproblem (SP) at candidate...
SP result: recourse=4984 feasible=True
[SP PIPELINE] iter=7 build=0.000s solve=0.000s extract=0.000s post=0.000s cutgen=0.046s mode=mw lb_valid=True tl_inc=False vars=- bin=- cons=- lp=-
[CHECK] SP: recourse=4984 first=1.74 sp_total=4985.74
[CUT TIGHTNESS] raw_line(y)=4984  SP_ub=4984  diff=9.09e-13
[BENDERS] Added cut #6: const_out=6429, const_ret=5785, nnz=27, slope_range=[-1.44e+03,-15], raw_pos_dm=0, scale=1
[BENDERS] Eval cut (dir): OUT lhs=1674 rhs=2829; RET lhs=1444 rhs=2155
2026-08-06 11:24:11,285 INFO | mobauto2_benders.benders.solver | force-added CutType.OPTIMALITY cut 'opt_cut'
2026-08-06 11:24:11,285 INFO | mobauto2_benders.benders.solver | added 1 cut(s)
Master updated: added 1 cut(s): opt_cut
[CUT SUMMARY] it=7 cand=OUT[0,1]|RET[0,2]|OUT[0,3]|RET[0,4]|OUT[0,7]|RET[0,10]|OUT[0,12]|RET[0,13]|OUT[0,16]|RET[0,17]|OUT[0,19]|RET[0,20]|...(+12) decision=added skip=None theta_total=3118.0000697650107 rec_total=4984.000034 raw_rhs_total=4984.0000340000015 rhs_total=4984.0000340000015 lhs_total=3118.0000697650107
Timing: master=1.259s sp_solve=0.038s cutgen=0.046s cutadd=0.003s cuts_added=1 total_cuts=7
MP stats: nodes=5336 best_bound=2964.0530002743253 incumbent=3119.7400697650105 gap=0.049903859298895716
2026-08-06 11:24:11,285 INFO | mobauto2_benders.benders.solver | bounds: best_lb=2964.05 best_ub=4651.99 gap=1687.94 rel=0.363
[CHECK] GAP: LB=2964.05 UB=4651.99 gap=1687.94 rel=0.363

=== Iteration 8 ===
Solving Master (MP)...
[SCHEDULE] master gap-tied: time_limit_s=102 mipgap=0.05 g_bd=0.363
[MIPSTART] x-only start applied: n_out=44 n_ret=44
MP raw solver: status=ok term=optimal incumbent=3117.490014999999 best_bound=2961.771751125755
MP solutions: count=1 keys=['Gap', 'Status', 'Message', 'Problem', 'Objective', 'Variable', 'Constraint']
Shuttle totals (OUT+RET): q0=12, q1=12
MP stats (solver): nodes=2127 best_bound=2961.771751125755 incumbent=3117.490014999999 gap=0.049949883760650585
2026-08-06 11:24:13,991 INFO | mobauto2_benders.benders.solver | iter=8 master status=SolveStatus.FEASIBLE obj=3117.49 lb=2961.77
MP result: status=SolveStatus.FEASIBLE obj=3117.49 lb=2961.77
[CHECK] MP: first=1.49 theta=3116 mp_total=3117.49 inc_obj=3117.49 best_bound=2961.77
[CHECK] MP bounds: mp_obj=3117.49 mp_best_bound=2961.77 mp_best_integer=3117.49 term=optimal status=ok gap=0.0499499
[MP] iter=8 incumbent=3117.49 best_bound=2961.77 gap=0.0499499 (src: inc=cplex_api bb=cplex_api gap=cplex_api)
[MP] iter=8 cuts=7 obj=3117.490 last_const=12214.000 last_nnz=27
[MW] core updated (t=0..): min=0.0576 max=1.82 mean=0.557
Evaluating Subproblem (SP) at candidate...
SP result: recourse=5654 feasible=True
[SP PIPELINE] iter=8 build=0.000s solve=0.000s extract=0.000s post=0.000s cutgen=0.102s mode=mw lb_valid=True tl_inc=False vars=- bin=- cons=- lp=-
[CHECK] SP: recourse=5654 first=1.49 sp_total=5655.49
[CUT TIGHTNESS] raw_line(y)=5654  SP_ub=5654  diff=-9.09e-13
[BENDERS] Added cut #7: const_out=5309, const_ret=6150, nnz=28, slope_range=[-1.44e+03,-15], raw_pos_dm=0, scale=1
[BENDERS] Eval cut (dir): OUT lhs=1613 rhs=3119; RET lhs=1503 rhs=2535
2026-08-06 11:24:14,281 INFO | mobauto2_benders.benders.solver | force-added CutType.OPTIMALITY cut 'opt_cut'
2026-08-06 11:24:14,281 INFO | mobauto2_benders.benders.solver | added 1 cut(s)
Master updated: added 1 cut(s): opt_cut
[CUT SUMMARY] it=8 cand=OUT[0,1]|RET[0,2]|OUT[0,3]|RET[0,4]|OUT[0,7]|RET[0,8]|OUT[0,10]|RET[0,12]|OUT[0,17]|RET[0,18]|OUT[0,19]|RET[0,20]|...(+12) decision=added skip=None theta_total=3116.000014999999 rec_total=5654.000019 raw_rhs_total=5654.000019 rhs_total=5654.000019000002 lhs_total=3116.000014999999
Timing: master=2.702s sp_solve=0.091s cutgen=0.102s cutadd=0.006s cuts_added=1 total_cuts=8
MP stats: nodes=2127 best_bound=2961.771751125755 incumbent=3117.490014999999 gap=0.049949883760650585
2026-08-06 11:24:14,282 INFO | mobauto2_benders.benders.solver | bounds: best_lb=2964.05 best_ub=4651.99 gap=1687.94 rel=0.363
[CHECK] GAP: LB=2964.05 UB=4651.99 gap=1687.94 rel=0.363

=== Iteration 9 ===
Solving Master (MP)...
[SCHEDULE] master gap-tied: time_limit_s=102 mipgap=0.05 g_bd=0.363
[MIPSTART] x-only start applied: n_out=44 n_ret=44
MP raw solver: status=ok term=optimal incumbent=3149.4900697650105 best_bound=2992.87302007399
MP solutions: count=1 keys=['Gap', 'Status', 'Message', 'Problem', 'Objective', 'Variable', 'Constraint']
Shuttle totals (OUT+RET): q0=12, q1=12
MP stats (solver): nodes=1507 best_bound=2992.87302007399 incumbent=3149.4900697650105 gap=0.049727748372516985
2026-08-06 11:24:15,990 INFO | mobauto2_benders.benders.solver | iter=9 master status=SolveStatus.FEASIBLE obj=3149.49 lb=2992.87
MP result: status=SolveStatus.FEASIBLE obj=3149.49 lb=2992.87
[CHECK] MP: first=1.49 theta=3148 mp_total=3149.49 inc_obj=3149.49 best_bound=2992.87
[CHECK] MP bounds: mp_obj=3149.49 mp_best_bound=2992.87 mp_best_integer=3149.49 term=optimal status=ok gap=0.0497277
[MP] iter=9 incumbent=3149.49 best_bound=2992.87 gap=0.0497277 (src: inc=cplex_api bb=cplex_api gap=cplex_api)
[MP] iter=9 cuts=8 obj=3149.490 last_const=11459.000 last_nnz=28
[MW] core updated (t=0..): min=0.0404 max=1.88 mean=0.553
Evaluating Subproblem (SP) at candidate...
SP result: recourse=5471 feasible=True
[SP PIPELINE] iter=9 build=0.000s solve=0.000s extract=0.000s post=0.000s cutgen=0.037s mode=mw lb_valid=True tl_inc=False vars=- bin=- cons=- lp=-
[CHECK] SP: recourse=5471 first=1.49 sp_total=5472.49
[CUT TIGHTNESS] raw_line(y)=5471  SP_ub=5471  diff=9.09e-13
[BENDERS] Added cut #8: const_out=6528, const_ret=6878, nnz=27, slope_range=[-1.44e+03,-15], raw_pos_dm=0, scale=1
[BENDERS] Eval cut (dir): OUT lhs=1644 rhs=2928; RET lhs=1504 rhs=2543
2026-08-06 11:24:16,386 INFO | mobauto2_benders.benders.solver | force-added CutType.OPTIMALITY cut 'opt_cut'
2026-08-06 11:24:16,386 INFO | mobauto2_benders.benders.solver | added 1 cut(s)
Master updated: added 1 cut(s): opt_cut
[CUT SUMMARY] it=9 cand=OUT[0,1]|RET[0,2]|OUT[0,3]|RET[0,4]|OUT[0,7]|RET[0,10]|OUT[0,13]|RET[0,14]|OUT[0,16]|RET[0,17]|OUT[0,19]|RET[0,20]|...(+12) decision=added skip=None theta_total=3148.0000697650107 rec_total=5471.000034 raw_rhs_total=5471.0000340000015 rhs_total=5471.0000340000015 lhs_total=3148.0000697650107
Timing: master=1.707s sp_solve=0.089s cutgen=0.037s cutadd=0.003s cuts_added=1 total_cuts=9
MP stats: nodes=1507 best_bound=2992.87302007399 incumbent=3149.4900697650105 gap=0.049727748372516985
2026-08-06 11:24:16,387 INFO | mobauto2_benders.benders.solver | bounds: best_lb=2992.87 best_ub=4651.99 gap=1659.12 rel=0.357
[CHECK] GAP: LB=2992.87 UB=4651.99 gap=1659.12 rel=0.357

=== Iteration 10 ===
Solving Master (MP)...
[SCHEDULE] master gap-tied: time_limit_s=102 mipgap=0.05 g_bd=0.357
[MIPSTART] x-only start applied: n_out=44 n_ret=44
MP raw solver: status=ok term=optimal incumbent=3194.2400150000003 best_bound=3034.7699710025367
MP solutions: count=1 keys=['Gap', 'Status', 'Message', 'Problem', 'Objective', 'Variable', 'Constraint']
Shuttle totals (OUT+RET): q0=12, q1=12
MP stats (solver): nodes=1862 best_bound=3034.7699710025367 incumbent=3194.2400150000003 gap=0.04992425216909023
2026-08-06 11:24:18,080 INFO | mobauto2_benders.benders.solver | iter=10 master status=SolveStatus.FEASIBLE obj=3194.24 lb=3034.77
MP result: status=SolveStatus.FEASIBLE obj=3194.24 lb=3034.77
[CHECK] MP: first=2.24 theta=3192 mp_total=3194.24 inc_obj=3194.24 best_bound=3034.77
[CHECK] MP bounds: mp_obj=3194.24 mp_best_bound=3034.77 mp_best_integer=3194.24 term=optimal status=ok gap=0.0499243
[MP] iter=10 incumbent=3194.24 best_bound=3034.77 gap=0.0499243 (src: inc=cplex_api bb=cplex_api gap=cplex_api)
[MP] iter=10 cuts=9 obj=3194.240 last_const=13406.000 last_nnz=27
[MW] core updated (t=0..): min=0.0282 max=1.91 mean=0.551
Evaluating Subproblem (SP) at candidate...
SP result: recourse=5371 feasible=True
[SP PIPELINE] iter=10 build=0.000s solve=0.000s extract=0.000s post=0.000s cutgen=0.079s mode=mw lb_valid=True tl_inc=False vars=- bin=- cons=- lp=-
[CHECK] SP: recourse=5371 first=2.24 sp_total=5373.24
[CUT TIGHTNESS] raw_line(y)=5371  SP_ub=5371  diff=-9.09e-13
[BENDERS] Added cut #9: const_out=6524, const_ret=5342, nnz=29, slope_range=[-1.44e+03,-15], raw_pos_dm=0, scale=1
[BENDERS] Eval cut (dir): OUT lhs=1689 rhs=2924; RET lhs=1503 rhs=2447
2026-08-06 11:24:18,467 INFO | mobauto2_benders.benders.solver | force-added CutType.OPTIMALITY cut 'opt_cut'
2026-08-06 11:24:18,467 INFO | mobauto2_benders.benders.solver | added 1 cut(s)
Master updated: added 1 cut(s): opt_cut
[CUT SUMMARY] it=10 cand=OUT[0,1]|RET[0,2]|OUT[0,3]|RET[0,4]|OUT[0,6]|RET[0,7]|OUT[0,12]|RET[0,13]|OUT[0,14]|RET[0,17]|OUT[0,19]|RET[0,20]|...(+12) decision=added skip=None theta_total=3192.0000150000005 rec_total=5371.000045 raw_rhs_total=5371.000044999999 rhs_total=5371.000045000001 lhs_total=3192.0000150000005
Timing: master=1.693s sp_solve=0.090s cutgen=0.079s cutadd=0.004s cuts_added=1 total_cuts=10
MP stats: nodes=1862 best_bound=3034.7699710025367 incumbent=3194.2400150000003 gap=0.04992425216909023
2026-08-06 11:24:18,467 INFO | mobauto2_benders.benders.solver | bounds: best_lb=3034.77 best_ub=4651.99 gap=1617.22 rel=0.348
[CHECK] GAP: LB=3034.77 UB=4651.99 gap=1617.22 rel=0.348

=== Iteration 11 ===
Solving Master (MP)...
[SCHEDULE] master gap-tied: time_limit_s=102 mipgap=0.05 g_bd=0.348
[MIPSTART] x-only start applied: n_out=44 n_ret=44
MP raw solver: status=ok term=optimal incumbent=3422.7400146057025 best_bound=3251.6918009758274
MP solutions: count=1 keys=['Gap', 'Status', 'Message', 'Problem', 'Objective', 'Variable', 'Constraint']
Shuttle totals (OUT+RET): q0=12, q1=12
MP stats (solver): nodes=15665 best_bound=3251.6918009758274 incumbent=3422.7400146057025 gap=0.049974059642264354
2026-08-06 11:24:28,416 INFO | mobauto2_benders.benders.solver | iter=11 master status=SolveStatus.FEASIBLE obj=3422.74 lb=3251.69
MP result: status=SolveStatus.FEASIBLE obj=3422.74 lb=3251.69
[CHECK] MP: first=0.74 theta=3422 mp_total=3422.74 inc_obj=3422.74 best_bound=3251.69
[CHECK] MP bounds: mp_obj=3422.74 mp_best_bound=3251.69 mp_best_integer=3422.74 term=optimal status=ok gap=0.0499741
[MP] iter=11 incumbent=3422.74 best_bound=3251.69 gap=0.0499741 (src: inc=cplex_api bb=cplex_api gap=cplex_api)
[MP] iter=11 cuts=10 obj=3422.740 last_const=11866.001 last_nnz=29
[MW] core updated (t=0..): min=0.0198 max=1.94 mean=0.549
Evaluating Subproblem (SP) at candidate...
SP result: recourse=4190 feasible=True
[SP PIPELINE] iter=11 build=0.000s solve=0.000s extract=0.000s post=0.000s cutgen=0.022s mode=mw lb_valid=True tl_inc=False vars=- bin=- cons=- lp=-
[CHECK] SP: recourse=4190 first=0.74 sp_total=4190.74
[CUT TIGHTNESS] raw_line(y)=4190  SP_ub=4190  diff=-1.82e-12
[BENDERS] Added cut #10: const_out=6350, const_ret=6540, nnz=28, slope_range=[-1.44e+03,-15], raw_pos_dm=0, scale=1
[BENDERS] Eval cut (dir): OUT lhs=2318 rhs=2720; RET lhs=1104 rhs=1470
2026-08-06 11:24:28,640 INFO | mobauto2_benders.benders.solver | force-added CutType.OPTIMALITY cut 'opt_cut'
2026-08-06 11:24:28,640 INFO | mobauto2_benders.benders.solver | added 1 cut(s)
Master updated: added 1 cut(s): opt_cut
[CUT SUMMARY] it=11 cand=OUT[0,2]|RET[0,3]|OUT[0,5]|RET[0,7]|OUT[0,10]|RET[0,11]|OUT[0,12]|RET[0,13]|OUT[0,17]|RET[0,18]|OUT[0,19]|RET[0,20]|...(+12) decision=added skip=None theta_total=3422.0000146054326 rec_total=4190.000015 raw_rhs_total=4190.000015521209 rhs_total=4190.000015521213 lhs_total=3422.0000146054326
Timing: master=9.954s sp_solve=0.029s cutgen=0.022s cutadd=0.001s cuts_added=1 total_cuts=11
MP stats: nodes=15665 best_bound=3251.6918009758274 incumbent=3422.7400146057025 gap=0.049974059642264354
2026-08-06 11:24:28,640 INFO | mobauto2_benders.benders.solver | bounds: best_lb=3251.69 best_ub=4190.74 gap=939.048 rel=0.224
[CHECK] GAP: LB=3251.69 UB=4190.74 gap=939.048 rel=0.224

=== Iteration 12 ===
Solving Master (MP)...
[SCHEDULE] master gap-tied: time_limit_s=92 mipgap=0.05 g_bd=0.224
[MIPSTART] x-only start applied: n_out=44 n_ret=44
MP raw solver: status=ok term=optimal incumbent=3443.740200390014 best_bound=3271.555804473684
MP solutions: count=1 keys=['Gap', 'Status', 'Message', 'Problem', 'Objective', 'Variable', 'Constraint']
Shuttle totals (OUT+RET): q0=12, q1=12
MP stats (solver): nodes=10057 best_bound=3271.555804473684 incumbent=3443.740200390014 gap=0.04999924091161824
2026-08-06 11:24:35,134 INFO | mobauto2_benders.benders.solver | iter=12 master status=SolveStatus.FEASIBLE obj=3443.74 lb=3271.56
MP result: status=SolveStatus.FEASIBLE obj=3443.74 lb=3271.56
[CHECK] MP: first=1.74 theta=3442 mp_total=3443.74 inc_obj=3443.74 best_bound=3271.56
[CHECK] MP bounds: mp_obj=3443.74 mp_best_bound=3271.56 mp_best_integer=3443.74 term=optimal status=ok gap=0.0499992
[MP] iter=12 incumbent=3443.74 best_bound=3271.56 gap=0.0499992 (src: inc=cplex_api bb=cplex_api gap=cplex_api)
[MP] iter=12 cuts=11 obj=3443.740 last_const=12890.000 last_nnz=28
[MW] core updated (t=0..): min=0.0138 max=1.96 mean=0.548
Evaluating Subproblem (SP) at candidate...
SP result: recourse=5123 feasible=True
[SP PIPELINE] iter=12 build=0.000s solve=0.000s extract=0.000s post=0.000s cutgen=0.022s mode=mw lb_valid=True tl_inc=False vars=- bin=- cons=- lp=-
[CHECK] SP: recourse=5123 first=1.74 sp_total=5124.74
[CUT TIGHTNESS] raw_line(y)=5123  SP_ub=5123  diff=0
[BENDERS] Added cut #11: const_out=5756, const_ret=7272, nnz=28, slope_range=[-1.44e+03,-15], raw_pos_dm=0, scale=1
[BENDERS] Eval cut (dir): OUT lhs=1968 rhs=2876; RET lhs=1474 rhs=2247
2026-08-06 11:24:35,367 INFO | mobauto2_benders.benders.solver | force-added CutType.OPTIMALITY cut 'opt_cut'
2026-08-06 11:24:35,367 INFO | mobauto2_benders.benders.solver | added 1 cut(s)
Master updated: added 1 cut(s): opt_cut
[CUT SUMMARY] it=12 cand=OUT[0,1]|RET[0,2]|OUT[0,3]|RET[0,4]|OUT[0,6]|RET[0,8]|OUT[0,11]|RET[0,12]|OUT[0,15]|RET[0,16]|OUT[0,18]|RET[0,20]|...(+12) decision=added skip=None theta_total=3442.000200390014 rec_total=5123.000044 raw_rhs_total=5123.000044 rhs_total=5123.000044000002 lhs_total=3442.000200390014
Timing: master=6.495s sp_solve=0.027s cutgen=0.022s cutadd=0.004s cuts_added=1 total_cuts=12
MP stats: nodes=10057 best_bound=3271.555804473684 incumbent=3443.740200390014 gap=0.04999924091161824
2026-08-06 11:24:35,367 INFO | mobauto2_benders.benders.solver | bounds: best_lb=3271.56 best_ub=4190.74 gap=919.184 rel=0.219
[CHECK] GAP: LB=3271.56 UB=4190.74 gap=919.184 rel=0.219

=== Iteration 13 ===
Solving Master (MP)...
[SCHEDULE] master gap-tied: time_limit_s=85 mipgap=0.05 g_bd=0.219
[MIPSTART] x-only start applied: n_out=44 n_ret=44
MP raw solver: status=ok term=optimal incumbent=3587.24002815984 best_bound=3407.8997738326784
MP solutions: count=1 keys=['Gap', 'Status', 'Message', 'Problem', 'Objective', 'Variable', 'Constraint']
Shuttle totals (OUT+RET): q0=12, q1=12
MP stats (solver): nodes=14229 best_bound=3407.8997738326784 incumbent=3587.24002815984 gap=0.04999393765662055
2026-08-06 11:24:44,539 INFO | mobauto2_benders.benders.solver | iter=13 master status=SolveStatus.FEASIBLE obj=3587.24 lb=3407.9
MP result: status=SolveStatus.FEASIBLE obj=3587.24 lb=3407.9
[CHECK] MP: first=2.24 theta=3585 mp_total=3587.24 inc_obj=3587.24 best_bound=3407.9
[CHECK] MP bounds: mp_obj=3587.24 mp_best_bound=3407.9 mp_best_integer=3587.24 term=optimal status=ok gap=0.0499939
[MP] iter=13 incumbent=3587.24 best_bound=3407.9 gap=0.0499939 (src: inc=cplex_api bb=cplex_api gap=cplex_api)
[MP] iter=13 cuts=12 obj=3587.240 last_const=13028.000 last_nnz=28
[MW] core updated (t=0..): min=0.00969 max=1.97 mean=0.547
Evaluating Subproblem (SP) at candidate...
SP result: recourse=5074 feasible=True
[SP PIPELINE] iter=13 build=0.000s solve=0.000s extract=0.000s post=0.000s cutgen=0.070s mode=mw lb_valid=True tl_inc=False vars=- bin=- cons=- lp=-
[CHECK] SP: recourse=5074 first=2.24 sp_total=5076.24
[CUT TIGHTNESS] raw_line(y)=5074  SP_ub=5074  diff=0
[BENDERS] Added cut #12: const_out=5899, const_ret=6420, nnz=29, slope_range=[-1.44e+03,-15], raw_pos_dm=0, scale=1
[BENDERS] Eval cut (dir): OUT lhs=2111 rhs=3019; RET lhs=1474 rhs=2055
2026-08-06 11:24:44,726 INFO | mobauto2_benders.benders.solver | force-added CutType.OPTIMALITY cut 'opt_cut'
2026-08-06 11:24:44,726 INFO | mobauto2_benders.benders.solver | added 1 cut(s)
Master updated: added 1 cut(s): opt_cut
[CUT SUMMARY] it=13 cand=OUT[0,1]|RET[0,2]|OUT[0,3]|RET[0,4]|OUT[0,6]|RET[0,7]|OUT[0,10]|RET[0,12]|OUT[0,16]|RET[0,18]|OUT[0,19]|RET[0,20]|...(+12) decision=added skip=None theta_total=3585.000028159837 rec_total=5074.000044 raw_rhs_total=5074.000043034948 rhs_total=5074.000043034948 lhs_total=3585.000028159837
Timing: master=9.165s sp_solve=0.030s cutgen=0.070s cutadd=0.003s cuts_added=1 total_cuts=13
MP stats: nodes=14229 best_bound=3407.8997738326784 incumbent=3587.24002815984 gap=0.04999393765662055
2026-08-06 11:24:44,727 INFO | mobauto2_benders.benders.solver | bounds: best_lb=3407.9 best_ub=4190.74 gap=782.84 rel=0.187
[CHECK] GAP: LB=3407.9 UB=4190.74 gap=782.84 rel=0.187

=== Iteration 14 ===
Solving Master (MP)...
[SCHEDULE] master gap-tied: time_limit_s=76 mipgap=0.05 g_bd=0.187
[MIPSTART] x-only start applied: n_out=44 n_ret=44
MP raw solver: status=ok term=optimal incumbent=3622.4901681300103 best_bound=3441.3987300381077
MP solutions: count=1 keys=['Gap', 'Status', 'Message', 'Problem', 'Objective', 'Variable', 'Constraint']
Shuttle totals (OUT+RET): q0=12, q1=12
MP stats (solver): nodes=15255 best_bound=3441.3987300381077 incumbent=3622.4901681300103 gap=0.049990870833855144
2026-08-06 11:24:51,935 INFO | mobauto2_benders.benders.solver | iter=14 master status=SolveStatus.FEASIBLE obj=3622.49 lb=3441.4
MP result: status=SolveStatus.FEASIBLE obj=3622.49 lb=3441.4
[CHECK] MP: first=0.49 theta=3622 mp_total=3622.49 inc_obj=3622.49 best_bound=3441.4
[CHECK] MP bounds: mp_obj=3622.49 mp_best_bound=3441.4 mp_best_integer=3622.49 term=optimal status=ok gap=0.0499909
[MP] iter=14 incumbent=3622.49 best_bound=3441.4 gap=0.0499909 (src: inc=cplex_api bb=cplex_api gap=cplex_api)
[MP] iter=14 cuts=13 obj=3622.490 last_const=12319.000 last_nnz=29
[MW] core updated (t=0..): min=0.00678 max=1.98 mean=0.547
Evaluating Subproblem (SP) at candidate...
SP result: recourse=4393 feasible=True
[SP PIPELINE] iter=14 build=0.000s solve=0.000s extract=0.000s post=0.000s cutgen=0.023s mode=mw lb_valid=True tl_inc=False vars=- bin=- cons=- lp=-
[CHECK] SP: recourse=4393 first=0.49 sp_total=4393.49
[CUT TIGHTNESS] raw_line(y)=4393  SP_ub=4393  diff=-1.82e-12
[BENDERS] Added cut #13: const_out=6078, const_ret=7735, nnz=28, slope_range=[-1.44e+03,-15], raw_pos_dm=0, scale=1
[BENDERS] Eval cut (dir): OUT lhs=2148 rhs=2448; RET lhs=1474 rhs=1945
2026-08-06 11:24:52,076 INFO | mobauto2_benders.benders.solver | force-added CutType.OPTIMALITY cut 'opt_cut'
2026-08-06 11:24:52,078 INFO | mobauto2_benders.benders.solver | added 1 cut(s)
Master updated: added 1 cut(s): opt_cut
[CUT SUMMARY] it=14 cand=OUT[0,2]|RET[0,3]|OUT[0,5]|RET[0,6]|OUT[0,7]|RET[0,9]|OUT[0,13]|RET[0,14]|OUT[0,17]|RET[0,18]|OUT[0,19]|RET[0,20]|...(+12) decision=added skip=None theta_total=3622.0001681300096 rec_total=4393.000015 raw_rhs_total=4393.000014999998 rhs_total=4393.000015 lhs_total=3622.0001681300096
Timing: master=7.213s sp_solve=0.024s cutgen=0.023s cutadd=0.001s cuts_added=1 total_cuts=14
MP stats: nodes=15255 best_bound=3441.3987300381077 incumbent=3622.4901681300103 gap=0.049990870833855144
2026-08-06 11:24:52,078 INFO | mobauto2_benders.benders.solver | bounds: best_lb=3441.4 best_ub=4190.74 gap=749.341 rel=0.179
[CHECK] GAP: LB=3441.4 UB=4190.74 gap=749.341 rel=0.179

=== Iteration 15 ===
Solving Master (MP)...
[SCHEDULE] master gap-tied: time_limit_s=69 mipgap=0.05 g_bd=0.179
[MIPSTART] x-only start applied: n_out=44 n_ret=44
MP raw solver: status=ok term=optimal incumbent=3653.4900190000017 best_bound=3470.906646845002
MP solutions: count=1 keys=['Gap', 'Status', 'Message', 'Problem', 'Objective', 'Variable', 'Constraint']
Shuttle totals (OUT+RET): q0=12, q1=12
MP stats (solver): nodes=14075 best_bound=3470.906646845002 incumbent=3653.4900190000017 gap=0.049975057056531866
2026-08-06 11:24:59,741 INFO | mobauto2_benders.benders.solver | iter=15 master status=SolveStatus.FEASIBLE obj=3653.49 lb=3470.91
MP result: status=SolveStatus.FEASIBLE obj=3653.49 lb=3470.91
[CHECK] MP: first=1.49 theta=3652 mp_total=3653.49 inc_obj=3653.49 best_bound=3470.91
[CHECK] MP bounds: mp_obj=3653.49 mp_best_bound=3470.91 mp_best_integer=3653.49 term=optimal status=ok gap=0.0499751
[MP] iter=15 incumbent=3653.49 best_bound=3470.91 gap=0.0499751 (src: inc=cplex_api bb=cplex_api gap=cplex_api)
[MP] iter=15 cuts=14 obj=3653.490 last_const=13813.000 last_nnz=28
[MW] core updated (t=0..): min=0.00475 max=1.99 mean=0.546
Evaluating Subproblem (SP) at candidate...
SP result: recourse=4883 feasible=True
[SP PIPELINE] iter=15 build=0.000s solve=0.000s extract=0.000s post=0.000s cutgen=0.021s mode=mw lb_valid=True tl_inc=False vars=- bin=- cons=- lp=-
[CHECK] SP: recourse=4883 first=1.49 sp_total=4884.49
[CUT TIGHTNESS] raw_line(y)=4883  SP_ub=4883  diff=9.09e-13
[BENDERS] Added cut #14: const_out=6384, const_ret=7889, nnz=29, slope_range=[-1.44e+03,-15], raw_pos_dm=0, scale=1
[BENDERS] Eval cut (dir): OUT lhs=2178 rhs=2784; RET lhs=1474 rhs=2099
2026-08-06 11:24:59,865 INFO | mobauto2_benders.benders.solver | force-added CutType.OPTIMALITY cut 'opt_cut'
2026-08-06 11:24:59,865 INFO | mobauto2_benders.benders.solver | added 1 cut(s)
Master updated: added 1 cut(s): opt_cut
[CUT SUMMARY] it=15 cand=OUT[0,1]|RET[0,2]|OUT[0,3]|RET[0,4]|OUT[0,6]|RET[0,7]|OUT[0,11]|RET[0,12]|OUT[0,15]|RET[0,17]|OUT[0,18]|RET[0,20]|...(+12) decision=added skip=None theta_total=3652.000019000001 rec_total=4883.000034 raw_rhs_total=4883.000034000001 rhs_total=4883.0000340000015 lhs_total=3652.000019000001
Timing: master=7.670s sp_solve=0.022s cutgen=0.021s cutadd=0.001s cuts_added=1 total_cuts=15
MP stats: nodes=14075 best_bound=3470.906646845002 incumbent=3653.4900190000017 gap=0.049975057056531866
2026-08-06 11:24:59,866 INFO | mobauto2_benders.benders.solver | bounds: best_lb=3470.91 best_ub=4190.74 gap=719.833 rel=0.172
[CHECK] GAP: LB=3470.91 UB=4190.74 gap=719.833 rel=0.172

=== Iteration 16 ===
Solving Master (MP)...
[SCHEDULE] master gap-tied: time_limit_s=61 mipgap=0.05 g_bd=0.172
[MIPSTART] x-only start applied: n_out=44 n_ret=44
MP raw solver: status=ok term=optimal incumbent=3702.9900000000007 best_bound=3517.9145905629252
MP solutions: count=1 keys=['Gap', 'Status', 'Message', 'Problem', 'Objective', 'Variable', 'Constraint']
Shuttle totals (OUT+RET): q0=12, q1=12
MP stats (solver): nodes=13469 best_bound=3517.9145905629252 incumbent=3702.9900000000007 gap=0.04997999169240814
2026-08-06 11:25:04,370 INFO | mobauto2_benders.benders.solver | iter=16 master status=SolveStatus.FEASIBLE obj=3702.99 lb=3517.91
MP result: status=SolveStatus.FEASIBLE obj=3702.99 lb=3517.91
[CHECK] MP: first=0.99 theta=3702 mp_total=3702.99 inc_obj=3702.99 best_bound=3517.91
[CHECK] MP bounds: mp_obj=3702.99 mp_best_bound=3517.91 mp_best_integer=3702.99 term=optimal status=ok gap=0.04998
[MP] iter=16 incumbent=3702.99 best_bound=3517.91 gap=0.04998 (src: inc=cplex_api bb=cplex_api gap=cplex_api)
[MP] iter=16 cuts=15 obj=3702.990 last_const=14273.000 last_nnz=29
[MW] core updated (t=0..): min=0.00332 max=1.99 mean=0.546
Evaluating Subproblem (SP) at candidate...
SP result: recourse=5346 feasible=True
[SP PIPELINE] iter=16 build=0.000s solve=0.000s extract=0.000s post=0.000s cutgen=0.023s mode=mw lb_valid=True tl_inc=False vars=- bin=- cons=- lp=-
[CHECK] SP: recourse=5346 first=0.99 sp_total=5346.99
[CUT TIGHTNESS] raw_line(y)=5346  SP_ub=5346  diff=-9.09e-13
[BENDERS] Added cut #15: const_out=6570, const_ret=6786, nnz=29, slope_range=[-1.44e+03,-15], raw_pos_dm=0, scale=1
[BENDERS] Eval cut (dir): OUT lhs=2273 rhs=2910; RET lhs=1429 rhs=2436
2026-08-06 11:25:04,512 INFO | mobauto2_benders.benders.solver | force-added CutType.OPTIMALITY cut 'opt_cut'
2026-08-06 11:25:04,512 INFO | mobauto2_benders.benders.solver | added 1 cut(s)
Master updated: added 1 cut(s): opt_cut
[CUT SUMMARY] it=16 cand=OUT[0,1]|RET[0,2]|OUT[0,3]|RET[0,4]|OUT[0,6]|RET[0,8]|OUT[0,11]|RET[0,12]|OUT[0,16]|RET[0,17]|OUT[0,18]|RET[0,20]|...(+12) decision=added skip=None theta_total=3702.0 rec_total=5346.00002 raw_rhs_total=5346.0000199999995 rhs_total=5346.00002 lhs_total=3702.0
Timing: master=4.505s sp_solve=0.024s cutgen=0.023s cutadd=0.002s cuts_added=1 total_cuts=16
MP stats: nodes=13469 best_bound=3517.9145905629252 incumbent=3702.9900000000007 gap=0.04997999169240814
2026-08-06 11:25:04,512 INFO | mobauto2_benders.benders.solver | bounds: best_lb=3517.91 best_ub=4190.74 gap=672.825 rel=0.161
[CHECK] GAP: LB=3517.91 UB=4190.74 gap=672.825 rel=0.161

=== Iteration 17 ===
Solving Master (MP)...
[SCHEDULE] master gap-tied: time_limit_s=56 mipgap=0.05 g_bd=0.161
[MIPSTART] x-only start applied: n_out=44 n_ret=44
MP raw solver: status=ok term=optimal incumbent=3732.4900000000007 best_bound=3545.9404081921925
MP solutions: count=1 keys=['Gap', 'Status', 'Message', 'Problem', 'Objective', 'Variable', 'Constraint']
Shuttle totals (OUT+RET): q0=12, q1=12
MP stats (solver): nodes=13057 best_bound=3545.9404081921925 incumbent=3732.4900000000007 gap=0.04997993077216634
2026-08-06 11:25:10,685 INFO | mobauto2_benders.benders.solver | iter=17 master status=SolveStatus.FEASIBLE obj=3732.49 lb=3545.94
MP result: status=SolveStatus.FEASIBLE obj=3732.49 lb=3545.94
[CHECK] MP: first=0.49 theta=3732 mp_total=3732.49 inc_obj=3732.49 best_bound=3545.94
[CHECK] MP bounds: mp_obj=3732.49 mp_best_bound=3545.94 mp_best_integer=3732.49 term=optimal status=ok gap=0.0499799
[MP] iter=17 incumbent=3732.49 best_bound=3545.94 gap=0.0499799 (src: inc=cplex_api bb=cplex_api gap=cplex_api)
[MP] iter=17 cuts=16 obj=3732.490 last_const=13356.000 last_nnz=29
[MW] core updated (t=0..): min=0.00233 max=1.99 mean=0.546
Evaluating Subproblem (SP) at candidate...
SP result: recourse=4529 feasible=True
[SP PIPELINE] iter=17 build=0.000s solve=0.000s extract=0.000s post=0.000s cutgen=0.028s mode=mw lb_valid=True tl_inc=False vars=- bin=- cons=- lp=-
[CHECK] SP: recourse=4529 first=0.49 sp_total=4529.49
[CUT TIGHTNESS] raw_line(y)=4529  SP_ub=4529  diff=-1.82e-12
[BENDERS] Added cut #16: const_out=6232, const_ret=5587, nnz=26, slope_range=[-1.44e+03,-15], raw_pos_dm=0, scale=1
[BENDERS] Eval cut (dir): OUT lhs=2288 rhs=2572; RET lhs=1444 rhs=1957
2026-08-06 11:25:10,834 INFO | mobauto2_benders.benders.solver | force-added CutType.OPTIMALITY cut 'opt_cut'
2026-08-06 11:25:10,834 INFO | mobauto2_benders.benders.solver | added 1 cut(s)
Master updated: added 1 cut(s): opt_cut
[CUT SUMMARY] it=17 cand=OUT[0,1]|RET[0,2]|OUT[0,3]|RET[0,4]|OUT[0,6]|RET[0,8]|OUT[0,11]|RET[0,12]|OUT[0,15]|RET[0,16]|OUT[0,18]|RET[0,20]|...(+12) decision=added skip=None theta_total=3732.0 rec_total=4529.000015 raw_rhs_total=4529.000014999999 rhs_total=4529.0000150000005 lhs_total=3732.0
Timing: master=6.173s sp_solve=0.027s cutgen=0.028s cutadd=0.002s cuts_added=1 total_cuts=17
MP stats: nodes=13057 best_bound=3545.9404081921925 incumbent=3732.4900000000007 gap=0.04997993077216634
2026-08-06 11:25:10,834 INFO | mobauto2_benders.benders.solver | bounds: best_lb=3545.94 best_ub=4190.74 gap=644.8 rel=0.154
[CHECK] GAP: LB=3545.94 UB=4190.74 gap=644.8 rel=0.154

=== Iteration 18 ===
Solving Master (MP)...
[SCHEDULE] master gap-tied: time_limit_s=50 mipgap=0.05 g_bd=0.154
[MIPSTART] x-only start applied: n_out=44 n_ret=44
MP raw solver: status=ok term=optimal incumbent=3746.990015000001 best_bound=3559.72079439475
MP solutions: count=1 keys=['Gap', 'Status', 'Message', 'Problem', 'Objective', 'Variable', 'Constraint']
Shuttle totals (OUT+RET): q0=12, q1=12
MP stats (solver): nodes=13390 best_bound=3559.72079439475 incumbent=3746.990015000001 gap=0.049978574764162016
2026-08-06 11:25:17,207 INFO | mobauto2_benders.benders.solver | iter=18 master status=SolveStatus.FEASIBLE obj=3746.99 lb=3559.72
MP result: status=SolveStatus.FEASIBLE obj=3746.99 lb=3559.72
[CHECK] MP: first=0.99 theta=3746 mp_total=3746.99 inc_obj=3746.99 best_bound=3559.72
[CHECK] MP bounds: mp_obj=3746.99 mp_best_bound=3559.72 mp_best_integer=3746.99 term=optimal status=ok gap=0.0499786
[MP] iter=18 incumbent=3746.99 best_bound=3559.72 gap=0.0499786 (src: inc=cplex_api bb=cplex_api gap=cplex_api)
[MP] iter=18 cuts=17 obj=3746.990 last_const=11819.000 last_nnz=26
[MW] core updated (t=0..): min=0.00163 max=1.99 mean=0.546
Evaluating Subproblem (SP) at candidate...
SP result: recourse=4860 feasible=True
[SP PIPELINE] iter=18 build=0.000s solve=0.000s extract=0.000s post=0.000s cutgen=0.032s mode=mw lb_valid=True tl_inc=False vars=- bin=- cons=- lp=-
[CHECK] SP: recourse=4860 first=0.99 sp_total=4860.99
[CUT TIGHTNESS] raw_line(y)=4860  SP_ub=4860  diff=-1.82e-12
[BENDERS] Added cut #17: const_out=6352, const_ret=6488, nnz=28, slope_range=[-1.44e+03,-15], raw_pos_dm=0, scale=1
[BENDERS] Eval cut (dir): OUT lhs=2273 rhs=2722; RET lhs=1473 rhs=2138
2026-08-06 11:25:17,435 INFO | mobauto2_benders.benders.solver | force-added CutType.OPTIMALITY cut 'opt_cut'
2026-08-06 11:25:17,435 INFO | mobauto2_benders.benders.solver | added 1 cut(s)
Master updated: added 1 cut(s): opt_cut
[CUT SUMMARY] it=18 cand=OUT[0,2]|RET[0,3]|OUT[0,5]|RET[0,6]|OUT[0,9]|RET[0,11]|OUT[0,14]|RET[0,15]|OUT[0,17]|RET[0,18]|OUT[0,19]|RET[0,20]|...(+12) decision=added skip=None theta_total=3746.0000150000005 rec_total=4860.000015 raw_rhs_total=4860.000014999999 rhs_total=4860.0000150000005 lhs_total=3746.0000150000005
Timing: master=6.368s sp_solve=0.035s cutgen=0.032s cutadd=0.003s cuts_added=1 total_cuts=18
MP stats: nodes=13390 best_bound=3559.72079439475 incumbent=3746.990015000001 gap=0.049978574764162016
2026-08-06 11:25:17,437 INFO | mobauto2_benders.benders.solver | bounds: best_lb=3559.72 best_ub=4190.74 gap=631.019 rel=0.151
[CHECK] GAP: LB=3559.72 UB=4190.74 gap=631.019 rel=0.151

=== Iteration 19 ===
Solving Master (MP)...
[SCHEDULE] master gap-tied: time_limit_s=43 mipgap=0.05 g_bd=0.151
[MIPSTART] x-only start applied: n_out=44 n_ret=44
MP raw solver: status=ok term=optimal incumbent=3747.4899993922 best_bound=3560.125807110732
MP solutions: count=1 keys=['Gap', 'Status', 'Message', 'Problem', 'Objective', 'Variable', 'Constraint']
Shuttle totals (OUT+RET): q0=12, q1=12
MP stats (solver): nodes=13479 best_bound=3560.125807110732 incumbent=3747.4899993922 gap=0.04999724944212032
2026-08-06 11:25:26,303 INFO | mobauto2_benders.benders.solver | iter=19 master status=SolveStatus.FEASIBLE obj=3747.49 lb=3560.13
MP result: status=SolveStatus.FEASIBLE obj=3747.49 lb=3560.13
[CHECK] MP: first=0.49 theta=3747 mp_total=3747.49 inc_obj=3747.49 best_bound=3560.13
[CHECK] MP bounds: mp_obj=3747.49 mp_best_bound=3560.13 mp_best_integer=3747.49 term=optimal status=ok gap=0.0499972
[MP] iter=19 incumbent=3747.49 best_bound=3560.13 gap=0.0499972 (src: inc=cplex_api bb=cplex_api gap=cplex_api)
[MP] iter=19 cuts=18 obj=3747.490 last_const=12840.000 last_nnz=28
[MW] core updated (t=0..): min=0.00114 max=2 mean=0.546
Evaluating Subproblem (SP) at candidate...
SP result: recourse=4470 feasible=True
[SP PIPELINE] iter=19 build=0.000s solve=0.000s extract=0.000s post=0.000s cutgen=0.026s mode=mw lb_valid=True tl_inc=False vars=- bin=- cons=- lp=-
[CHECK] SP: recourse=4470 first=0.49 sp_total=4470.49
[CUT TIGHTNESS] raw_line(y)=4470  SP_ub=4470  diff=-1.82e-12
[BENDERS] Added cut #18: const_out=6377, const_ret=7543, nnz=28, slope_range=[-1.44e+03,-15], raw_pos_dm=0, scale=1
[BENDERS] Eval cut (dir): OUT lhs=2288 rhs=2717; RET lhs=1459 rhs=1753
2026-08-06 11:25:26,474 INFO | mobauto2_benders.benders.solver | force-added CutType.OPTIMALITY cut 'opt_cut'
2026-08-06 11:25:26,474 INFO | mobauto2_benders.benders.solver | added 1 cut(s)
Master updated: added 1 cut(s): opt_cut
[CUT SUMMARY] it=19 cand=OUT[0,2]|RET[0,3]|OUT[0,4]|RET[0,6]|OUT[0,9]|RET[0,10]|OUT[0,13]|RET[0,14]|OUT[0,17]|RET[0,18]|OUT[0,19]|RET[0,20]|...(+12) decision=added skip=None theta_total=3746.999999391607 rec_total=4470.000015 raw_rhs_total=4470.000015959113 rhs_total=4470.0000159591145 lhs_total=3746.999999391607
Timing: master=8.866s sp_solve=0.030s cutgen=0.026s cutadd=0.002s cuts_added=1 total_cuts=19
MP stats: nodes=13479 best_bound=3560.125807110732 incumbent=3747.4899993922 gap=0.04999724944212032
2026-08-06 11:25:26,474 INFO | mobauto2_benders.benders.solver | bounds: best_lb=3560.13 best_ub=4190.74 gap=630.614 rel=0.15
[CHECK] GAP: LB=3560.13 UB=4190.74 gap=630.614 rel=0.15

=== Iteration 20 ===
Solving Master (MP)...
[SCHEDULE] master gap-tied: time_limit_s=34 mipgap=0.05 g_bd=0.15
[MIPSTART] x-only start applied: n_out=44 n_ret=44
MP raw solver: status=ok term=optimal incumbent=3747.7400000000007 best_bound=3560.7359828309845
MP solutions: count=1 keys=['Gap', 'Status', 'Message', 'Problem', 'Objective', 'Variable', 'Constraint']
Shuttle totals (OUT+RET): q0=12, q1=12
MP stats (solver): nodes=13074 best_bound=3560.7359828309845 incumbent=3747.7400000000007 gap=0.04989780965835707
2026-08-06 11:25:33,362 INFO | mobauto2_benders.benders.solver | iter=20 master status=SolveStatus.FEASIBLE obj=3747.74 lb=3560.74
MP result: status=SolveStatus.FEASIBLE obj=3747.74 lb=3560.74
[CHECK] MP: first=0.74 theta=3747 mp_total=3747.74 inc_obj=3747.74 best_bound=3560.74
[CHECK] MP bounds: mp_obj=3747.74 mp_best_bound=3560.74 mp_best_integer=3747.74 term=optimal status=ok gap=0.0498978
[MP] iter=20 incumbent=3747.74 best_bound=3560.74 gap=0.0498978 (src: inc=cplex_api bb=cplex_api gap=cplex_api)
[MP] iter=20 cuts=19 obj=3747.740 last_const=13920.000 last_nnz=28
[MW] core updated (t=0..): min=0.001 max=2 mean=0.546
Evaluating Subproblem (SP) at candidate...
SP result: recourse=4950 feasible=True
[SP PIPELINE] iter=20 build=0.000s solve=0.000s extract=0.000s post=0.000s cutgen=0.035s mode=mw lb_valid=True tl_inc=False vars=- bin=- cons=- lp=-
[CHECK] SP: recourse=4950 first=0.74 sp_total=4950.74
[CUT TIGHTNESS] raw_line(y)=4950  SP_ub=4950  diff=-1.82e-12
[BENDERS] Added cut #19: const_out=6230, const_ret=6730, nnz=28, slope_range=[-1.44e+03,-15], raw_pos_dm=0, scale=1
[BENDERS] Eval cut (dir): OUT lhs=2273 rhs=2570; RET lhs=1474 rhs=2380
2026-08-06 11:25:33,545 INFO | mobauto2_benders.benders.solver | force-added CutType.OPTIMALITY cut 'opt_cut'
2026-08-06 11:25:33,545 INFO | mobauto2_benders.benders.solver | added 1 cut(s)
Master updated: added 1 cut(s): opt_cut
[CUT SUMMARY] it=20 cand=OUT[0,1]|RET[0,2]|OUT[0,3]|RET[0,4]|OUT[0,6]|RET[0,7]|OUT[0,11]|RET[0,12]|OUT[0,14]|RET[0,17]|OUT[0,19]|RET[0,20]|...(+12) decision=added skip=None theta_total=3747.0 rec_total=4950.000015 raw_rhs_total=4950.000014999999 rhs_total=4950.0000150000005 lhs_total=3747.0
Timing: master=6.886s sp_solve=0.033s cutgen=0.035s cutadd=0.002s cuts_added=1 total_cuts=20
MP stats: nodes=13074 best_bound=3560.7359828309845 incumbent=3747.7400000000007 gap=0.04989780965835707
2026-08-06 11:25:33,545 INFO | mobauto2_benders.benders.solver | bounds: best_lb=3560.74 best_ub=4190.74 gap=630.004 rel=0.15
[CHECK] GAP: LB=3560.74 UB=4190.74 gap=630.004 rel=0.15

=== Iteration 21 ===
Solving Master (MP)...
[SCHEDULE] master gap-tied: time_limit_s=27 mipgap=0.05 g_bd=0.15
[MIPSTART] x-only start applied: n_out=44 n_ret=44
MP raw solver: status=ok term=optimal incumbent=3758.7400150000017 best_bound=3570.9066324698188
MP solutions: count=1 keys=['Gap', 'Status', 'Message', 'Problem', 'Objective', 'Variable', 'Constraint']
Shuttle totals (OUT+RET): q0=12, q1=12
MP stats (solver): nodes=13862 best_bound=3570.9066324698188 incumbent=3758.7400150000017 gap=0.0499724327249534
2026-08-06 11:25:44,021 INFO | mobauto2_benders.benders.solver | iter=21 master status=SolveStatus.FEASIBLE obj=3758.74 lb=3570.91
MP result: status=SolveStatus.FEASIBLE obj=3758.74 lb=3570.91
[CHECK] MP: first=0.74 theta=3758 mp_total=3758.74 inc_obj=3758.74 best_bound=3570.91
[CHECK] MP bounds: mp_obj=3758.74 mp_best_bound=3570.91 mp_best_integer=3758.74 term=optimal status=ok gap=0.0499724
[MP] iter=21 incumbent=3758.74 best_bound=3570.91 gap=0.0499724 (src: inc=cplex_api bb=cplex_api gap=cplex_api)
[MP] iter=21 cuts=20 obj=3758.740 last_const=12960.000 last_nnz=28
[MW] core updated (t=0..): min=0.001 max=2 mean=0.546
Evaluating Subproblem (SP) at candidate...
SP result: recourse=4526 feasible=True
[SP PIPELINE] iter=21 build=0.000s solve=0.000s extract=0.000s post=0.000s cutgen=0.034s mode=mw lb_valid=True tl_inc=False vars=- bin=- cons=- lp=-
[CHECK] SP: recourse=4526 first=0.74 sp_total=4526.74
[CUT TIGHTNESS] raw_line(y)=4526  SP_ub=4526  diff=-1.82e-12
[BENDERS] Added cut #20: const_out=6377, const_ret=6879, nnz=29, slope_range=[-1.44e+03,-15], raw_pos_dm=0, scale=1
[BENDERS] Eval cut (dir): OUT lhs=2288 rhs=2717; RET lhs=1470 rhs=1809
2026-08-06 11:25:44,201 INFO | mobauto2_benders.benders.solver | force-added CutType.OPTIMALITY cut 'opt_cut'
2026-08-06 11:25:44,201 INFO | mobauto2_benders.benders.solver | added 1 cut(s)
Master updated: added 1 cut(s): opt_cut
[CUT SUMMARY] it=21 cand=OUT[0,1]|RET[0,2]|OUT[0,3]|RET[0,4]|OUT[0,6]|RET[0,9]|OUT[0,14]|RET[0,15]|OUT[0,17]|RET[0,18]|OUT[0,19]|RET[0,20]|...(+12) decision=added skip=None theta_total=3758.0000150000005 rec_total=4526.000015 raw_rhs_total=4526.000014999999 rhs_total=4526.0000150000005 lhs_total=3758.0000150000005
Timing: master=10.475s sp_solve=0.034s cutgen=0.034s cutadd=0.002s cuts_added=1 total_cuts=21
MP stats: nodes=13862 best_bound=3570.9066324698188 incumbent=3758.7400150000017 gap=0.0499724327249534
2026-08-06 11:25:44,202 INFO | mobauto2_benders.benders.solver | bounds: best_lb=3570.91 best_ub=4190.74 gap=619.833 rel=0.148
[CHECK] GAP: LB=3570.91 UB=4190.74 gap=619.833 rel=0.148

=== Iteration 22 ===
Solving Master (MP)...
[SCHEDULE] master gap-tied: time_limit_s=17 mipgap=0.05 g_bd=0.148
[MIPSTART] x-only start applied: n_out=44 n_ret=44
MP raw solver: status=ok term=optimal incumbent=3761.490015000001 best_bound=3573.5680229286118
MP solutions: count=1 keys=['Gap', 'Status', 'Message', 'Problem', 'Objective', 'Variable', 'Constraint']
Shuttle totals (OUT+RET): q0=12, q1=12
MP stats (solver): nodes=13454 best_bound=3573.5680229286118 incumbent=3761.490015000001 gap=0.04995945524831718
2026-08-06 11:25:57,415 INFO | mobauto2_benders.benders.solver | iter=22 master status=SolveStatus.FEASIBLE obj=3761.49 lb=3573.57
MP result: status=SolveStatus.FEASIBLE obj=3761.49 lb=3573.57
[CHECK] MP: first=0.49 theta=3761 mp_total=3761.49 inc_obj=3761.49 best_bound=3573.57
[CHECK] MP bounds: mp_obj=3761.49 mp_best_bound=3573.57 mp_best_integer=3761.49 term=optimal status=ok gap=0.0499595
[MP] iter=22 incumbent=3761.49 best_bound=3573.57 gap=0.0499595 (src: inc=cplex_api bb=cplex_api gap=cplex_api)
[MP] iter=22 cuts=21 obj=3761.490 last_const=13256.000 last_nnz=29
[MW] core updated (t=0..): min=0.001 max=2 mean=0.546
Evaluating Subproblem (SP) at candidate...
SP result: recourse=4469 feasible=True
[SP PIPELINE] iter=22 build=0.000s solve=0.000s extract=0.000s post=0.000s cutgen=0.126s mode=mw lb_valid=True tl_inc=False vars=- bin=- cons=- lp=-
[CHECK] SP: recourse=4469 first=0.49 sp_total=4469.49
[CUT TIGHTNESS] raw_line(y)=4469  SP_ub=4469  diff=-1.82e-12
[BENDERS] Added cut #21: const_out=6301, const_ret=6148, nnz=26, slope_range=[-1.44e+03,-15], raw_pos_dm=0, scale=1
[BENDERS] Eval cut (dir): OUT lhs=2288 rhs=2671; RET lhs=1473 rhs=1798
2026-08-06 11:25:57,764 INFO | mobauto2_benders.benders.solver | force-added CutType.OPTIMALITY cut 'opt_cut'
2026-08-06 11:25:57,764 INFO | mobauto2_benders.benders.solver | added 1 cut(s)
Master updated: added 1 cut(s): opt_cut
[CUT SUMMARY] it=22 cand=OUT[0,1]|RET[0,2]|OUT[0,3]|RET[0,4]|OUT[0,6]|RET[0,8]|OUT[0,11]|RET[0,12]|OUT[0,16]|RET[0,17]|OUT[0,18]|RET[0,20]|...(+12) decision=added skip=None theta_total=3761.0000150000005 rec_total=4469.000015 raw_rhs_total=4469.000014999998 rhs_total=4469.0000150000005 lhs_total=3761.0000150000005
Timing: master=13.214s sp_solve=0.044s cutgen=0.126s cutadd=0.002s cuts_added=1 total_cuts=22
MP stats: nodes=13454 best_bound=3573.5680229286118 incumbent=3761.490015000001 gap=0.04995945524831718
2026-08-06 11:25:57,764 INFO | mobauto2_benders.benders.solver | bounds: best_lb=3573.57 best_ub=4190.74 gap=617.172 rel=0.147
[CHECK] GAP: LB=3573.57 UB=4190.74 gap=617.172 rel=0.147

=== Iteration 23 ===
Solving Master (MP)...
[SCHEDULE] master gap-tied: time_limit_s=3 mipgap=0.05 g_bd=0.147
[MIPSTART] x-only start applied: n_out=44 n_ret=44
2026-08-06 11:26:01,114 WARNING | pyomo.core | Loading a SolverResults object with an 'aborted' status, but containing a solution
2026-08-06 11:26:01,114 WARNING | pyomo.core | Loading a SolverResults object with an 'aborted' status, but containing a solution
MP raw solver: status=aborted term=maxTimeLimit incumbent=3792.740015000001 best_bound=3262.0036978204253
MP solutions: count=1 keys=['Gap', 'Status', 'Message', 'Problem', 'Objective', 'Variable', 'Constraint']
Shuttle totals (OUT+RET): q0=12, q1=12
MP stats (solver): nodes=3004 best_bound=3262.0036978204253 incumbent=3792.740015000001 gap=0.1399348004557496
2026-08-06 11:26:01,114 INFO | mobauto2_benders.benders.solver | iter=23 master status=SolveStatus.FEASIBLE obj=3792.74 lb=3262
MP result: status=SolveStatus.FEASIBLE obj=3792.74 lb=3262
[CHECK] MP: first=1.74 theta=3791 mp_total=3792.74 inc_obj=3792.74 best_bound=3262
[CHECK] MP bounds: mp_obj=3792.74 mp_best_bound=3262 mp_best_integer=3792.74 term=maxTimeLimit status=aborted gap=0.139935
[MP] iter=23 incumbent=3792.74 best_bound=3262 gap=0.139935 (src: inc=cplex_api bb=cplex_api gap=cplex_api)
[MP] iter=23 cuts=22 obj=3792.740 last_const=12449.000 last_nnz=26
[MW] core updated (t=0..): min=0.001 max=2 mean=0.546
Evaluating Subproblem (SP) at candidate...
SP result: recourse=4965 feasible=True
[SP PIPELINE] iter=23 build=0.000s solve=0.000s extract=0.000s post=0.000s cutgen=0.083s mode=mw lb_valid=True tl_inc=False vars=- bin=- cons=- lp=-
[CHECK] SP: recourse=4965 first=1.74 sp_total=4966.74
[CUT TIGHTNESS] raw_line(y)=4965  SP_ub=4965  diff=9.09e-13
[BENDERS] Added cut #22: const_out=6709, const_ret=6926, nnz=29, slope_range=[-1.44e+03,-15], raw_pos_dm=0, scale=1
[BENDERS] Eval cut (dir): OUT lhs=2288 rhs=3109; RET lhs=1503 rhs=1856
2026-08-06 11:26:01,417 INFO | mobauto2_benders.benders.solver | force-added CutType.OPTIMALITY cut 'opt_cut'
2026-08-06 11:26:01,417 INFO | mobauto2_benders.benders.solver | added 1 cut(s)
Master updated: added 1 cut(s): opt_cut
[CUT SUMMARY] it=23 cand=OUT[0,1]|RET[0,2]|OUT[0,3]|RET[0,4]|OUT[0,8]|RET[0,11]|OUT[0,14]|RET[0,15]|OUT[0,16]|RET[0,17]|OUT[0,19]|RET[0,20]|...(+12) decision=added skip=None theta_total=3791.0000150000005 rec_total=4965.000034 raw_rhs_total=4965.0000340000015 rhs_total=4965.0000340000015 lhs_total=3791.0000150000005
Timing: master=3.356s sp_solve=0.061s cutgen=0.083s cutadd=0.002s cuts_added=1 total_cuts=23
MP stats: nodes=3004 best_bound=3262.0036978204253 incumbent=3792.740015000001 gap=0.1399348004557496
2026-08-06 11:26:01,418 INFO | mobauto2_benders.benders.solver | bounds: best_lb=3573.57 best_ub=4190.74 gap=617.172 rel=0.147
[CHECK] GAP: LB=3573.57 UB=4190.74 gap=617.172 rel=0.147
2026-08-06 11:26:01,418 WARNING | mobauto2_benders.benders.solver | Time limit reached after 23 iterations

Time limit reached after 23 iterations.
Total solve time: 120.622 seconds
Best bounds: LB=3573.57 UB=4190.74 gap=617.172 rel=0.147

Best Master Solution:
Q=2 T=22
theta = 3422
  - theta_out = 2318
  - theta_ret = 1104
Timeline (per shuttle):
           0     1     2     3     4     5     6     7     8     9    10    11    12    13    14    15    16    17    18    19    20    21
  q=0:   IDL   IDL   OUT   RET   CHR   OUT   IDL   RET   CHR   CHR   OUT   RET   OUT   RET   CHR   CHR   CHR   OUT   RET   OUT   RET   IDL
  q=1:   IDL   OUT   RET   OUT   RET   CHR   OUT   IDL   IDL   RET   CHR   CHR   CHR   CHR   OUT   RET   OUT   RET   CHR   OUT   RET   IDL
Battery (per shuttle):
           0     1     2     3     4     5     6     7     8     9    10    11    12    13    14    15    16    17    18    19    20    21
  q=0:   150   150   120    90    60    30    65   100   135   105   105   105    75   110   145   115    85    55    25    60    30     0
  q=1:   150   150   120    90    60    30    65    35    35     5    40    75    45    45    15    50    85   120    90    60    30     0

Demand per slot (OUT/RET):
         0   1   2   3   4   5   6   7   8   9  10  11  12  13  14  15  16  17  18  19  20  21
  OUT:  19  22  29  22  17   8   4   4   2   4   5   3   1   4   1   2   0   1   0   2   0   0
  RET:   3   1   2   0   0   4   3   7   4   4   8  12   8   7   6   7  19  15  24  16   0   0

Pax per shuttle and slot (total):
         0   1   2   3   4   5   6   7   8   9  10  11  12  13  14  15  16  17  18  19  20  21
  q=0:   0   0  15   2   0  15   0   7   0   0   6  12   8  15   0   0   0   0  15   1  15   0
  q=1:   0  15   4  15   0   0  15   0   0  11   0   0   0   0   5  13   3  15   0   0  15   0
Pax served: 222/300
Pax served: 222/300
Subproblem (last): obj=4190 wait_slots=290 fill_eps=1.5e-05 penalty_cost=3900 penalty_pax=78 total_demand=300
Avg wait (min): 39.1892
UB_total (best): 4190.74

Result: status=UNKNOWN iterations=23 best_lb=3573.5680229286118 best_ub=4190.740014999999

Manifest: C:\Users\fabio\My Drive\05_Projects\19_MobAuto2_Benders\manifests\manifest_cpx_thr_auto_20260806_092601.json
