Run configuration:
  solver: iterations=6 tol=0.001 total_time_limit_s=3600 seed=42
  master: solver=cplex Q=2 T_minutes=660 slot_res=30 (slots=22) trip_dur_min=30 Emax=150.0 L=30.0 eps=0.01 conc_pen=0.25 delta_chg=35.0
  subproblem: solver=cplex_direct S=15.0 Wmax=60 p=50.0 fill_eps=1e-06 (slot_res=30)
  demand_file: setups/base.yaml
Initialized master problem.
[MW] enabled=True alpha=0.3 eps=0.001

=== Iteration 1 ===
Solving Master (MP)...
[SCHEDULE] master gap-tied: time_limit_s=300 mipgap=0.01 g_bd=0.01
MP raw solver: status=ok term=optimal incumbent=0.0 best_bound=0.0
MP solutions: count=1 keys=['Gap', 'Status', 'Message', 'Problem', 'Objective', 'Variable', 'Constraint']
Shuttle totals (OUT+RET): q0=0, q1=0
MP stats (solver): nodes=0 best_bound=0.0 incumbent=0.0 gap=0.0
2026-08-06 12:44:38,935 INFO | mobauto2_benders.benders.solver | iter=1 master status=SolveStatus.OPTIMAL obj=0 lb=0
MP result: status=SolveStatus.OPTIMAL obj=0 lb=0
[CHECK] MP: first=0 theta=0 mp_total=0 inc_obj=0 best_bound=0
[CHECK] MP bounds: mp_obj=0 mp_best_bound=0 mp_best_integer=0 term=optimal status=ok gap=0
[MP] iter=1 incumbent=0 best_bound=0 gap=0 (src: inc=cplex_api bb=cplex_api gap=cplex_api)
[MP] iter=1 cuts=0 obj=0.000
[MW] core updated (t=0..): min=0.7 max=0.7 mean=0.7
Evaluating Subproblem (SP) at candidate...
SP result: recourse=15000 feasible=True
[SP PIPELINE] iter=1 build=0.000s solve=0.000s extract=0.000s post=0.000s cutgen=0.014s mode=mw lb_valid=True tl_inc=False vars=- bin=- cons=- lp=-
[CHECK] SP: recourse=15000 first=0 sp_total=15000
[CUT TIGHTNESS] raw_line(y)=15000  SP_ub=15000  diff=0
[BENDERS] Added cut #0: const_out=7500, const_ret=7500, nnz=41, slope_range=[-735,-720], raw_pos_dm=0, scale=1
[BENDERS] Eval cut (dir): OUT lhs=0 rhs=7500; RET lhs=0 rhs=7500
2026-08-06 12:44:39,002 INFO | mobauto2_benders.benders.solver | force-added CutType.OPTIMALITY cut 'opt_cut'
2026-08-06 12:44:39,002 INFO | mobauto2_benders.benders.solver | added 1 cut(s)
Master updated: added 1 cut(s): opt_cut
[CUT SUMMARY] it=1 cand=candidate:idle decision=added skip=None theta_total=0.0 rec_total=15000.0 raw_rhs_total=15000.0 rhs_total=15000.0 lhs_total=0.0
Timing: master=0.038s sp_solve=0.014s cutgen=0.014s cutadd=0.002s cuts_added=1 total_cuts=1
MP stats: nodes=0 best_bound=0.0 incumbent=0.0 gap=0.0
2026-08-06 12:44:39,002 INFO | mobauto2_benders.benders.solver | bounds: best_lb=0 best_ub=15000 gap=15000 rel=1
[CHECK] GAP: LB=0 UB=15000 gap=15000 rel=1

=== Iteration 2 ===
Solving Master (MP)...
[SCHEDULE] master gap-tied: time_limit_s=300 mipgap=0.01 g_bd=1
[MIPSTART] x-only start applied: n_out=44 n_ret=44
Warning:  No solution found from 1 MIP starts.
MP raw solver: status=ok term=optimal incumbent=0.22 best_bound=0.22000000000000003
MP solutions: count=1 keys=['Gap', 'Status', 'Message', 'Problem', 'Objective', 'Variable', 'Constraint']
Shuttle totals (OUT+RET): q0=12, q1=10
MP stats (solver): nodes=70 best_bound=0.22000000000000003 incumbent=0.22 gap=0.0
2026-08-06 12:44:39,118 INFO | mobauto2_benders.benders.solver | iter=2 master status=SolveStatus.OPTIMAL obj=0.22 lb=0.22
MP result: status=SolveStatus.OPTIMAL obj=0.22 lb=0.22
[CHECK] MP: first=0.22 theta=0 mp_total=0.22 inc_obj=0.22 best_bound=0.22
[CHECK] MP bounds: mp_obj=0.22 mp_best_bound=0.22 mp_best_integer=0.22 term=optimal status=ok gap=0
[MP] iter=2 incumbent=0.22 best_bound=0.22 gap=0 (src: inc=cplex_api bb=cplex_api gap=cplex_api)
[MP] iter=2 cuts=1 obj=0.220 last_const=15000.000 last_nnz=41
[MW] core updated (t=0..): min=0.49 max=0.79 mean=0.64
Evaluating Subproblem (SP) at candidate...
SP result: recourse=5782 feasible=True
[SP PIPELINE] iter=2 build=0.000s solve=0.000s extract=0.000s post=0.000s cutgen=0.012s mode=mw lb_valid=True tl_inc=False vars=- bin=- cons=- lp=-
[CHECK] SP: recourse=5782 first=0.22 sp_total=5782.22
[CUT TIGHTNESS] raw_line(y)=5782  SP_ub=5782  diff=0
[BENDERS] Added cut #1: const_out=6279, const_ret=5353, nnz=26, slope_range=[-735,-15], raw_pos_dm=0, scale=1
[BENDERS] Eval cut (dir): OUT lhs=0 rhs=3354; RET lhs=-0 rhs=2428
2026-08-06 12:44:39,185 INFO | mobauto2_benders.benders.solver | force-added CutType.OPTIMALITY cut 'opt_cut'
2026-08-06 12:44:39,185 INFO | mobauto2_benders.benders.solver | added 1 cut(s)
Master updated: added 1 cut(s): opt_cut
[CUT SUMMARY] it=2 cand=OUT[0,1]|RET[0,2]|OUT[0,6]|RET[0,7]|OUT[0,8]|RET[0,9]|OUT[0,14]|RET[0,15]|OUT[0,17]|RET[0,18]|OUT[0,19]|RET[0,20]|...(+10) decision=added skip=None theta_total=0.0 rec_total=5782.0 raw_rhs_total=5782.0 rhs_total=5782.0 lhs_total=0.0
Timing: master=0.114s sp_solve=0.013s cutgen=0.012s cutadd=0.001s cuts_added=1 total_cuts=2
MP stats: nodes=70 best_bound=0.22000000000000003 incumbent=0.22 gap=0.0
2026-08-06 12:44:39,186 INFO | mobauto2_benders.benders.solver | bounds: best_lb=0.22 best_ub=5782.22 gap=5782 rel=1
[CHECK] GAP: LB=0.22 UB=5782.22 gap=5782 rel=1

=== Iteration 3 ===
Solving Master (MP)...
[SCHEDULE] master gap-tied: time_limit_s=300 mipgap=0.01 g_bd=1
[MIPSTART] x-only start applied: n_out=44 n_ret=44
Warning:  No solution found from 1 MIP starts.
MP raw solver: status=ok term=optimal incumbent=400.48999999999666 best_bound=396.8322225498
MP solutions: count=1 keys=['Gap', 'Status', 'Message', 'Problem', 'Objective', 'Variable', 'Constraint']
Shuttle totals (OUT+RET): q0=12, q1=12
MP stats (solver): nodes=612 best_bound=396.8322225498 incumbent=400.48999999999666 gap=0.009133255387639554
2026-08-06 12:44:39,435 INFO | mobauto2_benders.benders.solver | iter=3 master status=SolveStatus.FEASIBLE obj=400.49 lb=396.832
MP result: status=SolveStatus.FEASIBLE obj=400.49 lb=396.832
[CHECK] MP: first=1.49 theta=399 mp_total=400.49 inc_obj=400.49 best_bound=396.832
[CHECK] MP bounds: mp_obj=400.49 mp_best_bound=396.832 mp_best_integer=400.49 term=optimal status=ok gap=0.00913326
[MP] iter=3 incumbent=400.49 best_bound=396.832 gap=0.00913326 (src: inc=cplex_api bb=cplex_api gap=cplex_api)
[MP] iter=3 cuts=2 obj=400.490 last_const=11632.000 last_nnz=26
[MW] core updated (t=0..): min=0.343 max=0.943 mean=0.612
Evaluating Subproblem (SP) at candidate...
SP result: recourse=6363 feasible=True
[SP PIPELINE] iter=3 build=0.000s solve=0.000s extract=0.000s post=0.000s cutgen=0.013s mode=mw lb_valid=True tl_inc=False vars=- bin=- cons=- lp=-
[CHECK] SP: recourse=6363 first=1.49 sp_total=6364.49
[CUT TIGHTNESS] raw_line(y)=6363  SP_ub=6363  diff=0
[BENDERS] Added cut #2: const_out=6578, const_ret=4210, nnz=29, slope_range=[-735,-15], raw_pos_dm=0, scale=1
[BENDERS] Eval cut (dir): OUT lhs=399 rhs=3638; RET lhs=-0 rhs=2725
2026-08-06 12:44:39,496 INFO | mobauto2_benders.benders.solver | force-added CutType.OPTIMALITY cut 'opt_cut'
2026-08-06 12:44:39,496 INFO | mobauto2_benders.benders.solver | added 1 cut(s)
Master updated: added 1 cut(s): opt_cut
[CUT SUMMARY] it=3 cand=OUT[0,2]|RET[0,3]|OUT[0,4]|RET[0,5]|OUT[0,9]|RET[0,10]|OUT[0,11]|RET[0,12]|OUT[0,16]|RET[0,17]|OUT[0,18]|RET[0,19]|...(+12) decision=added skip=None theta_total=398.9999999999967 rec_total=6363.000011 raw_rhs_total=6363.000011 rhs_total=6363.000011 lhs_total=398.9999999999967
Timing: master=0.253s sp_solve=0.011s cutgen=0.013s cutadd=0.001s cuts_added=1 total_cuts=3
MP stats: nodes=612 best_bound=396.8322225498 incumbent=400.48999999999666 gap=0.009133255387639554
2026-08-06 12:44:39,496 INFO | mobauto2_benders.benders.solver | bounds: best_lb=396.832 best_ub=5782.22 gap=5385.39 rel=0.931
[CHECK] GAP: LB=396.832 UB=5782.22 gap=5385.39 rel=0.931

=== Iteration 4 ===
Solving Master (MP)...
[SCHEDULE] master gap-tied: time_limit_s=300 mipgap=0.01 g_bd=0.931
[MIPSTART] x-only start applied: n_out=44 n_ret=44
Warning:  No solution found from 1 MIP starts.
MP raw solver: status=ok term=optimal incumbent=1372.9900867299966 best_bound=1359.2631246228734
MP solutions: count=1 keys=['Gap', 'Status', 'Message', 'Problem', 'Objective', 'Variable', 'Constraint']
Shuttle totals (OUT+RET): q0=12, q1=12
MP stats (solver): nodes=7716 best_bound=1359.2631246228734 incumbent=1372.9900867299966 gap=0.009997859591117103
2026-08-06 12:44:44,858 INFO | mobauto2_benders.benders.solver | iter=4 master status=SolveStatus.FEASIBLE obj=1372.99 lb=1359.26
MP result: status=SolveStatus.FEASIBLE obj=1372.99 lb=1359.26
[CHECK] MP: first=0.99 theta=1372 mp_total=1372.99 inc_obj=1372.99 best_bound=1359.26
[CHECK] MP bounds: mp_obj=1372.99 mp_best_bound=1359.26 mp_best_integer=1372.99 term=optimal status=ok gap=0.00999786
[MP] iter=4 incumbent=1372.99 best_bound=1359.26 gap=0.00999786 (src: inc=cplex_api bb=cplex_api gap=cplex_api)
[MP] iter=4 cuts=3 obj=1372.990 last_const=10788.000 last_nnz=29
[MW] core updated (t=0..): min=0.24 max=1.2 mean=0.592
Evaluating Subproblem (SP) at candidate...
SP result: recourse=5302 feasible=True
[SP PIPELINE] iter=4 build=0.000s solve=0.000s extract=0.000s post=0.000s cutgen=0.043s mode=mw lb_valid=True tl_inc=False vars=- bin=- cons=- lp=-
[CHECK] SP: recourse=5302 first=0.99 sp_total=5302.99
[CUT TIGHTNESS] raw_line(y)=5302  SP_ub=5302  diff=-1.82e-12
[BENDERS] Added cut #3: const_out=6499, const_ret=7488, nnz=29, slope_range=[-1.44e+03,-15], raw_pos_dm=0, scale=1
[BENDERS] Eval cut (dir): OUT lhs=1134 rhs=2869; RET lhs=238 rhs=2433
2026-08-06 12:44:44,994 INFO | mobauto2_benders.benders.solver | force-added CutType.OPTIMALITY cut 'opt_cut'
2026-08-06 12:44:44,994 INFO | mobauto2_benders.benders.solver | added 1 cut(s)
Master updated: added 1 cut(s): opt_cut
[CUT SUMMARY] it=4 cand=OUT[0,2]|RET[0,3]|OUT[0,5]|RET[0,6]|OUT[0,9]|RET[0,10]|OUT[0,13]|RET[0,14]|OUT[0,15]|RET[0,17]|OUT[0,19]|RET[0,20]|...(+12) decision=added skip=None theta_total=1372.0000867299968 rec_total=5302.000015 raw_rhs_total=5302.000014999999 rhs_total=5302.0000150000005 lhs_total=1372.0000867299968
Timing: master=5.361s sp_solve=0.022s cutgen=0.043s cutadd=0.001s cuts_added=1 total_cuts=4
MP stats: nodes=7716 best_bound=1359.2631246228734 incumbent=1372.9900867299966 gap=0.009997859591117103
2026-08-06 12:44:44,994 INFO | mobauto2_benders.benders.solver | bounds: best_lb=1359.26 best_ub=5302.99 gap=3943.73 rel=0.744
[CHECK] GAP: LB=1359.26 UB=5302.99 gap=3943.73 rel=0.744

=== Iteration 5 ===
Solving Master (MP)...
[SCHEDULE] master gap-tied: time_limit_s=300 mipgap=0.01 g_bd=0.744
[MIPSTART] x-only start applied: n_out=44 n_ret=44
MP raw solver: status=ok term=optimal incumbent=1627.9899993810636 best_bound=1612.203610639407
MP solutions: count=1 keys=['Gap', 'Status', 'Message', 'Problem', 'Objective', 'Variable', 'Constraint']
Shuttle totals (OUT+RET): q0=12, q1=12
MP stats (solver): nodes=5568 best_bound=1612.203610639407 incumbent=1627.9899993810636 gap=0.00969685854806068
2026-08-06 12:44:49,806 INFO | mobauto2_benders.benders.solver | iter=5 master status=SolveStatus.FEASIBLE obj=1627.99 lb=1612.2
MP result: status=SolveStatus.FEASIBLE obj=1627.99 lb=1612.2
[CHECK] MP: first=1.99 theta=1626 mp_total=1627.99 inc_obj=1627.99 best_bound=1612.2
[CHECK] MP bounds: mp_obj=1627.99 mp_best_bound=1612.2 mp_best_integer=1627.99 term=optimal status=ok gap=0.00969686
[MP] iter=5 incumbent=1627.99 best_bound=1612.2 gap=0.00969686 (src: inc=cplex_api bb=cplex_api gap=cplex_api)
[MP] iter=5 cuts=4 obj=1627.990 last_const=13987.000 last_nnz=29
[MW] core updated (t=0..): min=0.168 max=1.44 mean=0.578
Evaluating Subproblem (SP) at candidate...
SP result: recourse=6033 feasible=True
[SP PIPELINE] iter=5 build=0.000s solve=0.000s extract=0.000s post=0.000s cutgen=0.013s mode=mw lb_valid=True tl_inc=False vars=- bin=- cons=- lp=-
[CHECK] SP: recourse=6033 first=1.99 sp_total=6034.99
[CUT TIGHTNESS] raw_line(y)=6033  SP_ub=6033  diff=0
[BENDERS] Added cut #4: const_out=6142, const_ret=5711, nnz=29, slope_range=[-1.44e+03,-15], raw_pos_dm=0, scale=1
[BENDERS] Eval cut (dir): OUT lhs=713 rhs=3202; RET lhs=913 rhs=2831
2026-08-06 12:44:49,873 INFO | mobauto2_benders.benders.solver | force-added CutType.OPTIMALITY cut 'opt_cut'
2026-08-06 12:44:49,873 INFO | mobauto2_benders.benders.solver | added 1 cut(s)
Master updated: added 1 cut(s): opt_cut
[CUT SUMMARY] it=5 cand=OUT[0,1]|RET[0,2]|OUT[0,4]|RET[0,5]|OUT[0,7]|RET[0,8]|OUT[0,11]|RET[0,12]|OUT[0,14]|RET[0,17]|OUT[0,19]|RET[0,20]|...(+12) decision=added skip=None theta_total=1625.9999993794702 rec_total=6033.000031 raw_rhs_total=6033.00002596054 rhs_total=6033.000025960542 lhs_total=1625.9999993794702
Timing: master=4.813s sp_solve=0.012s cutgen=0.013s cutadd=0.001s cuts_added=1 total_cuts=5
MP stats: nodes=5568 best_bound=1612.203610639407 incumbent=1627.9899993810636 gap=0.00969685854806068
2026-08-06 12:44:49,873 INFO | mobauto2_benders.benders.solver | bounds: best_lb=1612.2 best_ub=5302.99 gap=3690.79 rel=0.696
[CHECK] GAP: LB=1612.2 UB=5302.99 gap=3690.79 rel=0.696

=== Iteration 6 ===
Solving Master (MP)...
[SCHEDULE] master gap-tied: time_limit_s=300 mipgap=0.01 g_bd=0.696
[MIPSTART] x-only start applied: n_out=44 n_ret=44
MP raw solver: status=ok term=optimal incumbent=2108.739999066045 best_bound=2087.8248832604413
MP solutions: count=1 keys=['Gap', 'Status', 'Message', 'Problem', 'Objective', 'Variable', 'Constraint']
Shuttle totals (OUT+RET): q0=12, q1=12
MP stats (solver): nodes=21695 best_bound=2087.8248832604413 incumbent=2108.739999066045 gap=0.009918299939710952
2026-08-06 12:45:09,196 INFO | mobauto2_benders.benders.solver | iter=6 master status=SolveStatus.FEASIBLE obj=2108.74 lb=2087.82
MP result: status=SolveStatus.FEASIBLE obj=2108.74 lb=2087.82
[CHECK] MP: first=1.74 theta=2107 mp_total=2108.74 inc_obj=2108.74 best_bound=2087.82
[CHECK] MP bounds: mp_obj=2108.74 mp_best_bound=2087.82 mp_best_integer=2108.74 term=optimal status=ok gap=0.0099183
[MP] iter=6 incumbent=2108.74 best_bound=2087.82 gap=0.0099183 (src: inc=cplex_api bb=cplex_api gap=cplex_api)
[MP] iter=6 cuts=5 obj=2108.740 last_const=11853.000 last_nnz=29
[MW] core updated (t=0..): min=0.118 max=1.61 mean=0.568
Evaluating Subproblem (SP) at candidate...
SP result: recourse=5282 feasible=True
[SP PIPELINE] iter=6 build=0.000s solve=0.000s extract=0.000s post=0.000s cutgen=0.027s mode=mw lb_valid=True tl_inc=False vars=- bin=- cons=- lp=-
[CHECK] SP: recourse=5282 first=1.74 sp_total=5283.74
[CUT TIGHTNESS] raw_line(y)=5282  SP_ub=5282  diff=-9.09e-13
[BENDERS] Added cut #5: const_out=5018, const_ret=8229, nnz=29, slope_range=[-1.44e+03,-15], raw_pos_dm=0, scale=1
[BENDERS] Eval cut (dir): OUT lhs=1179 rhs=2828; RET lhs=928 rhs=2454
2026-08-06 12:45:09,407 INFO | mobauto2_benders.benders.solver | force-added CutType.OPTIMALITY cut 'opt_cut'
2026-08-06 12:45:09,407 INFO | mobauto2_benders.benders.solver | added 1 cut(s)
Master updated: added 1 cut(s): opt_cut
[CUT SUMMARY] it=6 cand=OUT[0,1]|RET[0,2]|OUT[0,4]|RET[0,5]|OUT[0,7]|RET[0,8]|OUT[0,12]|RET[0,13]|OUT[0,15]|RET[0,18]|OUT[0,19]|RET[0,20]|...(+12) decision=added skip=None theta_total=2106.99999906627 rec_total=5282.000034 raw_rhs_total=5282.000035006158 rhs_total=5282.00003500616 lhs_total=2106.99999906627
Timing: master=19.317s sp_solve=0.027s cutgen=0.027s cutadd=0.001s cuts_added=1 total_cuts=6
MP stats: nodes=21695 best_bound=2087.8248832604413 incumbent=2108.739999066045 gap=0.009918299939710952
2026-08-06 12:45:09,407 INFO | mobauto2_benders.benders.solver | bounds: best_lb=2087.82 best_ub=5283.74 gap=3195.92 rel=0.605
[CHECK] GAP: LB=2087.82 UB=5283.74 gap=3195.92 rel=0.605
2026-08-06 12:45:09,407 WARNING | mobauto2_benders.benders.solver | Max iterations reached: 6

Max iterations reached: 6
Total solve time: 30.555 seconds
Best bounds: LB=2087.82 UB=5283.74 gap=3195.92 rel=0.605

Best Master Solution:
Q=2 T=22
theta = 2107
  - theta_out = 1179
  - theta_ret = 928
Timeline (per shuttle):
           0     1     2     3     4     5     6     7     8     9    10    11    12    13    14    15    16    17    18    19    20    21
  q=0:   IDL   OUT   RET   CHR   OUT   RET   CHR   OUT   RET   CHR   CHR   CHR   OUT   RET   CHR   OUT   IDL   IDL   RET   OUT   RET   IDL
  q=1:   IDL   OUT   RET   OUT   RET   CHR   OUT   IDL   RET   CHR   CHR   OUT   RET   CHR   CHR   CHR   OUT   IDL   RET   OUT   RET   IDL
Battery (per shuttle):
           0     1     2     3     4     5     6     7     8     9    10    11    12    13    14    15    16    17    18    19    20    21
  q=0:   150   150   120    90   125    95    65   100    70    40    75   110   145   115    85   120    90    90    90    60    30     0
  q=1:   150   150   120    90    60    30    65    35    35     5    40    75    45    15    50    85   120    90    90    60    30     0

Demand per slot (OUT/RET):
         0   1   2   3   4   5   6   7   8   9  10  11  12  13  14  15  16  17  18  19  20  21
  OUT:  19  22  29  22  17   8   4   4   2   4   5   3   1   4   1   2   0   1   0   2   0   0
  RET:   3   1   2   0   0   4   3   7   4   4   8  12   8   7   6   7  19  15  24  16   0   0

Pax per shuttle and slot (total):
         0   1   2   3   4   5   6   7   8   9  10  11  12  13  14  15  16  17  18  19  20  21
  q=0:   0  15   4   0  15   0   0  12  10   0   0   0   3  13   0   5   0   0  15   1  15   0
  q=1:   0   4   0  15   2   0  15   0   0   0   0   9  15   0   0   0   2   0  15   0  15   0
Pax served: 200/300
Pax served: 200/300
Subproblem (last): obj=5282 wait_slots=282 fill_eps=3.4e-05 penalty_cost=5000 penalty_pax=100 total_demand=300
Avg wait (min): 42.3
UB_total (best): 5283.74

Result: status=UNKNOWN iterations=6 best_lb=2087.8248832604413 best_ub=5283.7400339999995

Manifest: C:\Users\fabio\My Drive\05_Projects\19_MobAuto2_Benders\manifests\manifest_gap0p01_20260806_104509.json
