Run configuration:
  solver: iterations=1000 tol=0.001 total_time_limit_s=120 seed=42
  master: solver=cplex Q=2 T_minutes=660 slot_res=15 (slots=44) trip_dur_min=30 Emax=150.0 L=30.0 eps=0.01 conc_pen=0.25 delta_chg=17.5
  subproblem: solver=cplex_direct S=15.0 Wmax=60 p=50.0 fill_eps=1e-06 (slot_res=15)
  demand_file: setups/base.yaml
Initialized master problem.
[MW] enabled=True alpha=0.3 eps=0.001

=== Iteration 1 ===
Solving Master (MP)...
[SCHEDULE] master gap-tied: time_limit_s=30 mipgap=0.05 g_bd=0.05
2026-08-06 10:09:55,567 INFO | mobauto2_benders.benders.solver | iter=1 master status=SolveStatus.OPTIMAL obj=0 lb=0
MP raw solver: status=ok term=optimal incumbent=0.0 best_bound=0.0
MP solutions: count=1 keys=['Gap', 'Status', 'Message', 'Problem', 'Objective', 'Variable', 'Constraint']
Shuttle totals (OUT+RET): q0=0, q1=0
MP stats (solver): nodes=0 best_bound=0.0 incumbent=0.0 gap=0.0
MP result: status=SolveStatus.OPTIMAL obj=0 lb=0
[CHECK] MP: first=0 theta=0 mp_total=0 inc_obj=0 best_bound=0
[CHECK] MP bounds: mp_obj=0 mp_best_bound=0 mp_best_integer=0 term=optimal status=ok gap=0
[MP] iter=1 incumbent=0 best_bound=0 gap=0 (src: inc=cplex_api bb=cplex_api gap=cplex_api)
[MP] iter=1 cuts=0 obj=0.000
[MW] core updated (t=0..): min=0.7 max=0.7 mean=0.7
Evaluating Subproblem (SP) at candidate...
2026-08-06 10:09:56,683 INFO | mobauto2_benders.benders.solver | force-added CutType.OPTIMALITY cut 'opt_cut'
2026-08-06 10:09:56,683 INFO | mobauto2_benders.benders.solver | added 1 cut(s)
2026-08-06 10:09:56,685 INFO | mobauto2_benders.benders.solver | bounds: best_lb=0 best_ub=15000 gap=15000 rel=1
SP result: recourse=15000 feasible=True
[SP PIPELINE] iter=1 build=0.000s solve=0.000s extract=0.000s post=0.000s cutgen=0.215s mode=mw lb_valid=True tl_inc=False vars=- bin=- cons=- lp=-
[CHECK] SP: recourse=15000 first=0 sp_total=15000
[CUT TIGHTNESS] raw_line(y)=15000  SP_ub=15000  diff=0
[BENDERS] Added cut #0: const_out=7500, const_ret=7500, nnz=84, slope_range=[-735,-690], raw_pos_dm=0, scale=1
[BENDERS] Eval cut (dir): OUT lhs=0 rhs=7500; RET lhs=0 rhs=7500
Master updated: added 1 cut(s): opt_cut
[CUT SUMMARY] it=1 cand=candidate:idle decision=added skip=None theta_total=0.0 rec_total=15000.0 raw_rhs_total=15000.0 rhs_total=15000.0 lhs_total=0.0
Timing: master=1.465s sp_solve=0.309s cutgen=0.215s cutadd=0.012s cuts_added=1 total_cuts=1
MP stats: nodes=0 best_bound=0.0 incumbent=0.0 gap=0.0
[CHECK] GAP: LB=0 UB=15000 gap=15000 rel=1

=== Iteration 2 ===
Solving Master (MP)...
[SCHEDULE] master gap-tied: time_limit_s=30 mipgap=0.05 g_bd=1
[MIPSTART] x-only start applied: n_out=88 n_ret=88
Warning:  No solution found from 1 MIP starts.
2026-08-06 10:09:59,000 INFO | mobauto2_benders.benders.solver | iter=2 master status=SolveStatus.OPTIMAL obj=0.22 lb=0.22
MP raw solver: status=ok term=optimal incumbent=0.22 best_bound=0.22
MP solutions: count=1 keys=['Gap', 'Status', 'Message', 'Problem', 'Objective', 'Variable', 'Constraint']
Shuttle totals (OUT+RET): q0=12, q1=10
MP stats (solver): nodes=11 best_bound=0.22 incumbent=0.22 gap=0.0
MP result: status=SolveStatus.OPTIMAL obj=0.22 lb=0.22
[CHECK] MP: first=0.22 theta=0 mp_total=0.22 inc_obj=0.22 best_bound=0.22
[CHECK] MP bounds: mp_obj=0.22 mp_best_bound=0.22 mp_best_integer=0.22 term=optimal status=ok gap=0
[MP] iter=2 incumbent=0.22 best_bound=0.22 gap=0 (src: inc=cplex_api bb=cplex_api gap=cplex_api)
[MP] iter=2 cuts=1 obj=0.220 last_const=15000.000 last_nnz=84
[MW] core updated (t=0..): min=0.49 max=0.79 mean=0.565
Evaluating Subproblem (SP) at candidate...
2026-08-06 10:09:59,601 INFO | mobauto2_benders.benders.solver | force-added CutType.OPTIMALITY cut 'opt_cut'
2026-08-06 10:09:59,602 INFO | mobauto2_benders.benders.solver | added 1 cut(s)
2026-08-06 10:09:59,602 INFO | mobauto2_benders.benders.solver | bounds: best_lb=0.22 best_ub=7635.22 gap=7635 rel=1
SP result: recourse=7635 feasible=True
[SP PIPELINE] iter=2 build=0.000s solve=0.000s extract=0.000s post=0.000s cutgen=0.153s mode=mw lb_valid=True tl_inc=False vars=- bin=- cons=- lp=-
[CHECK] SP: recourse=7635 first=0.22 sp_total=7635.22
[CUT TIGHTNESS] raw_line(y)=7635  SP_ub=7635  diff=0
[BENDERS] Added cut #1: const_out=4707, const_ret=5133, nnz=61, slope_range=[-735,-15], raw_pos_dm=0, scale=1
[BENDERS] Eval cut (dir): OUT lhs=0 rhs=3942; RET lhs=0 rhs=3693
Master updated: added 1 cut(s): opt_cut
[CUT SUMMARY] it=2 cand=OUT[0,1]|RET[0,3]|OUT[0,7]|RET[0,9]|OUT[0,15]|RET[0,17]|OUT[0,19]|RET[0,21]|OUT[0,27]|RET[0,29]|OUT[0,35]|RET[0,40]|...(+10) decision=added skip=None theta_total=0.0 rec_total=7635.0 raw_rhs_total=7635.0 rhs_total=7635.0 lhs_total=0.0
Timing: master=2.315s sp_solve=0.151s cutgen=0.153s cutadd=0.007s cuts_added=1 total_cuts=2
MP stats: nodes=11 best_bound=0.22 incumbent=0.22 gap=0.0
[CHECK] GAP: LB=0.22 UB=7635.22 gap=7635 rel=1

=== Iteration 3 ===
Solving Master (MP)...
[SCHEDULE] master gap-tied: time_limit_s=30 mipgap=0.05 g_bd=1
[MIPSTART] x-only start applied: n_out=88 n_ret=88
Warning:  No solution found from 1 MIP starts.
2026-08-06 10:10:01,295 INFO | mobauto2_benders.benders.solver | iter=3 master status=SolveStatus.OPTIMAL obj=0.22 lb=0.22
MP raw solver: status=ok term=optimal incumbent=0.22 best_bound=0.22
MP solutions: count=1 keys=['Gap', 'Status', 'Message', 'Problem', 'Objective', 'Variable', 'Constraint']
Shuttle totals (OUT+RET): q0=12, q1=10
MP stats (solver): nodes=0 best_bound=0.22 incumbent=0.22 gap=0.0
MP result: status=SolveStatus.OPTIMAL obj=0.22 lb=0.22
[CHECK] MP: first=0.22 theta=0 mp_total=0.22 inc_obj=0.22 best_bound=0.22
[CHECK] MP bounds: mp_obj=0.22 mp_best_bound=0.22 mp_best_integer=0.22 term=optimal status=ok gap=0
[MP] iter=3 incumbent=0.22 best_bound=0.22 gap=0 (src: inc=cplex_api bb=cplex_api gap=cplex_api)
[MP] iter=3 cuts=2 obj=0.220 last_const=9840.000 last_nnz=61
[MW] core updated (t=0..): min=0.343 max=0.853 mean=0.47
Evaluating Subproblem (SP) at candidate...
2026-08-06 10:10:01,873 INFO | mobauto2_benders.benders.solver | force-added CutType.OPTIMALITY cut 'opt_cut'
2026-08-06 10:10:01,874 INFO | mobauto2_benders.benders.solver | added 1 cut(s)
2026-08-06 10:10:01,874 INFO | mobauto2_benders.benders.solver | bounds: best_lb=0.22 best_ub=6998.22 gap=6998 rel=1
SP result: recourse=6998 feasible=True
[SP PIPELINE] iter=3 build=0.000s solve=0.000s extract=0.000s post=0.000s cutgen=0.149s mode=mw lb_valid=True tl_inc=False vars=- bin=- cons=- lp=-
[CHECK] SP: recourse=6998 first=0.22 sp_total=6998.22
[CUT TIGHTNESS] raw_line(y)=6998  SP_ub=6998  diff=0
[BENDERS] Added cut #2: const_out=5122, const_ret=4696, nnz=61, slope_range=[-735,-15], raw_pos_dm=0, scale=1
[BENDERS] Eval cut (dir): OUT lhs=0 rhs=3022; RET lhs=0 rhs=3976
Master updated: added 1 cut(s): opt_cut
[CUT SUMMARY] it=3 cand=OUT[0,3]|RET[0,5]|OUT[0,9]|RET[0,11]|OUT[0,13]|RET[0,15]|OUT[0,22]|RET[0,24]|OUT[0,29]|RET[0,31]|OUT[0,35]|RET[0,37]|...(+10) decision=added skip=None theta_total=0.0 rec_total=6998.0 raw_rhs_total=6998.0 rhs_total=6998.0 lhs_total=0.0
Timing: master=1.693s sp_solve=0.159s cutgen=0.149s cutadd=0.007s cuts_added=1 total_cuts=3
MP stats: nodes=0 best_bound=0.22 incumbent=0.22 gap=0.0
[CHECK] GAP: LB=0.22 UB=6998.22 gap=6998 rel=1

=== Iteration 4 ===
Solving Master (MP)...
[SCHEDULE] master gap-tied: time_limit_s=30 mipgap=0.05 g_bd=1
[MIPSTART] x-only start applied: n_out=88 n_ret=88
Warning:  No solution found from 1 MIP starts.
2026-08-06 10:10:03,772 INFO | mobauto2_benders.benders.solver | iter=4 master status=SolveStatus.OPTIMAL obj=0.22 lb=0.22
MP raw solver: status=ok term=optimal incumbent=0.22000000000000003 best_bound=0.22000000000000003
MP solutions: count=1 keys=['Gap', 'Status', 'Message', 'Problem', 'Objective', 'Variable', 'Constraint']
Shuttle totals (OUT+RET): q0=12, q1=10
MP stats (solver): nodes=0 best_bound=0.22000000000000003 incumbent=0.22000000000000003 gap=0.0
MP result: status=SolveStatus.OPTIMAL obj=0.22 lb=0.22
[CHECK] MP: first=0.22 theta=0 mp_total=0.22 inc_obj=0.22 best_bound=0.22
[CHECK] MP bounds: mp_obj=0.22 mp_best_bound=0.22 mp_best_integer=0.22 term=optimal status=ok gap=0
[MP] iter=4 incumbent=0.22 best_bound=0.22 gap=0 (src: inc=cplex_api bb=cplex_api gap=cplex_api)
[MP] iter=4 cuts=3 obj=0.220 last_const=9818.000 last_nnz=61
[MW] core updated (t=0..): min=0.24 max=0.897 mean=0.404
Evaluating Subproblem (SP) at candidate...
2026-08-06 10:10:04,398 INFO | mobauto2_benders.benders.solver | force-added CutType.OPTIMALITY cut 'opt_cut'
2026-08-06 10:10:04,398 INFO | mobauto2_benders.benders.solver | added 1 cut(s)
2026-08-06 10:10:04,399 INFO | mobauto2_benders.benders.solver | bounds: best_lb=0.22 best_ub=6742.22 gap=6742 rel=1
SP result: recourse=6742 feasible=True
[SP PIPELINE] iter=4 build=0.000s solve=0.000s extract=0.000s post=0.000s cutgen=0.152s mode=mw lb_valid=True tl_inc=False vars=- bin=- cons=- lp=-
[CHECK] SP: recourse=6742 first=0.22 sp_total=6742.22
[CUT TIGHTNESS] raw_line(y)=6742  SP_ub=6742  diff=0
[BENDERS] Added cut #3: const_out=5571, const_ret=4681, nnz=58, slope_range=[-735,-15], raw_pos_dm=0, scale=1
[BENDERS] Eval cut (dir): OUT lhs=0 rhs=3456; RET lhs=0 rhs=3286
Master updated: added 1 cut(s): opt_cut
[CUT SUMMARY] it=4 cand=OUT[0,1]|RET[0,3]|OUT[0,10]|RET[0,12]|OUT[0,16]|RET[0,18]|OUT[0,24]|RET[0,26]|OUT[0,28]|RET[0,32]|OUT[0,39]|RET[0,41]|...(+10) decision=added skip=None theta_total=0.0 rec_total=6742.0 raw_rhs_total=6742.0 rhs_total=6742.0 lhs_total=0.0
Timing: master=1.897s sp_solve=0.160s cutgen=0.152s cutadd=0.007s cuts_added=1 total_cuts=4
MP stats: nodes=0 best_bound=0.22000000000000003 incumbent=0.22000000000000003 gap=0.0
[CHECK] GAP: LB=0.22 UB=6742.22 gap=6742 rel=1

=== Iteration 5 ===
Solving Master (MP)...
[SCHEDULE] master gap-tied: time_limit_s=30 mipgap=0.05 g_bd=1
[MIPSTART] x-only start applied: n_out=88 n_ret=88
Warning:  No solution found from 1 MIP starts.
2026-08-06 10:10:06,341 INFO | mobauto2_benders.benders.solver | iter=5 master status=SolveStatus.OPTIMAL obj=0.22 lb=0.22
MP raw solver: status=ok term=optimal incumbent=0.22 best_bound=0.22
MP solutions: count=1 keys=['Gap', 'Status', 'Message', 'Problem', 'Objective', 'Variable', 'Constraint']
Shuttle totals (OUT+RET): q0=12, q1=10
MP stats (solver): nodes=0 best_bound=0.22 incumbent=0.22 gap=0.0
MP result: status=SolveStatus.OPTIMAL obj=0.22 lb=0.22
[CHECK] MP: first=0.22 theta=0 mp_total=0.22 inc_obj=0.22 best_bound=0.22
[CHECK] MP bounds: mp_obj=0.22 mp_best_bound=0.22 mp_best_integer=0.22 term=optimal status=ok gap=0
[MP] iter=5 incumbent=0.22 best_bound=0.22 gap=0 (src: inc=cplex_api bb=cplex_api gap=cplex_api)
[MP] iter=5 cuts=4 obj=0.220 last_const=10252.000 last_nnz=58
[MW] core updated (t=0..): min=0.168 max=0.825 mean=0.358
Evaluating Subproblem (SP) at candidate...
2026-08-06 10:10:08,112 INFO | mobauto2_benders.benders.solver | force-added CutType.OPTIMALITY cut 'opt_cut'
2026-08-06 10:10:08,113 INFO | mobauto2_benders.benders.solver | added 1 cut(s)
2026-08-06 10:10:08,114 INFO | mobauto2_benders.benders.solver | bounds: best_lb=0.22 best_ub=6100.22 gap=6100 rel=1
SP result: recourse=6100 feasible=True
[SP PIPELINE] iter=5 build=0.000s solve=0.000s extract=0.000s post=0.000s cutgen=0.304s mode=mw lb_valid=True tl_inc=False vars=- bin=- cons=- lp=-
[CHECK] SP: recourse=6100 first=0.22 sp_total=6100.22
[CUT TIGHTNESS] raw_line(y)=6100  SP_ub=6100  diff=0
[BENDERS] Added cut #4: const_out=6172, const_ret=4908, nnz=57, slope_range=[-735,-15], raw_pos_dm=0, scale=1
[BENDERS] Eval cut (dir): OUT lhs=0 rhs=3352; RET lhs=0 rhs=2748
Master updated: added 1 cut(s): opt_cut
[CUT SUMMARY] it=5 cand=OUT[0,3]|RET[0,5]|OUT[0,10]|RET[0,13]|OUT[0,19]|RET[0,22]|OUT[0,24]|RET[0,26]|OUT[0,32]|RET[0,34]|OUT[0,39]|RET[0,41]|...(+10) decision=added skip=None theta_total=0.0 rec_total=6100.0 raw_rhs_total=6100.000000000631 rhs_total=6100.000000000631 lhs_total=0.0
Timing: master=1.941s sp_solve=0.346s cutgen=0.304s cutadd=0.010s cuts_added=1 total_cuts=5
MP stats: nodes=0 best_bound=0.22 incumbent=0.22 gap=0.0
[CHECK] GAP: LB=0.22 UB=6100.22 gap=6100 rel=1

=== Iteration 6 ===
Solving Master (MP)...
[SCHEDULE] master gap-tied: time_limit_s=30 mipgap=0.05 g_bd=1
[MIPSTART] x-only start applied: n_out=88 n_ret=88
Warning:  No solution found from 1 MIP starts.
2026-08-06 10:10:39,290 WARNING | pyomo.core | Loading a SolverResults object with an 'aborted' status, but containing a solution
2026-08-06 10:10:39,319 WARNING | pyomo.core | Loading a SolverResults object with an 'aborted' status, but containing a solution
2026-08-06 10:10:39,337 INFO | mobauto2_benders.benders.solver | iter=6 master status=SolveStatus.FEASIBLE obj=0.24 lb=0.220797
MP raw solver: status=aborted term=maxTimeLimit incumbent=0.24 best_bound=0.22079654517030659
MP solutions: count=1 keys=['Gap', 'Status', 'Message', 'Problem', 'Objective', 'Variable', 'Constraint']
Shuttle totals (OUT+RET): q0=12, q1=12
MP stats (solver): nodes=727 best_bound=0.22079654517030659 incumbent=0.24 gap=0.08001439509038319
MP result: status=SolveStatus.FEASIBLE obj=0.24 lb=0.220797
[CHECK] MP: first=0.24 theta=0 mp_total=0.24 inc_obj=0.24 best_bound=0.220797
[CHECK] MP bounds: mp_obj=0.24 mp_best_bound=0.220797 mp_best_integer=0.24 term=maxTimeLimit status=aborted gap=0.0800144
[MP] iter=6 incumbent=0.24 best_bound=0.220797 gap=0.0800144 (src: inc=cplex_api bb=cplex_api gap=cplex_api)
[MP] iter=6 cuts=5 obj=0.240 last_const=11080.000 last_nnz=57
[MW] core updated (t=0..): min=0.118 max=0.775 mean=0.332
Evaluating Subproblem (SP) at candidate...
2026-08-06 10:10:41,259 INFO | mobauto2_benders.benders.solver | force-added CutType.OPTIMALITY cut 'opt_cut'
2026-08-06 10:10:41,260 INFO | mobauto2_benders.benders.solver | added 1 cut(s)
2026-08-06 10:10:41,261 INFO | mobauto2_benders.benders.solver | bounds: best_lb=0.220797 best_ub=5046.24 gap=5046.02 rel=1
SP result: recourse=5046 feasible=True
[SP PIPELINE] iter=6 build=0.000s solve=0.000s extract=0.000s post=0.000s cutgen=0.648s mode=mw lb_valid=True tl_inc=False vars=- bin=- cons=- lp=-
[CHECK] SP: recourse=5046 first=0.24 sp_total=5046.24
[CUT TIGHTNESS] raw_line(y)=5046  SP_ub=5046  diff=0
[BENDERS] Added cut #5: const_out=5926, const_ret=4880, nnz=64, slope_range=[-735,-15], raw_pos_dm=0, scale=1
[BENDERS] Eval cut (dir): OUT lhs=0 rhs=2341; RET lhs=0 rhs=2705
Master updated: added 1 cut(s): opt_cut
[CUT SUMMARY] it=6 cand=OUT[0,3]|RET[0,5]|OUT[0,7]|RET[0,9]|OUT[0,14]|RET[0,17]|OUT[0,26]|RET[0,28]|OUT[0,31]|RET[0,36]|OUT[0,39]|RET[0,41]|...(+12) decision=added skip=None theta_total=0.0 rec_total=5046.0 raw_rhs_total=5046.0 rhs_total=5046.0 lhs_total=0.0
Timing: master=31.222s sp_solve=0.560s cutgen=0.648s cutadd=0.019s cuts_added=1 total_cuts=6
MP stats: nodes=727 best_bound=0.22079654517030659 incumbent=0.24 gap=0.08001439509038319
[CHECK] GAP: LB=0.220797 UB=5046.24 gap=5046.02 rel=1

=== Iteration 7 ===
Solving Master (MP)...
[SCHEDULE] master gap-tied: time_limit_s=30 mipgap=0.05 g_bd=1
[MIPSTART] x-only start applied: n_out=88 n_ret=88
Warning:  No solution found from 1 MIP starts.
Advanced basis not built.
2026-08-06 10:11:15,195 WARNING | pyomo.core | Loading a SolverResults object with an 'aborted' status, but containing a solution
2026-08-06 10:11:15,263 WARNING | pyomo.core | Loading a SolverResults object with an 'aborted' status, but containing a solution
2026-08-06 10:11:15,464 INFO | mobauto2_benders.benders.solver | iter=7 master status=SolveStatus.FEASIBLE obj=1119.49 lb=0.240873
MP raw solver: status=aborted term=maxTimeLimit incumbent=1119.4902156549908 best_bound=0.24087265934085475
MP solutions: count=1 keys=['Gap', 'Status', 'Message', 'Problem', 'Objective', 'Variable', 'Constraint']
Shuttle totals (OUT+RET): q0=12, q1=12
MP stats (solver): nodes=0 best_bound=0.24087265934085475 incumbent=1119.4902156549908 gap=0.9997848371910067
MP result: status=SolveStatus.FEASIBLE obj=1119.49 lb=0.240873
[CHECK] MP: first=0.49 theta=1119 mp_total=1119.49 inc_obj=1119.49 best_bound=0.240873
[CHECK] MP bounds: mp_obj=1119.49 mp_best_bound=0.240873 mp_best_integer=1119.49 term=maxTimeLimit status=aborted gap=0.999785
[MP] iter=7 incumbent=1119.49 best_bound=0.240873 gap=0.999785 (src: inc=cplex_api bb=cplex_api gap=cplex_api)
[MP] iter=7 cuts=6 obj=1119.490 last_const=10806.000 last_nnz=64
[MW] core updated (t=0..): min=0.0824 max=0.943 mean=0.315
Evaluating Subproblem (SP) at candidate...
2026-08-06 10:11:24,194 INFO | mobauto2_benders.benders.solver | force-added CutType.OPTIMALITY cut 'opt_cut'
2026-08-06 10:11:24,195 INFO | mobauto2_benders.benders.solver | added 1 cut(s)
2026-08-06 10:11:24,197 INFO | mobauto2_benders.benders.solver | bounds: best_lb=0.240873 best_ub=5046.24 gap=5046 rel=1
SP result: recourse=5392 feasible=True
[SP PIPELINE] iter=7 build=0.000s solve=0.000s extract=0.000s post=0.000s cutgen=0.972s mode=mw lb_valid=True tl_inc=False vars=- bin=- cons=- lp=-
[CHECK] SP: recourse=5392 first=0.49 sp_total=5392.49
[CUT TIGHTNESS] raw_line(y)=5392  SP_ub=5392  diff=1.82e-12
[BENDERS] Added cut #6: const_out=5064, const_ret=5338, nnz=63, slope_range=[-735,-15], raw_pos_dm=0, scale=1
[BENDERS] Eval cut (dir): OUT lhs=411 rhs=2934; RET lhs=708 rhs=2458
Master updated: added 1 cut(s): opt_cut
[CUT SUMMARY] it=7 cand=OUT[0,2]|RET[0,4]|OUT[0,8]|RET[0,10]|OUT[0,12]|RET[0,15]|OUT[0,22]|RET[0,24]|OUT[0,29]|RET[0,31]|OUT[0,35]|RET[0,37]|...(+12) decision=added skip=None theta_total=1119.0002156549908 rec_total=5392.0000039999995 raw_rhs_total=5392.000004000001 rhs_total=5392.000004000001 lhs_total=1119.0002156549908
Timing: master=34.202s sp_solve=2.054s cutgen=0.972s cutadd=0.026s cuts_added=1 total_cuts=7
MP stats: nodes=0 best_bound=0.24087265934085475 incumbent=1119.4902156549908 gap=0.9997848371910067
[CHECK] GAP: LB=0.240873 UB=5046.24 gap=5046 rel=1

=== Iteration 8 ===
Solving Master (MP)...
[SCHEDULE] master gap-tied: time_limit_s=29 mipgap=0.05 g_bd=1
[MIPSTART] x-only start applied: n_out=88 n_ret=88
2026-08-06 10:11:56,153 WARNING | pyomo.core | Loading a SolverResults object with an 'aborted' status, but containing a solution
2026-08-06 10:11:56,174 WARNING | pyomo.core | Loading a SolverResults object with an 'aborted' status, but containing a solution
2026-08-06 10:11:56,190 INFO | mobauto2_benders.benders.solver | iter=8 master status=SolveStatus.FEASIBLE obj=1004.24 lb=52.9611
MP raw solver: status=aborted term=maxTimeLimit incumbent=1004.2401617600191 best_bound=52.961050401510306
MP solutions: count=1 keys=['Gap', 'Status', 'Message', 'Problem', 'Objective', 'Variable', 'Constraint']
Shuttle totals (OUT+RET): q0=12, q1=12
MP stats (solver): nodes=3866 best_bound=52.961050401510306 incumbent=1004.2401617600191 gap=0.9472625648542216
MP result: status=SolveStatus.FEASIBLE obj=1004.24 lb=52.9611
[CHECK] MP: first=0.24 theta=1004 mp_total=1004.24 inc_obj=1004.24 best_bound=52.9611
[CHECK] MP bounds: mp_obj=1004.24 mp_best_bound=52.9611 mp_best_integer=1004.24 term=maxTimeLimit status=aborted gap=0.947263
[MP] iter=8 incumbent=1004.24 best_bound=52.9611 gap=0.947263 (src: inc=cplex_api bb=cplex_api gap=cplex_api)
[MP] iter=8 cuts=7 obj=1004.240 last_const=10402.000 last_nnz=63
[MW] core updated (t=0..): min=0.0576 max=0.89 mean=0.302
Evaluating Subproblem (SP) at candidate...
2026-08-06 10:11:58,406 INFO | mobauto2_benders.benders.solver | force-added CutType.OPTIMALITY cut 'opt_cut'
2026-08-06 10:11:58,407 INFO | mobauto2_benders.benders.solver | added 1 cut(s)
2026-08-06 10:11:58,408 INFO | mobauto2_benders.benders.solver | bounds: best_lb=52.9611 best_ub=5046.24 gap=4993.28 rel=0.99
2026-08-06 10:11:58,409 WARNING | mobauto2_benders.benders.solver | Time limit reached after 8 iterations
SP result: recourse=5869 feasible=True
[SP PIPELINE] iter=8 build=0.000s solve=0.000s extract=0.000s post=0.000s cutgen=0.409s mode=mw lb_valid=True tl_inc=False vars=- bin=- cons=- lp=-
[CHECK] SP: recourse=5869 first=0.24 sp_total=5869.24
[CUT TIGHTNESS] raw_line(y)=5869  SP_ub=5869  diff=0
[BENDERS] Added cut #7: const_out=6070, const_ret=4779, nnz=60, slope_range=[-735,-15], raw_pos_dm=0, scale=1
[BENDERS] Eval cut (dir): OUT lhs=856 rhs=3265; RET lhs=148 rhs=2604
Master updated: added 1 cut(s): opt_cut
[CUT SUMMARY] it=8 cand=OUT[0,3]|RET[0,7]|OUT[0,11]|RET[0,13]|OUT[0,19]|RET[0,21]|OUT[0,28]|RET[0,31]|OUT[0,35]|RET[0,37]|OUT[0,39]|RET[0,41]|...(+12) decision=added skip=None theta_total=1004.0001617600192 rec_total=5869.0 raw_rhs_total=5869.0 rhs_total=5869.0 lhs_total=1004.0001617600192
Timing: master=31.993s sp_solve=1.151s cutgen=0.409s cutadd=0.017s cuts_added=1 total_cuts=8
MP stats: nodes=3866 best_bound=52.961050401510306 incumbent=1004.2401617600191 gap=0.9472625648542216
[CHECK] GAP: LB=52.9611 UB=5046.24 gap=4993.28 rel=0.99

Time limit reached after 8 iterations.
Total solve time: 125.331 seconds
Best bounds: LB=52.9611 UB=5046.24 gap=4993.28 rel=0.99

Best Master Solution:
Q=2 T=44
theta = 0
  - theta_out = 0
  - theta_ret = 0
Timeline (per shuttle):
           0     1     2     3     4     5     6     7     8     9    10    11    12    13    14    15    16    17    18    19    20    21    22    23    24    25    26    27    28    29    30    31    32    33    34    35    36    37    38    39    40    41    42    43
  q=0:   IDL   IDL   IDL   OUT   INT   RET   INT   OUT   INT   RET   INT   CHR   CHR   CHR   OUT   INT   IDL   RET   INT   CHR   CHR   CHR   CHR   CHR   CHR   CHR   OUT   INT   RET   INT   CHR   OUT   INT   IDL   IDL   IDL   RET   INT   CHR   OUT   INT   RET   INT   IDL
  q=1:   IDL   IDL   OUT   INT   RET   INT   OUT   INT   RET   INT   CHR   CHR   OUT   INT   RET   INT   CHR   CHR   CHR   CHR   CHR   OUT   INT   RET   INT   CHR   CHR   OUT   INT   IDL   RET   INT   CHR   CHR   CHR   CHR   OUT   INT   RET   INT   IDL   IDL   IDL   IDL
Battery (per shuttle):
           0     1     2     3     4     5     6     7     8     9    10    11    12    13    14    15    16    17    18    19    20    21    22    23    24    25    26    27    28    29    30    31    32    33    34    35    36    37    38    39    40    41    42    43
  q=0:   150   150   150   150   120   120   120   120    90    90   108   125    95    95    65    65    82   100   118   135   105   105    75    75    90   105   120   135   150   120   120   120    90    90   105   120    90    90    60    60    30    30     0     0
  q=1:   150   150   150   150   150   120   120    90    90   108    78    78    48    48    65    82    52    52    52    22    22    40    58    75    92   110   128    98    98    68    68    38    38     8     8    25    42    60    30    30     0     0     0     0

Demand per slot (OUT/RET):
         0   1   2   3   4   5   6   7   8   9  10  11  12  13  14  15  16  17  18  19  20  21  22  23  24  25  26  27  28  29  30  31  32  33  34  35  36  37  38  39  40  41  42  43
  OUT:   7  12  13   9  12  17  16   6   7  10   5   3   2   2   2   2   2   0   1   3   4   1   2   1   0   1   3   1   1   0   0   2   0   0   1   0   0   0   2   0   0   0   0   0
  RET:   1   2   1   0   1   1   0   0   0   0   2   2   2   1   3   4   1   3   2   2   5   3   3   9   1   7   3   4   4   2   2   5  10   9   6   9  10  14   9   7   0   0   0   0

Pax per shuttle and slot (total):
         0   1   2   3   4   5   6   7   8   9  10  11  12  13  14  15  16  17  18  19  20  21  22  23  24  25  26  27  28  29  30  31  32  33  34  35  36  37  38  39  40  41  42  43
  q=0:   0   0   0  15   0   1   0  15   0   0   0   0   0   0  12   0   0   8   0   0   0   0   0   0   0   0   4   0  15   0   0   2   0   0   0   0  15   0   0   2   0  15   0   0
  q=1:   0   0  15   0   4   0  15   0   1   0   0   0  15   0   7   0   0   0   0   0   0   8   0  13   0   0   0   3   0   0   6   0   0   0   0   0   1   0  15   0   0   0   0   0
Pax served: 207/300
Pax served: 207/300
Subproblem (last): obj=5046 wait_slots=396 fill_eps=0 penalty_cost=4650 penalty_pax=93 total_demand=300
Avg wait (min): 28.6957
UB_total (best): 5046.24

Result: status=UNKNOWN iterations=8 best_lb=52.961050401510306 best_ub=5046.24

Manifest: C:\Users\fabio\My Drive\05_Projects\19_MobAuto2_Benders\manifests\manifest_sweep_res15_q2_20260806_081159.json
