Run configuration:
  solver: iterations=1000 tol=0.001 total_time_limit_s=120 seed=42
  master: solver=cplex Q=2 T_minutes=660 slot_res=30 (slots=22) trip_dur_min=30 Emax=150.0 L=30.0 eps=0.01 conc_pen=0.25 delta_chg=35.0
  subproblem: solver=cplex_direct S=15.0 Wmax=60 p=50.0 fill_eps=1e-06 (slot_res=30)
  demand_file: setups/base.yaml
Initialized master problem.
[MW] enabled=True alpha=0.3 eps=0.001

=== Iteration 1 ===
Solving Master (MP)...
[SCHEDULE] master gap-tied: time_limit_s=30 mipgap=0.05 g_bd=0.05
2026-08-06 10:07:35,192 INFO | mobauto2_benders.benders.solver | iter=1 master status=SolveStatus.OPTIMAL obj=0 lb=0
MP raw solver: status=ok term=optimal incumbent=0.0 best_bound=0.0
MP solutions: count=1 keys=['Gap', 'Status', 'Message', 'Problem', 'Objective', 'Variable', 'Constraint']
Shuttle totals (OUT+RET): q0=0, q1=0
MP stats (solver): nodes=0 best_bound=0.0 incumbent=0.0 gap=0.0
MP result: status=SolveStatus.OPTIMAL obj=0 lb=0
[CHECK] MP: first=0 theta=0 mp_total=0 inc_obj=0 best_bound=0
[CHECK] MP bounds: mp_obj=0 mp_best_bound=0 mp_best_integer=0 term=optimal status=ok gap=0
[MP] iter=1 incumbent=0 best_bound=0 gap=0 (src: inc=cplex_api bb=cplex_api gap=cplex_api)
[MP] iter=1 cuts=0 obj=0.000
[MW] core updated (t=0..): min=0.7 max=0.7 mean=0.7
Evaluating Subproblem (SP) at candidate...
2026-08-06 10:07:38,185 INFO | mobauto2_benders.benders.solver | force-added CutType.OPTIMALITY cut 'opt_cut'
2026-08-06 10:07:38,187 INFO | mobauto2_benders.benders.solver | added 1 cut(s)
2026-08-06 10:07:38,188 INFO | mobauto2_benders.benders.solver | bounds: best_lb=0 best_ub=15000 gap=15000 rel=1
SP result: recourse=15000 feasible=True
[SP PIPELINE] iter=1 build=0.000s solve=0.000s extract=0.000s post=0.000s cutgen=0.621s mode=mw lb_valid=True tl_inc=False vars=- bin=- cons=- lp=-
[CHECK] SP: recourse=15000 first=0 sp_total=15000
[CUT TIGHTNESS] raw_line(y)=15000  SP_ub=15000  diff=0
[BENDERS] Added cut #0: const_out=7500, const_ret=7500, nnz=41, slope_range=[-735,-720], raw_pos_dm=0, scale=1
[BENDERS] Eval cut (dir): OUT lhs=0 rhs=7500; RET lhs=0 rhs=7500
Master updated: added 1 cut(s): opt_cut
[CUT SUMMARY] it=1 cand=candidate:idle decision=added skip=None theta_total=0.0 rec_total=15000.0 raw_rhs_total=15000.0 rhs_total=15000.0 lhs_total=0.0
Timing: master=1.494s sp_solve=0.799s cutgen=0.621s cutadd=0.046s cuts_added=1 total_cuts=1
MP stats: nodes=0 best_bound=0.0 incumbent=0.0 gap=0.0
[CHECK] GAP: LB=0 UB=15000 gap=15000 rel=1

=== Iteration 2 ===
Solving Master (MP)...
[SCHEDULE] master gap-tied: time_limit_s=30 mipgap=0.05 g_bd=1
[MIPSTART] x-only start applied: n_out=44 n_ret=44
Warning:  No solution found from 1 MIP starts.
2026-08-06 10:07:45,250 INFO | mobauto2_benders.benders.solver | iter=2 master status=SolveStatus.OPTIMAL obj=0.22 lb=0.22
MP raw solver: status=ok term=optimal incumbent=0.22000000000000003 best_bound=0.22000000000000003
MP solutions: count=1 keys=['Gap', 'Status', 'Message', 'Problem', 'Objective', 'Variable', 'Constraint']
Shuttle totals (OUT+RET): q0=12, q1=10
MP stats (solver): nodes=0 best_bound=0.22000000000000003 incumbent=0.22000000000000003 gap=0.0
MP result: status=SolveStatus.OPTIMAL obj=0.22 lb=0.22
[CHECK] MP: first=0.22 theta=0 mp_total=0.22 inc_obj=0.22 best_bound=0.22
[CHECK] MP bounds: mp_obj=0.22 mp_best_bound=0.22 mp_best_integer=0.22 term=optimal status=ok gap=0
[MP] iter=2 incumbent=0.22 best_bound=0.22 gap=0 (src: inc=cplex_api bb=cplex_api gap=cplex_api)
[MP] iter=2 cuts=1 obj=0.220 last_const=15000.000 last_nnz=41
[MW] core updated (t=0..): min=0.49 max=0.79 mean=0.64
Evaluating Subproblem (SP) at candidate...
2026-08-06 10:07:51,871 INFO | mobauto2_benders.benders.solver | force-added CutType.OPTIMALITY cut 'opt_cut'
2026-08-06 10:07:51,871 INFO | mobauto2_benders.benders.solver | added 1 cut(s)
2026-08-06 10:07:51,879 INFO | mobauto2_benders.benders.solver | bounds: best_lb=0.22 best_ub=5307.22 gap=5307 rel=1
SP result: recourse=5307 feasible=True
[SP PIPELINE] iter=2 build=0.000s solve=0.000s extract=0.000s post=0.000s cutgen=0.996s mode=mw lb_valid=True tl_inc=False vars=- bin=- cons=- lp=-
[CHECK] SP: recourse=5307 first=0.22 sp_total=5307.22
[CUT TIGHTNESS] raw_line(y)=5307  SP_ub=5307  diff=0
[BENDERS] Added cut #1: const_out=5963, const_ret=4459, nnz=24, slope_range=[-735,-15], raw_pos_dm=0, scale=1
[BENDERS] Eval cut (dir): OUT lhs=0 rhs=3068; RET lhs=0 rhs=2239
Master updated: added 1 cut(s): opt_cut
[CUT SUMMARY] it=2 cand=OUT[0,1]|RET[0,2]|OUT[0,5]|RET[0,6]|OUT[0,8]|RET[0,9]|OUT[0,13]|RET[0,14]|OUT[0,16]|RET[0,17]|OUT[0,18]|RET[0,19]|...(+10) decision=added skip=None theta_total=0.0 rec_total=5307.0 raw_rhs_total=5307.0 rhs_total=5307.0 lhs_total=0.0
Timing: master=7.062s sp_solve=0.919s cutgen=0.996s cutadd=0.014s cuts_added=1 total_cuts=2
MP stats: nodes=0 best_bound=0.22000000000000003 incumbent=0.22000000000000003 gap=0.0
[CHECK] GAP: LB=0.22 UB=5307.22 gap=5307 rel=1

=== Iteration 3 ===
Solving Master (MP)...
[SCHEDULE] master gap-tied: time_limit_s=30 mipgap=0.05 g_bd=1
[MIPSTART] x-only start applied: n_out=44 n_ret=44
Warning:  No solution found from 1 MIP starts.
2026-08-06 10:08:08,364 INFO | mobauto2_benders.benders.solver | iter=3 master status=SolveStatus.FEASIBLE obj=1618.99 lb=1582.23
MP raw solver: status=ok term=optimal incumbent=1618.9899999999998 best_bound=1582.233253968254
MP solutions: count=1 keys=['Gap', 'Status', 'Message', 'Problem', 'Objective', 'Variable', 'Constraint']
Shuttle totals (OUT+RET): q0=12, q1=12
MP stats (solver): nodes=0 best_bound=1582.233253968254 incumbent=1618.9899999999998 gap=0.02270350405607412
MP result: status=SolveStatus.FEASIBLE obj=1618.99 lb=1582.23
[CHECK] MP: first=1.99 theta=1617 mp_total=1618.99 inc_obj=1618.99 best_bound=1582.23
[CHECK] MP bounds: mp_obj=1618.99 mp_best_bound=1582.23 mp_best_integer=1618.99 term=optimal status=ok gap=0.0227035
[MP] iter=3 incumbent=1618.99 best_bound=1582.23 gap=0.0227035 (src: inc=cplex_api bb=cplex_api gap=cplex_api)
[MP] iter=3 cuts=2 obj=1618.990 last_const=10422.000 last_nnz=24
[MW] core updated (t=0..): min=0.343 max=1.15 mean=0.612
Evaluating Subproblem (SP) at candidate...
2026-08-06 10:08:12,880 INFO | mobauto2_benders.benders.solver | force-added CutType.OPTIMALITY cut 'opt_cut'
2026-08-06 10:08:12,880 INFO | mobauto2_benders.benders.solver | added 1 cut(s)
2026-08-06 10:08:12,881 INFO | mobauto2_benders.benders.solver | bounds: best_lb=1582.23 best_ub=5307.22 gap=3724.99 rel=0.702
SP result: recourse=6426 feasible=True
[SP PIPELINE] iter=3 build=0.000s solve=0.000s extract=0.000s post=0.000s cutgen=0.502s mode=mw lb_valid=True tl_inc=False vars=- bin=- cons=- lp=-
[CHECK] SP: recourse=6426 first=1.99 sp_total=6427.99
[CUT TIGHTNESS] raw_line(y)=6426  SP_ub=6426  diff=9.09e-13
[BENDERS] Added cut #2: const_out=4923, const_ret=7323, nnz=30, slope_range=[-1.44e+03,-15], raw_pos_dm=0, scale=1
[BENDERS] Eval cut (dir): OUT lhs=1583 rhs=3453; RET lhs=34 rhs=2973
Master updated: added 1 cut(s): opt_cut
[CUT SUMMARY] it=3 cand=OUT[0,1]|RET[0,2]|OUT[0,3]|RET[0,4]|OUT[0,6]|RET[0,7]|OUT[0,14]|RET[0,15]|OUT[0,17]|RET[0,18]|OUT[0,19]|RET[0,20]|...(+12) decision=added skip=None theta_total=1617.0 rec_total=6426.000029 raw_rhs_total=6426.000029000002 rhs_total=6426.000029000002 lhs_total=1617.0
Timing: master=16.484s sp_solve=0.512s cutgen=0.502s cutadd=0.008s cuts_added=1 total_cuts=3
MP stats: nodes=0 best_bound=1582.233253968254 incumbent=1618.9899999999998 gap=0.02270350405607412
[CHECK] GAP: LB=1582.23 UB=5307.22 gap=3724.99 rel=0.702

=== Iteration 4 ===
Solving Master (MP)...
[SCHEDULE] master gap-tied: time_limit_s=30 mipgap=0.05 g_bd=0.702
[MIPSTART] x-only start applied: n_out=44 n_ret=44
2026-08-06 10:08:39,606 INFO | mobauto2_benders.benders.solver | iter=4 master status=SolveStatus.FEASIBLE obj=2367.99 lb=2250.59
MP raw solver: status=ok term=optimal incumbent=2367.9899991121583 best_bound=2250.589240088682
MP solutions: count=1 keys=['Gap', 'Status', 'Message', 'Problem', 'Objective', 'Variable', 'Constraint']
Shuttle totals (OUT+RET): q0=12, q1=12
MP stats (solver): nodes=485 best_bound=2250.589240088682 incumbent=2367.9899991121583 gap=0.04957823262238823
MP result: status=SolveStatus.FEASIBLE obj=2367.99 lb=2250.59
[CHECK] MP: first=0.99 theta=2367 mp_total=2367.99 inc_obj=2367.99 best_bound=2250.59
[CHECK] MP bounds: mp_obj=2367.99 mp_best_bound=2250.59 mp_best_integer=2367.99 term=optimal status=ok gap=0.0495782
[MP] iter=4 incumbent=2367.99 best_bound=2250.59 gap=0.0495782 (src: inc=cplex_api bb=cplex_api gap=cplex_api)
[MP] iter=4 cuts=3 obj=2367.990 last_const=12246.000 last_nnz=30
[MW] core updated (t=0..): min=0.24 max=1.26 mean=0.592
Evaluating Subproblem (SP) at candidate...
2026-08-06 10:08:40,711 INFO | mobauto2_benders.benders.solver | force-added CutType.OPTIMALITY cut 'opt_cut'
2026-08-06 10:08:40,712 INFO | mobauto2_benders.benders.solver | added 1 cut(s)
2026-08-06 10:08:40,712 INFO | mobauto2_benders.benders.solver | bounds: best_lb=2250.59 best_ub=5307.22 gap=3056.63 rel=0.576
SP result: recourse=5884 feasible=True
[SP PIPELINE] iter=4 build=0.000s solve=0.000s extract=0.000s post=0.000s cutgen=0.131s mode=mw lb_valid=True tl_inc=False vars=- bin=- cons=- lp=-
[CHECK] SP: recourse=5884 first=0.99 sp_total=5884.99
[CUT TIGHTNESS] raw_line(y)=5884  SP_ub=5884  diff=1.82e-12
[BENDERS] Added cut #3: const_out=6043, const_ret=7116, nnz=27, slope_range=[-1.44e+03,-15], raw_pos_dm=0, scale=1
[BENDERS] Eval cut (dir): OUT lhs=1613 rhs=3103; RET lhs=754 rhs=2781
Master updated: added 1 cut(s): opt_cut
[CUT SUMMARY] it=4 cand=OUT[0,1]|RET[0,2]|OUT[0,3]|RET[0,4]|OUT[0,7]|RET[0,9]|OUT[0,11]|RET[0,12]|OUT[0,15]|RET[0,16]|OUT[0,18]|RET[0,20]|...(+12) decision=added skip=None theta_total=2366.9999991103996 rec_total=5884.000015 raw_rhs_total=5884.00002277024 rhs_total=5884.000022770237 lhs_total=2366.9999991103996
Timing: master=26.725s sp_solve=0.184s cutgen=0.131s cutadd=0.006s cuts_added=1 total_cuts=4
MP stats: nodes=485 best_bound=2250.589240088682 incumbent=2367.9899991121583 gap=0.04957823262238823
[CHECK] GAP: LB=2250.59 UB=5307.22 gap=3056.63 rel=0.576

=== Iteration 5 ===
Solving Master (MP)...
[SCHEDULE] master gap-tied: time_limit_s=30 mipgap=0.05 g_bd=0.576
[MIPSTART] x-only start applied: n_out=44 n_ret=44
2026-08-06 10:09:11,651 WARNING | pyomo.core | Loading a SolverResults object with an 'aborted' status, but containing a solution
2026-08-06 10:09:11,659 WARNING | pyomo.core | Loading a SolverResults object with an 'aborted' status, but containing a solution
2026-08-06 10:09:11,666 INFO | mobauto2_benders.benders.solver | iter=5 master status=SolveStatus.FEASIBLE obj=2944.99 lb=2682.7
MP raw solver: status=aborted term=maxTimeLimit incumbent=2944.990014687334 best_bound=2682.698207461307
MP solutions: count=1 keys=['Gap', 'Status', 'Message', 'Problem', 'Objective', 'Variable', 'Constraint']
Shuttle totals (OUT+RET): q0=12, q1=12
MP stats (solver): nodes=14354 best_bound=2682.698207461307 incumbent=2944.990014687334 gap=0.08906373397461774
MP result: status=SolveStatus.FEASIBLE obj=2944.99 lb=2682.7
[CHECK] MP: first=0.99 theta=2944 mp_total=2944.99 inc_obj=2944.99 best_bound=2682.7
[CHECK] MP bounds: mp_obj=2944.99 mp_best_bound=2682.7 mp_best_integer=2944.99 term=maxTimeLimit status=aborted gap=0.0890637
[MP] iter=5 incumbent=2944.99 best_bound=2682.7 gap=0.0890637 (src: inc=cplex_api bb=cplex_api gap=cplex_api)
[MP] iter=5 cuts=4 obj=2944.990 last_const=13159.000 last_nnz=27
[MW] core updated (t=0..): min=0.168 max=1.48 mean=0.578
Evaluating Subproblem (SP) at candidate...
2026-08-06 10:09:12,370 INFO | mobauto2_benders.benders.solver | force-added CutType.OPTIMALITY cut 'opt_cut'
2026-08-06 10:09:12,371 INFO | mobauto2_benders.benders.solver | added 1 cut(s)
2026-08-06 10:09:12,372 INFO | mobauto2_benders.benders.solver | bounds: best_lb=2682.7 best_ub=4651.99 gap=1969.29 rel=0.423
SP result: recourse=4651 feasible=True
[SP PIPELINE] iter=5 build=0.000s solve=0.000s extract=0.000s post=0.000s cutgen=0.162s mode=mw lb_valid=True tl_inc=False vars=- bin=- cons=- lp=-
[CHECK] SP: recourse=4651 first=0.99 sp_total=4651.99
[CUT TIGHTNESS] raw_line(y)=4651  SP_ub=4651  diff=-1.82e-12
[BENDERS] Added cut #4: const_out=6039, const_ret=7267, nnz=29, slope_range=[-1.44e+03,-15], raw_pos_dm=0, scale=1
[BENDERS] Eval cut (dir): OUT lhs=1648 rhs=2454; RET lhs=1296 rhs=2197
Master updated: added 1 cut(s): opt_cut
[CUT SUMMARY] it=5 cand=OUT[0,1]|RET[0,2]|OUT[0,4]|RET[0,5]|OUT[0,6]|RET[0,9]|OUT[0,14]|RET[0,15]|OUT[0,17]|RET[0,18]|OUT[0,19]|RET[0,20]|...(+12) decision=added skip=None theta_total=2944.0000146871607 rec_total=4651.000015 raw_rhs_total=4651.000015185706 rhs_total=4651.000015185705 lhs_total=2944.0000146871607
Timing: master=30.954s sp_solve=0.137s cutgen=0.162s cutadd=0.010s cuts_added=1 total_cuts=5
MP stats: nodes=14354 best_bound=2682.698207461307 incumbent=2944.990014687334 gap=0.08906373397461774
[CHECK] GAP: LB=2682.7 UB=4651.99 gap=1969.29 rel=0.423

=== Iteration 6 ===
Solving Master (MP)...
[SCHEDULE] master gap-tied: time_limit_s=19 mipgap=0.05 g_bd=0.423
[MIPSTART] x-only start applied: n_out=44 n_ret=44
2026-08-06 10:09:29,223 INFO | mobauto2_benders.benders.solver | iter=6 master status=SolveStatus.FEASIBLE obj=3056.99 lb=2904.27
MP raw solver: status=ok term=optimal incumbent=3056.990014401126 best_bound=2904.2684919625517
MP solutions: count=1 keys=['Gap', 'Status', 'Message', 'Problem', 'Objective', 'Variable', 'Constraint']
Shuttle totals (OUT+RET): q0=12, q1=12
MP stats (solver): nodes=12564 best_bound=2904.2684919625517 incumbent=3056.990014401126 gap=0.04995813585229775
MP result: status=SolveStatus.FEASIBLE obj=3056.99 lb=2904.27
[CHECK] MP: first=0.99 theta=3056 mp_total=3056.99 inc_obj=3056.99 best_bound=2904.27
[CHECK] MP bounds: mp_obj=3056.99 mp_best_bound=2904.27 mp_best_integer=3056.99 term=optimal status=ok gap=0.0499581
[MP] iter=6 incumbent=3056.99 best_bound=2904.27 gap=0.0499581 (src: inc=cplex_api bb=cplex_api gap=cplex_api)
[MP] iter=6 cuts=5 obj=3056.990 last_const=13306.000 last_nnz=29
[MW] core updated (t=0..): min=0.118 max=1.64 mean=0.568
Evaluating Subproblem (SP) at candidate...
2026-08-06 10:09:30,669 INFO | mobauto2_benders.benders.solver | force-added CutType.OPTIMALITY cut 'opt_cut'
2026-08-06 10:09:30,670 INFO | mobauto2_benders.benders.solver | added 1 cut(s)
2026-08-06 10:09:30,674 INFO | mobauto2_benders.benders.solver | bounds: best_lb=2904.27 best_ub=4651.99 gap=1747.72 rel=0.376
SP result: recourse=4776 feasible=True
[SP PIPELINE] iter=6 build=0.000s solve=0.000s extract=0.000s post=0.000s cutgen=0.167s mode=mw lb_valid=True tl_inc=False vars=- bin=- cons=- lp=-
[CHECK] SP: recourse=4776 first=0.99 sp_total=4776.99
[CUT TIGHTNESS] raw_line(y)=4776  SP_ub=4776  diff=9.09e-13
[BENDERS] Added cut #5: const_out=5127, const_ret=6924, nnz=27, slope_range=[-1.44e+03,-15], raw_pos_dm=0, scale=1
[BENDERS] Eval cut (dir): OUT lhs=2303 rhs=2922; RET lhs=753 rhs=1854
Master updated: added 1 cut(s): opt_cut
[CUT SUMMARY] it=6 cand=OUT[0,2]|RET[0,3]|OUT[0,6]|RET[0,7]|OUT[0,9]|RET[0,10]|OUT[0,11]|RET[0,12]|OUT[0,16]|RET[0,17]|OUT[0,19]|RET[0,20]|...(+12) decision=added skip=None theta_total=3056.0000144013547 rec_total=4776.000025 raw_rhs_total=4776.00002510679 rhs_total=4776.00002510679 lhs_total=3056.0000144013547
Timing: master=16.849s sp_solve=0.202s cutgen=0.167s cutadd=0.010s cuts_added=1 total_cuts=6
MP stats: nodes=12564 best_bound=2904.2684919625517 incumbent=3056.990014401126 gap=0.04995813585229775
[CHECK] GAP: LB=2904.27 UB=4651.99 gap=1747.72 rel=0.376

=== Iteration 7 ===
Solving Master (MP)...
[SCHEDULE] master gap-tied: time_limit_s=1 mipgap=0.05 g_bd=0.376
[MIPSTART] x-only start applied: n_out=44 n_ret=44
2026-08-06 10:09:32,503 WARNING | pyomo.core | Loading a SolverResults object with an 'aborted' status, but containing a solution
2026-08-06 10:09:32,517 WARNING | pyomo.core | Loading a SolverResults object with an 'aborted' status, but containing a solution
2026-08-06 10:09:32,524 INFO | mobauto2_benders.benders.solver | iter=7 master status=SolveStatus.FEASIBLE obj=4572.72 lb=2270.84
MP raw solver: status=aborted term=maxTimeLimit incumbent=4572.720069765011 best_bound=2270.8378931607017
MP solutions: count=1 keys=['Gap', 'Status', 'Message', 'Problem', 'Objective', 'Variable', 'Constraint']
Shuttle totals (OUT+RET): q0=12, q1=10
MP stats (solver): nodes=0 best_bound=2270.8378931607017 incumbent=4572.720069765011 gap=0.5033945095008957
MP result: status=SolveStatus.FEASIBLE obj=4572.72 lb=2270.84
[CHECK] MP: first=0.72 theta=4572 mp_total=4572.72 inc_obj=4572.72 best_bound=2270.84
[CHECK] MP bounds: mp_obj=4572.72 mp_best_bound=2270.84 mp_best_integer=4572.72 term=maxTimeLimit status=aborted gap=0.503395
[MP] iter=7 incumbent=4572.72 best_bound=2270.84 gap=0.503395 (src: inc=cplex_api bb=cplex_api gap=cplex_api)
[MP] iter=7 cuts=6 obj=4572.720 last_const=12051.000 last_nnz=27
[MW] core updated (t=0..): min=0.0824 max=1.45 mean=0.548
Evaluating Subproblem (SP) at candidate...
2026-08-06 10:09:33,306 INFO | mobauto2_benders.benders.solver | force-added CutType.OPTIMALITY cut 'opt_cut'
2026-08-06 10:09:33,307 INFO | mobauto2_benders.benders.solver | added 1 cut(s)
2026-08-06 10:09:33,312 INFO | mobauto2_benders.benders.solver | bounds: best_lb=2904.27 best_ub=4651.99 gap=1747.72 rel=0.376
2026-08-06 10:09:33,312 WARNING | mobauto2_benders.benders.solver | Time limit reached after 7 iterations
SP result: recourse=6224 feasible=True
[SP PIPELINE] iter=7 build=0.000s solve=0.000s extract=0.000s post=0.000s cutgen=0.152s mode=mw lb_valid=True tl_inc=False vars=- bin=- cons=- lp=-
[CHECK] SP: recourse=6224 first=0.72 sp_total=6224.72
[CUT TIGHTNESS] raw_line(y)=6224  SP_ub=6224  diff=9.09e-13
[BENDERS] Added cut #6: const_out=5117, const_ret=4812, nnz=28, slope_range=[-735,-15], raw_pos_dm=0, scale=1
[BENDERS] Eval cut (dir): OUT lhs=2349 rhs=3647; RET lhs=2223 rhs=2577
Master updated: added 1 cut(s): opt_cut
[CUT SUMMARY] it=7 cand=OUT[0,1]|RET[0,2]|OUT[0,3]|RET[0,4]|OUT[0,10]|RET[0,11]|OUT[0,13]|RET[0,14]|OUT[0,16]|RET[0,17]|OUT[0,19]|RET[0,20]|...(+10) decision=added skip=None theta_total=4572.00006976501 rec_total=6224.0000039999995 raw_rhs_total=6224.0000039999995 rhs_total=6224.000004000001 lhs_total=4572.00006976501
Timing: master=1.849s sp_solve=0.141s cutgen=0.152s cutadd=0.011s cuts_added=1 total_cuts=7
MP stats: nodes=0 best_bound=2270.8378931607017 incumbent=4572.720069765011 gap=0.5033945095008957
[CHECK] GAP: LB=2904.27 UB=4651.99 gap=1747.72 rel=0.376

Time limit reached after 7 iterations.
Total solve time: 121.612 seconds
Best bounds: LB=2904.27 UB=4651.99 gap=1747.72 rel=0.376

Best Master Solution:
Q=2 T=22
theta = 2944
  - theta_out = 1648
  - theta_ret = 1296
Timeline (per shuttle):
           0     1     2     3     4     5     6     7     8     9    10    11    12    13    14    15    16    17    18    19    20    21
  q=0:   IDL   OUT   RET   CHR   OUT   RET   OUT   IDL   IDL   RET   CHR   CHR   CHR   CHR   OUT   RET   CHR   OUT   RET   OUT   RET   IDL
  q=1:   IDL   IDL   OUT   RET   CHR   OUT   RET   OUT   IDL   RET   CHR   CHR   OUT   RET   CHR   CHR   OUT   RET   CHR   OUT   RET   IDL
Battery (per shuttle):
           0     1     2     3     4     5     6     7     8     9    10    11    12    13    14    15    16    17    18    19    20    21
  q=0:   150   150   120    90    60    30    60    90   120   150   150   120    90   125    95    65    85    55    25    60    30     0
  q=1:   150   150   120    90   125    95    65   100    70    40    75   110   120   130   140   150   120    90    60    30    65   100

Demand per slot (OUT/RET):
         0   1   2   3   4   5   6   7   8   9  10  11  12  13  14  15  16  17  18  19  20  21
  OUT:  19  22  29  22  17   8   4   4   2   4   5   3   1   4   1   2   0   1   0   2   0   0
  RET:   3   1   2   0   0   4   3   7   4   4   8  12   8   7   6   7  19  15  24  16   0   0

Pax per shuttle and slot (total):
         0   1   2   3   4   5   6   7   8   9  10  11  12  13  14  15  16  17  18  19  20  21
  q=0:   0  15   4   0  15   0  15   0   0  11   0   0   0   0   5  13   0   0  15   1  15   0
  q=1:   0   0  15   2   0  15   4  12   0   0   0   0   8  15   0   0   3  15   0   0  15   0
Pax served: 213/300
Pax served: 213/300
Subproblem (last): obj=4651 wait_slots=301 fill_eps=1.5e-05 penalty_cost=4350 penalty_pax=87 total_demand=300
Avg wait (min): 42.3944
UB_total (best): 4651.99

Result: status=UNKNOWN iterations=7 best_lb=2904.2684919625517 best_ub=4651.990014999999

Manifest: C:\Users\fabio\My Drive\05_Projects\19_MobAuto2_Benders\manifests\manifest_sweep_res30_q2_20260806_080934.json
