Run configuration:
  solver: iterations=1000 tol=0.001 total_time_limit_s=120 seed=42
  master: solver=cplex Q=3 T_minutes=660 slot_res=30 (slots=22) trip_dur_min=30 Emax=150.0 L=30.0 eps=0.01 conc_pen=0.25 delta_chg=35.0
  subproblem: solver=cplex_direct S=15.0 Wmax=60 p=50.0 fill_eps=1e-06 (slot_res=30)
  demand_file: setups/base.yaml
Initialized master problem.
[MW] enabled=True alpha=0.3 eps=0.001

=== Iteration 1 ===
Solving Master (MP)...
[SCHEDULE] master gap-tied: time_limit_s=30 mipgap=0.05 g_bd=0.05
2026-08-06 10:13:20,090 INFO | mobauto2_benders.benders.solver | iter=1 master status=SolveStatus.OPTIMAL obj=0 lb=0
MP raw solver: status=ok term=optimal incumbent=0.0 best_bound=0.0
MP solutions: count=1 keys=['Gap', 'Status', 'Message', 'Problem', 'Objective', 'Variable', 'Constraint']
Shuttle totals (OUT+RET): q0=0, q1=0, q2=0
MP stats (solver): nodes=0 best_bound=0.0 incumbent=0.0 gap=0.0
MP result: status=SolveStatus.OPTIMAL obj=0 lb=0
[CHECK] MP: first=0 theta=0 mp_total=0 inc_obj=0 best_bound=0
[CHECK] MP bounds: mp_obj=0 mp_best_bound=0 mp_best_integer=0 term=optimal status=ok gap=0
[MP] iter=1 incumbent=0 best_bound=0 gap=0 (src: inc=cplex_api bb=cplex_api gap=cplex_api)
[MP] iter=1 cuts=0 obj=0.000
[MW] core updated (t=0..): min=1.05 max=1.05 mean=1.05
Evaluating Subproblem (SP) at candidate...
2026-08-06 10:13:20,180 INFO | mobauto2_benders.benders.solver | force-added CutType.OPTIMALITY cut 'opt_cut'
2026-08-06 10:13:20,180 INFO | mobauto2_benders.benders.solver | added 1 cut(s)
2026-08-06 10:13:20,181 INFO | mobauto2_benders.benders.solver | bounds: best_lb=0 best_ub=15000 gap=15000 rel=1
SP result: recourse=15000 feasible=True
[SP PIPELINE] iter=1 build=0.000s solve=0.000s extract=0.000s post=0.000s cutgen=0.017s mode=mw lb_valid=True tl_inc=False vars=- bin=- cons=- lp=-
[CHECK] SP: recourse=15000 first=0 sp_total=15000
[CUT TIGHTNESS] raw_line(y)=15000  SP_ub=15000  diff=0
[BENDERS] Added cut #0: const_out=7500, const_ret=7500, nnz=41, slope_range=[-735,-720], raw_pos_dm=0, scale=1
[BENDERS] Eval cut (dir): OUT lhs=0 rhs=7500; RET lhs=0 rhs=7500
Master updated: added 1 cut(s): opt_cut
[CUT SUMMARY] it=1 cand=candidate:idle decision=added skip=None theta_total=0.0 rec_total=15000.0 raw_rhs_total=15000.0 rhs_total=15000.0 lhs_total=0.0
Timing: master=0.084s sp_solve=0.018s cutgen=0.017s cutadd=0.003s cuts_added=1 total_cuts=1
MP stats: nodes=0 best_bound=0.0 incumbent=0.0 gap=0.0
[CHECK] GAP: LB=0 UB=15000 gap=15000 rel=1

=== Iteration 2 ===
Solving Master (MP)...
[SCHEDULE] master gap-tied: time_limit_s=30 mipgap=0.05 g_bd=1
[MIPSTART] x-only start applied: n_out=66 n_ret=66
Warning:  No solution found from 1 MIP starts.
2026-08-06 10:13:20,511 INFO | mobauto2_benders.benders.solver | iter=2 master status=SolveStatus.OPTIMAL obj=0.22 lb=0.22
MP raw solver: status=ok term=optimal incumbent=0.22 best_bound=0.22000000000000003
MP solutions: count=1 keys=['Gap', 'Status', 'Message', 'Problem', 'Objective', 'Variable', 'Constraint']
Shuttle totals (OUT+RET): q0=8, q1=8, q2=6
MP stats (solver): nodes=0 best_bound=0.22000000000000003 incumbent=0.22 gap=0.0
MP result: status=SolveStatus.OPTIMAL obj=0.22 lb=0.22
[CHECK] MP: first=0.22 theta=0 mp_total=0.22 inc_obj=0.22 best_bound=0.22
[CHECK] MP bounds: mp_obj=0.22 mp_best_bound=0.22 mp_best_integer=0.22 term=optimal status=ok gap=0
[MP] iter=2 incumbent=0.22 best_bound=0.22 gap=0 (src: inc=cplex_api bb=cplex_api gap=cplex_api)
[MP] iter=2 cuts=1 obj=0.220 last_const=15000.000 last_nnz=41
[MW] core updated (t=0..): min=0.735 max=1.03 mean=0.885
Evaluating Subproblem (SP) at candidate...
2026-08-06 10:13:20,717 INFO | mobauto2_benders.benders.solver | force-added CutType.OPTIMALITY cut 'opt_cut'
2026-08-06 10:13:20,717 INFO | mobauto2_benders.benders.solver | added 1 cut(s)
2026-08-06 10:13:20,718 INFO | mobauto2_benders.benders.solver | bounds: best_lb=0.22 best_ub=5723.22 gap=5723 rel=1
SP result: recourse=5723 feasible=True
[SP PIPELINE] iter=2 build=0.000s solve=0.000s extract=0.000s post=0.000s cutgen=0.059s mode=mw lb_valid=True tl_inc=False vars=- bin=- cons=- lp=-
[CHECK] SP: recourse=5723 first=0.22 sp_total=5723.22
[CUT TIGHTNESS] raw_line(y)=5723  SP_ub=5723  diff=-9.09e-13
[BENDERS] Added cut #1: const_out=5898, const_ret=4955, nnz=25, slope_range=[-735,-15], raw_pos_dm=0, scale=1
[BENDERS] Eval cut (dir): OUT lhs=0 rhs=2958; RET lhs=0 rhs=2765
Master updated: added 1 cut(s): opt_cut
[CUT SUMMARY] it=2 cand=OUT[0,2]|RET[0,3]|OUT[0,7]|RET[0,8]|OUT[0,12]|RET[0,14]|OUT[0,15]|RET[0,16]|OUT[1,1]|RET[1,2]|OUT[1,3]|RET[1,7]|...(+10) decision=added skip=None theta_total=0.0 rec_total=5723.0 raw_rhs_total=5722.999999999999 rhs_total=5723.0 lhs_total=0.0
Timing: master=0.331s sp_solve=0.034s cutgen=0.059s cutadd=0.003s cuts_added=1 total_cuts=2
MP stats: nodes=0 best_bound=0.22000000000000003 incumbent=0.22 gap=0.0
[CHECK] GAP: LB=0.22 UB=5723.22 gap=5723 rel=1

=== Iteration 3 ===
Solving Master (MP)...
[SCHEDULE] master gap-tied: time_limit_s=30 mipgap=0.05 g_bd=1
[MIPSTART] x-only start applied: n_out=66 n_ret=66
Warning:  No solution found from 1 MIP starts.
2026-08-06 10:13:21,172 INFO | mobauto2_benders.benders.solver | iter=3 master status=SolveStatus.OPTIMAL obj=0.22 lb=0.22
MP raw solver: status=ok term=optimal incumbent=0.22 best_bound=0.22
MP solutions: count=1 keys=['Gap', 'Status', 'Message', 'Problem', 'Objective', 'Variable', 'Constraint']
Shuttle totals (OUT+RET): q0=8, q1=8, q2=6
MP stats (solver): nodes=0 best_bound=0.22 incumbent=0.22 gap=0.0
MP result: status=SolveStatus.OPTIMAL obj=0.22 lb=0.22
[CHECK] MP: first=0.22 theta=0 mp_total=0.22 inc_obj=0.22 best_bound=0.22
[CHECK] MP bounds: mp_obj=0.22 mp_best_bound=0.22 mp_best_integer=0.22 term=optimal status=ok gap=0
[MP] iter=3 incumbent=0.22 best_bound=0.22 gap=0 (src: inc=cplex_api bb=cplex_api gap=cplex_api)
[MP] iter=3 cuts=2 obj=0.220 last_const=10853.000 last_nnz=25
[MW] core updated (t=0..): min=0.514 max=1.02 mean=0.769
Evaluating Subproblem (SP) at candidate...
2026-08-06 10:13:21,361 INFO | mobauto2_benders.benders.solver | force-added CutType.OPTIMALITY cut 'opt_cut'
2026-08-06 10:13:21,362 INFO | mobauto2_benders.benders.solver | added 1 cut(s)
2026-08-06 10:13:21,362 INFO | mobauto2_benders.benders.solver | bounds: best_lb=0.22 best_ub=5510.22 gap=5510 rel=1
SP result: recourse=5510 feasible=True
[SP PIPELINE] iter=3 build=0.000s solve=0.000s extract=0.000s post=0.000s cutgen=0.059s mode=mw lb_valid=True tl_inc=False vars=- bin=- cons=- lp=-
[CHECK] SP: recourse=5510 first=0.22 sp_total=5510.22
[CUT TIGHTNESS] raw_line(y)=5510  SP_ub=5510  diff=0
[BENDERS] Added cut #2: const_out=6627, const_ret=5498, nnz=27, slope_range=[-735,-15], raw_pos_dm=0, scale=1
[BENDERS] Eval cut (dir): OUT lhs=0 rhs=2952; RET lhs=0 rhs=2558
Master updated: added 1 cut(s): opt_cut
[CUT SUMMARY] it=3 cand=OUT[0,2]|RET[0,3]|OUT[0,5]|RET[0,6]|OUT[0,8]|RET[0,12]|OUT[0,15]|RET[0,17]|OUT[1,3]|RET[1,7]|OUT[1,9]|RET[1,10]|...(+10) decision=added skip=None theta_total=0.0 rec_total=5510.0 raw_rhs_total=5510.0 rhs_total=5510.0 lhs_total=0.0
Timing: master=0.453s sp_solve=0.035s cutgen=0.059s cutadd=0.006s cuts_added=1 total_cuts=3
MP stats: nodes=0 best_bound=0.22 incumbent=0.22 gap=0.0
[CHECK] GAP: LB=0.22 UB=5510.22 gap=5510 rel=1

=== Iteration 4 ===
Solving Master (MP)...
[SCHEDULE] master gap-tied: time_limit_s=30 mipgap=0.05 g_bd=1
[MIPSTART] x-only start applied: n_out=66 n_ret=66
Warning:  No solution found from 1 MIP starts.
2026-08-06 10:13:44,477 INFO | mobauto2_benders.benders.solver | iter=4 master status=SolveStatus.FEASIBLE obj=0.28 lb=0.266
MP raw solver: status=ok term=optimal incumbent=0.28 best_bound=0.26599999999999996
MP solutions: count=1 keys=['Gap', 'Status', 'Message', 'Problem', 'Objective', 'Variable', 'Constraint']
Shuttle totals (OUT+RET): q0=10, q1=10, q2=8
MP stats (solver): nodes=34184 best_bound=0.26599999999999996 incumbent=0.28 gap=0.04999999998214309
MP result: status=SolveStatus.FEASIBLE obj=0.28 lb=0.266
[CHECK] MP: first=0.28 theta=0 mp_total=0.28 inc_obj=0.28 best_bound=0.266
[CHECK] MP bounds: mp_obj=0.28 mp_best_bound=0.266 mp_best_integer=0.28 term=optimal status=ok gap=0.05
[MP] iter=4 incumbent=0.28 best_bound=0.266 gap=0.05 (src: inc=cplex_api bb=cplex_api gap=cplex_api)
[MP] iter=4 cuts=3 obj=0.280 last_const=12125.000 last_nnz=27
[MW] core updated (t=0..): min=0.36 max=1.02 mean=0.73
Evaluating Subproblem (SP) at candidate...
2026-08-06 10:13:44,727 INFO | mobauto2_benders.benders.solver | force-added CutType.OPTIMALITY cut 'opt_cut'
2026-08-06 10:13:44,727 INFO | mobauto2_benders.benders.solver | added 1 cut(s)
2026-08-06 10:13:44,728 INFO | mobauto2_benders.benders.solver | bounds: best_lb=0.266 best_ub=3275.28 gap=3275.01 rel=1
SP result: recourse=3275 feasible=True
[SP PIPELINE] iter=4 build=0.000s solve=0.000s extract=0.000s post=0.000s cutgen=0.027s mode=mw lb_valid=True tl_inc=False vars=- bin=- cons=- lp=-
[CHECK] SP: recourse=3275 first=0.28 sp_total=3275.28
[CUT TIGHTNESS] raw_line(y)=3275  SP_ub=3275  diff=0
[BENDERS] Added cut #3: const_out=6156, const_ret=4424, nnz=22, slope_range=[-735,-15], raw_pos_dm=0, scale=1
[BENDERS] Eval cut (dir): OUT lhs=0 rhs=1791; RET lhs=0 rhs=1484
Master updated: added 1 cut(s): opt_cut
[CUT SUMMARY] it=4 cand=OUT[0,1]|RET[0,2]|OUT[0,6]|RET[0,7]|OUT[0,9]|RET[0,11]|OUT[0,13]|RET[0,14]|OUT[0,17]|RET[0,19]|OUT[1,3]|RET[1,4]|...(+16) decision=added skip=None theta_total=0.0 rec_total=3275.0 raw_rhs_total=3275.0 rhs_total=3275.0 lhs_total=0.0
Timing: master=23.116s sp_solve=0.043s cutgen=0.027s cutadd=0.001s cuts_added=1 total_cuts=4
MP stats: nodes=34184 best_bound=0.26599999999999996 incumbent=0.28 gap=0.04999999998214309
[CHECK] GAP: LB=0.266 UB=3275.28 gap=3275.01 rel=1

=== Iteration 5 ===
Solving Master (MP)...
[SCHEDULE] master gap-tied: time_limit_s=30 mipgap=0.05 g_bd=1
[MIPSTART] x-only start applied: n_out=66 n_ret=66
Warning:  No solution found from 1 MIP starts.
2026-08-06 10:13:45,316 INFO | mobauto2_benders.benders.solver | iter=5 master status=SolveStatus.OPTIMAL obj=0.57 lb=0.57
MP raw solver: status=ok term=optimal incumbent=0.5700000000000001 best_bound=0.5700000000000001
MP solutions: count=1 keys=['Gap', 'Status', 'Message', 'Problem', 'Objective', 'Variable', 'Constraint']
Shuttle totals (OUT+RET): q0=12, q1=10, q2=10
MP stats (solver): nodes=0 best_bound=0.5700000000000001 incumbent=0.5700000000000001 gap=0.0
MP result: status=SolveStatus.OPTIMAL obj=0.57 lb=0.57
[CHECK] MP: first=0.57 theta=0 mp_total=0.57 inc_obj=0.57 best_bound=0.57
[CHECK] MP bounds: mp_obj=0.57 mp_best_bound=0.57 mp_best_integer=0.57 term=optimal status=ok gap=0
[MP] iter=5 incumbent=0.57 best_bound=0.57 gap=0 (src: inc=cplex_api bb=cplex_api gap=cplex_api)
[MP] iter=5 cuts=4 obj=0.570 last_const=10580.000 last_nnz=22
[MW] core updated (t=0..): min=0.252 max=1.01 mean=0.729
Evaluating Subproblem (SP) at candidate...
2026-08-06 10:13:45,416 INFO | mobauto2_benders.benders.solver | force-added CutType.OPTIMALITY cut 'opt_cut'
2026-08-06 10:13:45,416 INFO | mobauto2_benders.benders.solver | added 1 cut(s)
2026-08-06 10:13:45,416 INFO | mobauto2_benders.benders.solver | bounds: best_lb=0.57 best_ub=2626.57 gap=2626 rel=1
SP result: recourse=2626 feasible=True
[SP PIPELINE] iter=5 build=0.000s solve=0.000s extract=0.000s post=0.000s cutgen=0.021s mode=mw lb_valid=True tl_inc=False vars=- bin=- cons=- lp=-
[CHECK] SP: recourse=2626 first=0.57 sp_total=2626.57
[CUT TIGHTNESS] raw_line(y)=2626  SP_ub=2626  diff=0
[BENDERS] Added cut #4: const_out=5841, const_ret=4765, nnz=22, slope_range=[-735,-15], raw_pos_dm=0, scale=1
[BENDERS] Eval cut (dir): OUT lhs=0 rhs=1521; RET lhs=0 rhs=1105
Master updated: added 1 cut(s): opt_cut
[CUT SUMMARY] it=5 cand=OUT[0,3]|RET[0,4]|OUT[0,6]|RET[0,7]|OUT[0,8]|RET[0,9]|OUT[0,12]|RET[0,13]|OUT[0,17]|RET[0,18]|OUT[0,19]|RET[0,20]|...(+20) decision=added skip=None theta_total=0.0 rec_total=2626.0 raw_rhs_total=2626.0 rhs_total=2626.0 lhs_total=0.0
Timing: master=0.588s sp_solve=0.018s cutgen=0.021s cutadd=0.001s cuts_added=1 total_cuts=5
MP stats: nodes=0 best_bound=0.5700000000000001 incumbent=0.5700000000000001 gap=0.0
[CHECK] GAP: LB=0.57 UB=2626.57 gap=2626 rel=1

=== Iteration 6 ===
Solving Master (MP)...
[SCHEDULE] master gap-tied: time_limit_s=30 mipgap=0.05 g_bd=1
[MIPSTART] x-only start applied: n_out=66 n_ret=66
Warning:  No solution found from 1 MIP starts.
2026-08-06 10:13:51,644 INFO | mobauto2_benders.benders.solver | iter=6 master status=SolveStatus.FEASIBLE obj=1.09 lb=1.03994
MP raw solver: status=ok term=optimal incumbent=1.0899999997539624 best_bound=1.0399391780004856
MP solutions: count=1 keys=['Gap', 'Status', 'Message', 'Problem', 'Objective', 'Variable', 'Constraint']
Shuttle totals (OUT+RET): q0=12, q1=12, q2=10
MP stats (solver): nodes=4025 best_bound=1.0399391780004856 incumbent=1.0899999997539624 gap=0.045927359413012785
MP result: status=SolveStatus.FEASIBLE obj=1.09 lb=1.03994
[CHECK] MP: first=1.09 theta=0 mp_total=1.09 inc_obj=1.09 best_bound=1.03994
[CHECK] MP bounds: mp_obj=1.09 mp_best_bound=1.03994 mp_best_integer=1.09 term=optimal status=ok gap=0.0459274
[MP] iter=6 incumbent=1.09 best_bound=1.03994 gap=0.0459274 (src: inc=cplex_api bb=cplex_api gap=cplex_api)
[MP] iter=6 cuts=5 obj=1.090 last_const=10606.000 last_nnz=22
[MW] core updated (t=0..): min=0.176 max=1.31 mean=0.742
Evaluating Subproblem (SP) at candidate...
2026-08-06 10:13:51,784 INFO | mobauto2_benders.benders.solver | force-added CutType.OPTIMALITY cut 'opt_cut'
2026-08-06 10:13:51,784 INFO | mobauto2_benders.benders.solver | added 1 cut(s)
2026-08-06 10:13:51,784 INFO | mobauto2_benders.benders.solver | bounds: best_lb=1.03994 best_ub=2422.09 gap=2421.05 rel=1
SP result: recourse=2421 feasible=True
[SP PIPELINE] iter=6 build=0.000s solve=0.000s extract=0.000s post=0.000s cutgen=0.028s mode=mw lb_valid=True tl_inc=False vars=- bin=- cons=- lp=-
[CHECK] SP: recourse=2421 first=1.09 sp_total=2422.09
[CUT TIGHTNESS] raw_line(y)=2421  SP_ub=2421  diff=2.73e-12
[BENDERS] Added cut #5: const_out=4760, const_ret=4186, nnz=20, slope_range=[-735,-15], raw_pos_dm=0, scale=1
[BENDERS] Eval cut (dir): OUT lhs=0 rhs=1175; RET lhs=0 rhs=1246
Master updated: added 1 cut(s): opt_cut
[CUT SUMMARY] it=6 cand=OUT[0,2]|RET[0,3]|OUT[0,4]|RET[0,5]|OUT[0,7]|RET[0,8]|OUT[0,11]|RET[0,12]|OUT[0,15]|RET[0,16]|OUT[0,18]|RET[0,19]|...(+22) decision=added skip=None theta_total=0.0 rec_total=2421.000009 raw_rhs_total=2421.0000090601234 rhs_total=2421.0000090601234 lhs_total=0.0
Timing: master=6.228s sp_solve=0.024s cutgen=0.028s cutadd=0.001s cuts_added=1 total_cuts=6
MP stats: nodes=4025 best_bound=1.0399391780004856 incumbent=1.0899999997539624 gap=0.045927359413012785
[CHECK] GAP: LB=1.03994 UB=2422.09 gap=2421.05 rel=1

=== Iteration 7 ===
Solving Master (MP)...
[SCHEDULE] master gap-tied: time_limit_s=30 mipgap=0.05 g_bd=1
[MIPSTART] x-only start applied: n_out=66 n_ret=66
Warning:  No solution found from 1 MIP starts.
2026-08-06 10:13:57,667 INFO | mobauto2_benders.benders.solver | iter=7 master status=SolveStatus.FEASIBLE obj=1.11 lb=1.06293
MP raw solver: status=ok term=optimal incumbent=1.11 best_bound=1.0629281767955805
MP solutions: count=1 keys=['Gap', 'Status', 'Message', 'Problem', 'Objective', 'Variable', 'Constraint']
Shuttle totals (OUT+RET): q0=12, q1=12, q2=12
MP stats (solver): nodes=4018 best_bound=1.0629281767955805 incumbent=1.11 gap=0.042407047928089095
MP result: status=SolveStatus.FEASIBLE obj=1.11 lb=1.06293
[CHECK] MP: first=1.11 theta=0 mp_total=1.11 inc_obj=1.11 best_bound=1.06293
[CHECK] MP bounds: mp_obj=1.11 mp_best_bound=1.06293 mp_best_integer=1.11 term=optimal status=ok gap=0.042407
[MP] iter=7 incumbent=1.11 best_bound=1.06293 gap=0.042407 (src: inc=cplex_api bb=cplex_api gap=cplex_api)
[MP] iter=7 cuts=6 obj=1.110 last_const=8946.000 last_nnz=20
[MW] core updated (t=0..): min=0.124 max=1.31 mean=0.765
Evaluating Subproblem (SP) at candidate...
2026-08-06 10:13:57,956 INFO | mobauto2_benders.benders.solver | force-added CutType.OPTIMALITY cut 'opt_cut'
2026-08-06 10:13:57,956 INFO | mobauto2_benders.benders.solver | added 1 cut(s)
2026-08-06 10:13:57,957 INFO | mobauto2_benders.benders.solver | bounds: best_lb=1.06293 best_ub=1351.11 gap=1350.05 rel=0.999
SP result: recourse=1350 feasible=True
[SP PIPELINE] iter=7 build=0.000s solve=0.000s extract=0.000s post=0.000s cutgen=0.022s mode=mw lb_valid=True tl_inc=False vars=- bin=- cons=- lp=-
[CHECK] SP: recourse=1350 first=1.11 sp_total=1351.11
[CUT TIGHTNESS] raw_line(y)=1350  SP_ub=1350  diff=2.27e-13
[BENDERS] Added cut #6: const_out=3554, const_ret=2866, nnz=17, slope_range=[-735,-15], raw_pos_dm=0, scale=1
[BENDERS] Eval cut (dir): OUT lhs=0 rhs=689; RET lhs=0 rhs=661
Master updated: added 1 cut(s): opt_cut
[CUT SUMMARY] it=7 cand=OUT[0,1]|RET[0,2]|OUT[0,3]|RET[0,4]|OUT[0,6]|RET[0,7]|OUT[0,10]|RET[0,11]|OUT[0,14]|RET[0,15]|OUT[0,17]|RET[0,18]|...(+24) decision=added skip=None theta_total=0.0 rec_total=1350.000022 raw_rhs_total=1350.0000220000002 rhs_total=1350.0000220000002 lhs_total=0.0
Timing: master=5.883s sp_solve=0.060s cutgen=0.022s cutadd=0.001s cuts_added=1 total_cuts=7
MP stats: nodes=4018 best_bound=1.0629281767955805 incumbent=1.11 gap=0.042407047928089095
[CHECK] GAP: LB=1.06293 UB=1351.11 gap=1350.05 rel=0.999

=== Iteration 8 ===
Solving Master (MP)...
[SCHEDULE] master gap-tied: time_limit_s=30 mipgap=0.05 g_bd=0.999
[MIPSTART] x-only start applied: n_out=66 n_ret=66
Warning:  No solution found from 1 MIP starts.
2026-08-06 10:14:10,892 INFO | mobauto2_benders.benders.solver | iter=8 master status=SolveStatus.FEASIBLE obj=1.32 lb=1.25467
MP raw solver: status=ok term=optimal incumbent=1.3199999990370006 best_bound=1.254671241821672
MP solutions: count=1 keys=['Gap', 'Status', 'Message', 'Problem', 'Objective', 'Variable', 'Constraint']
Shuttle totals (OUT+RET): q0=12, q1=12, q2=8
MP stats (solver): nodes=8549 best_bound=1.254671241821672 incumbent=1.3199999990370006 gap=0.049491482771242296
MP result: status=SolveStatus.FEASIBLE obj=1.32 lb=1.25467
[CHECK] MP: first=1.32 theta=0 mp_total=1.32 inc_obj=1.32 best_bound=1.25467
[CHECK] MP bounds: mp_obj=1.32 mp_best_bound=1.25467 mp_best_integer=1.32 term=optimal status=ok gap=0.0494915
[MP] iter=8 incumbent=1.32 best_bound=1.25467 gap=0.0494915 (src: inc=cplex_api bb=cplex_api gap=cplex_api)
[MP] iter=8 cuts=7 obj=1.320 last_const=6420.000 last_nnz=17
[MW] core updated (t=0..): min=0.0865 max=1.45 mean=0.754
Evaluating Subproblem (SP) at candidate...
2026-08-06 10:14:11,053 INFO | mobauto2_benders.benders.solver | force-added CutType.OPTIMALITY cut 'opt_cut'
2026-08-06 10:14:11,054 INFO | mobauto2_benders.benders.solver | added 1 cut(s)
2026-08-06 10:14:11,054 INFO | mobauto2_benders.benders.solver | bounds: best_lb=1.25467 best_ub=1351.11 gap=1349.86 rel=0.999
SP result: recourse=1733 feasible=True
[SP PIPELINE] iter=8 build=0.000s solve=0.000s extract=0.000s post=0.000s cutgen=0.023s mode=mw lb_valid=True tl_inc=False vars=- bin=- cons=- lp=-
[CHECK] SP: recourse=1733 first=1.32 sp_total=1734.32
[CUT TIGHTNESS] raw_line(y)=1733  SP_ub=1733  diff=1.59e-12
[BENDERS] Added cut #7: const_out=3933, const_ret=5525, nnz=23, slope_range=[-1.35e+03,-15], raw_pos_dm=0, scale=1
[BENDERS] Eval cut (dir): OUT lhs=0 rhs=1038; RET lhs=0 rhs=695
Master updated: added 1 cut(s): opt_cut
[CUT SUMMARY] it=8 cand=OUT[0,2]|RET[0,3]|OUT[0,5]|RET[0,6]|OUT[0,8]|RET[0,9]|OUT[0,13]|RET[0,15]|OUT[0,17]|RET[0,18]|OUT[0,19]|RET[0,20]|...(+20) decision=added skip=None theta_total=0.0 rec_total=1733.000029 raw_rhs_total=1733.0000308179951 rhs_total=1733.0000308179933 lhs_total=0.0
Timing: master=12.936s sp_solve=0.031s cutgen=0.023s cutadd=0.001s cuts_added=1 total_cuts=8
MP stats: nodes=8549 best_bound=1.254671241821672 incumbent=1.3199999990370006 gap=0.049491482771242296
[CHECK] GAP: LB=1.25467 UB=1351.11 gap=1349.86 rel=0.999

=== Iteration 9 ===
Solving Master (MP)...
[SCHEDULE] master gap-tied: time_limit_s=30 mipgap=0.05 g_bd=0.999
[MIPSTART] x-only start applied: n_out=66 n_ret=66
Warning:  No solution found from 1 MIP starts.
2026-08-06 10:14:24,781 INFO | mobauto2_benders.benders.solver | iter=9 master status=SolveStatus.FEASIBLE obj=1.34 lb=1.27303
MP raw solver: status=ok term=optimal incumbent=1.3399999992719995 best_bound=1.273026052104232
MP solutions: count=1 keys=['Gap', 'Status', 'Message', 'Problem', 'Objective', 'Variable', 'Constraint']
Shuttle totals (OUT+RET): q0=12, q1=12, q2=10
MP stats (solver): nodes=8053 best_bound=1.273026052104232 incumbent=1.3399999992719995 gap=0.049980557611309935
MP result: status=SolveStatus.FEASIBLE obj=1.34 lb=1.27303
[CHECK] MP: first=1.34 theta=0 mp_total=1.34 inc_obj=1.34 best_bound=1.27303
[CHECK] MP bounds: mp_obj=1.34 mp_best_bound=1.27303 mp_best_integer=1.34 term=optimal status=ok gap=0.0499806
[MP] iter=9 incumbent=1.34 best_bound=1.27303 gap=0.0499806 (src: inc=cplex_api bb=cplex_api gap=cplex_api)
[MP] iter=9 cuts=8 obj=1.340 last_const=9458.000 last_nnz=23
[MW] core updated (t=0..): min=0.0605 max=1.51 mean=0.759
Evaluating Subproblem (SP) at candidate...
2026-08-06 10:14:24,960 INFO | mobauto2_benders.benders.solver | force-added CutType.OPTIMALITY cut 'opt_cut'
2026-08-06 10:14:24,960 INFO | mobauto2_benders.benders.solver | added 1 cut(s)
2026-08-06 10:14:24,960 INFO | mobauto2_benders.benders.solver | bounds: best_lb=1.27303 best_ub=1351.11 gap=1349.84 rel=0.999
SP result: recourse=1485 feasible=True
[SP PIPELINE] iter=9 build=0.000s solve=0.000s extract=0.000s post=0.000s cutgen=0.031s mode=mw lb_valid=True tl_inc=False vars=- bin=- cons=- lp=-
[CHECK] SP: recourse=1485 first=1.34 sp_total=1486.34
[CUT TIGHTNESS] raw_line(y)=1485  SP_ub=1485  diff=-6.82e-13
[BENDERS] Added cut #8: const_out=4019, const_ret=5326, nnz=23, slope_range=[-1.35e+03,-15], raw_pos_dm=0, scale=1
[BENDERS] Eval cut (dir): OUT lhs=0 rhs=989; RET lhs=0 rhs=496
Master updated: added 1 cut(s): opt_cut
[CUT SUMMARY] it=9 cand=OUT[0,2]|RET[0,3]|OUT[0,5]|RET[0,6]|OUT[0,7]|RET[0,8]|OUT[0,11]|RET[0,12]|OUT[0,16]|RET[0,17]|OUT[0,19]|RET[0,20]|...(+22) decision=added skip=None theta_total=0.0 rec_total=1485.00003 raw_rhs_total=1485.0000309811076 rhs_total=1485.0000309811066 lhs_total=0.0
Timing: master=13.727s sp_solve=0.065s cutgen=0.031s cutadd=0.002s cuts_added=1 total_cuts=9
MP stats: nodes=8053 best_bound=1.273026052104232 incumbent=1.3399999992719995 gap=0.049980557611309935
[CHECK] GAP: LB=1.27303 UB=1351.11 gap=1349.84 rel=0.999

=== Iteration 10 ===
Solving Master (MP)...
[SCHEDULE] master gap-tied: time_limit_s=30 mipgap=0.05 g_bd=0.999
[MIPSTART] x-only start applied: n_out=66 n_ret=66
Warning:  No solution found from 1 MIP starts.
2026-08-06 10:14:31,736 INFO | mobauto2_benders.benders.solver | iter=10 master status=SolveStatus.FEASIBLE obj=1.34 lb=1.27302
MP raw solver: status=ok term=optimal incumbent=1.34 best_bound=1.2730194376246595
MP solutions: count=1 keys=['Gap', 'Status', 'Message', 'Problem', 'Objective', 'Variable', 'Constraint']
Shuttle totals (OUT+RET): q0=12, q1=12, q2=10
MP stats (solver): nodes=6477 best_bound=1.2730194376246595 incumbent=1.34 gap=0.04998549430622538
MP result: status=SolveStatus.FEASIBLE obj=1.34 lb=1.27302
[CHECK] MP: first=1.34 theta=0 mp_total=1.34 inc_obj=1.34 best_bound=1.27302
[CHECK] MP bounds: mp_obj=1.34 mp_best_bound=1.27302 mp_best_integer=1.34 term=optimal status=ok gap=0.0499855
[MP] iter=10 incumbent=1.34 best_bound=1.27302 gap=0.0499855 (src: inc=cplex_api bb=cplex_api gap=cplex_api)
[MP] iter=10 cuts=9 obj=1.340 last_const=9345.001 last_nnz=23
[MW] core updated (t=0..): min=0.0424 max=1.66 mean=0.763
Evaluating Subproblem (SP) at candidate...
2026-08-06 10:14:31,873 INFO | mobauto2_benders.benders.solver | force-added CutType.OPTIMALITY cut 'opt_cut'
2026-08-06 10:14:31,873 INFO | mobauto2_benders.benders.solver | added 1 cut(s)
2026-08-06 10:14:31,875 INFO | mobauto2_benders.benders.solver | bounds: best_lb=1.27303 best_ub=1252.34 gap=1251.07 rel=0.999
SP result: recourse=1251 feasible=True
[SP PIPELINE] iter=10 build=0.000s solve=0.000s extract=0.000s post=0.000s cutgen=0.025s mode=mw lb_valid=True tl_inc=False vars=- bin=- cons=- lp=-
[CHECK] SP: recourse=1251 first=1.34 sp_total=1252.34
[CUT TIGHTNESS] raw_line(y)=1251  SP_ub=1251  diff=-2.27e-13
[BENDERS] Added cut #9: const_out=6894, const_ret=837, nnz=21, slope_range=[-1.41e+03,-15], raw_pos_dm=0, scale=1
[BENDERS] Eval cut (dir): OUT lhs=0 rhs=519; RET lhs=0 rhs=732
Master updated: added 1 cut(s): opt_cut
[CUT SUMMARY] it=10 cand=OUT[0,2]|RET[0,3]|OUT[0,4]|RET[0,5]|OUT[0,7]|RET[0,8]|OUT[0,11]|RET[0,12]|OUT[0,15]|RET[0,17]|OUT[0,19]|RET[0,20]|...(+22) decision=added skip=None theta_total=0.0 rec_total=1251.000029 raw_rhs_total=1251.0000289999994 rhs_total=1251.0000290000003 lhs_total=0.0
Timing: master=6.775s sp_solve=0.022s cutgen=0.025s cutadd=0.002s cuts_added=1 total_cuts=10
MP stats: nodes=6477 best_bound=1.2730194376246595 incumbent=1.34 gap=0.04998549430622538
[CHECK] GAP: LB=1.27303 UB=1252.34 gap=1251.07 rel=0.999

=== Iteration 11 ===
Solving Master (MP)...
[SCHEDULE] master gap-tied: time_limit_s=30 mipgap=0.05 g_bd=0.999
[MIPSTART] x-only start applied: n_out=66 n_ret=66
Warning:  No solution found from 1 MIP starts.
2026-08-06 10:14:33,751 INFO | mobauto2_benders.benders.solver | iter=11 master status=SolveStatus.FEASIBLE obj=2.36 lb=2.24661
MP raw solver: status=ok term=optimal incumbent=2.36 best_bound=2.2466136555021574
MP solutions: count=1 keys=['Gap', 'Status', 'Message', 'Problem', 'Objective', 'Variable', 'Constraint']
Shuttle totals (OUT+RET): q0=12, q1=12, q2=12
MP stats (solver): nodes=554 best_bound=2.2466136555021574 incumbent=2.36 gap=0.04804506122586354
MP result: status=SolveStatus.FEASIBLE obj=2.36 lb=2.24661
[CHECK] MP: first=2.36 theta=0 mp_total=2.36 inc_obj=2.36 best_bound=2.24661
[CHECK] MP bounds: mp_obj=2.36 mp_best_bound=2.24661 mp_best_integer=2.36 term=optimal status=ok gap=0.0480451
[MP] iter=11 incumbent=2.36 best_bound=2.24661 gap=0.0480451 (src: inc=cplex_api bb=cplex_api gap=cplex_api)
[MP] iter=11 cuts=10 obj=2.360 last_const=7731.000 last_nnz=21
[MW] core updated (t=0..): min=0.0297 max=1.76 mean=0.78
Evaluating Subproblem (SP) at candidate...
2026-08-06 10:14:33,886 INFO | mobauto2_benders.benders.solver | force-added CutType.OPTIMALITY cut 'opt_cut'
2026-08-06 10:14:33,886 INFO | mobauto2_benders.benders.solver | added 1 cut(s)
2026-08-06 10:14:33,886 INFO | mobauto2_benders.benders.solver | bounds: best_lb=2.24661 best_ub=1252.34 gap=1250.09 rel=0.998
SP result: recourse=1367 feasible=True
[SP PIPELINE] iter=11 build=0.000s solve=0.000s extract=0.000s post=0.000s cutgen=0.031s mode=mw lb_valid=True tl_inc=False vars=- bin=- cons=- lp=-
[CHECK] SP: recourse=1367 first=2.36 sp_total=1369.36
[CUT TIGHTNESS] raw_line(y)=1367  SP_ub=1367  diff=1.36e-12
[BENDERS] Added cut #10: const_out=5518, const_ret=289, nnz=19, slope_range=[-1.44e+03,-15], raw_pos_dm=0, scale=1
[BENDERS] Eval cut (dir): OUT lhs=0 rhs=1168; RET lhs=0 rhs=199
Master updated: added 1 cut(s): opt_cut
[CUT SUMMARY] it=11 cand=OUT[0,1]|RET[0,2]|OUT[0,4]|RET[0,5]|OUT[0,6]|RET[0,7]|OUT[0,10]|RET[0,12]|OUT[0,17]|RET[0,18]|OUT[0,19]|RET[0,20]|...(+24) decision=added skip=None theta_total=0.0 rec_total=1367.000043 raw_rhs_total=1367.0000430000014 rhs_total=1367.0000429999998 lhs_total=0.0
Timing: master=1.877s sp_solve=0.031s cutgen=0.031s cutadd=0.001s cuts_added=1 total_cuts=11
MP stats: nodes=554 best_bound=2.2466136555021574 incumbent=2.36 gap=0.04804506122586354
[CHECK] GAP: LB=2.24661 UB=1252.34 gap=1250.09 rel=0.998

=== Iteration 12 ===
Solving Master (MP)...
[SCHEDULE] master gap-tied: time_limit_s=30 mipgap=0.05 g_bd=0.998
[MIPSTART] x-only start applied: n_out=66 n_ret=66
Warning:  No solution found from 1 MIP starts.
2026-08-06 10:14:36,286 INFO | mobauto2_benders.benders.solver | iter=12 master status=SolveStatus.FEASIBLE obj=112.61 lb=107.048
MP raw solver: status=ok term=optimal incumbent=112.60997849499807 best_bound=107.04827033386522
MP solutions: count=1 keys=['Gap', 'Status', 'Message', 'Problem', 'Objective', 'Variable', 'Constraint']
Shuttle totals (OUT+RET): q0=12, q1=12, q2=12
MP stats (solver): nodes=1463 best_bound=107.04827033386522 incumbent=112.60997849499807 gap=0.049389123730051665
MP result: status=SolveStatus.FEASIBLE obj=112.61 lb=107.048
[CHECK] MP: first=3.61 theta=109 mp_total=112.61 inc_obj=112.61 best_bound=107.048
[CHECK] MP bounds: mp_obj=112.61 mp_best_bound=107.048 mp_best_integer=112.61 term=optimal status=ok gap=0.0493891
[MP] iter=12 incumbent=112.61 best_bound=107.048 gap=0.0493891 (src: inc=cplex_api bb=cplex_api gap=cplex_api)
[MP] iter=12 cuts=11 obj=112.610 last_const=5807.000 last_nnz=19
[MW] core updated (t=0..): min=0.0208 max=1.96 mean=0.791
Evaluating Subproblem (SP) at candidate...
2026-08-06 10:14:36,424 INFO | mobauto2_benders.benders.solver | force-added CutType.OPTIMALITY cut 'opt_cut'
2026-08-06 10:14:36,424 INFO | mobauto2_benders.benders.solver | added 1 cut(s)
2026-08-06 10:14:36,424 INFO | mobauto2_benders.benders.solver | bounds: best_lb=107.048 best_ub=1252.34 gap=1145.29 rel=0.915
SP result: recourse=2203 feasible=True
[SP PIPELINE] iter=12 build=0.000s solve=0.000s extract=0.000s post=0.000s cutgen=0.023s mode=mw lb_valid=True tl_inc=False vars=- bin=- cons=- lp=-
[CHECK] SP: recourse=2203 first=3.61 sp_total=2206.61
[CUT TIGHTNESS] raw_line(y)=2203  SP_ub=2203  diff=1.36e-12
[BENDERS] Added cut #11: const_out=8396, const_ret=1067, nnz=21, slope_range=[-2.16e+03,-15], raw_pos_dm=0, scale=1
[BENDERS] Eval cut (dir): OUT lhs=0 rhs=1181; RET lhs=109 rhs=1022
Master updated: added 1 cut(s): opt_cut
[CUT SUMMARY] it=12 cand=OUT[0,2]|RET[0,3]|OUT[0,4]|RET[0,5]|OUT[0,7]|RET[0,8]|OUT[0,12]|RET[0,13]|OUT[0,16]|RET[0,17]|OUT[0,18]|RET[0,19]|...(+24) decision=added skip=None theta_total=108.99997849499805 rec_total=2203.0000849999997 raw_rhs_total=2203.000085000001 rhs_total=2203.000085000001 lhs_total=108.99997849499805
Timing: master=2.401s sp_solve=0.025s cutgen=0.023s cutadd=0.001s cuts_added=1 total_cuts=12
MP stats: nodes=1463 best_bound=107.04827033386522 incumbent=112.60997849499807 gap=0.049389123730051665
[CHECK] GAP: LB=107.048 UB=1252.34 gap=1145.29 rel=0.915

=== Iteration 13 ===
Solving Master (MP)...
[SCHEDULE] master gap-tied: time_limit_s=30 mipgap=0.05 g_bd=0.915
[MIPSTART] x-only start applied: n_out=66 n_ret=66
Warning:  No solution found from 1 MIP starts.
2026-08-06 10:14:40,658 INFO | mobauto2_benders.benders.solver | iter=13 master status=SolveStatus.FEASIBLE obj=157.36 lb=149.493
MP raw solver: status=ok term=optimal incumbent=157.35997849499796 best_bound=149.49306703493738
MP solutions: count=1 keys=['Gap', 'Status', 'Message', 'Problem', 'Objective', 'Variable', 'Constraint']
Shuttle totals (OUT+RET): q0=12, q1=12, q2=12
MP stats (solver): nodes=2719 best_bound=149.49306703493738 incumbent=157.35997849499796 gap=0.0499930893184867
MP result: status=SolveStatus.FEASIBLE obj=157.36 lb=149.493
[CHECK] MP: first=3.36 theta=154 mp_total=157.36 inc_obj=157.36 best_bound=149.493
[CHECK] MP bounds: mp_obj=157.36 mp_best_bound=149.493 mp_best_integer=157.36 term=optimal status=ok gap=0.0499931
[MP] iter=13 incumbent=157.36 best_bound=149.493 gap=0.0499931 (src: inc=cplex_api bb=cplex_api gap=cplex_api)
[MP] iter=13 cuts=12 obj=157.360 last_const=9463.000 last_nnz=21
[MW] core updated (t=0..): min=0.0145 max=2.27 mean=0.799
Evaluating Subproblem (SP) at candidate...
2026-08-06 10:14:40,777 INFO | mobauto2_benders.benders.solver | force-added CutType.OPTIMALITY cut 'opt_cut'
2026-08-06 10:14:40,777 INFO | mobauto2_benders.benders.solver | added 1 cut(s)
2026-08-06 10:14:40,777 INFO | mobauto2_benders.benders.solver | bounds: best_lb=149.493 best_ub=1252.34 gap=1102.85 rel=0.881
SP result: recourse=1424 feasible=True
[SP PIPELINE] iter=13 build=0.000s solve=0.000s extract=0.000s post=0.000s cutgen=0.022s mode=mw lb_valid=True tl_inc=False vars=- bin=- cons=- lp=-
[CHECK] SP: recourse=1424 first=3.36 sp_total=1427.36
[CUT TIGHTNESS] raw_line(y)=1424  SP_ub=1424  diff=2.73e-12
[BENDERS] Added cut #12: const_out=8153, const_ret=531, nnz=20, slope_range=[-2.16e+03,-15], raw_pos_dm=0, scale=1
[BENDERS] Eval cut (dir): OUT lhs=0 rhs=938; RET lhs=154 rhs=486
Master updated: added 1 cut(s): opt_cut
[CUT SUMMARY] it=13 cand=OUT[0,1]|RET[0,2]|OUT[0,4]|RET[0,5]|OUT[0,6]|RET[0,7]|OUT[0,10]|RET[0,11]|OUT[0,14]|RET[0,17]|OUT[0,19]|RET[0,20]|...(+24) decision=added skip=None theta_total=153.999978494998 rec_total=1424.0000799999998 raw_rhs_total=1424.0000800000025 rhs_total=1424.000080000001 lhs_total=153.999978494998
Timing: master=4.233s sp_solve=0.024s cutgen=0.022s cutadd=0.002s cuts_added=1 total_cuts=13
MP stats: nodes=2719 best_bound=149.49306703493738 incumbent=157.35997849499796 gap=0.0499930893184867
[CHECK] GAP: LB=149.493 UB=1252.34 gap=1102.85 rel=0.881

=== Iteration 14 ===
Solving Master (MP)...
[SCHEDULE] master gap-tied: time_limit_s=30 mipgap=0.05 g_bd=0.881
[MIPSTART] x-only start applied: n_out=66 n_ret=66
Warning:  No solution found from 1 MIP starts.
2026-08-06 10:14:42,388 INFO | mobauto2_benders.benders.solver | iter=14 master status=SolveStatus.FEASIBLE obj=726.09 lb=695.536
MP raw solver: status=ok term=optimal incumbent=726.089989494998 best_bound=695.5362777922624
MP solutions: count=1 keys=['Gap', 'Status', 'Message', 'Problem', 'Objective', 'Variable', 'Constraint']
Shuttle totals (OUT+RET): q0=12, q1=12, q2=10
MP stats (solver): nodes=32 best_bound=695.5362777922624 incumbent=726.089989494998 gap=0.04207978645178929
MP result: status=SolveStatus.FEASIBLE obj=726.09 lb=695.536
[CHECK] MP: first=3.09 theta=723 mp_total=726.09 inc_obj=726.09 best_bound=695.536
[CHECK] MP bounds: mp_obj=726.09 mp_best_bound=695.536 mp_best_integer=726.09 term=optimal status=ok gap=0.0420798
[MP] iter=14 incumbent=726.09 best_bound=695.536 gap=0.0420798 (src: inc=cplex_api bb=cplex_api gap=cplex_api)
[MP] iter=14 cuts=13 obj=726.090 last_const=8684.000 last_nnz=20
[MW] core updated (t=0..): min=0.0102 max=2.49 mean=0.791
Evaluating Subproblem (SP) at candidate...
2026-08-06 10:14:42,536 INFO | mobauto2_benders.benders.solver | force-added CutType.OPTIMALITY cut 'opt_cut'
2026-08-06 10:14:42,536 INFO | mobauto2_benders.benders.solver | added 1 cut(s)
2026-08-06 10:14:42,536 INFO | mobauto2_benders.benders.solver | bounds: best_lb=695.536 best_ub=1252.34 gap=556.804 rel=0.445
SP result: recourse=2115 feasible=True
[SP PIPELINE] iter=14 build=0.000s solve=0.000s extract=0.000s post=0.000s cutgen=0.042s mode=mw lb_valid=True tl_inc=False vars=- bin=- cons=- lp=-
[CHECK] SP: recourse=2115 first=3.09 sp_total=2118.09
[CUT TIGHTNESS] raw_line(y)=2115  SP_ub=2115  diff=-4.55e-13
[BENDERS] Added cut #13: const_out=8307, const_ret=1788, nnz=23, slope_range=[-2.16e+03,-15], raw_pos_dm=0, scale=1
[BENDERS] Eval cut (dir): OUT lhs=644 rhs=1092; RET lhs=79 rhs=1023
Master updated: added 1 cut(s): opt_cut
[CUT SUMMARY] it=14 cand=OUT[0,2]|RET[0,3]|OUT[0,4]|RET[0,5]|OUT[0,9]|RET[0,10]|OUT[0,13]|RET[0,15]|OUT[0,16]|RET[0,17]|OUT[0,19]|RET[0,20]|...(+22) decision=added skip=None theta_total=722.9999894949981 rec_total=2115.000077 raw_rhs_total=2115.0000769999997 rhs_total=2115.0000770000006 lhs_total=722.9999894949981
Timing: master=1.610s sp_solve=0.033s cutgen=0.042s cutadd=0.001s cuts_added=1 total_cuts=14
MP stats: nodes=32 best_bound=695.5362777922624 incumbent=726.089989494998 gap=0.04207978645178929
[CHECK] GAP: LB=695.536 UB=1252.34 gap=556.804 rel=0.445

=== Iteration 15 ===
Solving Master (MP)...
[SCHEDULE] master gap-tied: time_limit_s=30 mipgap=0.05 g_bd=0.445
[MIPSTART] x-only start applied: n_out=66 n_ret=66
2026-08-06 10:14:44,274 INFO | mobauto2_benders.benders.solver | iter=15 master status=SolveStatus.FEASIBLE obj=741.11 lb=708.905
MP raw solver: status=ok term=optimal incumbent=741.1099894949983 best_bound=708.9054662438905
MP solutions: count=1 keys=['Gap', 'Status', 'Message', 'Problem', 'Objective', 'Variable', 'Constraint']
Shuttle totals (OUT+RET): q0=12, q1=12, q2=12
MP stats (solver): nodes=37 best_bound=708.9054662438905 incumbent=741.1099894949983 gap=0.043454444964435124
MP result: status=SolveStatus.FEASIBLE obj=741.11 lb=708.905
[CHECK] MP: first=3.11 theta=738 mp_total=741.11 inc_obj=741.11 best_bound=708.905
[CHECK] MP bounds: mp_obj=741.11 mp_best_bound=708.905 mp_best_integer=741.11 term=optimal status=ok gap=0.0434544
[MP] iter=15 incumbent=741.11 best_bound=708.905 gap=0.0434544 (src: inc=cplex_api bb=cplex_api gap=cplex_api)
[MP] iter=15 cuts=14 obj=741.110 last_const=10095.000 last_nnz=23
[MW] core updated (t=0..): min=0.00712 max=2.64 mean=0.799
Evaluating Subproblem (SP) at candidate...
2026-08-06 10:14:44,416 INFO | mobauto2_benders.benders.solver | force-added CutType.OPTIMALITY cut 'opt_cut'
2026-08-06 10:14:44,417 INFO | mobauto2_benders.benders.solver | added 1 cut(s)
2026-08-06 10:14:44,418 INFO | mobauto2_benders.benders.solver | bounds: best_lb=708.905 best_ub=1252.34 gap=543.435 rel=0.434
SP result: recourse=1483 feasible=True
[SP PIPELINE] iter=15 build=0.000s solve=0.000s extract=0.000s post=0.000s cutgen=0.024s mode=mw lb_valid=True tl_inc=False vars=- bin=- cons=- lp=-
[CHECK] SP: recourse=1483 first=3.11 sp_total=1486.11
[CUT TIGHTNESS] raw_line(y)=1483  SP_ub=1483  diff=9.09e-13
[BENDERS] Added cut #14: const_out=8110, const_ret=633, nnz=20, slope_range=[-2.16e+03,-15], raw_pos_dm=0, scale=1
[BENDERS] Eval cut (dir): OUT lhs=659 rhs=895; RET lhs=79 rhs=588
Master updated: added 1 cut(s): opt_cut
[CUT SUMMARY] it=15 cand=OUT[0,2]|RET[0,3]|OUT[0,4]|RET[0,5]|OUT[0,9]|RET[0,10]|OUT[0,11]|RET[0,13]|OUT[0,17]|RET[0,18]|OUT[0,19]|RET[0,20]|...(+24) decision=added skip=None theta_total=737.9999894949983 rec_total=1483.000082 raw_rhs_total=1483.0000820000016 rhs_total=1483.0000820000012 lhs_total=737.9999894949983
Timing: master=1.735s sp_solve=0.040s cutgen=0.024s cutadd=0.003s cuts_added=1 total_cuts=15
MP stats: nodes=37 best_bound=708.9054662438905 incumbent=741.1099894949983 gap=0.043454444964435124
[CHECK] GAP: LB=708.905 UB=1252.34 gap=543.435 rel=0.434

=== Iteration 16 ===
Solving Master (MP)...
[SCHEDULE] master gap-tied: time_limit_s=30 mipgap=0.05 g_bd=0.434
[MIPSTART] x-only start applied: n_out=66 n_ret=66
2026-08-06 10:14:46,544 INFO | mobauto2_benders.benders.solver | iter=16 master status=SolveStatus.FEASIBLE obj=755.84 lb=728.178
MP raw solver: status=ok term=optimal incumbent=755.8399893373105 best_bound=728.1781798652964
MP solutions: count=1 keys=['Gap', 'Status', 'Message', 'Problem', 'Objective', 'Variable', 'Constraint']
Shuttle totals (OUT+RET): q0=12, q1=12, q2=10
MP stats (solver): nodes=22 best_bound=728.1781798652964 incumbent=755.8399893373105 gap=0.03659744107514493
MP result: status=SolveStatus.FEASIBLE obj=755.84 lb=728.178
[CHECK] MP: first=2.84 theta=753 mp_total=755.84 inc_obj=755.84 best_bound=728.178
[CHECK] MP bounds: mp_obj=755.84 mp_best_bound=728.178 mp_best_integer=755.84 term=optimal status=ok gap=0.0365974
[MP] iter=16 incumbent=755.84 best_bound=728.178 gap=0.0365974 (src: inc=cplex_api bb=cplex_api gap=cplex_api)
[MP] iter=16 cuts=15 obj=755.840 last_const=8743.000 last_nnz=20
[MW] core updated (t=0..): min=0.00498 max=2.75 mean=0.791
Evaluating Subproblem (SP) at candidate...
2026-08-06 10:14:46,697 INFO | mobauto2_benders.benders.solver | force-added CutType.OPTIMALITY cut 'opt_cut'
2026-08-06 10:14:46,697 INFO | mobauto2_benders.benders.solver | added 1 cut(s)
2026-08-06 10:14:46,697 INFO | mobauto2_benders.benders.solver | bounds: best_lb=728.178 best_ub=1252.34 gap=524.162 rel=0.419
SP result: recourse=2110 feasible=True
[SP PIPELINE] iter=16 build=0.000s solve=0.000s extract=0.000s post=0.000s cutgen=0.028s mode=mw lb_valid=True tl_inc=False vars=- bin=- cons=- lp=-
[CHECK] SP: recourse=2110 first=2.84 sp_total=2112.84
[CUT TIGHTNESS] raw_line(y)=2110  SP_ub=2110  diff=-1.36e-12
[BENDERS] Added cut #15: const_out=8357, const_ret=1028, nnz=22, slope_range=[-2.16e+03,-15], raw_pos_dm=0, scale=1
[BENDERS] Eval cut (dir): OUT lhs=644 rhs=1142; RET lhs=109 rhs=968
Master updated: added 1 cut(s): opt_cut
[CUT SUMMARY] it=16 cand=OUT[0,2]|RET[0,3]|OUT[0,4]|RET[0,5]|OUT[0,7]|RET[0,8]|OUT[0,13]|RET[0,14]|OUT[0,15]|RET[0,17]|OUT[0,19]|RET[0,20]|...(+22) decision=added skip=None theta_total=752.9999893367334 rec_total=2110.000077 raw_rhs_total=2110.000075392747 rhs_total=2110.000075392749 lhs_total=752.9999893367334
Timing: master=2.126s sp_solve=0.023s cutgen=0.028s cutadd=0.001s cuts_added=1 total_cuts=16
MP stats: nodes=22 best_bound=728.1781798652964 incumbent=755.8399893373105 gap=0.03659744107514493
[CHECK] GAP: LB=728.178 UB=1252.34 gap=524.162 rel=0.419

=== Iteration 17 ===
Solving Master (MP)...
[SCHEDULE] master gap-tied: time_limit_s=30 mipgap=0.05 g_bd=0.419
[MIPSTART] x-only start applied: n_out=66 n_ret=66
2026-08-06 10:14:49,195 INFO | mobauto2_benders.benders.solver | iter=17 master status=SolveStatus.FEASIBLE obj=755.86 lb=727.324
MP raw solver: status=ok term=optimal incumbent=755.859989494998 best_bound=727.3240927612966
MP solutions: count=1 keys=['Gap', 'Status', 'Message', 'Problem', 'Objective', 'Variable', 'Constraint']
Shuttle totals (OUT+RET): q0=12, q1=12, q2=12
MP stats (solver): nodes=28 best_bound=727.3240927612966 incumbent=755.859989494998 gap=0.037752886950350305
MP result: status=SolveStatus.FEASIBLE obj=755.86 lb=727.324
[CHECK] MP: first=2.86 theta=753 mp_total=755.86 inc_obj=755.86 best_bound=727.324
[CHECK] MP bounds: mp_obj=755.86 mp_best_bound=727.324 mp_best_integer=755.86 term=optimal status=ok gap=0.0377529
[MP] iter=17 incumbent=755.86 best_bound=727.324 gap=0.0377529 (src: inc=cplex_api bb=cplex_api gap=cplex_api)
[MP] iter=17 cuts=16 obj=755.860 last_const=9385.000 last_nnz=22
[MW] core updated (t=0..): min=0.00349 max=2.82 mean=0.799
Evaluating Subproblem (SP) at candidate...
2026-08-06 10:14:49,351 INFO | mobauto2_benders.benders.solver | force-added CutType.OPTIMALITY cut 'opt_cut'
2026-08-06 10:14:49,352 INFO | mobauto2_benders.benders.solver | added 1 cut(s)
2026-08-06 10:14:49,352 INFO | mobauto2_benders.benders.solver | bounds: best_lb=728.178 best_ub=1140.86 gap=412.682 rel=0.362
SP result: recourse=1138 feasible=True
[SP PIPELINE] iter=17 build=0.000s solve=0.000s extract=0.000s post=0.000s cutgen=0.029s mode=mw lb_valid=True tl_inc=False vars=- bin=- cons=- lp=-
[CHECK] SP: recourse=1138 first=2.86 sp_total=1140.86
[CUT TIGHTNESS] raw_line(y)=1138  SP_ub=1138  diff=-2.27e-13
[BENDERS] Added cut #16: const_out=7920, const_ret=1213, nnz=21, slope_range=[-2.16e+03,-15], raw_pos_dm=0, scale=1
[BENDERS] Eval cut (dir): OUT lhs=644 rhs=705; RET lhs=109 rhs=433
Master updated: added 1 cut(s): opt_cut
[CUT SUMMARY] it=17 cand=OUT[0,2]|RET[0,3]|OUT[0,4]|RET[0,5]|OUT[0,9]|RET[0,10]|OUT[0,11]|RET[0,12]|OUT[0,16]|RET[0,17]|OUT[0,18]|RET[0,19]|...(+24) decision=added skip=None theta_total=752.9999894949981 rec_total=1138.000077 raw_rhs_total=1138.000077 rhs_total=1138.0000770000008 lhs_total=752.9999894949981
Timing: master=2.498s sp_solve=0.023s cutgen=0.029s cutadd=0.002s cuts_added=1 total_cuts=17
MP stats: nodes=28 best_bound=727.3240927612966 incumbent=755.859989494998 gap=0.037752886950350305
[CHECK] GAP: LB=728.178 UB=1140.86 gap=412.682 rel=0.362

=== Iteration 18 ===
Solving Master (MP)...
[SCHEDULE] master gap-tied: time_limit_s=30 mipgap=0.05 g_bd=0.362
[MIPSTART] x-only start applied: n_out=66 n_ret=66
2026-08-06 10:14:51,298 INFO | mobauto2_benders.benders.solver | iter=18 master status=SolveStatus.FEASIBLE obj=756.86 lb=741.58
MP raw solver: status=ok term=optimal incumbent=756.8600343939963 best_bound=741.5796310028381
MP solutions: count=1 keys=['Gap', 'Status', 'Message', 'Problem', 'Objective', 'Variable', 'Constraint']
Shuttle totals (OUT+RET): q0=12, q1=12, q2=12
MP stats (solver): nodes=24 best_bound=741.5796310028381 incumbent=756.8600343939963 gap=0.020189206321867558
MP result: status=SolveStatus.FEASIBLE obj=756.86 lb=741.58
[CHECK] MP: first=2.86 theta=754 mp_total=756.86 inc_obj=756.86 best_bound=741.58
[CHECK] MP bounds: mp_obj=756.86 mp_best_bound=741.58 mp_best_integer=756.86 term=optimal status=ok gap=0.0201892
[MP] iter=18 incumbent=756.86 best_bound=741.58 gap=0.0201892 (src: inc=cplex_api bb=cplex_api gap=cplex_api)
[MP] iter=18 cuts=17 obj=756.860 last_const=9133.000 last_nnz=21
[MW] core updated (t=0..): min=0.00244 max=2.88 mean=0.805
Evaluating Subproblem (SP) at candidate...
2026-08-06 10:14:51,429 INFO | mobauto2_benders.benders.solver | force-added CutType.OPTIMALITY cut 'opt_cut'
2026-08-06 10:14:51,429 INFO | mobauto2_benders.benders.solver | added 1 cut(s)
2026-08-06 10:14:51,429 INFO | mobauto2_benders.benders.solver | bounds: best_lb=741.58 best_ub=1140.86 gap=399.28 rel=0.35
SP result: recourse=1661 feasible=True
[SP PIPELINE] iter=18 build=0.000s solve=0.000s extract=0.000s post=0.000s cutgen=0.024s mode=mw lb_valid=True tl_inc=False vars=- bin=- cons=- lp=-
[CHECK] SP: recourse=1661 first=2.86 sp_total=1663.86
[CUT TIGHTNESS] raw_line(y)=1661  SP_ub=1661  diff=-6.82e-13
[BENDERS] Added cut #17: const_out=8487, const_ret=449, nnz=20, slope_range=[-2.16e+03,-15], raw_pos_dm=0, scale=1
[BENDERS] Eval cut (dir): OUT lhs=660 rhs=1272; RET lhs=94 rhs=389
Master updated: added 1 cut(s): opt_cut
[CUT SUMMARY] it=18 cand=OUT[0,1]|RET[0,2]|OUT[0,4]|RET[0,5]|OUT[0,6]|RET[0,8]|OUT[0,13]|RET[0,14]|OUT[0,16]|RET[0,17]|OUT[0,18]|RET[0,19]|...(+24) decision=added skip=None theta_total=754.0000343937492 rec_total=1661.000077 raw_rhs_total=1661.0000770813947 rhs_total=1661.000077081395 lhs_total=754.0000343937492
Timing: master=1.946s sp_solve=0.027s cutgen=0.024s cutadd=0.002s cuts_added=1 total_cuts=18
MP stats: nodes=24 best_bound=741.5796310028381 incumbent=756.8600343939963 gap=0.020189206321867558
[CHECK] GAP: LB=741.58 UB=1140.86 gap=399.28 rel=0.35

=== Iteration 19 ===
Solving Master (MP)...
[SCHEDULE] master gap-tied: time_limit_s=29 mipgap=0.05 g_bd=0.35
[MIPSTART] x-only start applied: n_out=66 n_ret=66
2026-08-06 10:14:53,136 INFO | mobauto2_benders.benders.solver | iter=19 master status=SolveStatus.FEASIBLE obj=770.34 lb=738.63
MP raw solver: status=ok term=optimal incumbent=770.3399894949983 best_bound=738.6302648539801
MP solutions: count=1 keys=['Gap', 'Status', 'Message', 'Problem', 'Objective', 'Variable', 'Constraint']
Shuttle totals (OUT+RET): q0=12, q1=12, q2=10
MP stats (solver): nodes=30 best_bound=738.6302648539801 incumbent=770.3399894949983 gap=0.04116328513829549
MP result: status=SolveStatus.FEASIBLE obj=770.34 lb=738.63
[CHECK] MP: first=2.34 theta=768 mp_total=770.34 inc_obj=770.34 best_bound=738.63
[CHECK] MP bounds: mp_obj=770.34 mp_best_bound=738.63 mp_best_integer=770.34 term=optimal status=ok gap=0.0411633
[MP] iter=19 incumbent=770.34 best_bound=738.63 gap=0.0411633 (src: inc=cplex_api bb=cplex_api gap=cplex_api)
[MP] iter=19 cuts=18 obj=770.340 last_const=8936.000 last_nnz=20
[MW] core updated (t=0..): min=0.00171 max=2.91 mean=0.795
Evaluating Subproblem (SP) at candidate...
2026-08-06 10:14:53,265 INFO | mobauto2_benders.benders.solver | force-added CutType.OPTIMALITY cut 'opt_cut'
2026-08-06 10:14:53,265 INFO | mobauto2_benders.benders.solver | added 1 cut(s)
2026-08-06 10:14:53,265 INFO | mobauto2_benders.benders.solver | bounds: best_lb=741.58 best_ub=1140.86 gap=399.28 rel=0.35
SP result: recourse=1516 feasible=True
[SP PIPELINE] iter=19 build=0.000s solve=0.000s extract=0.000s post=0.000s cutgen=0.033s mode=mw lb_valid=True tl_inc=False vars=- bin=- cons=- lp=-
[CHECK] SP: recourse=1516 first=2.34 sp_total=1518.34
[CUT TIGHTNESS] raw_line(y)=1516  SP_ub=1516  diff=6.82e-13
[BENDERS] Added cut #18: const_out=8296, const_ret=1200, nnz=20, slope_range=[-2.16e+03,-15], raw_pos_dm=0, scale=1
[BENDERS] Eval cut (dir): OUT lhs=674 rhs=1081; RET lhs=94 rhs=435
Master updated: added 1 cut(s): opt_cut
[CUT SUMMARY] it=19 cand=OUT[0,2]|RET[0,3]|OUT[0,4]|RET[0,5]|OUT[0,8]|RET[0,10]|OUT[0,12]|RET[0,13]|OUT[0,16]|RET[0,17]|OUT[0,19]|RET[0,20]|...(+22) decision=added skip=None theta_total=767.9999894949983 rec_total=1516.000077 raw_rhs_total=1516.0000770000013 rhs_total=1516.0000770000017 lhs_total=767.9999894949983
Timing: master=1.703s sp_solve=0.021s cutgen=0.033s cutadd=0.002s cuts_added=1 total_cuts=19
MP stats: nodes=30 best_bound=738.6302648539801 incumbent=770.3399894949983 gap=0.04116328513829549
[CHECK] GAP: LB=741.58 UB=1140.86 gap=399.28 rel=0.35

=== Iteration 20 ===
Solving Master (MP)...
[SCHEDULE] master gap-tied: time_limit_s=27 mipgap=0.05 g_bd=0.35
[MIPSTART] x-only start applied: n_out=66 n_ret=66
2026-08-06 10:14:54,721 INFO | mobauto2_benders.benders.solver | iter=20 master status=SolveStatus.FEASIBLE obj=756.86 lb=735.918
MP raw solver: status=ok term=optimal incumbent=756.8600344949986 best_bound=735.9181749386339
MP solutions: count=1 keys=['Gap', 'Status', 'Message', 'Problem', 'Objective', 'Variable', 'Constraint']
Shuttle totals (OUT+RET): q0=12, q1=12, q2=12
MP stats (solver): nodes=228 best_bound=735.9181749386339 incumbent=756.8600344949986 gap=0.027669395399289334
MP result: status=SolveStatus.FEASIBLE obj=756.86 lb=735.918
[CHECK] MP: first=2.86 theta=754 mp_total=756.86 inc_obj=756.86 best_bound=735.918
[CHECK] MP bounds: mp_obj=756.86 mp_best_bound=735.918 mp_best_integer=756.86 term=optimal status=ok gap=0.0276694
[MP] iter=20 incumbent=756.86 best_bound=735.918 gap=0.0276694 (src: inc=cplex_api bb=cplex_api gap=cplex_api)
[MP] iter=20 cuts=19 obj=756.860 last_const=9496.000 last_nnz=20
[MW] core updated (t=0..): min=0.0012 max=2.94 mean=0.802
Evaluating Subproblem (SP) at candidate...
2026-08-06 10:14:54,875 INFO | mobauto2_benders.benders.solver | force-added CutType.OPTIMALITY cut 'opt_cut'
2026-08-06 10:14:54,876 INFO | mobauto2_benders.benders.solver | added 1 cut(s)
2026-08-06 10:14:54,876 INFO | mobauto2_benders.benders.solver | bounds: best_lb=741.58 best_ub=898.86 gap=157.28 rel=0.175
SP result: recourse=896 feasible=True
[SP PIPELINE] iter=20 build=0.000s solve=0.000s extract=0.000s post=0.000s cutgen=0.028s mode=mw lb_valid=True tl_inc=False vars=- bin=- cons=- lp=-
[CHECK] SP: recourse=896 first=2.86 sp_total=898.86
[CUT TIGHTNESS] raw_line(y)=896  SP_ub=896  diff=7.96e-13
[BENDERS] Added cut #19: const_out=7915, const_ret=256, nnz=20, slope_range=[-2.16e+03,-15], raw_pos_dm=0, scale=1
[BENDERS] Eval cut (dir): OUT lhs=675 rhs=700; RET lhs=79 rhs=196
Master updated: added 1 cut(s): opt_cut
[CUT SUMMARY] it=20 cand=OUT[0,2]|RET[0,3]|OUT[0,4]|RET[0,6]|OUT[0,9]|RET[0,10]|OUT[0,12]|RET[0,13]|OUT[0,17]|RET[0,18]|OUT[0,19]|RET[0,20]|...(+24) decision=added skip=None theta_total=754.0000344949985 rec_total=896.000077 raw_rhs_total=896.0000770000006 rhs_total=896.0000769999999 lhs_total=754.0000344949985
Timing: master=1.456s sp_solve=0.024s cutgen=0.028s cutadd=0.002s cuts_added=1 total_cuts=20
MP stats: nodes=228 best_bound=735.9181749386339 incumbent=756.8600344949986 gap=0.027669395399289334
[CHECK] GAP: LB=741.58 UB=898.86 gap=157.28 rel=0.175

=== Iteration 21 ===
Solving Master (MP)...
[SCHEDULE] master gap-tied: time_limit_s=25 mipgap=0.05 g_bd=0.175
[MIPSTART] x-only start applied: n_out=66 n_ret=66
2026-08-06 10:14:56,705 INFO | mobauto2_benders.benders.solver | iter=21 master status=SolveStatus.FEASIBLE obj=813.86 lb=773.169
MP raw solver: status=ok term=optimal incumbent=813.8600620000005 best_bound=773.1691438383776
MP solutions: count=1 keys=['Gap', 'Status', 'Message', 'Problem', 'Objective', 'Variable', 'Constraint']
Shuttle totals (OUT+RET): q0=12, q1=12, q2=12
MP stats (solver): nodes=659 best_bound=773.1691438383776 incumbent=813.8600620000005 gap=0.04999743821022867
MP result: status=SolveStatus.FEASIBLE obj=813.86 lb=773.169
[CHECK] MP: first=2.86 theta=811 mp_total=813.86 inc_obj=813.86 best_bound=773.169
[CHECK] MP bounds: mp_obj=813.86 mp_best_bound=773.169 mp_best_integer=813.86 term=optimal status=ok gap=0.0499974
[MP] iter=21 incumbent=813.86 best_bound=773.169 gap=0.0499974 (src: inc=cplex_api bb=cplex_api gap=cplex_api)
[MP] iter=21 cuts=20 obj=813.860 last_const=8171.000 last_nnz=20
[MW] core updated (t=0..): min=0.001 max=2.96 mean=0.807
Evaluating Subproblem (SP) at candidate...
2026-08-06 10:14:56,848 INFO | mobauto2_benders.benders.solver | force-added CutType.OPTIMALITY cut 'opt_cut'
2026-08-06 10:14:56,850 INFO | mobauto2_benders.benders.solver | added 1 cut(s)
2026-08-06 10:14:56,850 INFO | mobauto2_benders.benders.solver | bounds: best_lb=773.169 best_ub=898.86 gap=125.691 rel=0.14
SP result: recourse=1774 feasible=True
[SP PIPELINE] iter=21 build=0.000s solve=0.000s extract=0.000s post=0.000s cutgen=0.023s mode=mw lb_valid=True tl_inc=False vars=- bin=- cons=- lp=-
[CHECK] SP: recourse=1774 first=2.86 sp_total=1776.86
[CUT TIGHTNESS] raw_line(y)=1774  SP_ub=1774  diff=1.59e-12
[BENDERS] Added cut #20: const_out=7963, const_ret=3921, nnz=20, slope_range=[-2.16e+03,-15], raw_pos_dm=0, scale=1
[BENDERS] Eval cut (dir): OUT lhs=675 rhs=748; RET lhs=136 rhs=1026
Master updated: added 1 cut(s): opt_cut
[CUT SUMMARY] it=21 cand=OUT[0,1]|RET[0,2]|OUT[0,4]|RET[0,5]|OUT[0,6]|RET[0,7]|OUT[0,10]|RET[0,11]|OUT[0,15]|RET[0,16]|OUT[0,17]|RET[0,18]|...(+24) decision=added skip=None theta_total=811.0000620000006 rec_total=1774.00008 raw_rhs_total=1774.0000800000007 rhs_total=1774.0000799999993 lhs_total=811.0000620000006
Timing: master=1.829s sp_solve=0.025s cutgen=0.023s cutadd=0.002s cuts_added=1 total_cuts=21
MP stats: nodes=659 best_bound=773.1691438383776 incumbent=813.8600620000005 gap=0.04999743821022867
[CHECK] GAP: LB=773.169 UB=898.86 gap=125.691 rel=0.14

=== Iteration 22 ===
Solving Master (MP)...
[SCHEDULE] master gap-tied: time_limit_s=23 mipgap=0.05 g_bd=0.14
[MIPSTART] x-only start applied: n_out=66 n_ret=66
2026-08-06 10:14:58,637 INFO | mobauto2_benders.benders.solver | iter=22 master status=SolveStatus.FEASIBLE obj=812.86 lb=776.613
MP raw solver: status=ok term=optimal incumbent=812.860032 best_bound=776.6129051740936
MP solutions: count=1 keys=['Gap', 'Status', 'Message', 'Problem', 'Objective', 'Variable', 'Constraint']
Shuttle totals (OUT+RET): q0=12, q1=12, q2=12
MP stats (solver): nodes=424 best_bound=776.6129051740936 incumbent=812.860032 gap=0.0445920889193159
MP result: status=SolveStatus.FEASIBLE obj=812.86 lb=776.613
[CHECK] MP: first=2.86 theta=810 mp_total=812.86 inc_obj=812.86 best_bound=776.613
[CHECK] MP bounds: mp_obj=812.86 mp_best_bound=776.613 mp_best_integer=812.86 term=optimal status=ok gap=0.0445921
[MP] iter=22 incumbent=812.86 best_bound=776.613 gap=0.0445921 (src: inc=cplex_api bb=cplex_api gap=cplex_api)
[MP] iter=22 cuts=21 obj=812.860 last_const=11884.000 last_nnz=20
[MW] core updated (t=0..): min=0.001 max=2.97 mean=0.81
Evaluating Subproblem (SP) at candidate...
2026-08-06 10:14:58,750 INFO | mobauto2_benders.benders.solver | force-added CutType.OPTIMALITY cut 'opt_cut'
2026-08-06 10:14:58,750 INFO | mobauto2_benders.benders.solver | added 1 cut(s)
2026-08-06 10:14:58,752 INFO | mobauto2_benders.benders.solver | bounds: best_lb=776.613 best_ub=898.86 gap=122.247 rel=0.136
SP result: recourse=1095 feasible=True
[SP PIPELINE] iter=22 build=0.000s solve=0.000s extract=0.000s post=0.000s cutgen=0.023s mode=mw lb_valid=True tl_inc=False vars=- bin=- cons=- lp=-
[CHECK] SP: recourse=1095 first=2.86 sp_total=1097.86
[CUT TIGHTNESS] raw_line(y)=1095  SP_ub=1095  diff=6.82e-13
[BENDERS] Added cut #21: const_out=8109, const_ret=231, nnz=19, slope_range=[-2.16e+03,-15], raw_pos_dm=0, scale=1
[BENDERS] Eval cut (dir): OUT lhs=674 rhs=894; RET lhs=136 rhs=201
Master updated: added 1 cut(s): opt_cut
[CUT SUMMARY] it=22 cand=OUT[0,2]|RET[0,3]|OUT[0,4]|RET[0,5]|OUT[0,7]|RET[0,9]|OUT[0,14]|RET[0,15]|OUT[0,17]|RET[0,18]|OUT[0,19]|RET[0,20]|...(+24) decision=added skip=None theta_total=810.0000320000001 rec_total=1095.000077 raw_rhs_total=1095.0000770000006 rhs_total=1095.000077 lhs_total=810.0000320000001
Timing: master=1.787s sp_solve=0.022s cutgen=0.023s cutadd=0.002s cuts_added=1 total_cuts=22
MP stats: nodes=424 best_bound=776.6129051740936 incumbent=812.860032 gap=0.0445920889193159
[CHECK] GAP: LB=776.613 UB=898.86 gap=122.247 rel=0.136

=== Iteration 23 ===
Solving Master (MP)...
[SCHEDULE] master gap-tied: time_limit_s=21 mipgap=0.05 g_bd=0.136
[MIPSTART] x-only start applied: n_out=66 n_ret=66
2026-08-06 10:14:59,917 INFO | mobauto2_benders.benders.solver | iter=23 master status=SolveStatus.FEASIBLE obj=824.11 lb=783.207
MP raw solver: status=ok term=optimal incumbent=824.1100619999997 best_bound=783.2074502703845
MP solutions: count=1 keys=['Gap', 'Status', 'Message', 'Problem', 'Objective', 'Variable', 'Constraint']
Shuttle totals (OUT+RET): q0=12, q1=12, q2=12
MP stats (solver): nodes=174 best_bound=783.2074502703845 incumbent=824.1100619999997 gap=0.04963246247757902
MP result: status=SolveStatus.FEASIBLE obj=824.11 lb=783.207
[CHECK] MP: first=3.11 theta=821 mp_total=824.11 inc_obj=824.11 best_bound=783.207
[CHECK] MP bounds: mp_obj=824.11 mp_best_bound=783.207 mp_best_integer=824.11 term=optimal status=ok gap=0.0496325
[MP] iter=23 incumbent=824.11 best_bound=783.207 gap=0.0496325 (src: inc=cplex_api bb=cplex_api gap=cplex_api)
[MP] iter=23 cuts=22 obj=824.110 last_const=8340.000 last_nnz=19
[MW] core updated (t=0..): min=0.001 max=2.98 mean=0.813
Evaluating Subproblem (SP) at candidate...
2026-08-06 10:15:00,073 INFO | mobauto2_benders.benders.solver | force-added CutType.OPTIMALITY cut 'opt_cut'
2026-08-06 10:15:00,073 INFO | mobauto2_benders.benders.solver | added 1 cut(s)
2026-08-06 10:15:00,073 INFO | mobauto2_benders.benders.solver | bounds: best_lb=783.207 best_ub=898.86 gap=115.653 rel=0.129
SP result: recourse=1438 feasible=True
[SP PIPELINE] iter=23 build=0.000s solve=0.000s extract=0.000s post=0.000s cutgen=0.029s mode=mw lb_valid=True tl_inc=False vars=- bin=- cons=- lp=-
[CHECK] SP: recourse=1438 first=3.11 sp_total=1441.11
[CUT TIGHTNESS] raw_line(y)=1438  SP_ub=1438  diff=1.82e-12
[BENDERS] Added cut #22: const_out=8058, const_ret=625, nnz=20, slope_range=[-2.16e+03,-15], raw_pos_dm=0, scale=1
[BENDERS] Eval cut (dir): OUT lhs=685 rhs=843; RET lhs=136 rhs=595
Master updated: added 1 cut(s): opt_cut
[CUT SUMMARY] it=23 cand=OUT[0,2]|RET[0,3]|OUT[0,4]|RET[0,5]|OUT[0,7]|RET[0,8]|OUT[0,14]|RET[0,15]|OUT[0,17]|RET[0,18]|OUT[0,19]|RET[0,20]|...(+24) decision=added skip=None theta_total=821.000062 rec_total=1438.000082 raw_rhs_total=1438.0000820000018 rhs_total=1438.0000819999998 lhs_total=821.000062
Timing: master=1.168s sp_solve=0.034s cutgen=0.029s cutadd=0.002s cuts_added=1 total_cuts=23
MP stats: nodes=174 best_bound=783.2074502703845 incumbent=824.1100619999997 gap=0.04963246247757902
[CHECK] GAP: LB=783.207 UB=898.86 gap=115.653 rel=0.129

=== Iteration 24 ===
Solving Master (MP)...
[SCHEDULE] master gap-tied: time_limit_s=20 mipgap=0.05 g_bd=0.129
[MIPSTART] x-only start applied: n_out=66 n_ret=66
2026-08-06 10:15:02,517 INFO | mobauto2_benders.benders.solver | iter=24 master status=SolveStatus.FEASIBLE obj=818.61 lb=793.319
MP raw solver: status=ok term=optimal incumbent=818.6100770000004 best_bound=793.3186571812155
MP solutions: count=1 keys=['Gap', 'Status', 'Message', 'Problem', 'Objective', 'Variable', 'Constraint']
Shuttle totals (OUT+RET): q0=12, q1=12, q2=12
MP stats (solver): nodes=568 best_bound=793.3186571812155 incumbent=818.6100770000004 gap=0.03089556374808931
MP result: status=SolveStatus.FEASIBLE obj=818.61 lb=793.319
[CHECK] MP: first=2.61 theta=816 mp_total=818.61 inc_obj=818.61 best_bound=793.319
[CHECK] MP bounds: mp_obj=818.61 mp_best_bound=793.319 mp_best_integer=818.61 term=optimal status=ok gap=0.0308956
[MP] iter=24 incumbent=818.61 best_bound=793.319 gap=0.0308956 (src: inc=cplex_api bb=cplex_api gap=cplex_api)
[MP] iter=24 cuts=23 obj=818.610 last_const=8683.000 last_nnz=20
[MW] core updated (t=0..): min=0.001 max=2.99 mean=0.814
Evaluating Subproblem (SP) at candidate...
2026-08-06 10:15:02,671 INFO | mobauto2_benders.benders.solver | force-added CutType.OPTIMALITY cut 'opt_cut'
2026-08-06 10:15:02,671 INFO | mobauto2_benders.benders.solver | added 1 cut(s)
2026-08-06 10:15:02,671 INFO | mobauto2_benders.benders.solver | bounds: best_lb=793.319 best_ub=898.86 gap=105.541 rel=0.117
SP result: recourse=1194 feasible=True
[SP PIPELINE] iter=24 build=0.000s solve=0.000s extract=0.000s post=0.000s cutgen=0.023s mode=mw lb_valid=True tl_inc=False vars=- bin=- cons=- lp=-
[CHECK] SP: recourse=1194 first=2.61 sp_total=1196.61
[CUT TIGHTNESS] raw_line(y)=1194  SP_ub=1194  diff=2.27e-13
[BENDERS] Added cut #23: const_out=8013, const_ret=441, nnz=19, slope_range=[-2.16e+03,-15], raw_pos_dm=0, scale=1
[BENDERS] Eval cut (dir): OUT lhs=675 rhs=798; RET lhs=141 rhs=396
Master updated: added 1 cut(s): opt_cut
[CUT SUMMARY] it=24 cand=OUT[0,2]|RET[0,3]|OUT[0,4]|RET[0,6]|OUT[0,8]|RET[0,9]|OUT[0,12]|RET[0,13]|OUT[0,17]|RET[0,18]|OUT[0,19]|RET[0,20]|...(+24) decision=added skip=None theta_total=816.0000770000005 rec_total=1194.000077 raw_rhs_total=1194.0000770000006 rhs_total=1194.0000769999997 lhs_total=816.0000770000005
Timing: master=2.443s sp_solve=0.022s cutgen=0.023s cutadd=0.001s cuts_added=1 total_cuts=24
MP stats: nodes=568 best_bound=793.3186571812155 incumbent=818.6100770000004 gap=0.03089556374808931
[CHECK] GAP: LB=793.319 UB=898.86 gap=105.541 rel=0.117

=== Iteration 25 ===
Solving Master (MP)...
[SCHEDULE] master gap-tied: time_limit_s=17 mipgap=0.05 g_bd=0.117
[MIPSTART] x-only start applied: n_out=66 n_ret=66
2026-08-06 10:15:05,214 INFO | mobauto2_benders.benders.solver | iter=25 master status=SolveStatus.FEASIBLE obj=828.36 lb=787.132
MP raw solver: status=ok term=optimal incumbent=828.3600919999988 best_bound=787.1319719171505
MP solutions: count=1 keys=['Gap', 'Status', 'Message', 'Problem', 'Objective', 'Variable', 'Constraint']
Shuttle totals (OUT+RET): q0=12, q1=12, q2=12
MP stats (solver): nodes=520 best_bound=787.1319719171505 incumbent=828.3600919999988 gap=0.04977077056344155
MP result: status=SolveStatus.FEASIBLE obj=828.36 lb=787.132
[CHECK] MP: first=2.36 theta=826 mp_total=828.36 inc_obj=828.36 best_bound=787.132
[CHECK] MP bounds: mp_obj=828.36 mp_best_bound=787.132 mp_best_integer=828.36 term=optimal status=ok gap=0.0497708
[MP] iter=25 incumbent=828.36 best_bound=787.132 gap=0.0497708 (src: inc=cplex_api bb=cplex_api gap=cplex_api)
[MP] iter=25 cuts=24 obj=828.360 last_const=8454.000 last_nnz=19
[MW] core updated (t=0..): min=0.001 max=2.99 mean=0.816
Evaluating Subproblem (SP) at candidate...
2026-08-06 10:15:05,353 INFO | mobauto2_benders.benders.solver | force-added CutType.OPTIMALITY cut 'opt_cut'
2026-08-06 10:15:05,353 INFO | mobauto2_benders.benders.solver | added 1 cut(s)
2026-08-06 10:15:05,353 INFO | mobauto2_benders.benders.solver | bounds: best_lb=793.319 best_ub=898.86 gap=105.541 rel=0.117
SP result: recourse=905 feasible=True
[SP PIPELINE] iter=25 build=0.000s solve=0.000s extract=0.000s post=0.000s cutgen=0.024s mode=mw lb_valid=True tl_inc=False vars=- bin=- cons=- lp=-
[CHECK] SP: recourse=905 first=2.36 sp_total=907.36
[CUT TIGHTNESS] raw_line(y)=905  SP_ub=905  diff=5.68e-13
[BENDERS] Added cut #24: const_out=7915, const_ret=310, nnz=19, slope_range=[-2.16e+03,-15], raw_pos_dm=0, scale=1
[BENDERS] Eval cut (dir): OUT lhs=670 rhs=700; RET lhs=156 rhs=205
Master updated: added 1 cut(s): opt_cut
[CUT SUMMARY] it=25 cand=OUT[0,2]|RET[0,3]|OUT[0,4]|RET[0,5]|OUT[0,9]|RET[0,10]|OUT[0,12]|RET[0,13]|OUT[0,16]|RET[0,17]|OUT[0,19]|RET[0,20]|...(+24) decision=added skip=None theta_total=826.0000919999989 rec_total=905.00007 raw_rhs_total=905.0000700000004 rhs_total=905.0000699999998 lhs_total=826.0000919999989
Timing: master=2.542s sp_solve=0.030s cutgen=0.024s cutadd=0.002s cuts_added=1 total_cuts=25
MP stats: nodes=520 best_bound=787.1319719171505 incumbent=828.3600919999988 gap=0.04977077056344155
[CHECK] GAP: LB=793.319 UB=898.86 gap=105.541 rel=0.117

=== Iteration 26 ===
Solving Master (MP)...
[SCHEDULE] master gap-tied: time_limit_s=15 mipgap=0.05 g_bd=0.117
[MIPSTART] x-only start applied: n_out=66 n_ret=66
2026-08-06 10:15:07,813 INFO | mobauto2_benders.benders.solver | iter=26 master status=SolveStatus.FEASIBLE obj=838.61 lb=796.714
MP raw solver: status=ok term=optimal incumbent=838.6100619999999 best_bound=796.7135054117464
MP solutions: count=1 keys=['Gap', 'Status', 'Message', 'Problem', 'Objective', 'Variable', 'Constraint']
Shuttle totals (OUT+RET): q0=12, q1=12, q2=12
MP stats (solver): nodes=73 best_bound=796.7135054117464 incumbent=838.6100619999999 gap=0.04995952050507174
MP result: status=SolveStatus.FEASIBLE obj=838.61 lb=796.714
[CHECK] MP: first=2.61 theta=836 mp_total=838.61 inc_obj=838.61 best_bound=796.714
[CHECK] MP bounds: mp_obj=838.61 mp_best_bound=796.714 mp_best_integer=838.61 term=optimal status=ok gap=0.0499595
[MP] iter=26 incumbent=838.61 best_bound=796.714 gap=0.0499595 (src: inc=cplex_api bb=cplex_api gap=cplex_api)
[MP] iter=26 cuts=25 obj=838.610 last_const=8225.000 last_nnz=19
[MW] core updated (t=0..): min=0.001 max=2.99 mean=0.816
Evaluating Subproblem (SP) at candidate...
2026-08-06 10:15:07,960 INFO | mobauto2_benders.benders.solver | force-added CutType.OPTIMALITY cut 'opt_cut'
2026-08-06 10:15:07,960 INFO | mobauto2_benders.benders.solver | added 1 cut(s)
2026-08-06 10:15:07,960 INFO | mobauto2_benders.benders.solver | bounds: best_lb=796.714 best_ub=898.86 gap=102.147 rel=0.114
SP result: recourse=907 feasible=True
[SP PIPELINE] iter=26 build=0.000s solve=0.000s extract=0.000s post=0.000s cutgen=0.021s mode=mw lb_valid=True tl_inc=False vars=- bin=- cons=- lp=-
[CHECK] SP: recourse=907 first=2.61 sp_total=909.61
[CUT TIGHTNESS] raw_line(y)=907  SP_ub=907  diff=-1.14e-13
[BENDERS] Added cut #25: const_out=7914, const_ret=253, nnz=19, slope_range=[-2.16e+03,-15], raw_pos_dm=0, scale=1
[BENDERS] Eval cut (dir): OUT lhs=685 rhs=699; RET lhs=151 rhs=208
Master updated: added 1 cut(s): opt_cut
[CUT SUMMARY] it=26 cand=OUT[0,2]|RET[0,3]|OUT[0,4]|RET[0,5]|OUT[0,7]|RET[0,8]|OUT[0,11]|RET[0,12]|OUT[0,16]|RET[0,17]|OUT[0,18]|RET[0,19]|...(+24) decision=added skip=None theta_total=836.000062 rec_total=907.0000769999999 raw_rhs_total=907.0000769999998 rhs_total=907.0000769999999 lhs_total=836.000062
Timing: master=2.458s sp_solve=0.022s cutgen=0.021s cutadd=0.001s cuts_added=1 total_cuts=26
MP stats: nodes=73 best_bound=796.7135054117464 incumbent=838.6100619999999 gap=0.04995952050507174
[CHECK] GAP: LB=796.714 UB=898.86 gap=102.147 rel=0.114

=== Iteration 27 ===
Solving Master (MP)...
[SCHEDULE] master gap-tied: time_limit_s=12 mipgap=0.05 g_bd=0.114
[MIPSTART] x-only start applied: n_out=66 n_ret=66
2026-08-06 10:15:11,128 INFO | mobauto2_benders.benders.solver | iter=27 master status=SolveStatus.FEASIBLE obj=846.61 lb=804.856
MP raw solver: status=ok term=optimal incumbent=846.6100699999995 best_bound=804.8564782585355
MP solutions: count=1 keys=['Gap', 'Status', 'Message', 'Problem', 'Objective', 'Variable', 'Constraint']
Shuttle totals (OUT+RET): q0=12, q1=12, q2=12
MP stats (solver): nodes=2613 best_bound=804.8564782585355 incumbent=846.6100699999995 gap=0.049318562607528496
MP result: status=SolveStatus.FEASIBLE obj=846.61 lb=804.856
[CHECK] MP: first=2.61 theta=844 mp_total=846.61 inc_obj=846.61 best_bound=804.856
[CHECK] MP bounds: mp_obj=846.61 mp_best_bound=804.856 mp_best_integer=846.61 term=optimal status=ok gap=0.0493186
[MP] iter=27 incumbent=846.61 best_bound=804.856 gap=0.0493186 (src: inc=cplex_api bb=cplex_api gap=cplex_api)
[MP] iter=27 cuts=26 obj=846.610 last_const=8167.000 last_nnz=19
[MW] core updated (t=0..): min=0.001 max=3 mean=0.817
Evaluating Subproblem (SP) at candidate...
2026-08-06 10:15:11,309 INFO | mobauto2_benders.benders.solver | force-added CutType.OPTIMALITY cut 'opt_cut'
2026-08-06 10:15:11,309 INFO | mobauto2_benders.benders.solver | added 1 cut(s)
2026-08-06 10:15:11,309 INFO | mobauto2_benders.benders.solver | bounds: best_lb=804.856 best_ub=898.86 gap=94.0036 rel=0.105
SP result: recourse=1087 feasible=True
[SP PIPELINE] iter=27 build=0.000s solve=0.000s extract=0.000s post=0.000s cutgen=0.035s mode=mw lb_valid=True tl_inc=False vars=- bin=- cons=- lp=-
[CHECK] SP: recourse=1087 first=2.61 sp_total=1089.61
[CUT TIGHTNESS] raw_line(y)=1087  SP_ub=1087  diff=0
[BENDERS] Added cut #26: const_out=7917, const_ret=475, nnz=19, slope_range=[-2.16e+03,-15], raw_pos_dm=0, scale=1
[BENDERS] Eval cut (dir): OUT lhs=684 rhs=702; RET lhs=160 rhs=385
Master updated: added 1 cut(s): opt_cut
[CUT SUMMARY] it=27 cand=OUT[0,2]|RET[0,3]|OUT[0,4]|RET[0,5]|OUT[0,9]|RET[0,11]|OUT[0,14]|RET[0,15]|OUT[0,17]|RET[0,18]|OUT[0,19]|RET[0,20]|...(+24) decision=added skip=None theta_total=844.0000699999996 rec_total=1087.00007 raw_rhs_total=1087.0000700000005 rhs_total=1087.0000699999998 lhs_total=844.0000699999996
Timing: master=3.169s sp_solve=0.043s cutgen=0.035s cutadd=0.002s cuts_added=1 total_cuts=27
MP stats: nodes=2613 best_bound=804.8564782585355 incumbent=846.6100699999995 gap=0.049318562607528496
[CHECK] GAP: LB=804.856 UB=898.86 gap=94.0036 rel=0.105

=== Iteration 28 ===
Solving Master (MP)...
[SCHEDULE] master gap-tied: time_limit_s=9 mipgap=0.05 g_bd=0.105
[MIPSTART] x-only start applied: n_out=66 n_ret=66
2026-08-06 10:15:14,697 INFO | mobauto2_benders.benders.solver | iter=28 master status=SolveStatus.FEASIBLE obj=846.86 lb=804.91
MP raw solver: status=ok term=optimal incumbent=846.8600700000007 best_bound=804.9096882776948
MP solutions: count=1 keys=['Gap', 'Status', 'Message', 'Problem', 'Objective', 'Variable', 'Constraint']
Shuttle totals (OUT+RET): q0=12, q1=12, q2=12
MP stats (solver): nodes=1547 best_bound=804.9096882776948 incumbent=846.8600700000007 gap=0.04953637939535975
MP result: status=SolveStatus.FEASIBLE obj=846.86 lb=804.91
[CHECK] MP: first=2.86 theta=844 mp_total=846.86 inc_obj=846.86 best_bound=804.91
[CHECK] MP bounds: mp_obj=846.86 mp_best_bound=804.91 mp_best_integer=846.86 term=optimal status=ok gap=0.0495364
[MP] iter=28 incumbent=846.86 best_bound=804.91 gap=0.0495364 (src: inc=cplex_api bb=cplex_api gap=cplex_api)
[MP] iter=28 cuts=27 obj=846.860 last_const=8392.000 last_nnz=19
[MW] core updated (t=0..): min=0.001 max=3 mean=0.817
Evaluating Subproblem (SP) at candidate...
2026-08-06 10:15:15,053 INFO | mobauto2_benders.benders.solver | force-added CutType.OPTIMALITY cut 'opt_cut'
2026-08-06 10:15:15,054 INFO | mobauto2_benders.benders.solver | added 1 cut(s)
2026-08-06 10:15:15,054 INFO | mobauto2_benders.benders.solver | bounds: best_lb=804.91 best_ub=898.86 gap=93.9504 rel=0.105
SP result: recourse=903 feasible=True
[SP PIPELINE] iter=28 build=0.000s solve=0.000s extract=0.000s post=0.000s cutgen=0.069s mode=mw lb_valid=True tl_inc=False vars=- bin=- cons=- lp=-
[CHECK] SP: recourse=903 first=2.86 sp_total=905.86
[CUT TIGHTNESS] raw_line(y)=903  SP_ub=903  diff=-2.27e-13
[BENDERS] Added cut #27: const_out=7914, const_ret=294, nnz=19, slope_range=[-2.16e+03,-15], raw_pos_dm=0, scale=1
[BENDERS] Eval cut (dir): OUT lhs=675 rhs=699; RET lhs=169 rhs=204
Master updated: added 1 cut(s): opt_cut
[CUT SUMMARY] it=28 cand=OUT[0,2]|RET[0,3]|OUT[0,4]|RET[0,5]|OUT[0,8]|RET[0,10]|OUT[0,13]|RET[0,14]|OUT[0,16]|RET[0,17]|OUT[0,19]|RET[0,20]|...(+24) decision=added skip=None theta_total=844.0000700000008 rec_total=903.000075 raw_rhs_total=903.0000749999995 rhs_total=903.0000749999999 lhs_total=844.0000700000008
Timing: master=3.382s sp_solve=0.156s cutgen=0.069s cutadd=0.004s cuts_added=1 total_cuts=28
MP stats: nodes=1547 best_bound=804.9096882776948 incumbent=846.8600700000007 gap=0.04953637939535975
[CHECK] GAP: LB=804.91 UB=898.86 gap=93.9504 rel=0.105

=== Iteration 29 ===
Solving Master (MP)...
[SCHEDULE] master gap-tied: time_limit_s=5 mipgap=0.05 g_bd=0.105
[MIPSTART] x-only start applied: n_out=66 n_ret=66
2026-08-06 10:15:19,035 INFO | mobauto2_benders.benders.solver | iter=29 master status=SolveStatus.FEASIBLE obj=843.11 lb=801.158
MP raw solver: status=ok term=optimal incumbent=843.1100699999997 best_bound=801.1582647431685
MP solutions: count=1 keys=['Gap', 'Status', 'Message', 'Problem', 'Objective', 'Variable', 'Constraint']
Shuttle totals (OUT+RET): q0=12, q1=12, q2=12
MP stats (solver): nodes=978 best_bound=801.1582647431685 incumbent=843.1100699999997 gap=0.049758396619348
MP result: status=SolveStatus.FEASIBLE obj=843.11 lb=801.158
[CHECK] MP: first=2.11 theta=841 mp_total=843.11 inc_obj=843.11 best_bound=801.158
[CHECK] MP bounds: mp_obj=843.11 mp_best_bound=801.158 mp_best_integer=843.11 term=optimal status=ok gap=0.0497584
[MP] iter=29 incumbent=843.11 best_bound=801.158 gap=0.0497584 (src: inc=cplex_api bb=cplex_api gap=cplex_api)
[MP] iter=29 cuts=28 obj=843.110 last_const=8208.000 last_nnz=19
[MW] core updated (t=0..): min=0.001 max=3 mean=0.818
Evaluating Subproblem (SP) at candidate...
2026-08-06 10:15:19,421 INFO | mobauto2_benders.benders.solver | force-added CutType.OPTIMALITY cut 'opt_cut'
2026-08-06 10:15:19,421 INFO | mobauto2_benders.benders.solver | added 1 cut(s)
2026-08-06 10:15:19,422 INFO | mobauto2_benders.benders.solver | bounds: best_lb=804.91 best_ub=898.86 gap=93.9504 rel=0.105
SP result: recourse=901 feasible=True
[SP PIPELINE] iter=29 build=0.000s solve=0.000s extract=0.000s post=0.000s cutgen=0.063s mode=mw lb_valid=True tl_inc=False vars=- bin=- cons=- lp=-
[CHECK] SP: recourse=901 first=2.11 sp_total=903.11
[CUT TIGHTNESS] raw_line(y)=901  SP_ub=901  diff=5.68e-13
[BENDERS] Added cut #28: const_out=7915, const_ret=306, nnz=18, slope_range=[-2.16e+03,-15], raw_pos_dm=0, scale=1
[BENDERS] Eval cut (dir): OUT lhs=687 rhs=700; RET lhs=154 rhs=201
Master updated: added 1 cut(s): opt_cut
[CUT SUMMARY] it=29 cand=OUT[0,2]|RET[0,3]|OUT[0,4]|RET[0,5]|OUT[0,7]|RET[0,9]|OUT[0,14]|RET[0,15]|OUT[0,16]|RET[0,17]|OUT[0,19]|RET[0,20]|...(+24) decision=added skip=None theta_total=841.0000699999998 rec_total=901.00007 raw_rhs_total=901.0000700000004 rhs_total=901.0000699999998 lhs_total=841.0000699999998
Timing: master=3.981s sp_solve=0.073s cutgen=0.063s cutadd=0.005s cuts_added=1 total_cuts=29
MP stats: nodes=978 best_bound=801.1582647431685 incumbent=843.1100699999997 gap=0.049758396619348
[CHECK] GAP: LB=804.91 UB=898.86 gap=93.9504 rel=0.105

=== Iteration 30 ===
Solving Master (MP)...
[SCHEDULE] master gap-tied: time_limit_s=1 mipgap=0.05 g_bd=0.105
[MIPSTART] x-only start applied: n_out=66 n_ret=66
Advanced basis not built.
2026-08-06 10:15:20,860 WARNING | pyomo.core | Loading a SolverResults object with an 'aborted' status, but containing a solution
2026-08-06 10:15:20,887 WARNING | pyomo.core | Loading a SolverResults object with an 'aborted' status, but containing a solution
2026-08-06 10:15:20,898 INFO | mobauto2_benders.benders.solver | iter=30 master status=SolveStatus.FEASIBLE obj=903.11 lb=260.534
MP raw solver: status=aborted term=maxTimeLimit incumbent=903.1100699999994 best_bound=260.53436721898345
MP solutions: count=1 keys=['Gap', 'Status', 'Message', 'Problem', 'Objective', 'Variable', 'Constraint']
Shuttle totals (OUT+RET): q0=12, q1=12, q2=12
MP stats (solver): nodes=0 best_bound=260.53436721898345 incumbent=903.1100699999994 gap=0.7115142706591071
MP result: status=SolveStatus.FEASIBLE obj=903.11 lb=260.534
[CHECK] MP: first=2.11 theta=901 mp_total=903.11 inc_obj=903.11 best_bound=260.534
[CHECK] MP bounds: mp_obj=903.11 mp_best_bound=260.534 mp_best_integer=903.11 term=maxTimeLimit status=aborted gap=0.711514
[MP] iter=30 incumbent=903.11 best_bound=260.534 gap=0.711514 (src: inc=cplex_api bb=cplex_api gap=cplex_api)
[MP] iter=30 cuts=29 obj=903.110 last_const=8221.000 last_nnz=18
[MW] core updated (t=0..): min=0.001 max=3 mean=0.818
Evaluating Subproblem (SP) at candidate...
2026-08-06 10:15:21,378 INFO | mobauto2_benders.benders.solver | bounds: best_lb=804.91 best_ub=898.86 gap=93.9504 rel=0.105
2026-08-06 10:15:21,378 WARNING | mobauto2_benders.benders.solver | Time limit reached after 30 iterations
SP result: recourse=901 feasible=True
[SP PIPELINE] iter=30 build=0.000s solve=0.000s extract=0.000s post=0.000s cutgen=0.094s mode=mw lb_valid=True tl_inc=False vars=- bin=- cons=- lp=-
[CHECK] SP: recourse=901 first=2.11 sp_total=903.11
[CUT TIGHTNESS] raw_line(y)=901  SP_ub=901  diff=5.68e-13
[CUT DEBUG] Not violated (dir). viol_out=3.41061e-13 viol_ret=5.68434e-14
[CUT DEBUG] Not violated (dir). viol_out=3.41061e-13 viol_ret=5.68434e-14
Master updated: no new cuts (all skipped / duplicates)
[CUT ATTEMPT] it=30 cand=OUT[0,2]|RET[0,3]|OUT[0,4]|RET[0,5]|OUT[0,7]|RET[0,9]|OUT[0,14]|RET[0,15]|OUT[0,16]|RET[0,17]|OUT[0,19]|RET[0,20]|...(+24) theta_out=700.0000559999995 theta_ret=201.00001399999996 theta_total=901.0000699999995 rec_out=700.0000560000001 rec_ret=201.000014 rec_total=901.00007 raw_rhs_out=700.0000560000003 raw_rhs_ret=201.000014 raw_rhs_total=901.0000700000004 raw_gap=3.410605131648481e-13 lhs_out=700.0000559999995 lhs_ret=201.00001399999996 lhs_total=901.0000699999995 rhs_out=700.0000559999999 rhs_ret=201.00001400000002 rhs_total=901.0000699999998 tol_master=1e-08 tol_filter=None skip=not_violated_directional
[CUT SUMMARY] it=30 cand=OUT[0,2]|RET[0,3]|OUT[0,4]|RET[0,5]|OUT[0,7]|RET[0,9]|OUT[0,14]|RET[0,15]|OUT[0,16]|RET[0,17]|OUT[0,19]|RET[0,20]|...(+24) decision=None skip=not_violated_directional theta_total=901.0000699999995 rec_total=901.00007 raw_rhs_total=901.0000700000004 rhs_total=901.0000699999998 lhs_total=901.0000699999995
Timing: master=1.475s sp_solve=0.076s cutgen=0.094s cutadd=0.006s cuts_added=0 total_cuts=29
MP stats: nodes=0 best_bound=260.53436721898345 incumbent=903.1100699999994 gap=0.7115142706591071
[CHECK] GAP: LB=804.91 UB=898.86 gap=93.9504 rel=0.105

Time limit reached after 30 iterations.
Total solve time: 121.440 seconds
Best bounds: LB=804.91 UB=898.86 gap=93.9504 rel=0.105

Best Master Solution:
Q=3 T=22
theta = 754
  - theta_out = 675
  - theta_ret = 79
Timeline (per shuttle):
           0     1     2     3     4     5     6     7     8     9    10    11    12    13    14    15    16    17    18    19    20    21
  q=0:   IDL   IDL   OUT   RET   OUT   IDL   RET   CHR   CHR   OUT   RET   CHR   OUT   RET   CHR   CHR   CHR   OUT   RET   OUT   RET   IDL
  q=1:   IDL   OUT   RET   CHR   OUT   RET   OUT   IDL   RET   CHR   CHR   OUT   RET   CHR   CHR   CHR   OUT   RET   OUT   RET   IDL   IDL
  q=2:   IDL   IDL   OUT   RET   OUT   RET   CHR   OUT   RET   CHR   CHR   CHR   CHR   CHR   OUT   RET   OUT   RET   CHR   OUT   RET   IDL
Battery (per shuttle):
           0     1     2     3     4     5     6     7     8     9    10    11    12    13    14    15    16    17    18    19    20    21
  q=0:   150   150   150   120    90    60    30    65    35    35     5    40    75   110   145   115    85    55    25    60    30     0
  q=1:   150   150   120    90   125    95    65    35     5    40    75    45    45    15    50    85    55    25    60    30     0     0
  q=2:   150   150   150   120    90    60    60    30    65   100    70    40    75    45    15    50    85   120    90    60    30     0

Demand per slot (OUT/RET):
         0   1   2   3   4   5   6   7   8   9  10  11  12  13  14  15  16  17  18  19  20  21
  OUT:  19  22  29  22  17   8   4   4   2   4   5   3   1   4   1   2   0   1   0   2   0   0
  RET:   3   1   2   0   0   4   3   7   4   4   8  12   8   7   6   7  19  15  24  16   0   0

Pax per shuttle and slot (total):
         0   1   2   3   4   5   6   7   8   9  10  11  12  13  14  15  16  17  18  19  20  21
  q=0:   0   0  15   2  15   0   4   0   0   6   8   0   3  13   0   0   0   0  15   0  15   0
  q=1:   0  15   4   0  15   0  15   0  10   0   0   9  15   0   0   0   3  15   1  15   0   0
  q=2:   0   0  11   0  15   0   0  12   0   0   0   0   0   0   5  13   0  11   0   0  10   0
Pax served: 290/300
Pax served: 290/300
Subproblem (last): obj=896 wait_slots=396 fill_eps=7.7e-05 penalty_cost=500 penalty_pax=10 total_demand=300
Avg wait (min): 40.9655
UB_total (best): 898.86

Result: status=UNKNOWN iterations=30 best_lb=804.9096882776948 best_ub=898.860077

Manifest: C:\Users\fabio\My Drive\05_Projects\19_MobAuto2_Benders\manifests\manifest_sweep_res30_q3_20260806_081521.json
