Run configuration:
  solver: iterations=1000 tol=0.001 total_time_limit_s=120 seed=42
  master: solver=cplex Q=4 T_minutes=660 slot_res=30 (slots=22) trip_dur_min=30 Emax=150.0 L=30.0 eps=0.01 conc_pen=0.25 delta_chg=35.0
  subproblem: solver=cplex_direct S=15.0 Wmax=60 p=50.0 fill_eps=1e-06 (slot_res=30)
  demand_file: setups/base.yaml
Initialized master problem.
[MW] enabled=True alpha=0.3 eps=0.001

=== Iteration 1 ===
Solving Master (MP)...
[SCHEDULE] master gap-tied: time_limit_s=30 mipgap=0.05 g_bd=0.05
2026-08-06 10:15:23,047 INFO | mobauto2_benders.benders.solver | iter=1 master status=SolveStatus.OPTIMAL obj=0 lb=0
MP raw solver: status=ok term=optimal incumbent=0.0 best_bound=0.0
MP solutions: count=1 keys=['Gap', 'Status', 'Message', 'Problem', 'Objective', 'Variable', 'Constraint']
Shuttle totals (OUT+RET): q0=0, q1=0, q2=0, q3=0
MP stats (solver): nodes=0 best_bound=0.0 incumbent=0.0 gap=0.0
MP result: status=SolveStatus.OPTIMAL obj=0 lb=0
[CHECK] MP: first=0 theta=0 mp_total=0 inc_obj=0 best_bound=0
[CHECK] MP bounds: mp_obj=0 mp_best_bound=0 mp_best_integer=0 term=optimal status=ok gap=0
[MP] iter=1 incumbent=0 best_bound=0 gap=0 (src: inc=cplex_api bb=cplex_api gap=cplex_api)
[MP] iter=1 cuts=0 obj=0.000
[MW] core updated (t=0..): min=1.4 max=1.4 mean=1.4
Evaluating Subproblem (SP) at candidate...
2026-08-06 10:15:23,139 INFO | mobauto2_benders.benders.solver | force-added CutType.OPTIMALITY cut 'opt_cut'
2026-08-06 10:15:23,139 INFO | mobauto2_benders.benders.solver | added 1 cut(s)
2026-08-06 10:15:23,139 INFO | mobauto2_benders.benders.solver | bounds: best_lb=0 best_ub=15000 gap=15000 rel=1
SP result: recourse=15000 feasible=True
[SP PIPELINE] iter=1 build=0.000s solve=0.000s extract=0.000s post=0.000s cutgen=0.015s mode=mw lb_valid=True tl_inc=False vars=- bin=- cons=- lp=-
[CHECK] SP: recourse=15000 first=0 sp_total=15000
[CUT TIGHTNESS] raw_line(y)=15000  SP_ub=15000  diff=0
[BENDERS] Added cut #0: const_out=7500, const_ret=7500, nnz=41, slope_range=[-735,-720], raw_pos_dm=0, scale=1
[BENDERS] Eval cut (dir): OUT lhs=0 rhs=7500; RET lhs=0 rhs=7500
Master updated: added 1 cut(s): opt_cut
[CUT SUMMARY] it=1 cand=candidate:idle decision=added skip=None theta_total=0.0 rec_total=15000.0 raw_rhs_total=15000.0 rhs_total=15000.0 lhs_total=0.0
Timing: master=0.102s sp_solve=0.018s cutgen=0.015s cutadd=0.001s cuts_added=1 total_cuts=1
MP stats: nodes=0 best_bound=0.0 incumbent=0.0 gap=0.0
[CHECK] GAP: LB=0 UB=15000 gap=15000 rel=1

=== Iteration 2 ===
Solving Master (MP)...
[SCHEDULE] master gap-tied: time_limit_s=30 mipgap=0.05 g_bd=1
[MIPSTART] x-only start applied: n_out=88 n_ret=88
Warning:  No solution found from 1 MIP starts.
2026-08-06 10:15:23,364 INFO | mobauto2_benders.benders.solver | iter=2 master status=SolveStatus.OPTIMAL obj=0.22 lb=0.22
MP raw solver: status=ok term=optimal incumbent=0.22000000000000003 best_bound=0.22000000000000003
MP solutions: count=1 keys=['Gap', 'Status', 'Message', 'Problem', 'Objective', 'Variable', 'Constraint']
Shuttle totals (OUT+RET): q0=8, q1=6, q2=4, q3=4
MP stats (solver): nodes=0 best_bound=0.22000000000000003 incumbent=0.22000000000000003 gap=0.0
MP result: status=SolveStatus.OPTIMAL obj=0.22 lb=0.22
[CHECK] MP: first=0.22 theta=0 mp_total=0.22 inc_obj=0.22 best_bound=0.22
[CHECK] MP bounds: mp_obj=0.22 mp_best_bound=0.22 mp_best_integer=0.22 term=optimal status=ok gap=0
[MP] iter=2 incumbent=0.22 best_bound=0.22 gap=0 (src: inc=cplex_api bb=cplex_api gap=cplex_api)
[MP] iter=2 cuts=1 obj=0.220 last_const=15000.000 last_nnz=41
[MW] core updated (t=0..): min=0.98 max=1.28 mean=1.13
Evaluating Subproblem (SP) at candidate...
2026-08-06 10:15:23,464 INFO | mobauto2_benders.benders.solver | force-added CutType.OPTIMALITY cut 'opt_cut'
2026-08-06 10:15:23,464 INFO | mobauto2_benders.benders.solver | added 1 cut(s)
2026-08-06 10:15:23,464 INFO | mobauto2_benders.benders.solver | bounds: best_lb=0.22 best_ub=5595.22 gap=5595 rel=1
SP result: recourse=5595 feasible=True
[SP PIPELINE] iter=2 build=0.000s solve=0.000s extract=0.000s post=0.000s cutgen=0.017s mode=mw lb_valid=True tl_inc=False vars=- bin=- cons=- lp=-
[CHECK] SP: recourse=5595 first=0.22 sp_total=5595.22
[CUT TIGHTNESS] raw_line(y)=5595  SP_ub=5595  diff=0
[BENDERS] Added cut #1: const_out=5929, const_ret=5501, nnz=25, slope_range=[-735,-15], raw_pos_dm=0, scale=1
[BENDERS] Eval cut (dir): OUT lhs=0 rhs=2299; RET lhs=0 rhs=3296
Master updated: added 1 cut(s): opt_cut
[CUT SUMMARY] it=2 cand=OUT[0,2]|RET[0,3]|OUT[0,5]|RET[0,6]|OUT[0,14]|RET[0,15]|OUT[0,16]|RET[0,19]|OUT[1,6]|RET[1,7]|OUT[1,8]|RET[1,10]|...(+10) decision=added skip=None theta_total=0.0 rec_total=5595.0 raw_rhs_total=5595.0 rhs_total=5595.0 lhs_total=0.0
Timing: master=0.227s sp_solve=0.017s cutgen=0.017s cutadd=0.002s cuts_added=1 total_cuts=2
MP stats: nodes=0 best_bound=0.22000000000000003 incumbent=0.22000000000000003 gap=0.0
[CHECK] GAP: LB=0.22 UB=5595.22 gap=5595 rel=1

=== Iteration 3 ===
Solving Master (MP)...
[SCHEDULE] master gap-tied: time_limit_s=30 mipgap=0.05 g_bd=1
[MIPSTART] x-only start applied: n_out=88 n_ret=88
Warning:  No solution found from 1 MIP starts.
2026-08-06 10:15:23,670 INFO | mobauto2_benders.benders.solver | iter=3 master status=SolveStatus.OPTIMAL obj=0.22 lb=0.22
MP raw solver: status=ok term=optimal incumbent=0.22 best_bound=0.22
MP solutions: count=1 keys=['Gap', 'Status', 'Message', 'Problem', 'Objective', 'Variable', 'Constraint']
Shuttle totals (OUT+RET): q0=6, q1=6, q2=6, q3=4
MP stats (solver): nodes=0 best_bound=0.22 incumbent=0.22 gap=0.0
MP result: status=SolveStatus.OPTIMAL obj=0.22 lb=0.22
[CHECK] MP: first=0.22 theta=0 mp_total=0.22 inc_obj=0.22 best_bound=0.22
[CHECK] MP bounds: mp_obj=0.22 mp_best_bound=0.22 mp_best_integer=0.22 term=optimal status=ok gap=0
[MP] iter=3 incumbent=0.22 best_bound=0.22 gap=0 (src: inc=cplex_api bb=cplex_api gap=cplex_api)
[MP] iter=3 cuts=2 obj=0.220 last_const=11430.000 last_nnz=25
[MW] core updated (t=0..): min=0.686 max=1.2 mean=0.941
Evaluating Subproblem (SP) at candidate...
2026-08-06 10:15:23,782 INFO | mobauto2_benders.benders.solver | force-added CutType.OPTIMALITY cut 'opt_cut'
2026-08-06 10:15:23,782 INFO | mobauto2_benders.benders.solver | added 1 cut(s)
2026-08-06 10:15:23,782 INFO | mobauto2_benders.benders.solver | bounds: best_lb=0.22 best_ub=5317.22 gap=5317 rel=1
SP result: recourse=5317 feasible=True
[SP PIPELINE] iter=3 build=0.000s solve=0.000s extract=0.000s post=0.000s cutgen=0.035s mode=mw lb_valid=True tl_inc=False vars=- bin=- cons=- lp=-
[CHECK] SP: recourse=5317 first=0.22 sp_total=5317.22
[CUT TIGHTNESS] raw_line(y)=5317  SP_ub=5317  diff=9.09e-13
[BENDERS] Added cut #2: const_out=6381, const_ret=4816, nnz=25, slope_range=[-735,-15], raw_pos_dm=0, scale=1
[BENDERS] Eval cut (dir): OUT lhs=0 rhs=3441; RET lhs=0 rhs=1876
Master updated: added 1 cut(s): opt_cut
[CUT SUMMARY] it=3 cand=OUT[0,1]|RET[0,7]|OUT[0,10]|RET[0,12]|OUT[0,13]|RET[0,17]|OUT[1,2]|RET[1,3]|OUT[1,4]|RET[1,6]|OUT[1,11]|RET[1,13]|...(+10) decision=added skip=None theta_total=0.0 rec_total=5317.0 raw_rhs_total=5317.000000000001 rhs_total=5317.0 lhs_total=0.0
Timing: master=0.207s sp_solve=0.017s cutgen=0.035s cutadd=0.001s cuts_added=1 total_cuts=3
MP stats: nodes=0 best_bound=0.22 incumbent=0.22 gap=0.0
[CHECK] GAP: LB=0.22 UB=5317.22 gap=5317 rel=1

=== Iteration 4 ===
Solving Master (MP)...
[SCHEDULE] master gap-tied: time_limit_s=30 mipgap=0.05 g_bd=1
[MIPSTART] x-only start applied: n_out=88 n_ret=88
Warning:  No solution found from 1 MIP starts.
2026-08-06 10:15:24,098 INFO | mobauto2_benders.benders.solver | iter=4 master status=SolveStatus.OPTIMAL obj=0.24 lb=0.24
MP raw solver: status=ok term=optimal incumbent=0.24 best_bound=0.24000000000000002
MP solutions: count=1 keys=['Gap', 'Status', 'Message', 'Problem', 'Objective', 'Variable', 'Constraint']
Shuttle totals (OUT+RET): q0=6, q1=6, q2=6, q3=6
MP stats (solver): nodes=0 best_bound=0.24000000000000002 incumbent=0.24 gap=0.0
MP result: status=SolveStatus.OPTIMAL obj=0.24 lb=0.24
[CHECK] MP: first=0.24 theta=0 mp_total=0.24 inc_obj=0.24 best_bound=0.24
[CHECK] MP bounds: mp_obj=0.24 mp_best_bound=0.24 mp_best_integer=0.24 term=optimal status=ok gap=0
[MP] iter=4 incumbent=0.24 best_bound=0.24 gap=0 (src: inc=cplex_api bb=cplex_api gap=cplex_api)
[MP] iter=4 cuts=3 obj=0.240 last_const=11197.000 last_nnz=25
[MW] core updated (t=0..): min=0.48 max=1.14 mean=0.822
Evaluating Subproblem (SP) at candidate...
2026-08-06 10:15:24,198 INFO | mobauto2_benders.benders.solver | force-added CutType.OPTIMALITY cut 'opt_cut'
2026-08-06 10:15:24,198 INFO | mobauto2_benders.benders.solver | added 1 cut(s)
2026-08-06 10:15:24,198 INFO | mobauto2_benders.benders.solver | bounds: best_lb=0.24 best_ub=3687.24 gap=3687 rel=1
SP result: recourse=3687 feasible=True
[SP PIPELINE] iter=4 build=0.000s solve=0.000s extract=0.000s post=0.000s cutgen=0.019s mode=mw lb_valid=True tl_inc=False vars=- bin=- cons=- lp=-
[CHECK] SP: recourse=3687 first=0.24 sp_total=3687.24
[CUT TIGHTNESS] raw_line(y)=3687  SP_ub=3687  diff=0
[BENDERS] Added cut #3: const_out=6230, const_ret=4717, nnz=28, slope_range=[-735,-15], raw_pos_dm=0, scale=1
[BENDERS] Eval cut (dir): OUT lhs=0 rhs=1910; RET lhs=0 rhs=1777
Master updated: added 1 cut(s): opt_cut
[CUT SUMMARY] it=4 cand=OUT[0,5]|RET[0,6]|OUT[0,7]|RET[0,14]|OUT[0,18]|RET[0,19]|OUT[1,3]|RET[1,11]|OUT[1,14]|RET[1,18]|OUT[1,19]|RET[1,20]|...(+12) decision=added skip=None theta_total=0.0 rec_total=3687.0 raw_rhs_total=3687.0 rhs_total=3687.0 lhs_total=0.0
Timing: master=0.313s sp_solve=0.020s cutgen=0.019s cutadd=0.002s cuts_added=1 total_cuts=4
MP stats: nodes=0 best_bound=0.24000000000000002 incumbent=0.24 gap=0.0
[CHECK] GAP: LB=0.24 UB=3687.24 gap=3687 rel=1

=== Iteration 5 ===
Solving Master (MP)...
[SCHEDULE] master gap-tied: time_limit_s=30 mipgap=0.05 g_bd=1
[MIPSTART] x-only start applied: n_out=88 n_ret=88
Warning:  No solution found from 1 MIP starts.
2026-08-06 10:15:24,549 INFO | mobauto2_benders.benders.solver | iter=5 master status=SolveStatus.FEASIBLE obj=0.26 lb=0.249133
MP raw solver: status=ok term=optimal incumbent=0.26 best_bound=0.24913294438831543
MP solutions: count=1 keys=['Gap', 'Status', 'Message', 'Problem', 'Objective', 'Variable', 'Constraint']
Shuttle totals (OUT+RET): q0=8, q1=6, q2=6, q3=6
MP stats (solver): nodes=0 best_bound=0.24913294438831543 incumbent=0.26 gap=0.04179636772117285
MP result: status=SolveStatus.FEASIBLE obj=0.26 lb=0.249133
[CHECK] MP: first=0.26 theta=0 mp_total=0.26 inc_obj=0.26 best_bound=0.249133
[CHECK] MP bounds: mp_obj=0.26 mp_best_bound=0.249133 mp_best_integer=0.26 term=optimal status=ok gap=0.0417964
[MP] iter=5 incumbent=0.26 best_bound=0.249133 gap=0.0417964 (src: inc=cplex_api bb=cplex_api gap=cplex_api)
[MP] iter=5 cuts=4 obj=0.260 last_const=10947.000 last_nnz=28
[MW] core updated (t=0..): min=0.336 max=1.1 mean=0.753
Evaluating Subproblem (SP) at candidate...
2026-08-06 10:15:24,649 INFO | mobauto2_benders.benders.solver | force-added CutType.OPTIMALITY cut 'opt_cut'
2026-08-06 10:15:24,649 INFO | mobauto2_benders.benders.solver | added 1 cut(s)
2026-08-06 10:15:24,649 INFO | mobauto2_benders.benders.solver | bounds: best_lb=0.249133 best_ub=3475.26 gap=3475.01 rel=1
SP result: recourse=3475 feasible=True
[SP PIPELINE] iter=5 build=0.000s solve=0.000s extract=0.000s post=0.000s cutgen=0.019s mode=mw lb_valid=True tl_inc=False vars=- bin=- cons=- lp=-
[CHECK] SP: recourse=3475 first=0.26 sp_total=3475.26
[CUT TIGHTNESS] raw_line(y)=3475  SP_ub=3475  diff=0
[BENDERS] Added cut #4: const_out=6057, const_ret=3988, nnz=23, slope_range=[-735,-15], raw_pos_dm=0, scale=1
[BENDERS] Eval cut (dir): OUT lhs=0 rhs=1692; RET lhs=0 rhs=1783
Master updated: added 1 cut(s): opt_cut
[CUT SUMMARY] it=5 cand=OUT[0,2]|RET[0,3]|OUT[0,8]|RET[0,10]|OUT[0,11]|RET[0,13]|OUT[0,15]|RET[0,16]|OUT[1,1]|RET[1,2]|OUT[1,4]|RET[1,12]|...(+14) decision=added skip=None theta_total=0.0 rec_total=3475.0 raw_rhs_total=3475.0 rhs_total=3475.0 lhs_total=0.0
Timing: master=0.347s sp_solve=0.019s cutgen=0.019s cutadd=0.002s cuts_added=1 total_cuts=5
MP stats: nodes=0 best_bound=0.24913294438831543 incumbent=0.26 gap=0.04179636772117285
[CHECK] GAP: LB=0.249133 UB=3475.26 gap=3475.01 rel=1

=== Iteration 6 ===
Solving Master (MP)...
[SCHEDULE] master gap-tied: time_limit_s=30 mipgap=0.05 g_bd=1
[MIPSTART] x-only start applied: n_out=88 n_ret=88
Warning:  No solution found from 1 MIP starts.
2026-08-06 10:15:25,083 INFO | mobauto2_benders.benders.solver | iter=6 master status=SolveStatus.OPTIMAL obj=0.28 lb=0.28
MP raw solver: status=ok term=optimal incumbent=0.28 best_bound=0.28
MP solutions: count=1 keys=['Gap', 'Status', 'Message', 'Problem', 'Objective', 'Variable', 'Constraint']
Shuttle totals (OUT+RET): q0=8, q1=8, q2=6, q3=6
MP stats (solver): nodes=0 best_bound=0.28 incumbent=0.28 gap=0.0
MP result: status=SolveStatus.OPTIMAL obj=0.28 lb=0.28
[CHECK] MP: first=0.28 theta=0 mp_total=0.28 inc_obj=0.28 best_bound=0.28
[CHECK] MP bounds: mp_obj=0.28 mp_best_bound=0.28 mp_best_integer=0.28 term=optimal status=ok gap=0
[MP] iter=6 incumbent=0.28 best_bound=0.28 gap=0 (src: inc=cplex_api bb=cplex_api gap=cplex_api)
[MP] iter=6 cuts=5 obj=0.280 last_const=10045.000 last_nnz=23
[MW] core updated (t=0..): min=0.235 max=1.07 mean=0.718
Evaluating Subproblem (SP) at candidate...
2026-08-06 10:15:25,249 INFO | mobauto2_benders.benders.solver | force-added CutType.OPTIMALITY cut 'opt_cut'
2026-08-06 10:15:25,249 INFO | mobauto2_benders.benders.solver | added 1 cut(s)
2026-08-06 10:15:25,249 INFO | mobauto2_benders.benders.solver | bounds: best_lb=0.28 best_ub=2247.28 gap=2247 rel=1
SP result: recourse=2247 feasible=True
[SP PIPELINE] iter=6 build=0.000s solve=0.000s extract=0.000s post=0.000s cutgen=0.020s mode=mw lb_valid=True tl_inc=False vars=- bin=- cons=- lp=-
[CHECK] SP: recourse=2247 first=0.28 sp_total=2247.28
[CUT TIGHTNESS] raw_line(y)=2247  SP_ub=2247  diff=0
[BENDERS] Added cut #5: const_out=5694, const_ret=3828, nnz=23, slope_range=[-735,-15], raw_pos_dm=0, scale=1
[BENDERS] Eval cut (dir): OUT lhs=0 rhs=1374; RET lhs=0 rhs=873
Master updated: added 1 cut(s): opt_cut
[CUT SUMMARY] it=6 cand=OUT[0,2]|RET[0,3]|OUT[0,7]|RET[0,9]|OUT[0,11]|RET[0,13]|OUT[0,17]|RET[0,18]|OUT[1,1]|RET[1,2]|OUT[1,5]|RET[1,7]|...(+16) decision=added skip=None theta_total=0.0 rec_total=2247.0 raw_rhs_total=2247.0 rhs_total=2247.0 lhs_total=0.0
Timing: master=0.434s sp_solve=0.033s cutgen=0.020s cutadd=0.001s cuts_added=1 total_cuts=6
MP stats: nodes=0 best_bound=0.28 incumbent=0.28 gap=0.0
[CHECK] GAP: LB=0.28 UB=2247.28 gap=2247 rel=1

=== Iteration 7 ===
Solving Master (MP)...
[SCHEDULE] master gap-tied: time_limit_s=30 mipgap=0.05 g_bd=1
[MIPSTART] x-only start applied: n_out=88 n_ret=88
Warning:  No solution found from 1 MIP starts.
2026-08-06 10:15:25,699 INFO | mobauto2_benders.benders.solver | iter=7 master status=SolveStatus.FEASIBLE obj=0.84 lb=0.819401
MP raw solver: status=ok term=optimal incumbent=0.8400000000000001 best_bound=0.8194011976047902
MP solutions: count=1 keys=['Gap', 'Status', 'Message', 'Problem', 'Objective', 'Variable', 'Constraint']
Shuttle totals (OUT+RET): q0=10, q1=10, q2=8, q3=6
MP stats (solver): nodes=0 best_bound=0.8194011976047902 incumbent=0.8400000000000001 gap=0.0245223838009019
MP result: status=SolveStatus.FEASIBLE obj=0.84 lb=0.819401
[CHECK] MP: first=0.84 theta=0 mp_total=0.84 inc_obj=0.84 best_bound=0.819401
[CHECK] MP bounds: mp_obj=0.84 mp_best_bound=0.819401 mp_best_integer=0.84 term=optimal status=ok gap=0.0245224
[MP] iter=7 incumbent=0.84 best_bound=0.819401 gap=0.0245224 (src: inc=cplex_api bb=cplex_api gap=cplex_api)
[MP] iter=7 cuts=6 obj=0.840 last_const=9522.000 last_nnz=23
[MW] core updated (t=0..): min=0.165 max=1.35 mean=0.734
Evaluating Subproblem (SP) at candidate...
2026-08-06 10:15:25,866 INFO | mobauto2_benders.benders.solver | force-added CutType.OPTIMALITY cut 'opt_cut'
2026-08-06 10:15:25,866 INFO | mobauto2_benders.benders.solver | added 1 cut(s)
2026-08-06 10:15:25,866 INFO | mobauto2_benders.benders.solver | bounds: best_lb=0.819401 best_ub=1752.84 gap=1752.02 rel=1
SP result: recourse=1752 feasible=True
[SP PIPELINE] iter=7 build=0.000s solve=0.000s extract=0.000s post=0.000s cutgen=0.023s mode=mw lb_valid=True tl_inc=False vars=- bin=- cons=- lp=-
[CHECK] SP: recourse=1752 first=0.84 sp_total=1752.84
[CUT TIGHTNESS] raw_line(y)=1752  SP_ub=1752  diff=-9.09e-13
[BENDERS] Added cut #6: const_out=5548, const_ret=1289, nnz=19, slope_range=[-735,-15], raw_pos_dm=0, scale=1
[BENDERS] Eval cut (dir): OUT lhs=0 rhs=1228; RET lhs=0 rhs=524
Master updated: added 1 cut(s): opt_cut
[CUT SUMMARY] it=7 cand=OUT[0,3]|RET[0,4]|OUT[0,7]|RET[0,10]|OUT[0,13]|RET[0,14]|OUT[0,16]|RET[0,17]|OUT[0,18]|RET[0,19]|OUT[1,1]|RET[1,2]|...(+22) decision=added skip=None theta_total=0.0 rec_total=1752.00002 raw_rhs_total=1752.0000199999995 rhs_total=1752.00002 lhs_total=0.0
Timing: master=0.435s sp_solve=0.027s cutgen=0.023s cutadd=0.001s cuts_added=1 total_cuts=7
MP stats: nodes=0 best_bound=0.8194011976047902 incumbent=0.8400000000000001 gap=0.0245223838009019
[CHECK] GAP: LB=0.819401 UB=1752.84 gap=1752.02 rel=1

=== Iteration 8 ===
Solving Master (MP)...
[SCHEDULE] master gap-tied: time_limit_s=30 mipgap=0.05 g_bd=1
[MIPSTART] x-only start applied: n_out=88 n_ret=88
Warning:  No solution found from 1 MIP starts.
2026-08-06 10:15:26,249 INFO | mobauto2_benders.benders.solver | iter=8 master status=SolveStatus.OPTIMAL obj=1.24 lb=1.24
MP raw solver: status=ok term=optimal incumbent=1.2399999999999993 best_bound=1.2399999999999995
MP solutions: count=1 keys=['Gap', 'Status', 'Message', 'Problem', 'Objective', 'Variable', 'Constraint']
Shuttle totals (OUT+RET): q0=6, q1=6, q2=6, q3=6
MP stats (solver): nodes=0 best_bound=1.2399999999999995 incumbent=1.2399999999999993 gap=0.0
MP result: status=SolveStatus.OPTIMAL obj=1.24 lb=1.24
[CHECK] MP: first=1.24 theta=0 mp_total=1.24 inc_obj=1.24 best_bound=1.24
[CHECK] MP bounds: mp_obj=1.24 mp_best_bound=1.24 mp_best_integer=1.24 term=optimal status=ok gap=0
[MP] iter=8 incumbent=1.24 best_bound=1.24 gap=0 (src: inc=cplex_api bb=cplex_api gap=cplex_api)
[MP] iter=8 cuts=7 obj=1.240 last_const=6837.000 last_nnz=19
[MW] core updated (t=0..): min=0.115 max=1.54 mean=0.678
Evaluating Subproblem (SP) at candidate...
2026-08-06 10:15:26,385 INFO | mobauto2_benders.benders.solver | force-added CutType.OPTIMALITY cut 'opt_cut'
2026-08-06 10:15:26,385 INFO | mobauto2_benders.benders.solver | added 1 cut(s)
2026-08-06 10:15:26,385 INFO | mobauto2_benders.benders.solver | bounds: best_lb=1.24 best_ub=1752.84 gap=1751.6 rel=0.999
SP result: recourse=3813 feasible=True
[SP PIPELINE] iter=8 build=0.000s solve=0.000s extract=0.000s post=0.000s cutgen=0.021s mode=mw lb_valid=True tl_inc=False vars=- bin=- cons=- lp=-
[CHECK] SP: recourse=3813 first=1.24 sp_total=3814.24
[CUT TIGHTNESS] raw_line(y)=3813  SP_ub=3813  diff=-9.09e-13
[BENDERS] Added cut #7: const_out=4871, const_ret=1957, nnz=28, slope_range=[-735,-15], raw_pos_dm=0, scale=1
[BENDERS] Eval cut (dir): OUT lhs=0 rhs=1916; RET lhs=0 rhs=1897
Master updated: added 1 cut(s): opt_cut
[CUT SUMMARY] it=8 cand=OUT[0,1]|RET[0,2]|OUT[0,6]|RET[0,17]|OUT[0,18]|RET[0,20]|OUT[1,2]|RET[1,3]|OUT[1,5]|RET[1,12]|OUT[1,16]|RET[1,18]|...(+12) decision=added skip=None theta_total=0.0 rec_total=3813.000038 raw_rhs_total=3813.000037999999 rhs_total=3813.000038 lhs_total=0.0
Timing: master=0.376s sp_solve=0.029s cutgen=0.021s cutadd=0.001s cuts_added=1 total_cuts=8
MP stats: nodes=0 best_bound=1.2399999999999995 incumbent=1.2399999999999993 gap=0.0
[CHECK] GAP: LB=1.24 UB=1752.84 gap=1751.6 rel=0.999

=== Iteration 9 ===
Solving Master (MP)...
[SCHEDULE] master gap-tied: time_limit_s=30 mipgap=0.05 g_bd=0.999
[MIPSTART] x-only start applied: n_out=88 n_ret=88
Warning:  No solution found from 1 MIP starts.
2026-08-06 10:15:26,817 INFO | mobauto2_benders.benders.solver | iter=9 master status=SolveStatus.FEASIBLE obj=1.26 lb=1.2508
MP raw solver: status=ok term=optimal incumbent=1.2600000000000002 best_bound=1.2508027216598643
MP solutions: count=1 keys=['Gap', 'Status', 'Message', 'Problem', 'Objective', 'Variable', 'Constraint']
Shuttle totals (OUT+RET): q0=8, q1=6, q2=6, q3=6
MP stats (solver): nodes=0 best_bound=1.2508027216598643 incumbent=1.2600000000000002 gap=0.00729942725349683
MP result: status=SolveStatus.FEASIBLE obj=1.26 lb=1.2508
[CHECK] MP: first=1.26 theta=0 mp_total=1.26 inc_obj=1.26 best_bound=1.2508
[CHECK] MP bounds: mp_obj=1.26 mp_best_bound=1.2508 mp_best_integer=1.26 term=optimal status=ok gap=0.00729943
[MP] iter=9 incumbent=1.26 best_bound=1.2508 gap=0.00729943 (src: inc=cplex_api bb=cplex_api gap=cplex_api)
[MP] iter=9 cuts=8 obj=1.260 last_const=6828.000 last_nnz=28
[MW] core updated (t=0..): min=0.0807 max=1.6 mean=0.652
Evaluating Subproblem (SP) at candidate...
2026-08-06 10:15:26,987 INFO | mobauto2_benders.benders.solver | force-added CutType.OPTIMALITY cut 'opt_cut'
2026-08-06 10:15:26,988 INFO | mobauto2_benders.benders.solver | added 1 cut(s)
2026-08-06 10:15:26,988 INFO | mobauto2_benders.benders.solver | bounds: best_lb=1.2508 best_ub=1752.84 gap=1751.59 rel=0.999
SP result: recourse=3995 feasible=True
[SP PIPELINE] iter=9 build=0.000s solve=0.000s extract=0.000s post=0.000s cutgen=0.029s mode=mw lb_valid=True tl_inc=False vars=- bin=- cons=- lp=-
[CHECK] SP: recourse=3995 first=1.26 sp_total=3996.26
[CUT TIGHTNESS] raw_line(y)=3995  SP_ub=3995  diff=3.18e-12
[BENDERS] Added cut #8: const_out=3504, const_ret=4151, nnz=27, slope_range=[-735,-15], raw_pos_dm=0, scale=1
[BENDERS] Eval cut (dir): OUT lhs=0 rhs=1329; RET lhs=0 rhs=2666
Master updated: added 1 cut(s): opt_cut
[CUT SUMMARY] it=9 cand=OUT[0,2]|RET[0,5]|OUT[0,6]|RET[0,10]|OUT[0,14]|RET[0,16]|OUT[0,17]|RET[0,18]|OUT[1,3]|RET[1,4]|OUT[1,6]|RET[1,18]|...(+14) decision=added skip=None theta_total=0.0 rec_total=3995.000025 raw_rhs_total=3995.0000250000016 rhs_total=3995.0000250000003 lhs_total=0.0
Timing: master=0.429s sp_solve=0.031s cutgen=0.029s cutadd=0.002s cuts_added=1 total_cuts=9
MP stats: nodes=0 best_bound=1.2508027216598643 incumbent=1.2600000000000002 gap=0.00729942725349683
[CHECK] GAP: LB=1.2508 UB=1752.84 gap=1751.59 rel=0.999

=== Iteration 10 ===
Solving Master (MP)...
[SCHEDULE] master gap-tied: time_limit_s=30 mipgap=0.05 g_bd=0.999
[MIPSTART] x-only start applied: n_out=88 n_ret=88
Warning:  No solution found from 1 MIP starts.
2026-08-06 10:15:27,351 INFO | mobauto2_benders.benders.solver | iter=10 master status=SolveStatus.OPTIMAL obj=1.26 lb=1.26
MP raw solver: status=ok term=optimal incumbent=1.2600000000000002 best_bound=1.2600000000000002
MP solutions: count=1 keys=['Gap', 'Status', 'Message', 'Problem', 'Objective', 'Variable', 'Constraint']
Shuttle totals (OUT+RET): q0=8, q1=6, q2=6, q3=6
MP stats (solver): nodes=0 best_bound=1.2600000000000002 incumbent=1.2600000000000002 gap=0.0
MP result: status=SolveStatus.OPTIMAL obj=1.26 lb=1.26
[CHECK] MP: first=1.26 theta=0 mp_total=1.26 inc_obj=1.26 best_bound=1.26
[CHECK] MP bounds: mp_obj=1.26 mp_best_bound=1.26 mp_best_integer=1.26 term=optimal status=ok gap=0
[MP] iter=10 incumbent=1.26 best_bound=1.26 gap=0 (src: inc=cplex_api bb=cplex_api gap=cplex_api)
[MP] iter=10 cuts=9 obj=1.260 last_const=7655.000 last_nnz=27
[MW] core updated (t=0..): min=0.0565 max=1.46 mean=0.633
Evaluating Subproblem (SP) at candidate...
2026-08-06 10:15:27,487 INFO | mobauto2_benders.benders.solver | force-added CutType.OPTIMALITY cut 'opt_cut'
2026-08-06 10:15:27,487 INFO | mobauto2_benders.benders.solver | added 1 cut(s)
2026-08-06 10:15:27,487 INFO | mobauto2_benders.benders.solver | bounds: best_lb=1.26 best_ub=1752.84 gap=1751.58 rel=0.999
SP result: recourse=3513 feasible=True
[SP PIPELINE] iter=10 build=0.000s solve=0.000s extract=0.000s post=0.000s cutgen=0.025s mode=mw lb_valid=True tl_inc=False vars=- bin=- cons=- lp=-
[CHECK] SP: recourse=3513 first=1.26 sp_total=3514.26
[CUT TIGHTNESS] raw_line(y)=3513  SP_ub=3513  diff=-4.55e-13
[BENDERS] Added cut #9: const_out=7491, const_ret=2607, nnz=28, slope_range=[-1.44e+03,-15], raw_pos_dm=0, scale=1
[BENDERS] Eval cut (dir): OUT lhs=0 rhs=1746; RET lhs=0 rhs=1767
Master updated: added 1 cut(s): opt_cut
[CUT SUMMARY] it=10 cand=OUT[0,2]|RET[0,3]|OUT[0,4]|RET[0,6]|OUT[0,14]|RET[0,18]|OUT[0,19]|RET[0,20]|OUT[1,1]|RET[1,2]|OUT[1,4]|RET[1,5]|...(+14) decision=added skip=None theta_total=0.0 rec_total=3513.00004 raw_rhs_total=3513.0000399999985 rhs_total=3513.000040000001 lhs_total=0.0
Timing: master=0.370s sp_solve=0.016s cutgen=0.025s cutadd=0.001s cuts_added=1 total_cuts=10
MP stats: nodes=0 best_bound=1.2600000000000002 incumbent=1.2600000000000002 gap=0.0
[CHECK] GAP: LB=1.26 UB=1752.84 gap=1751.58 rel=0.999

=== Iteration 11 ===
Solving Master (MP)...
[SCHEDULE] master gap-tied: time_limit_s=30 mipgap=0.05 g_bd=0.999
[MIPSTART] x-only start applied: n_out=88 n_ret=88
Warning:  No solution found from 1 MIP starts.
2026-08-06 10:15:28,215 INFO | mobauto2_benders.benders.solver | iter=11 master status=SolveStatus.FEASIBLE obj=1.28 lb=1.272
MP raw solver: status=ok term=optimal incumbent=1.28 best_bound=1.2720000000000005
MP solutions: count=1 keys=['Gap', 'Status', 'Message', 'Problem', 'Objective', 'Variable', 'Constraint']
Shuttle totals (OUT+RET): q0=8, q1=8, q2=6, q3=6
MP stats (solver): nodes=0 best_bound=1.2720000000000005 incumbent=1.28 gap=0.006249999999511377
MP result: status=SolveStatus.FEASIBLE obj=1.28 lb=1.272
[CHECK] MP: first=1.28 theta=0 mp_total=1.28 inc_obj=1.28 best_bound=1.272
[CHECK] MP bounds: mp_obj=1.28 mp_best_bound=1.272 mp_best_integer=1.28 term=optimal status=ok gap=0.00625
[MP] iter=11 incumbent=1.28 best_bound=1.272 gap=0.00625 (src: inc=cplex_api bb=cplex_api gap=cplex_api)
[MP] iter=11 cuts=10 obj=1.280 last_const=10098.000 last_nnz=28
[MW] core updated (t=0..): min=0.0395 max=1.81 mean=0.634
Evaluating Subproblem (SP) at candidate...
2026-08-06 10:15:28,402 INFO | mobauto2_benders.benders.solver | force-added CutType.OPTIMALITY cut 'opt_cut'
2026-08-06 10:15:28,402 INFO | mobauto2_benders.benders.solver | added 1 cut(s)
2026-08-06 10:15:28,402 INFO | mobauto2_benders.benders.solver | bounds: best_lb=1.272 best_ub=1752.84 gap=1751.57 rel=0.999
SP result: recourse=2729 feasible=True
[SP PIPELINE] iter=11 build=0.000s solve=0.000s extract=0.000s post=0.000s cutgen=0.033s mode=mw lb_valid=True tl_inc=False vars=- bin=- cons=- lp=-
[CHECK] SP: recourse=2729 first=1.28 sp_total=2730.28
[CUT TIGHTNESS] raw_line(y)=2729  SP_ub=2729  diff=-1.82e-12
[BENDERS] Added cut #10: const_out=1697, const_ret=3702, nnz=27, slope_range=[-735,-15], raw_pos_dm=0, scale=1
[BENDERS] Eval cut (dir): OUT lhs=0 rhs=1232; RET lhs=0 rhs=1497
Master updated: added 1 cut(s): opt_cut
[CUT SUMMARY] it=11 cand=OUT[0,3]|RET[0,4]|OUT[0,5]|RET[0,8]|OUT[0,13]|RET[0,14]|OUT[0,15]|RET[0,17]|OUT[1,2]|RET[1,3]|OUT[1,4]|RET[1,12]|...(+16) decision=added skip=None theta_total=0.0 rec_total=2729.000056 raw_rhs_total=2729.000055999997 rhs_total=2729.0000560000008 lhs_total=0.0
Timing: master=0.725s sp_solve=0.034s cutgen=0.033s cutadd=0.003s cuts_added=1 total_cuts=11
MP stats: nodes=0 best_bound=1.2720000000000005 incumbent=1.28 gap=0.006249999999511377
[CHECK] GAP: LB=1.272 UB=1752.84 gap=1751.57 rel=0.999

=== Iteration 12 ===
Solving Master (MP)...
[SCHEDULE] master gap-tied: time_limit_s=30 mipgap=0.05 g_bd=0.999
[MIPSTART] x-only start applied: n_out=88 n_ret=88
Warning:  No solution found from 1 MIP starts.
2026-08-06 10:15:29,386 INFO | mobauto2_benders.benders.solver | iter=12 master status=SolveStatus.FEASIBLE obj=1.3 lb=1.26986
MP raw solver: status=ok term=optimal incumbent=1.3 best_bound=1.2698590943185275
MP solutions: count=1 keys=['Gap', 'Status', 'Message', 'Problem', 'Objective', 'Variable', 'Constraint']
Shuttle totals (OUT+RET): q0=8, q1=8, q2=8, q3=6
MP stats (solver): nodes=19 best_bound=1.2698590943185275 incumbent=1.3 gap=0.023185312060887697
MP result: status=SolveStatus.FEASIBLE obj=1.3 lb=1.26986
[CHECK] MP: first=1.3 theta=0 mp_total=1.3 inc_obj=1.3 best_bound=1.26986
[CHECK] MP bounds: mp_obj=1.3 mp_best_bound=1.26986 mp_best_integer=1.3 term=optimal status=ok gap=0.0231853
[MP] iter=12 incumbent=1.3 best_bound=1.26986 gap=0.0231853 (src: inc=cplex_api bb=cplex_api gap=cplex_api)
[MP] iter=12 cuts=11 obj=1.300 last_const=5399.000 last_nnz=27
[MW] core updated (t=0..): min=0.0277 max=1.87 mean=0.649
Evaluating Subproblem (SP) at candidate...
2026-08-06 10:15:29,562 INFO | mobauto2_benders.benders.solver | force-added CutType.OPTIMALITY cut 'opt_cut'
2026-08-06 10:15:29,562 INFO | mobauto2_benders.benders.solver | added 1 cut(s)
2026-08-06 10:15:29,562 INFO | mobauto2_benders.benders.solver | bounds: best_lb=1.272 best_ub=1401.3 gap=1400.03 rel=0.999
SP result: recourse=1400 feasible=True
[SP PIPELINE] iter=12 build=0.000s solve=0.000s extract=0.000s post=0.000s cutgen=0.031s mode=mw lb_valid=True tl_inc=False vars=- bin=- cons=- lp=-
[CHECK] SP: recourse=1400 first=1.3 sp_total=1401.3
[CUT TIGHTNESS] raw_line(y)=1400  SP_ub=1400  diff=6.82e-13
[BENDERS] Added cut #11: const_out=6411, const_ret=614, nnz=22, slope_range=[-1.38e+03,-15], raw_pos_dm=0, scale=1
[BENDERS] Eval cut (dir): OUT lhs=0 rhs=816; RET lhs=0 rhs=584
Master updated: added 1 cut(s): opt_cut
[CUT SUMMARY] it=12 cand=OUT[0,6]|RET[0,8]|OUT[0,11]|RET[0,13]|OUT[0,15]|RET[0,17]|OUT[0,19]|RET[0,20]|OUT[1,2]|RET[1,3]|OUT[1,4]|RET[1,12]|...(+18) decision=added skip=None theta_total=0.0 rec_total=1400.0000459999999 raw_rhs_total=1400.000046000001 rhs_total=1400.0000460000015 lhs_total=0.0
Timing: master=0.981s sp_solve=0.036s cutgen=0.031s cutadd=0.002s cuts_added=1 total_cuts=12
MP stats: nodes=19 best_bound=1.2698590943185275 incumbent=1.3 gap=0.023185312060887697
[CHECK] GAP: LB=1.272 UB=1401.3 gap=1400.03 rel=0.999

=== Iteration 13 ===
Solving Master (MP)...
[SCHEDULE] master gap-tied: time_limit_s=30 mipgap=0.05 g_bd=0.999
[MIPSTART] x-only start applied: n_out=88 n_ret=88
Warning:  No solution found from 1 MIP starts.
2026-08-06 10:15:30,554 INFO | mobauto2_benders.benders.solver | iter=13 master status=SolveStatus.FEASIBLE obj=1.28 lb=1.26989
MP raw solver: status=ok term=optimal incumbent=1.2800000000000002 best_bound=1.2698946673810887
MP solutions: count=1 keys=['Gap', 'Status', 'Message', 'Problem', 'Objective', 'Variable', 'Constraint']
Shuttle totals (OUT+RET): q0=8, q1=8, q2=6, q3=6
MP stats (solver): nodes=340 best_bound=1.2698946673810887 incumbent=1.2800000000000002 gap=0.00789479110790787
MP result: status=SolveStatus.FEASIBLE obj=1.28 lb=1.26989
[CHECK] MP: first=1.28 theta=0 mp_total=1.28 inc_obj=1.28 best_bound=1.26989
[CHECK] MP bounds: mp_obj=1.28 mp_best_bound=1.26989 mp_best_integer=1.28 term=optimal status=ok gap=0.00789479
[MP] iter=13 incumbent=1.28 best_bound=1.26989 gap=0.00789479 (src: inc=cplex_api bb=cplex_api gap=cplex_api)
[MP] iter=13 cuts=12 obj=1.280 last_const=7025.000 last_nnz=22
[MW] core updated (t=0..): min=0.0194 max=1.91 mean=0.645
Evaluating Subproblem (SP) at candidate...
2026-08-06 10:15:30,779 INFO | mobauto2_benders.benders.solver | force-added CutType.OPTIMALITY cut 'opt_cut'
2026-08-06 10:15:30,779 INFO | mobauto2_benders.benders.solver | added 1 cut(s)
2026-08-06 10:15:30,779 INFO | mobauto2_benders.benders.solver | bounds: best_lb=1.272 best_ub=1401.3 gap=1400.03 rel=0.999
SP result: recourse=2459 feasible=True
[SP PIPELINE] iter=13 build=0.000s solve=0.000s extract=0.000s post=0.000s cutgen=0.040s mode=mw lb_valid=True tl_inc=False vars=- bin=- cons=- lp=-
[CHECK] SP: recourse=2459 first=1.28 sp_total=2460.28
[CUT TIGHTNESS] raw_line(y)=2459  SP_ub=2459  diff=0
[BENDERS] Added cut #12: const_out=6553, const_ret=2266, nnz=25, slope_range=[-1.38e+03,-15], raw_pos_dm=0, scale=1
[BENDERS] Eval cut (dir): OUT lhs=0 rhs=958; RET lhs=0 rhs=1501
Master updated: added 1 cut(s): opt_cut
[CUT SUMMARY] it=13 cand=OUT[0,2]|RET[0,3]|OUT[0,6]|RET[0,12]|OUT[0,14]|RET[0,17]|OUT[0,18]|RET[0,20]|OUT[1,3]|RET[1,4]|OUT[1,5]|RET[1,7]|...(+16) decision=added skip=None theta_total=0.0 rec_total=2459.000039 raw_rhs_total=2459.0000390000005 rhs_total=2459.0000389999996 lhs_total=0.0
Timing: master=0.991s sp_solve=0.038s cutgen=0.040s cutadd=0.002s cuts_added=1 total_cuts=13
MP stats: nodes=340 best_bound=1.2698946673810887 incumbent=1.2800000000000002 gap=0.00789479110790787
[CHECK] GAP: LB=1.272 UB=1401.3 gap=1400.03 rel=0.999

=== Iteration 14 ===
Solving Master (MP)...
[SCHEDULE] master gap-tied: time_limit_s=30 mipgap=0.05 g_bd=0.999
[MIPSTART] x-only start applied: n_out=88 n_ret=88
Warning:  No solution found from 1 MIP starts.
2026-08-06 10:15:31,796 INFO | mobauto2_benders.benders.solver | iter=14 master status=SolveStatus.FEASIBLE obj=1.3 lb=1.24
MP raw solver: status=ok term=optimal incumbent=1.3000000000000003 best_bound=1.2400000000000004
MP solutions: count=1 keys=['Gap', 'Status', 'Message', 'Problem', 'Objective', 'Variable', 'Constraint']
Shuttle totals (OUT+RET): q0=8, q1=8, q2=8, q3=6
MP stats (solver): nodes=24 best_bound=1.2400000000000004 incumbent=1.3000000000000003 gap=0.04615384615029572
MP result: status=SolveStatus.FEASIBLE obj=1.3 lb=1.24
[CHECK] MP: first=1.3 theta=0 mp_total=1.3 inc_obj=1.3 best_bound=1.24
[CHECK] MP bounds: mp_obj=1.3 mp_best_bound=1.24 mp_best_integer=1.3 term=optimal status=ok gap=0.0461538
[MP] iter=14 incumbent=1.3 best_bound=1.24 gap=0.0461538 (src: inc=cplex_api bb=cplex_api gap=cplex_api)
[MP] iter=14 cuts=13 obj=1.300 last_const=8819.000 last_nnz=25
[MW] core updated (t=0..): min=0.0136 max=1.93 mean=0.656
Evaluating Subproblem (SP) at candidate...
2026-08-06 10:15:31,999 INFO | mobauto2_benders.benders.solver | force-added CutType.OPTIMALITY cut 'opt_cut'
2026-08-06 10:15:31,999 INFO | mobauto2_benders.benders.solver | added 1 cut(s)
2026-08-06 10:15:31,999 INFO | mobauto2_benders.benders.solver | bounds: best_lb=1.272 best_ub=1349.3 gap=1348.03 rel=0.999
SP result: recourse=1348 feasible=True
[SP PIPELINE] iter=14 build=0.000s solve=0.000s extract=0.000s post=0.000s cutgen=0.056s mode=mw lb_valid=True tl_inc=False vars=- bin=- cons=- lp=-
[CHECK] SP: recourse=1348 first=1.3 sp_total=1349.3
[CUT TIGHTNESS] raw_line(y)=1348  SP_ub=1348  diff=6.82e-13
[BENDERS] Added cut #13: const_out=6117, const_ret=856, nnz=21, slope_range=[-1.38e+03,-15], raw_pos_dm=0, scale=1
[BENDERS] Eval cut (dir): OUT lhs=0 rhs=522; RET lhs=0 rhs=826
Master updated: added 1 cut(s): opt_cut
[CUT SUMMARY] it=14 cand=OUT[0,2]|RET[0,3]|OUT[0,6]|RET[0,12]|OUT[0,14]|RET[0,17]|OUT[0,18]|RET[0,20]|OUT[1,3]|RET[1,4]|OUT[1,5]|RET[1,8]|...(+18) decision=added skip=None theta_total=0.0 rec_total=1348.0000459999999 raw_rhs_total=1348.0000460000006 rhs_total=1348.0000460000003 lhs_total=0.0
Timing: master=1.026s sp_solve=0.025s cutgen=0.056s cutadd=0.003s cuts_added=1 total_cuts=14
MP stats: nodes=24 best_bound=1.2400000000000004 incumbent=1.3000000000000003 gap=0.04615384615029572
[CHECK] GAP: LB=1.272 UB=1349.3 gap=1348.03 rel=0.999

=== Iteration 15 ===
Solving Master (MP)...
[SCHEDULE] master gap-tied: time_limit_s=30 mipgap=0.05 g_bd=0.999
[MIPSTART] x-only start applied: n_out=88 n_ret=88
Warning:  No solution found from 1 MIP starts.
2026-08-06 10:15:33,405 INFO | mobauto2_benders.benders.solver | iter=15 master status=SolveStatus.FEASIBLE obj=1.3 lb=1.27007
MP raw solver: status=ok term=optimal incumbent=1.3000000000000003 best_bound=1.2700709142174664
MP solutions: count=1 keys=['Gap', 'Status', 'Message', 'Problem', 'Objective', 'Variable', 'Constraint']
Shuttle totals (OUT+RET): q0=8, q1=8, q2=8, q3=6
MP stats (solver): nodes=951 best_bound=1.2700709142174664 incumbent=1.3000000000000003 gap=0.023022373677101225
MP result: status=SolveStatus.FEASIBLE obj=1.3 lb=1.27007
[CHECK] MP: first=1.3 theta=0 mp_total=1.3 inc_obj=1.3 best_bound=1.27007
[CHECK] MP bounds: mp_obj=1.3 mp_best_bound=1.27007 mp_best_integer=1.3 term=optimal status=ok gap=0.0230224
[MP] iter=15 incumbent=1.3 best_bound=1.27007 gap=0.0230224 (src: inc=cplex_api bb=cplex_api gap=cplex_api)
[MP] iter=15 cuts=14 obj=1.300 last_const=6973.000 last_nnz=21
[MW] core updated (t=0..): min=0.0095 max=2.25 mean=0.664
Evaluating Subproblem (SP) at candidate...
2026-08-06 10:15:33,608 INFO | mobauto2_benders.benders.solver | force-added CutType.OPTIMALITY cut 'opt_cut'
2026-08-06 10:15:33,624 INFO | mobauto2_benders.benders.solver | added 1 cut(s)
2026-08-06 10:15:33,624 INFO | mobauto2_benders.benders.solver | bounds: best_lb=1.272 best_ub=1349.3 gap=1348.03 rel=0.999
SP result: recourse=2185 feasible=True
[SP PIPELINE] iter=15 build=0.000s solve=0.000s extract=0.000s post=0.000s cutgen=0.035s mode=mw lb_valid=True tl_inc=False vars=- bin=- cons=- lp=-
[CHECK] SP: recourse=2185 first=1.3 sp_total=2186.3
[CUT TIGHTNESS] raw_line(y)=2185  SP_ub=2185  diff=-9.09e-13
[BENDERS] Added cut #14: const_out=1255, const_ret=2835, nnz=23, slope_range=[-735,-15], raw_pos_dm=0, scale=1
[BENDERS] Eval cut (dir): OUT lhs=0 rhs=790; RET lhs=0 rhs=1395
Master updated: added 1 cut(s): opt_cut
[CUT SUMMARY] it=15 cand=OUT[0,1]|RET[0,2]|OUT[0,4]|RET[0,9]|OUT[0,12]|RET[0,18]|OUT[0,19]|RET[0,20]|OUT[1,4]|RET[1,5]|OUT[1,6]|RET[1,8]|...(+18) decision=added skip=None theta_total=0.0 rec_total=2185.000058 raw_rhs_total=2185.0000579999996 rhs_total=2185.0000579999996 lhs_total=0.0
Timing: master=1.409s sp_solve=0.032s cutgen=0.035s cutadd=0.003s cuts_added=1 total_cuts=15
MP stats: nodes=951 best_bound=1.2700709142174664 incumbent=1.3000000000000003 gap=0.023022373677101225
[CHECK] GAP: LB=1.272 UB=1349.3 gap=1348.03 rel=0.999

=== Iteration 16 ===
Solving Master (MP)...
[SCHEDULE] master gap-tied: time_limit_s=30 mipgap=0.05 g_bd=0.999
[MIPSTART] x-only start applied: n_out=88 n_ret=88
Warning:  No solution found from 1 MIP starts.
2026-08-06 10:15:36,511 INFO | mobauto2_benders.benders.solver | iter=16 master status=SolveStatus.FEASIBLE obj=1.32 lb=1.26904
MP raw solver: status=ok term=optimal incumbent=1.32 best_bound=1.2690429074292389
MP solutions: count=1 keys=['Gap', 'Status', 'Message', 'Problem', 'Objective', 'Variable', 'Constraint']
Shuttle totals (OUT+RET): q0=10, q1=8, q2=8, q3=6
MP stats (solver): nodes=2531 best_bound=1.2690429074292389 incumbent=1.32 gap=0.038603858005227885
MP result: status=SolveStatus.FEASIBLE obj=1.32 lb=1.26904
[CHECK] MP: first=1.32 theta=0 mp_total=1.32 inc_obj=1.32 best_bound=1.26904
[CHECK] MP bounds: mp_obj=1.32 mp_best_bound=1.26904 mp_best_integer=1.32 term=optimal status=ok gap=0.0386039
[MP] iter=16 incumbent=1.32 best_bound=1.26904 gap=0.0386039 (src: inc=cplex_api bb=cplex_api gap=cplex_api)
[MP] iter=16 cuts=15 obj=1.320 last_const=4090.000 last_nnz=23
[MW] core updated (t=0..): min=0.00665 max=2.48 mean=0.683
Evaluating Subproblem (SP) at candidate...
2026-08-06 10:15:36,692 INFO | mobauto2_benders.benders.solver | force-added CutType.OPTIMALITY cut 'opt_cut'
2026-08-06 10:15:36,692 INFO | mobauto2_benders.benders.solver | added 1 cut(s)
2026-08-06 10:15:36,692 INFO | mobauto2_benders.benders.solver | bounds: best_lb=1.272 best_ub=1349.3 gap=1348.03 rel=0.999
SP result: recourse=1607 feasible=True
[SP PIPELINE] iter=16 build=0.000s solve=0.000s extract=0.000s post=0.000s cutgen=0.033s mode=mw lb_valid=True tl_inc=False vars=- bin=- cons=- lp=-
[CHECK] SP: recourse=1607 first=1.32 sp_total=1608.32
[CUT TIGHTNESS] raw_line(y)=1607  SP_ub=1607  diff=-9.09e-13
[BENDERS] Added cut #15: const_out=1352, const_ret=750, nnz=20, slope_range=[-735,-15], raw_pos_dm=0, scale=1
[BENDERS] Eval cut (dir): OUT lhs=0 rhs=887; RET lhs=0 rhs=720
Master updated: added 1 cut(s): opt_cut
[CUT SUMMARY] it=16 cand=OUT[0,2]|RET[0,3]|OUT[0,4]|RET[0,7]|OUT[0,10]|RET[0,12]|OUT[0,16]|RET[0,17]|OUT[0,18]|RET[0,19]|OUT[1,3]|RET[1,4]|...(+20) decision=added skip=None theta_total=0.0 rec_total=1607.000066 raw_rhs_total=1607.0000659999996 rhs_total=1607.0000660000003 lhs_total=0.0
Timing: master=2.886s sp_solve=0.048s cutgen=0.033s cutadd=0.004s cuts_added=1 total_cuts=16
MP stats: nodes=2531 best_bound=1.2690429074292389 incumbent=1.32 gap=0.038603858005227885
[CHECK] GAP: LB=1.272 UB=1349.3 gap=1348.03 rel=0.999

=== Iteration 17 ===
Solving Master (MP)...
[SCHEDULE] master gap-tied: time_limit_s=30 mipgap=0.05 g_bd=0.999
[MIPSTART] x-only start applied: n_out=88 n_ret=88
Warning:  No solution found from 1 MIP starts.
2026-08-06 10:15:40,388 INFO | mobauto2_benders.benders.solver | iter=17 master status=SolveStatus.FEASIBLE obj=1.32 lb=1.27039
MP raw solver: status=ok term=optimal incumbent=1.32 best_bound=1.270388003303183
MP solutions: count=1 keys=['Gap', 'Status', 'Message', 'Problem', 'Objective', 'Variable', 'Constraint']
Shuttle totals (OUT+RET): q0=8, q1=8, q2=8, q3=8
MP stats (solver): nodes=1895 best_bound=1.270388003303183 incumbent=1.32 gap=0.037584845979589894
MP result: status=SolveStatus.FEASIBLE obj=1.32 lb=1.27039
[CHECK] MP: first=1.32 theta=0 mp_total=1.32 inc_obj=1.32 best_bound=1.27039
[CHECK] MP bounds: mp_obj=1.32 mp_best_bound=1.27039 mp_best_integer=1.32 term=optimal status=ok gap=0.0375848
[MP] iter=17 incumbent=1.32 best_bound=1.27039 gap=0.0375848 (src: inc=cplex_api bb=cplex_api gap=cplex_api)
[MP] iter=17 cuts=16 obj=1.320 last_const=2102.000 last_nnz=20
[MW] core updated (t=0..): min=0.00465 max=2.33 mean=0.696
Evaluating Subproblem (SP) at candidate...
2026-08-06 10:15:40,537 INFO | mobauto2_benders.benders.solver | force-added CutType.OPTIMALITY cut 'opt_cut'
2026-08-06 10:15:40,537 INFO | mobauto2_benders.benders.solver | added 1 cut(s)
2026-08-06 10:15:40,537 INFO | mobauto2_benders.benders.solver | bounds: best_lb=1.272 best_ub=1310.32 gap=1309.05 rel=0.999
SP result: recourse=1309 feasible=True
[SP PIPELINE] iter=17 build=0.000s solve=0.000s extract=0.000s post=0.000s cutgen=0.029s mode=mw lb_valid=True tl_inc=False vars=- bin=- cons=- lp=-
[CHECK] SP: recourse=1309 first=1.32 sp_total=1310.32
[CUT TIGHTNESS] raw_line(y)=1309  SP_ub=1309  diff=-1.82e-12
[BENDERS] Added cut #16: const_out=6265, const_ret=1404, nnz=22, slope_range=[-1.38e+03,-15], raw_pos_dm=0, scale=1
[BENDERS] Eval cut (dir): OUT lhs=0 rhs=670; RET lhs=0 rhs=639
Master updated: added 1 cut(s): opt_cut
[CUT SUMMARY] it=17 cand=OUT[0,1]|RET[0,2]|OUT[0,4]|RET[0,5]|OUT[0,6]|RET[0,14]|OUT[0,17]|RET[0,19]|OUT[1,2]|RET[1,3]|OUT[1,5]|RET[1,6]|...(+20) decision=added skip=None theta_total=0.0 rec_total=1309.000046 raw_rhs_total=1309.0000459999987 rhs_total=1309.0000459999994 lhs_total=0.0
Timing: master=3.696s sp_solve=0.027s cutgen=0.029s cutadd=0.002s cuts_added=1 total_cuts=17
MP stats: nodes=1895 best_bound=1.270388003303183 incumbent=1.32 gap=0.037584845979589894
[CHECK] GAP: LB=1.272 UB=1310.32 gap=1309.05 rel=0.999

=== Iteration 18 ===
Solving Master (MP)...
[SCHEDULE] master gap-tied: time_limit_s=30 mipgap=0.05 g_bd=0.999
[MIPSTART] x-only start applied: n_out=88 n_ret=88
Warning:  No solution found from 1 MIP starts.
2026-08-06 10:15:44,878 INFO | mobauto2_benders.benders.solver | iter=18 master status=SolveStatus.FEASIBLE obj=1.34 lb=1.2906
MP raw solver: status=ok term=optimal incumbent=1.34 best_bound=1.2906030595592353
MP solutions: count=1 keys=['Gap', 'Status', 'Message', 'Problem', 'Objective', 'Variable', 'Constraint']
Shuttle totals (OUT+RET): q0=10, q1=8, q2=8, q3=8
MP stats (solver): nodes=2967 best_bound=1.2906030595592353 incumbent=1.34 gap=0.03686338838587946
MP result: status=SolveStatus.FEASIBLE obj=1.34 lb=1.2906
[CHECK] MP: first=1.34 theta=0 mp_total=1.34 inc_obj=1.34 best_bound=1.2906
[CHECK] MP bounds: mp_obj=1.34 mp_best_bound=1.2906 mp_best_integer=1.34 term=optimal status=ok gap=0.0368634
[MP] iter=18 incumbent=1.34 best_bound=1.2906 gap=0.0368634 (src: inc=cplex_api bb=cplex_api gap=cplex_api)
[MP] iter=18 cuts=17 obj=1.340 last_const=7669.000 last_nnz=22
[MW] core updated (t=0..): min=0.00326 max=1.93 mean=0.719
Evaluating Subproblem (SP) at candidate...
2026-08-06 10:15:45,101 INFO | mobauto2_benders.benders.solver | force-added CutType.OPTIMALITY cut 'opt_cut'
2026-08-06 10:15:45,101 INFO | mobauto2_benders.benders.solver | added 1 cut(s)
2026-08-06 10:15:45,101 INFO | mobauto2_benders.benders.solver | bounds: best_lb=1.2906 best_ub=1310.32 gap=1309.03 rel=0.999
SP result: recourse=1741 feasible=True
[SP PIPELINE] iter=18 build=0.000s solve=0.000s extract=0.000s post=0.000s cutgen=0.042s mode=mw lb_valid=True tl_inc=False vars=- bin=- cons=- lp=-
[CHECK] SP: recourse=1741 first=1.34 sp_total=1742.34
[CUT TIGHTNESS] raw_line(y)=1741  SP_ub=1741  diff=-2.27e-13
[BENDERS] Added cut #17: const_out=3827, const_ret=1559, nnz=18, slope_range=[-735,-15], raw_pos_dm=0, scale=1
[BENDERS] Eval cut (dir): OUT lhs=0 rhs=932; RET lhs=0 rhs=809
Master updated: added 1 cut(s): opt_cut
[CUT SUMMARY] it=18 cand=OUT[0,1]|RET[0,2]|OUT[0,5]|RET[0,8]|OUT[0,9]|RET[0,10]|OUT[0,14]|RET[0,17]|OUT[0,18]|RET[0,19]|OUT[1,2]|RET[1,3]|...(+22) decision=added skip=None theta_total=0.0 rec_total=1741.000053 raw_rhs_total=1741.0000529999993 rhs_total=1741.0000530000007 lhs_total=0.0
Timing: master=4.341s sp_solve=0.050s cutgen=0.042s cutadd=0.003s cuts_added=1 total_cuts=18
MP stats: nodes=2967 best_bound=1.2906030595592353 incumbent=1.34 gap=0.03686338838587946
[CHECK] GAP: LB=1.2906 UB=1310.32 gap=1309.03 rel=0.999

=== Iteration 19 ===
Solving Master (MP)...
[SCHEDULE] master gap-tied: time_limit_s=30 mipgap=0.05 g_bd=0.999
[MIPSTART] x-only start applied: n_out=88 n_ret=88
Warning:  No solution found from 1 MIP starts.
2026-08-06 10:15:54,455 INFO | mobauto2_benders.benders.solver | iter=19 master status=SolveStatus.FEASIBLE obj=1.34 lb=1.30003
MP raw solver: status=ok term=optimal incumbent=1.34 best_bound=1.3000306070897258
MP solutions: count=1 keys=['Gap', 'Status', 'Message', 'Problem', 'Objective', 'Variable', 'Constraint']
Shuttle totals (OUT+RET): q0=10, q1=10, q2=10, q3=4
MP stats (solver): nodes=3987 best_bound=1.3000306070897258 incumbent=1.34 gap=0.02982790515469511
MP result: status=SolveStatus.FEASIBLE obj=1.34 lb=1.30003
[CHECK] MP: first=1.34 theta=0 mp_total=1.34 inc_obj=1.34 best_bound=1.30003
[CHECK] MP bounds: mp_obj=1.34 mp_best_bound=1.30003 mp_best_integer=1.34 term=optimal status=ok gap=0.0298279
[MP] iter=19 incumbent=1.34 best_bound=1.30003 gap=0.0298279 (src: inc=cplex_api bb=cplex_api gap=cplex_api)
[MP] iter=19 cuts=18 obj=1.340 last_const=5386.000 last_nnz=18
[MW] core updated (t=0..): min=0.00228 max=1.95 mean=0.735
Evaluating Subproblem (SP) at candidate...
2026-08-06 10:15:54,645 INFO | mobauto2_benders.benders.solver | force-added CutType.OPTIMALITY cut 'opt_cut'
2026-08-06 10:15:54,645 INFO | mobauto2_benders.benders.solver | added 1 cut(s)
2026-08-06 10:15:54,646 INFO | mobauto2_benders.benders.solver | bounds: best_lb=1.30003 best_ub=1069.34 gap=1068.04 rel=0.999
SP result: recourse=1068 feasible=True
[SP PIPELINE] iter=19 build=0.000s solve=0.000s extract=0.000s post=0.000s cutgen=0.029s mode=mw lb_valid=True tl_inc=False vars=- bin=- cons=- lp=-
[CHECK] SP: recourse=1068 first=1.34 sp_total=1069.34
[CUT TIGHTNESS] raw_line(y)=1068  SP_ub=1068  diff=-4.55e-13
[BENDERS] Added cut #18: const_out=6216, const_ret=1317, nnz=21, slope_range=[-1.38e+03,-15], raw_pos_dm=0, scale=1
[BENDERS] Eval cut (dir): OUT lhs=0 rhs=621; RET lhs=0 rhs=447
Master updated: added 1 cut(s): opt_cut
[CUT SUMMARY] it=19 cand=OUT[0,3]|RET[0,4]|OUT[0,6]|RET[0,7]|OUT[0,10]|RET[0,12]|OUT[0,15]|RET[0,17]|OUT[0,18]|RET[0,19]|OUT[1,1]|RET[1,2]|...(+22) decision=added skip=None theta_total=0.0 rec_total=1068.000046 raw_rhs_total=1068.0000460000003 rhs_total=1068.0000460000006 lhs_total=0.0
Timing: master=9.346s sp_solve=0.038s cutgen=0.029s cutadd=0.003s cuts_added=1 total_cuts=19
MP stats: nodes=3987 best_bound=1.3000306070897258 incumbent=1.34 gap=0.02982790515469511
[CHECK] GAP: LB=1.30003 UB=1069.34 gap=1068.04 rel=0.999

=== Iteration 20 ===
Solving Master (MP)...
[SCHEDULE] master gap-tied: time_limit_s=30 mipgap=0.05 g_bd=0.999
[MIPSTART] x-only start applied: n_out=88 n_ret=88
Warning:  No solution found from 1 MIP starts.
2026-08-06 10:16:01,038 INFO | mobauto2_benders.benders.solver | iter=20 master status=SolveStatus.FEASIBLE obj=1.34 lb=1.30326
MP raw solver: status=ok term=optimal incumbent=1.34 best_bound=1.3032592830282201
MP solutions: count=1 keys=['Gap', 'Status', 'Message', 'Problem', 'Objective', 'Variable', 'Constraint']
Shuttle totals (OUT+RET): q0=10, q1=8, q2=8, q3=8
MP stats (solver): nodes=3987 best_bound=1.3032592830282201 incumbent=1.34 gap=0.02741844549928216
MP result: status=SolveStatus.FEASIBLE obj=1.34 lb=1.30326
[CHECK] MP: first=1.34 theta=0 mp_total=1.34 inc_obj=1.34 best_bound=1.30326
[CHECK] MP bounds: mp_obj=1.34 mp_best_bound=1.30326 mp_best_integer=1.34 term=optimal status=ok gap=0.0274184
[MP] iter=20 incumbent=1.34 best_bound=1.30326 gap=0.0274184 (src: inc=cplex_api bb=cplex_api gap=cplex_api)
[MP] iter=20 cuts=19 obj=1.340 last_const=7533.000 last_nnz=21
[MW] core updated (t=0..): min=0.0016 max=1.9 mean=0.746
Evaluating Subproblem (SP) at candidate...
2026-08-06 10:16:01,296 INFO | mobauto2_benders.benders.solver | force-added CutType.OPTIMALITY cut 'opt_cut'
2026-08-06 10:16:01,296 INFO | mobauto2_benders.benders.solver | added 1 cut(s)
2026-08-06 10:16:01,296 INFO | mobauto2_benders.benders.solver | bounds: best_lb=1.30326 best_ub=1069.34 gap=1068.04 rel=0.999
SP result: recourse=1168 feasible=True
[SP PIPELINE] iter=20 build=0.000s solve=0.000s extract=0.000s post=0.000s cutgen=0.043s mode=mw lb_valid=True tl_inc=False vars=- bin=- cons=- lp=-
[CHECK] SP: recourse=1168 first=1.34 sp_total=1169.34
[CUT TIGHTNESS] raw_line(y)=1168  SP_ub=1168  diff=0
[BENDERS] Added cut #19: const_out=3686, const_ret=407, nnz=17, slope_range=[-735,-15], raw_pos_dm=0, scale=1
[BENDERS] Eval cut (dir): OUT lhs=0 rhs=791; RET lhs=0 rhs=377
Master updated: added 1 cut(s): opt_cut
[CUT SUMMARY] it=20 cand=OUT[0,4]|RET[0,5]|OUT[0,6]|RET[0,7]|OUT[0,10]|RET[0,12]|OUT[0,16]|RET[0,17]|OUT[0,19]|RET[0,20]|OUT[1,1]|RET[1,2]|...(+22) decision=added skip=None theta_total=0.0 rec_total=1168.000054 raw_rhs_total=1168.000054 rhs_total=1168.0000540000003 lhs_total=0.0
Timing: master=6.392s sp_solve=0.051s cutgen=0.043s cutadd=0.004s cuts_added=1 total_cuts=20
MP stats: nodes=3987 best_bound=1.3032592830282201 incumbent=1.34 gap=0.02741844549928216
[CHECK] GAP: LB=1.30326 UB=1069.34 gap=1068.04 rel=0.999

=== Iteration 21 ===
Solving Master (MP)...
[SCHEDULE] master gap-tied: time_limit_s=30 mipgap=0.05 g_bd=0.999
[MIPSTART] x-only start applied: n_out=88 n_ret=88
Warning:  No solution found from 1 MIP starts.
2026-08-06 10:16:23,228 INFO | mobauto2_benders.benders.solver | iter=21 master status=SolveStatus.FEASIBLE obj=1.36 lb=1.31087
MP raw solver: status=ok term=optimal incumbent=1.36 best_bound=1.3108693000030966
MP solutions: count=1 keys=['Gap', 'Status', 'Message', 'Problem', 'Objective', 'Variable', 'Constraint']
Shuttle totals (OUT+RET): q0=12, q1=8, q2=8, q3=8
MP stats (solver): nodes=30719 best_bound=1.3108693000030966 incumbent=1.36 gap=0.036125514700949185
MP result: status=SolveStatus.FEASIBLE obj=1.36 lb=1.31087
[CHECK] MP: first=1.36 theta=0 mp_total=1.36 inc_obj=1.36 best_bound=1.31087
[CHECK] MP bounds: mp_obj=1.36 mp_best_bound=1.31087 mp_best_integer=1.36 term=optimal status=ok gap=0.0361255
[MP] iter=21 incumbent=1.36 best_bound=1.31087 gap=0.0361255 (src: inc=cplex_api bb=cplex_api gap=cplex_api)
[MP] iter=21 cuts=20 obj=1.360 last_const=4093.000 last_nnz=17
[MW] core updated (t=0..): min=0.00112 max=1.84 mean=0.768
Evaluating Subproblem (SP) at candidate...
2026-08-06 10:16:23,390 INFO | mobauto2_benders.benders.solver | force-added CutType.OPTIMALITY cut 'opt_cut'
2026-08-06 10:16:23,390 INFO | mobauto2_benders.benders.solver | added 1 cut(s)
2026-08-06 10:16:23,390 INFO | mobauto2_benders.benders.solver | bounds: best_lb=1.31087 best_ub=697.36 gap=696.049 rel=0.998
SP result: recourse=696 feasible=True
[SP PIPELINE] iter=21 build=0.000s solve=0.000s extract=0.000s post=0.000s cutgen=0.024s mode=mw lb_valid=True tl_inc=False vars=- bin=- cons=- lp=-
[CHECK] SP: recourse=696 first=1.36 sp_total=697.36
[CUT TIGHTNESS] raw_line(y)=696  SP_ub=696  diff=0
[BENDERS] Added cut #20: const_out=875, const_ret=211, nnz=16, slope_range=[-735,-15], raw_pos_dm=0, scale=1
[BENDERS] Eval cut (dir): OUT lhs=0 rhs=515; RET lhs=0 rhs=181
Master updated: added 1 cut(s): opt_cut
[CUT SUMMARY] it=21 cand=OUT[0,1]|RET[0,2]|OUT[0,4]|RET[0,5]|OUT[0,6]|RET[0,7]|OUT[0,10]|RET[0,11]|OUT[0,14]|RET[0,15]|OUT[0,17]|RET[0,19]|...(+24) decision=added skip=None theta_total=0.0 rec_total=696.0000399999999 raw_rhs_total=696.0000399999997 rhs_total=696.00004 lhs_total=0.0
Timing: master=21.932s sp_solve=0.035s cutgen=0.024s cutadd=0.003s cuts_added=1 total_cuts=21
MP stats: nodes=30719 best_bound=1.3108693000030966 incumbent=1.36 gap=0.036125514700949185
[CHECK] GAP: LB=1.31087 UB=697.36 gap=696.049 rel=0.998

=== Iteration 22 ===
Solving Master (MP)...
[SCHEDULE] master gap-tied: time_limit_s=30 mipgap=0.05 g_bd=0.998
[MIPSTART] x-only start applied: n_out=88 n_ret=88
Warning:  No solution found from 1 MIP starts.
2026-08-06 10:16:46,326 INFO | mobauto2_benders.benders.solver | iter=22 master status=SolveStatus.FEASIBLE obj=3.4 lb=3.39963
MP raw solver: status=ok term=optimal incumbent=3.4000000000000004 best_bound=3.3996272326458503
MP solutions: count=1 keys=['Gap', 'Status', 'Message', 'Problem', 'Objective', 'Variable', 'Constraint']
Shuttle totals (OUT+RET): q0=12, q1=10, q2=10, q3=8
MP stats (solver): nodes=29800 best_bound=3.3996272326458503 incumbent=3.4000000000000004 gap=0.00010963745709972792
MP result: status=SolveStatus.FEASIBLE obj=3.4 lb=3.39963
[CHECK] MP: first=3.4 theta=0 mp_total=3.4 inc_obj=3.4 best_bound=3.39963
[CHECK] MP bounds: mp_obj=3.4 mp_best_bound=3.39963 mp_best_integer=3.4 term=optimal status=ok gap=0.000109637
[MP] iter=22 incumbent=3.4 best_bound=3.39963 gap=0.000109637 (src: inc=cplex_api bb=cplex_api gap=cplex_api)
[MP] iter=22 cuts=21 obj=3.400 last_const=1086.000 last_nnz=16
[MW] core updated (t=0..): min=0.001 max=1.84 mean=0.81
Evaluating Subproblem (SP) at candidate...
2026-08-06 10:16:46,439 INFO | mobauto2_benders.benders.solver | force-added CutType.OPTIMALITY cut 'opt_cut'
2026-08-06 10:16:46,439 INFO | mobauto2_benders.benders.solver | added 1 cut(s)
2026-08-06 10:16:46,439 INFO | mobauto2_benders.benders.solver | bounds: best_lb=3.39963 best_ub=697.36 gap=693.96 rel=0.995
SP result: recourse=2323 feasible=True
[SP PIPELINE] iter=22 build=0.000s solve=0.000s extract=0.000s post=0.000s cutgen=0.024s mode=mw lb_valid=True tl_inc=False vars=- bin=- cons=- lp=-
[CHECK] SP: recourse=2323 first=3.4 sp_total=2326.4
[CUT TIGHTNESS] raw_line(y)=2323  SP_ub=2323  diff=-4.55e-13
[BENDERS] Added cut #21: const_out=6611, const_ret=2237, nnz=22, slope_range=[-1.44e+03,-15], raw_pos_dm=0, scale=1
[BENDERS] Eval cut (dir): OUT lhs=0 rhs=866; RET lhs=0 rhs=1457
Master updated: added 1 cut(s): opt_cut
[CUT SUMMARY] it=22 cand=OUT[0,1]|RET[0,2]|OUT[0,4]|RET[0,6]|OUT[0,9]|RET[0,10]|OUT[0,11]|RET[0,13]|OUT[0,17]|RET[0,18]|OUT[0,19]|RET[0,20]|...(+28) decision=added skip=None theta_total=0.0 rec_total=2323.000037 raw_rhs_total=2323.0000369999993 rhs_total=2323.0000370000016 lhs_total=0.0
Timing: master=22.943s sp_solve=0.021s cutgen=0.024s cutadd=0.002s cuts_added=1 total_cuts=22
MP stats: nodes=29800 best_bound=3.3996272326458503 incumbent=3.4000000000000004 gap=0.00010963745709972792
[CHECK] GAP: LB=3.39963 UB=697.36 gap=693.96 rel=0.995

=== Iteration 23 ===
Solving Master (MP)...
[SCHEDULE] master gap-tied: time_limit_s=30 mipgap=0.05 g_bd=0.995
[MIPSTART] x-only start applied: n_out=88 n_ret=88
Warning:  No solution found from 1 MIP starts.
2026-08-06 10:17:16,620 WARNING | pyomo.core | Loading a SolverResults object with an 'aborted' status, but containing a solution
2026-08-06 10:17:16,629 WARNING | pyomo.core | Loading a SolverResults object with an 'aborted' status, but containing a solution
2026-08-06 10:17:16,636 INFO | mobauto2_benders.benders.solver | iter=23 master status=SolveStatus.FEASIBLE obj=3.94 lb=3.66288
MP raw solver: status=aborted term=maxTimeLimit incumbent=3.939999999392242 best_bound=3.662883597883791
MP solutions: count=1 keys=['Gap', 'Status', 'Message', 'Problem', 'Objective', 'Variable', 'Constraint']
Shuttle totals (OUT+RET): q0=12, q1=12, q2=10, q3=10
MP stats (solver): nodes=41807 best_bound=3.662883597883791 incumbent=3.939999999392242 gap=0.0703341120670467
MP result: status=SolveStatus.FEASIBLE obj=3.94 lb=3.66288
[CHECK] MP: first=3.94 theta=1.17976e-09 mp_total=3.94 inc_obj=3.94 best_bound=3.66288
[CHECK] MP bounds: mp_obj=3.94 mp_best_bound=3.66288 mp_best_integer=3.94 term=maxTimeLimit status=aborted gap=0.0703341
[MP] iter=23 incumbent=3.94 best_bound=3.66288 gap=0.0703341 (src: inc=cplex_api bb=cplex_api gap=cplex_api)
[MP] iter=23 cuts=22 obj=3.940 last_const=8848.000 last_nnz=22
[MW] core updated (t=0..): min=0.001 max=2.17 mean=0.867
Evaluating Subproblem (SP) at candidate...
2026-08-06 10:17:16,791 INFO | mobauto2_benders.benders.solver | force-added CutType.OPTIMALITY cut 'opt_cut'
2026-08-06 10:17:16,791 INFO | mobauto2_benders.benders.solver | added 1 cut(s)
2026-08-06 10:17:16,791 INFO | mobauto2_benders.benders.solver | bounds: best_lb=3.66288 best_ub=697.36 gap=693.697 rel=0.995
SP result: recourse=1302 feasible=True
[SP PIPELINE] iter=23 build=0.000s solve=0.000s extract=0.000s post=0.000s cutgen=0.027s mode=mw lb_valid=True tl_inc=False vars=- bin=- cons=- lp=-
[CHECK] SP: recourse=1302 first=3.94 sp_total=1305.94
[CUT TIGHTNESS] raw_line(y)=1302  SP_ub=1302  diff=-2.27e-13
[BENDERS] Added cut #22: const_out=5360, const_ret=1747, nnz=20, slope_range=[-1.44e+03,-15], raw_pos_dm=0, scale=1
[BENDERS] Eval cut (dir): OUT lhs=0 rhs=335; RET lhs=1.17976e-09 rhs=967
Master updated: added 1 cut(s): opt_cut
[CUT SUMMARY] it=23 cand=OUT[0,1]|RET[0,2]|OUT[0,4]|RET[0,5]|OUT[0,8]|RET[0,10]|OUT[0,12]|RET[0,13]|OUT[0,16]|RET[0,17]|OUT[0,18]|RET[0,19]|...(+32) decision=added skip=None theta_total=1.1797591656376427e-09 rec_total=1302.000044 raw_rhs_total=1302.0000430815335 rhs_total=1302.0000430815319 lhs_total=1.1797591656376427e-09
Timing: master=30.196s sp_solve=0.032s cutgen=0.027s cutadd=0.002s cuts_added=1 total_cuts=23
MP stats: nodes=41807 best_bound=3.662883597883791 incumbent=3.939999999392242 gap=0.0703341120670467
[CHECK] GAP: LB=3.66288 UB=697.36 gap=693.697 rel=0.995

=== Iteration 24 ===
Solving Master (MP)...
[SCHEDULE] master gap-tied: time_limit_s=6 mipgap=0.05 g_bd=0.995
[MIPSTART] x-only start applied: n_out=88 n_ret=88
Warning:  No solution found from 1 MIP starts.
2026-08-06 10:17:23,062 WARNING | pyomo.core | Loading a SolverResults object with an 'aborted' status, but containing a solution
2026-08-06 10:17:23,078 WARNING | pyomo.core | Loading a SolverResults object with an 'aborted' status, but containing a solution
2026-08-06 10:17:23,078 INFO | mobauto2_benders.benders.solver | iter=24 master status=SolveStatus.FEASIBLE obj=5.70999 lb=3.4159
MP raw solver: status=aborted term=maxTimeLimit incumbent=5.709991000000051 best_bound=3.4158991563088548
MP solutions: count=1 keys=['Gap', 'Status', 'Message', 'Problem', 'Objective', 'Variable', 'Constraint']
Shuttle totals (OUT+RET): q0=12, q1=12, q2=12, q3=10
MP stats (solver): nodes=3902 best_bound=3.4158991563088548 incumbent=5.709991000000051 gap=0.4017680314471597
MP result: status=SolveStatus.FEASIBLE obj=5.70999 lb=3.4159
[CHECK] MP: first=4.71 theta=0.999991 mp_total=5.70999 inc_obj=5.70999 best_bound=3.4159
[CHECK] MP bounds: mp_obj=5.70999 mp_best_bound=3.4159 mp_best_integer=5.70999 term=maxTimeLimit status=aborted gap=0.401768
[MP] iter=24 incumbent=5.70999 best_bound=3.4159 gap=0.401768 (src: inc=cplex_api bb=cplex_api gap=cplex_api)
[MP] iter=24 cuts=23 obj=5.710 last_const=7107.000 last_nnz=20
[MW] core updated (t=0..): min=0.001 max=2.34 mean=0.921
Evaluating Subproblem (SP) at candidate...
2026-08-06 10:17:23,298 INFO | mobauto2_benders.benders.solver | force-added CutType.OPTIMALITY cut 'opt_cut'
2026-08-06 10:17:23,298 INFO | mobauto2_benders.benders.solver | added 1 cut(s)
2026-08-06 10:17:23,298 INFO | mobauto2_benders.benders.solver | bounds: best_lb=3.66288 best_ub=697.36 gap=693.697 rel=0.995
2026-08-06 10:17:23,298 WARNING | mobauto2_benders.benders.solver | Time limit reached after 24 iterations
SP result: recourse=2170 feasible=True
[SP PIPELINE] iter=24 build=0.000s solve=0.000s extract=0.000s post=0.000s cutgen=0.051s mode=mw lb_valid=True tl_inc=False vars=- bin=- cons=- lp=-
[CHECK] SP: recourse=2170 first=4.71 sp_total=2174.71
[CUT TIGHTNESS] raw_line(y)=2170  SP_ub=2170  diff=0
[BENDERS] Added cut #23: const_out=6157, const_ret=963, nnz=18, slope_range=[-1.41e+03,-15], raw_pos_dm=0, scale=1
[BENDERS] Eval cut (dir): OUT lhs=0 rhs=1252; RET lhs=0.999991 rhs=918
Master updated: added 1 cut(s): opt_cut
[CUT SUMMARY] it=24 cand=OUT[0,3]|RET[0,4]|OUT[0,6]|RET[0,7]|OUT[0,9]|RET[0,10]|OUT[0,12]|RET[0,13]|OUT[0,16]|RET[0,17]|OUT[0,19]|RET[0,20]|...(+34) decision=added skip=None theta_total=0.9999910000000511 rec_total=2170.000038 raw_rhs_total=2170.000038 rhs_total=2170.0000380000006 lhs_total=0.9999910000000511
Timing: master=6.296s sp_solve=0.046s cutgen=0.051s cutadd=0.004s cuts_added=1 total_cuts=24
MP stats: nodes=3902 best_bound=3.4158991563088548 incumbent=5.709991000000051 gap=0.4017680314471597
[CHECK] GAP: LB=3.66288 UB=697.36 gap=693.697 rel=0.995

Time limit reached after 24 iterations.
Total solve time: 120.416 seconds
Best bounds: LB=3.66288 UB=697.36 gap=693.697 rel=0.995

Best Master Solution:
Q=4 T=22
theta = 0
  - theta_out = 0
  - theta_ret = 0
Timeline (per shuttle):
           0     1     2     3     4     5     6     7     8     9    10    11    12    13    14    15    16    17    18    19    20    21
  q=0:   IDL   OUT   RET   CHR   OUT   RET   OUT   RET   CHR   CHR   OUT   RET   CHR   CHR   OUT   RET   CHR   OUT   IDL   RET   IDL   IDL
  q=1:   IDL   IDL   OUT   IDL   RET   OUT   IDL   IDL   IDL   RET   CHR   CHR   CHR   OUT   RET   OUT   IDL   RET   IDL   IDL   IDL   IDL
  q=2:   IDL   OUT   IDL   RET   OUT   IDL   IDL   IDL   RET   CHR   CHR   CHR   OUT   IDL   IDL   IDL   IDL   IDL   RET   OUT   RET   IDL
  q=3:   IDL   IDL   IDL   OUT   IDL   IDL   RET   OUT   IDL   IDL   IDL   IDL   RET   CHR   CHR   CHR   OUT   RET   OUT   IDL   RET   IDL
Battery (per shuttle):
           0     1     2     3     4     5     6     7     8     9    10    11    12    13    14    15    16    17    18    19    20    21
  q=0:   150   150   150   150   120    90   125    95    65   100    70    40    75    45    15    50    85    55    25    60    30     0
  q=1:   150   150   120   120    90   125    95    65   100    70    70    40    75    45    15    50    85   120    90    60    30     0
  q=2:   150   150   120    90   125    95    65   100   135   105   105    75   110    80    50    85    55    25    60    30     0     0
  q=3:   150   150   120    90   125    95    95    65    35    35    35     5    40    75    45    15    50    60    30    30     0     0

Demand per slot (OUT/RET):
         0   1   2   3   4   5   6   7   8   9  10  11  12  13  14  15  16  17  18  19  20  21
  OUT:  19  22  29  22  17   8   4   4   2   4   5   3   1   4   1   2   0   1   0   2   0   0
  RET:   3   1   2   0   0   4   3   7   4   4   8  12   8   7   6   7  19  15  24  16   0   0

Pax per shuttle and slot (total):
         0   1   2   3   4   5   6   7   8   9  10  11  12  13  14  15  16  17  18  19  20  21
  q=0:   0  15   4   0  15   0  15   3   0   0   6  12   0   0   4   6   0   0   0  15   0   0
  q=1:   0   0  15   0   0  15   0   0   0   4   0   0   0   1  15   1   0  15   0   0   0   0
  q=2:   0   4   0   2  15   0   0   0   7   0   0   0   8   0   0   0   0   0  15   0  15   0
  q=3:   0   0   0  15   0   0   4  12   0   0   0   0  12   0   0   0   2  11   1   0  10   0
Pax served: 294/300
Pax served: 294/300
Subproblem (last): obj=696 wait_slots=396 fill_eps=4e-05 penalty_cost=300 penalty_pax=6 total_demand=300
Avg wait (min): 40.4082
UB_total (best): 697.36

Result: status=UNKNOWN iterations=24 best_lb=3.662883597883791 best_ub=697.3600399999999

Manifest: C:\Users\fabio\My Drive\05_Projects\19_MobAuto2_Benders\manifests\manifest_sweep_res30_q4_20260806_081723.json
