Run configuration:
  solver: iterations=8 tol=1e-09 total_time_limit_s=3600 seed=42
  master: solver=cplex Q=3 T_minutes=660 slot_res=30 (slots=22) trip_dur_min=30 Emax=150.0 L=30.0 eps=0.01 conc_pen=0.25 delta_chg=35.0
  subproblem: solver=cplex_direct S=15.0 Wmax=60 p=50.0 fill_eps=1e-06 (slot_res=30)
  demand_file: setups/base.yaml
Initialized master problem.
[MW] enabled=True alpha=0.3 eps=0.001

=== Iteration 1 ===
Solving Master (MP)...
[SCHEDULE] master gap-tied: time_limit_s=102 mipgap=0.05 g_bd=0.05
MP raw solver: status=ok term=optimal incumbent=100.95 best_bound=99.64642857142962
MP solutions: count=1 keys=['Gap', 'Status', 'Message', 'Problem', 'Objective', 'Variable', 'Constraint']
Shuttle totals (OUT+RET): q0=8, q1=6, q2=6
MP stats (solver): nodes=585 best_bound=99.64642857142962 incumbent=100.95 gap=0.012913040401873082
2026-08-06 15:36:01,543 INFO | mobauto2_benders.benders.solver | iter=1 master status=SolveStatus.FEASIBLE obj=100.95 lb=99.6464
MP result: status=SolveStatus.FEASIBLE obj=100.95 lb=99.6464
[CHECK] MP: first=0.95 theta=100 mp_total=100.95 inc_obj=100.95 best_bound=99.6464
[CHECK] MP bounds: mp_obj=100.95 mp_best_bound=99.6464 mp_best_integer=100.95 term=optimal status=ok gap=0.012913
[MP] iter=1 incumbent=100.95 best_bound=99.6464 gap=0.012913 (src: inc=cplex_api bb=cplex_api gap=cplex_api)
[MP] iter=1 cuts=0 obj=100.950
[MW] core updated (t=0..): min=1.05 max=1.65 mean=1.19
Evaluating Subproblem (SP) at candidate...
SP result: recourse=5990 feasible=True
[SP PIPELINE] iter=1 build=0.000s solve=0.000s extract=0.000s post=0.000s cutgen=0.017s mode=mw lb_valid=True tl_inc=False vars=- bin=- cons=- lp=-
[CHECK] SP: recourse=5990 first=0.95 sp_total=5990.95
[CUT TIGHTNESS] raw_line(y)=5990  SP_ub=5990  diff=9.09e-13
[BENDERS] Added cut #0: const_out=4564, const_ret=6526, nnz=32, slope_range=[-735,-15], raw_pos_dm=0, scale=1
[BENDERS] Eval cut (dir): OUT lhs=100 rhs=1669; RET lhs=0 rhs=4321
2026-08-06 15:36:01,637 INFO | mobauto2_benders.benders.solver | force-added CutType.OPTIMALITY cut 'opt_cut'
2026-08-06 15:36:01,638 INFO | mobauto2_benders.benders.solver | added 1 cut(s)
Master updated: added 1 cut(s): opt_cut
[CUT SUMMARY] it=1 cand=OUT[0,1]|RET[0,2]|OUT[0,3]|RET[0,4]|OUT[0,6]|RET[0,8]|OUT[0,12]|RET[0,17]|OUT[1,1]|RET[1,2]|OUT[1,4]|RET[1,5]|...(+8) decision=added skip=None theta_total=100.0 rec_total=5990.000014 raw_rhs_total=5990.000014000001 rhs_total=5990.000014000001 lhs_total=100.0
Timing: master=0.428s sp_solve=0.018s cutgen=0.017s cutadd=0.002s cuts_added=1 total_cuts=1
MP stats: nodes=585 best_bound=99.64642857142962 incumbent=100.95 gap=0.012913040401873082
2026-08-06 15:36:01,638 INFO | mobauto2_benders.benders.solver | bounds: best_lb=99.6464 best_ub=5990.95 gap=5891.3 rel=0.983
[CHECK] GAP: LB=99.6464 UB=5990.95 gap=5891.3 rel=0.983

=== Iteration 2 ===
Solving Master (MP)...
[SCHEDULE] master gap-tied: time_limit_s=102 mipgap=0.05 g_bd=0.983
[MIPSTART] x-only start applied: n_out=66 n_ret=66
Warning:  No solution found from 1 MIP starts.
MP raw solver: status=ok term=optimal incumbent=101.05000000000003 best_bound=97.46170512820419
MP solutions: count=1 keys=['Gap', 'Status', 'Message', 'Problem', 'Objective', 'Variable', 'Constraint']
Shuttle totals (OUT+RET): q0=10, q1=10, q2=10
MP stats (solver): nodes=618 best_bound=97.46170512820419 incumbent=101.05000000000003 gap=0.03551009274410971
2026-08-06 15:36:02,541 INFO | mobauto2_benders.benders.solver | iter=2 master status=SolveStatus.FEASIBLE obj=101.05 lb=97.4617
MP result: status=SolveStatus.FEASIBLE obj=101.05 lb=97.4617
[CHECK] MP: first=1.05 theta=100 mp_total=101.05 inc_obj=101.05 best_bound=97.4617
[CHECK] MP bounds: mp_obj=101.05 mp_best_bound=97.4617 mp_best_integer=101.05 term=optimal status=ok gap=0.0355101
[MP] iter=2 incumbent=101.05 best_bound=97.4617 gap=0.0355101 (src: inc=cplex_api bb=cplex_api gap=cplex_api)
[MP] iter=2 cuts=1 obj=101.050 last_const=11090.000 last_nnz=32
[MW] core updated (t=0..): min=0.735 max=1.75 mean=1.03
Evaluating Subproblem (SP) at candidate...
SP result: recourse=3404 feasible=True
[SP PIPELINE] iter=2 build=0.000s solve=0.000s extract=0.000s post=0.000s cutgen=0.011s mode=mw lb_valid=True tl_inc=False vars=- bin=- cons=- lp=-
[CHECK] SP: recourse=3404 first=1.05 sp_total=3405.05
[CUT TIGHTNESS] raw_line(y)=3404  SP_ub=3404  diff=1.82e-12
[BENDERS] Added cut #1: const_out=4172, const_ret=4332, nnz=21, slope_range=[-735,-15], raw_pos_dm=0, scale=1
[BENDERS] Eval cut (dir): OUT lhs=100 rhs=1277; RET lhs=-0 rhs=2127
2026-08-06 15:36:02,602 INFO | mobauto2_benders.benders.solver | force-added CutType.OPTIMALITY cut 'opt_cut'
2026-08-06 15:36:02,602 INFO | mobauto2_benders.benders.solver | added 1 cut(s)
Master updated: added 1 cut(s): opt_cut
[CUT SUMMARY] it=2 cand=OUT[0,1]|RET[0,2]|OUT[0,4]|RET[0,5]|OUT[0,6]|RET[0,9]|OUT[0,14]|RET[0,15]|OUT[0,19]|RET[0,20]|OUT[1,2]|RET[1,3]|...(+18) decision=added skip=None theta_total=100.0 rec_total=3404.000014 raw_rhs_total=3404.000014000002 rhs_total=3404.000014000001 lhs_total=100.0
Timing: master=0.903s sp_solve=0.012s cutgen=0.011s cutadd=0.001s cuts_added=1 total_cuts=2
MP stats: nodes=618 best_bound=97.46170512820419 incumbent=101.05000000000003 gap=0.03551009274410971
2026-08-06 15:36:02,602 INFO | mobauto2_benders.benders.solver | bounds: best_lb=99.6464 best_ub=3405.05 gap=3305.4 rel=0.971
[CHECK] GAP: LB=99.6464 UB=3405.05 gap=3305.4 rel=0.971

=== Iteration 3 ===
Solving Master (MP)...
[SCHEDULE] master gap-tied: time_limit_s=102 mipgap=0.05 g_bd=0.971
[MIPSTART] x-only start applied: n_out=66 n_ret=66
Warning:  No solution found from 1 MIP starts.
MP raw solver: status=ok term=optimal incumbent=101.04999999999995 best_bound=96.92750617283974
MP solutions: count=1 keys=['Gap', 'Status', 'Message', 'Problem', 'Objective', 'Variable', 'Constraint']
Shuttle totals (OUT+RET): q0=12, q1=10, q2=8
MP stats (solver): nodes=557 best_bound=96.92750617283974 incumbent=101.04999999999995 gap=0.040796574242020135
2026-08-06 15:36:04,209 INFO | mobauto2_benders.benders.solver | iter=3 master status=SolveStatus.FEASIBLE obj=101.05 lb=96.9275
MP result: status=SolveStatus.FEASIBLE obj=101.05 lb=96.9275
[CHECK] MP: first=1.05 theta=100 mp_total=101.05 inc_obj=101.05 best_bound=96.9275
[CHECK] MP bounds: mp_obj=101.05 mp_best_bound=96.9275 mp_best_integer=101.05 term=optimal status=ok gap=0.0407966
[MP] iter=3 incumbent=101.05 best_bound=96.9275 gap=0.0407966 (src: inc=cplex_api bb=cplex_api gap=cplex_api)
[MP] iter=3 cuts=2 obj=101.050 last_const=8504.000 last_nnz=21
[MW] core updated (t=0..): min=0.514 max=1.83 mean=0.929
Evaluating Subproblem (SP) at candidate...
SP result: recourse=2301 feasible=True
[SP PIPELINE] iter=3 build=0.000s solve=0.000s extract=0.000s post=0.000s cutgen=0.044s mode=mw lb_valid=True tl_inc=False vars=- bin=- cons=- lp=-
[CHECK] SP: recourse=2301 first=1.05 sp_total=2302.05
[CUT TIGHTNESS] raw_line(y)=2301  SP_ub=2301  diff=1.82e-12
[BENDERS] Added cut #2: const_out=4176, const_ret=3975, nnz=24, slope_range=[-735,-15], raw_pos_dm=0, scale=1
[BENDERS] Eval cut (dir): OUT lhs=100 rhs=1281; RET lhs=0 rhs=1020
2026-08-06 15:36:04,430 INFO | mobauto2_benders.benders.solver | force-added CutType.OPTIMALITY cut 'opt_cut'
2026-08-06 15:36:04,430 INFO | mobauto2_benders.benders.solver | added 1 cut(s)
Master updated: added 1 cut(s): opt_cut
[CUT SUMMARY] it=3 cand=OUT[0,1]|RET[0,2]|OUT[0,4]|RET[0,5]|OUT[0,6]|RET[0,9]|OUT[0,12]|RET[0,13]|OUT[0,16]|RET[0,17]|OUT[0,19]|RET[0,20]|...(+18) decision=added skip=None theta_total=99.99999999999996 rec_total=2301.000014 raw_rhs_total=2301.000014000002 rhs_total=2301.000014000001 lhs_total=99.99999999999996
Timing: master=1.607s sp_solve=0.045s cutgen=0.044s cutadd=0.003s cuts_added=1 total_cuts=3
MP stats: nodes=557 best_bound=96.92750617283974 incumbent=101.04999999999995 gap=0.040796574242020135
2026-08-06 15:36:04,431 INFO | mobauto2_benders.benders.solver | bounds: best_lb=99.6464 best_ub=2302.05 gap=2202.4 rel=0.957
[CHECK] GAP: LB=99.6464 UB=2302.05 gap=2202.4 rel=0.957

=== Iteration 4 ===
Solving Master (MP)...
[SCHEDULE] master gap-tied: time_limit_s=102 mipgap=0.05 g_bd=0.957
[MIPSTART] x-only start applied: n_out=66 n_ret=66
Warning:  No solution found from 1 MIP starts.
MP raw solver: status=ok term=optimal incumbent=101.07000000000001 best_bound=98.53153061224509
MP solutions: count=1 keys=['Gap', 'Status', 'Message', 'Problem', 'Objective', 'Variable', 'Constraint']
Shuttle totals (OUT+RET): q0=12, q1=10, q2=10
MP stats (solver): nodes=1478 best_bound=98.53153061224509 incumbent=101.07000000000001 gap=0.025115953178513936
2026-08-06 15:36:11,241 INFO | mobauto2_benders.benders.solver | iter=4 master status=SolveStatus.FEASIBLE obj=101.07 lb=98.5315
MP result: status=SolveStatus.FEASIBLE obj=101.07 lb=98.5315
[CHECK] MP: first=1.07 theta=100 mp_total=101.07 inc_obj=101.07 best_bound=98.5315
[CHECK] MP bounds: mp_obj=101.07 mp_best_bound=98.5315 mp_best_integer=101.07 term=optimal status=ok gap=0.025116
[MP] iter=4 incumbent=101.07 best_bound=98.5315 gap=0.025116 (src: inc=cplex_api bb=cplex_api gap=cplex_api)
[MP] iter=4 cuts=3 obj=101.070 last_const=8151.000 last_nnz=24
[MW] core updated (t=0..): min=0.36 max=1.88 mean=0.869
Evaluating Subproblem (SP) at candidate...
SP result: recourse=2436 feasible=True
[SP PIPELINE] iter=4 build=0.000s solve=0.000s extract=0.000s post=0.000s cutgen=0.050s mode=mw lb_valid=True tl_inc=False vars=- bin=- cons=- lp=-
[CHECK] SP: recourse=2436 first=1.07 sp_total=2437.07
[CUT TIGHTNESS] raw_line(y)=2436  SP_ub=2436  diff=9.09e-13
[BENDERS] Added cut #3: const_out=4124, const_ret=4162, nnz=22, slope_range=[-735,-15], raw_pos_dm=0, scale=1
[BENDERS] Eval cut (dir): OUT lhs=100 rhs=1229; RET lhs=0 rhs=1207
2026-08-06 15:36:11,449 INFO | mobauto2_benders.benders.solver | force-added CutType.OPTIMALITY cut 'opt_cut'
2026-08-06 15:36:11,450 INFO | mobauto2_benders.benders.solver | added 1 cut(s)
Master updated: added 1 cut(s): opt_cut
[CUT SUMMARY] it=4 cand=OUT[0,2]|RET[0,3]|OUT[0,5]|RET[0,7]|OUT[0,8]|RET[0,9]|OUT[0,13]|RET[0,14]|OUT[0,16]|RET[0,17]|OUT[0,19]|RET[0,20]|...(+20) decision=added skip=None theta_total=100.0 rec_total=2436.000014 raw_rhs_total=2436.000014000001 rhs_total=2436.000014 lhs_total=100.0
Timing: master=6.810s sp_solve=0.037s cutgen=0.050s cutadd=0.004s cuts_added=1 total_cuts=4
MP stats: nodes=1478 best_bound=98.53153061224509 incumbent=101.07000000000001 gap=0.025115953178513936
2026-08-06 15:36:11,450 INFO | mobauto2_benders.benders.solver | bounds: best_lb=99.6464 best_ub=2302.05 gap=2202.4 rel=0.957
[CHECK] GAP: LB=99.6464 UB=2302.05 gap=2202.4 rel=0.957

=== Iteration 5 ===
Solving Master (MP)...
[SCHEDULE] master gap-tied: time_limit_s=102 mipgap=0.05 g_bd=0.957
[MIPSTART] x-only start applied: n_out=66 n_ret=66
Warning:  No solution found from 1 MIP starts.
MP raw solver: status=ok term=optimal incumbent=101.33999999999996 best_bound=96.45456704614466
MP solutions: count=1 keys=['Gap', 'Status', 'Message', 'Problem', 'Objective', 'Variable', 'Constraint']
Shuttle totals (OUT+RET): q0=12, q1=12, q2=10
MP stats (solver): nodes=1861 best_bound=96.45456704614466 incumbent=101.33999999999996 gap=0.04820833781182634
2026-08-06 15:36:21,102 INFO | mobauto2_benders.benders.solver | iter=5 master status=SolveStatus.FEASIBLE obj=101.34 lb=96.4546
MP result: status=SolveStatus.FEASIBLE obj=101.34 lb=96.4546
[CHECK] MP: first=1.34 theta=100 mp_total=101.34 inc_obj=101.34 best_bound=96.4546
[CHECK] MP bounds: mp_obj=101.34 mp_best_bound=96.4546 mp_best_integer=101.34 term=optimal status=ok gap=0.0482083
[MP] iter=5 incumbent=101.34 best_bound=96.4546 gap=0.0482083 (src: inc=cplex_api bb=cplex_api gap=cplex_api)
[MP] iter=5 cuts=4 obj=101.340 last_const=8286.000 last_nnz=22
[MW] core updated (t=0..): min=0.252 max=1.92 mean=0.84
Evaluating Subproblem (SP) at candidate...
SP result: recourse=2391 feasible=True
[SP PIPELINE] iter=5 build=0.000s solve=0.000s extract=0.000s post=0.000s cutgen=0.076s mode=mw lb_valid=True tl_inc=False vars=- bin=- cons=- lp=-
[CHECK] SP: recourse=2391 first=1.34 sp_total=2392.34
[CUT TIGHTNESS] raw_line(y)=2391  SP_ub=2391  diff=2.73e-12
[BENDERS] Added cut #4: const_out=4028, const_ret=4213, nnz=21, slope_range=[-735,-15], raw_pos_dm=0, scale=1
[BENDERS] Eval cut (dir): OUT lhs=100 rhs=1133; RET lhs=0 rhs=1258
2026-08-06 15:36:21,393 INFO | mobauto2_benders.benders.solver | force-added CutType.OPTIMALITY cut 'opt_cut'
2026-08-06 15:36:21,393 INFO | mobauto2_benders.benders.solver | added 1 cut(s)
Master updated: added 1 cut(s): opt_cut
[CUT SUMMARY] it=5 cand=OUT[0,2]|RET[0,3]|OUT[0,5]|RET[0,6]|OUT[0,9]|RET[0,10]|OUT[0,13]|RET[0,14]|OUT[0,16]|RET[0,17]|OUT[0,18]|RET[0,19]|...(+22) decision=added skip=None theta_total=99.99999999999996 rec_total=2391.000014 raw_rhs_total=2391.000014000003 rhs_total=2391.000014 lhs_total=99.99999999999996
Timing: master=9.656s sp_solve=0.047s cutgen=0.076s cutadd=0.006s cuts_added=1 total_cuts=5
MP stats: nodes=1861 best_bound=96.45456704614466 incumbent=101.33999999999996 gap=0.04820833781182634
2026-08-06 15:36:21,393 INFO | mobauto2_benders.benders.solver | bounds: best_lb=99.6464 best_ub=2302.05 gap=2202.4 rel=0.957
[CHECK] GAP: LB=99.6464 UB=2302.05 gap=2202.4 rel=0.957

=== Iteration 6 ===
Solving Master (MP)...
[SCHEDULE] master gap-tied: time_limit_s=102 mipgap=0.05 g_bd=0.957
[MIPSTART] x-only start applied: n_out=66 n_ret=66
Warning:  No solution found from 1 MIP starts.
MP raw solver: status=ok term=optimal incumbent=201.04999999999998 best_bound=191.97564747870769
MP solutions: count=1 keys=['Gap', 'Status', 'Message', 'Problem', 'Objective', 'Variable', 'Constraint']
Shuttle totals (OUT+RET): q0=10, q1=10, q2=10
MP stats (solver): nodes=2200 best_bound=191.97564747870769 incumbent=201.04999999999998 gap=0.04513480488081465
2026-08-06 15:36:30,310 INFO | mobauto2_benders.benders.solver | iter=6 master status=SolveStatus.FEASIBLE obj=201.05 lb=191.976
MP result: status=SolveStatus.FEASIBLE obj=201.05 lb=191.976
[CHECK] MP: first=1.05 theta=200 mp_total=201.05 inc_obj=201.05 best_bound=191.976
[CHECK] MP bounds: mp_obj=201.05 mp_best_bound=191.976 mp_best_integer=201.05 term=optimal status=ok gap=0.0451348
[MP] iter=6 incumbent=201.05 best_bound=191.976 gap=0.0451348 (src: inc=cplex_api bb=cplex_api gap=cplex_api)
[MP] iter=6 cuts=5 obj=201.050 last_const=8241.000 last_nnz=21
[MW] core updated (t=0..): min=0.176 max=1.64 mean=0.792
Evaluating Subproblem (SP) at candidate...
SP result: recourse=3084 feasible=True
[SP PIPELINE] iter=6 build=0.000s solve=0.000s extract=0.000s post=0.000s cutgen=0.023s mode=mw lb_valid=True tl_inc=False vars=- bin=- cons=- lp=-
[CHECK] SP: recourse=3084 first=1.05 sp_total=3085.05
[CUT TIGHTNESS] raw_line(y)=3084  SP_ub=3084  diff=-1.36e-12
[BENDERS] Added cut #5: const_out=7476, const_ret=4188, nnz=24, slope_range=[-1.41e+03,-15], raw_pos_dm=0, scale=1
[BENDERS] Eval cut (dir): OUT lhs=200 rhs=1101; RET lhs=0 rhs=1983
2026-08-06 15:36:30,445 INFO | mobauto2_benders.benders.solver | force-added CutType.OPTIMALITY cut 'opt_cut'
2026-08-06 15:36:30,445 INFO | mobauto2_benders.benders.solver | added 1 cut(s)
Master updated: added 1 cut(s): opt_cut
[CUT SUMMARY] it=6 cand=OUT[0,2]|RET[0,3]|OUT[0,4]|RET[0,5]|OUT[0,7]|RET[0,11]|OUT[0,16]|RET[0,17]|OUT[0,19]|RET[0,20]|OUT[1,3]|RET[1,4]|...(+18) decision=added skip=None theta_total=200.0 rec_total=3084.000019 raw_rhs_total=3084.0000189999982 rhs_total=3084.000019000002 lhs_total=200.0
Timing: master=8.915s sp_solve=0.023s cutgen=0.023s cutadd=0.003s cuts_added=1 total_cuts=6
MP stats: nodes=2200 best_bound=191.97564747870769 incumbent=201.04999999999998 gap=0.04513480488081465
2026-08-06 15:36:30,446 INFO | mobauto2_benders.benders.solver | bounds: best_lb=191.976 best_ub=2302.05 gap=2110.07 rel=0.917
[CHECK] GAP: LB=191.976 UB=2302.05 gap=2110.07 rel=0.917

=== Iteration 7 ===
Solving Master (MP)...
[SCHEDULE] master gap-tied: time_limit_s=102 mipgap=0.05 g_bd=0.917
[MIPSTART] x-only start applied: n_out=66 n_ret=66
Warning:  No solution found from 1 MIP starts.
MP raw solver: status=ok term=optimal incumbent=201.33999999999995 best_bound=199.51725347439492
MP solutions: count=1 keys=['Gap', 'Status', 'Message', 'Problem', 'Objective', 'Variable', 'Constraint']
Shuttle totals (OUT+RET): q0=12, q1=12, q2=10
MP stats (solver): nodes=1533 best_bound=199.51725347439492 incumbent=201.33999999999995 gap=0.009053077012039942
2026-08-06 15:36:36,484 INFO | mobauto2_benders.benders.solver | iter=7 master status=SolveStatus.FEASIBLE obj=201.34 lb=199.517
MP result: status=SolveStatus.FEASIBLE obj=201.34 lb=199.517
[CHECK] MP: first=1.34 theta=200 mp_total=201.34 inc_obj=201.34 best_bound=199.517
[CHECK] MP bounds: mp_obj=201.34 mp_best_bound=199.517 mp_best_integer=201.34 term=optimal status=ok gap=0.00905308
[MP] iter=7 incumbent=201.34 best_bound=199.517 gap=0.00905308 (src: inc=cplex_api bb=cplex_api gap=cplex_api)
[MP] iter=7 cuts=6 obj=201.340 last_const=11664.000 last_nnz=24
[MW] core updated (t=0..): min=0.124 max=1.75 mean=0.786
Evaluating Subproblem (SP) at candidate...
SP result: recourse=1766 feasible=True
[SP PIPELINE] iter=7 build=0.000s solve=0.000s extract=0.000s post=0.000s cutgen=0.017s mode=mw lb_valid=True tl_inc=False vars=- bin=- cons=- lp=-
[CHECK] SP: recourse=1766 first=1.34 sp_total=1767.34
[CUT TIGHTNESS] raw_line(y)=1766  SP_ub=1766  diff=-2.27e-13
[BENDERS] Added cut #6: const_out=4619, const_ret=837, nnz=19, slope_range=[-735,-15], raw_pos_dm=0, scale=1
[BENDERS] Eval cut (dir): OUT lhs=200 rhs=1034; RET lhs=0 rhs=732
2026-08-06 15:36:36,586 INFO | mobauto2_benders.benders.solver | force-added CutType.OPTIMALITY cut 'opt_cut'
2026-08-06 15:36:36,586 INFO | mobauto2_benders.benders.solver | added 1 cut(s)
Master updated: added 1 cut(s): opt_cut
[CUT SUMMARY] it=7 cand=OUT[0,1]|RET[0,2]|OUT[0,3]|RET[0,4]|OUT[0,7]|RET[0,8]|OUT[0,10]|RET[0,12]|OUT[0,15]|RET[0,16]|OUT[0,18]|RET[0,19]|...(+22) decision=added skip=None theta_total=200.0 rec_total=1766.000018 raw_rhs_total=1766.000018 rhs_total=1766.000018000001 lhs_total=200.0
Timing: master=6.041s sp_solve=0.020s cutgen=0.017s cutadd=0.001s cuts_added=1 total_cuts=7
MP stats: nodes=1533 best_bound=199.51725347439492 incumbent=201.33999999999995 gap=0.009053077012039942
2026-08-06 15:36:36,586 INFO | mobauto2_benders.benders.solver | bounds: best_lb=199.517 best_ub=1767.34 gap=1567.82 rel=0.887
[CHECK] GAP: LB=199.517 UB=1767.34 gap=1567.82 rel=0.887

=== Iteration 8 ===
Solving Master (MP)...
[SCHEDULE] master gap-tied: time_limit_s=102 mipgap=0.05 g_bd=0.887
[MIPSTART] x-only start applied: n_out=66 n_ret=66
Warning:  No solution found from 1 MIP starts.
MP raw solver: status=ok term=optimal incumbent=211.59000400000127 best_bound=201.42853750410143
MP solutions: count=1 keys=['Gap', 'Status', 'Message', 'Problem', 'Objective', 'Variable', 'Constraint']
Shuttle totals (OUT+RET): q0=12, q1=12, q2=10
MP stats (solver): nodes=736 best_bound=201.42853750410143 incumbent=211.59000400000127 gap=0.04802432205585185
2026-08-06 15:36:39,335 INFO | mobauto2_benders.benders.solver | iter=8 master status=SolveStatus.FEASIBLE obj=211.59 lb=201.429
MP result: status=SolveStatus.FEASIBLE obj=211.59 lb=201.429
[CHECK] MP: first=2.59 theta=209 mp_total=211.59 inc_obj=211.59 best_bound=201.429
[CHECK] MP bounds: mp_obj=211.59 mp_best_bound=201.429 mp_best_integer=211.59 term=optimal status=ok gap=0.0480243
[MP] iter=8 incumbent=211.59 best_bound=201.429 gap=0.0480243 (src: inc=cplex_api bb=cplex_api gap=cplex_api)
[MP] iter=8 cuts=7 obj=211.590 last_const=5456.000 last_nnz=19
[MW] core updated (t=0..): min=0.0865 max=1.54 mean=0.782
Evaluating Subproblem (SP) at candidate...
SP result: recourse=2146 feasible=True
[SP PIPELINE] iter=8 build=0.000s solve=0.000s extract=0.000s post=0.000s cutgen=0.014s mode=mw lb_valid=True tl_inc=False vars=- bin=- cons=- lp=-
[CHECK] SP: recourse=2146 first=2.59 sp_total=2148.59
[CUT TIGHTNESS] raw_line(y)=2146  SP_ub=2146  diff=0
[BENDERS] Added cut #7: const_out=5282, const_ret=1259, nnz=22, slope_range=[-1.44e+03,-15], raw_pos_dm=0, scale=1
[BENDERS] Eval cut (dir): OUT lhs=209 rhs=932; RET lhs=0 rhs=1214
2026-08-06 15:36:39,418 INFO | mobauto2_benders.benders.solver | force-added CutType.OPTIMALITY cut 'opt_cut'
2026-08-06 15:36:39,418 INFO | mobauto2_benders.benders.solver | added 1 cut(s)
Master updated: added 1 cut(s): opt_cut
[CUT SUMMARY] it=8 cand=OUT[0,1]|RET[0,2]|OUT[0,3]|RET[0,4]|OUT[0,6]|RET[0,7]|OUT[0,12]|RET[0,13]|OUT[0,14]|RET[0,17]|OUT[0,19]|RET[0,20]|...(+22) decision=added skip=None theta_total=209.00000400000135 rec_total=2146.000052 raw_rhs_total=2146.000052 rhs_total=2146.0000519999994 lhs_total=209.00000400000135
Timing: master=2.759s sp_solve=0.015s cutgen=0.014s cutadd=0.001s cuts_added=1 total_cuts=8
MP stats: nodes=736 best_bound=201.42853750410143 incumbent=211.59000400000127 gap=0.04802432205585185
2026-08-06 15:36:39,418 INFO | mobauto2_benders.benders.solver | bounds: best_lb=201.429 best_ub=1767.34 gap=1565.91 rel=0.886
[CHECK] GAP: LB=201.429 UB=1767.34 gap=1565.91 rel=0.886
2026-08-06 15:36:39,418 WARNING | mobauto2_benders.benders.solver | Max iterations reached: 8

Max iterations reached: 8
Total solve time: 38.370 seconds
Best bounds: LB=201.429 UB=1767.34 gap=1565.91 rel=0.886

Best Master Solution:
Q=3 T=22
theta = 200
  - theta_out = 200
  - theta_ret = 0
Timeline (per shuttle):
           0     1     2     3     4     5     6     7     8     9    10    11    12    13    14    15    16    17    18    19    20    21
  q=0:   IDL   OUT   RET   OUT   RET   CHR   CHR   OUT   RET   CHR   OUT   IDL   RET   CHR   CHR   OUT   RET   CHR   OUT   RET   IDL   IDL
  q=1:   IDL   IDL   OUT   RET   CHR   OUT   RET   CHR   OUT   RET   CHR   OUT   IDL   RET   CHR   CHR   OUT   RET   CHR   OUT   RET   IDL
  q=2:   IDL   OUT   RET   CHR   OUT   RET   OUT   RET   CHR   CHR   CHR   CHR   CHR   OUT   IDL   IDL   IDL   IDL   RET   OUT   RET   IDL
Battery (per shuttle):
           0     1     2     3     4     5     6     7     8     9    10    11    12    13    14    15    16    17    18    19    20    21
  q=0:   150   150   120    90    60    30    65    35     5    40    75   110   145   115    85    55    55    55    25    60    30     0
  q=1:   150   150   150   120    90    60    60    30    65   100    70    40    75    45    15    50    85   120    90    60    30     0
  q=2:   150   150   150   120    90    60    30    65    35     5    28    51    74    97   120    90    90    90    60    30     0     0

Demand per slot (OUT/RET):
         0   1   2   3   4   5   6   7   8   9  10  11  12  13  14  15  16  17  18  19  20  21
  OUT:  19  22  29  22  17   8   4   4   2   4   5   3   1   4   1   2   0   1   0   2   0   0
  RET:   3   1   2   0   0   4   3   7   4   4   8  12   8   7   6   7  19  15  24  16   0   0

Pax per shuttle and slot (total):
         0   1   2   3   4   5   6   7   8   9  10  11  12  13  14  15  16  17  18  19  20  21
  q=0:   0  15   4  15   0   0   0  12   7   0   6   0  15   0   0   5  13   0   1  15   0   0
  q=1:   0   0  15   2   0  15   4   0   4   4   0   5   0  13   0   0   2  15   0   0  15   0
  q=2:   0   4   0   0  15   0  15   3   0   0   0   0   0   4   0   0   0   0  15   0  14   0
Pax served: 272/300
Pax served: 272/300
Subproblem (last): obj=1766 wait_slots=366 fill_eps=1.8e-05 penalty_cost=1400 penalty_pax=28 total_demand=300
Avg wait (min): 40.3676
UB_total (best): 1767.34

Result: status=UNKNOWN iterations=8 best_lb=201.42853750410143 best_ub=1767.3400179999999

Manifest: C:\Users\fabio\My Drive\05_Projects\19_MobAuto2_Benders\manifests\manifest_rlb_t22q3_on_20260806_133639.json
