Run configuration:
  solver: iterations=8 tol=1e-09 total_time_limit_s=3600 seed=42
  master: solver=cplex Q=3 T_minutes=660 slot_res=30 (slots=22) trip_dur_min=30 Emax=150.0 L=30.0 eps=0.01 conc_pen=0.25 delta_chg=35.0
  subproblem: solver=cplex_direct S=15.0 Wmax=60 p=50.0 fill_eps=1e-06 (slot_res=30)
  demand_file: setups/base.yaml
Initialized master problem.
[MW] enabled=True alpha=0.3 eps=0.001

=== Iteration 1 ===
Solving Master (MP)...
[SCHEDULE] master gap-tied: time_limit_s=102 mipgap=0.05 g_bd=0.05
MP raw solver: status=ok term=optimal incumbent=0.0 best_bound=0.0
MP solutions: count=1 keys=['Gap', 'Status', 'Message', 'Problem', 'Objective', 'Variable', 'Constraint']
Shuttle totals (OUT+RET): q0=0, q1=0, q2=0
MP stats (solver): nodes=0 best_bound=0.0 incumbent=0.0 gap=0.0
2026-08-06 15:34:01,141 INFO | mobauto2_benders.benders.solver | iter=1 master status=SolveStatus.OPTIMAL obj=0 lb=0
MP result: status=SolveStatus.OPTIMAL obj=0 lb=0
[CHECK] MP: first=0 theta=0 mp_total=0 inc_obj=0 best_bound=0
[CHECK] MP bounds: mp_obj=0 mp_best_bound=0 mp_best_integer=0 term=optimal status=ok gap=0
[MP] iter=1 incumbent=0 best_bound=0 gap=0 (src: inc=cplex_api bb=cplex_api gap=cplex_api)
[MP] iter=1 cuts=0 obj=0.000
[MW] core updated (t=0..): min=1.05 max=1.05 mean=1.05
Evaluating Subproblem (SP) at candidate...
SP result: recourse=15000 feasible=True
[SP PIPELINE] iter=1 build=0.000s solve=0.000s extract=0.000s post=0.000s cutgen=0.012s mode=mw lb_valid=True tl_inc=False vars=- bin=- cons=- lp=-
[CHECK] SP: recourse=15000 first=0 sp_total=15000
[CUT TIGHTNESS] raw_line(y)=15000  SP_ub=15000  diff=0
[BENDERS] Added cut #0: const_out=7500, const_ret=7500, nnz=41, slope_range=[-735,-720], raw_pos_dm=0, scale=1
[BENDERS] Eval cut (dir): OUT lhs=0 rhs=7500; RET lhs=0 rhs=7500
2026-08-06 15:34:01,207 INFO | mobauto2_benders.benders.solver | force-added CutType.OPTIMALITY cut 'opt_cut'
2026-08-06 15:34:01,207 INFO | mobauto2_benders.benders.solver | added 1 cut(s)
Master updated: added 1 cut(s): opt_cut
[CUT SUMMARY] it=1 cand=candidate:idle decision=added skip=None theta_total=0.0 rec_total=15000.0 raw_rhs_total=15000.0 rhs_total=15000.0 lhs_total=0.0
Timing: master=0.053s sp_solve=0.013s cutgen=0.012s cutadd=0.001s cuts_added=1 total_cuts=1
MP stats: nodes=0 best_bound=0.0 incumbent=0.0 gap=0.0
2026-08-06 15:34:01,207 INFO | mobauto2_benders.benders.solver | bounds: best_lb=0 best_ub=15000 gap=15000 rel=1
[CHECK] GAP: LB=0 UB=15000 gap=15000 rel=1

=== Iteration 2 ===
Solving Master (MP)...
[SCHEDULE] master gap-tied: time_limit_s=102 mipgap=0.05 g_bd=1
[MIPSTART] x-only start applied: n_out=66 n_ret=66
Warning:  No solution found from 1 MIP starts.
MP raw solver: status=ok term=optimal incumbent=0.22 best_bound=0.22000000000000003
MP solutions: count=1 keys=['Gap', 'Status', 'Message', 'Problem', 'Objective', 'Variable', 'Constraint']
Shuttle totals (OUT+RET): q0=8, q1=8, q2=6
MP stats (solver): nodes=0 best_bound=0.22000000000000003 incumbent=0.22 gap=0.0
2026-08-06 15:34:01,318 INFO | mobauto2_benders.benders.solver | iter=2 master status=SolveStatus.OPTIMAL obj=0.22 lb=0.22
MP result: status=SolveStatus.OPTIMAL obj=0.22 lb=0.22
[CHECK] MP: first=0.22 theta=0 mp_total=0.22 inc_obj=0.22 best_bound=0.22
[CHECK] MP bounds: mp_obj=0.22 mp_best_bound=0.22 mp_best_integer=0.22 term=optimal status=ok gap=0
[MP] iter=2 incumbent=0.22 best_bound=0.22 gap=0 (src: inc=cplex_api bb=cplex_api gap=cplex_api)
[MP] iter=2 cuts=1 obj=0.220 last_const=15000.000 last_nnz=41
[MW] core updated (t=0..): min=0.735 max=1.03 mean=0.885
Evaluating Subproblem (SP) at candidate...
SP result: recourse=5723 feasible=True
[SP PIPELINE] iter=2 build=0.000s solve=0.000s extract=0.000s post=0.000s cutgen=0.014s mode=mw lb_valid=True tl_inc=False vars=- bin=- cons=- lp=-
[CHECK] SP: recourse=5723 first=0.22 sp_total=5723.22
[CUT TIGHTNESS] raw_line(y)=5723  SP_ub=5723  diff=-9.09e-13
[BENDERS] Added cut #1: const_out=5898, const_ret=4955, nnz=25, slope_range=[-735,-15], raw_pos_dm=0, scale=1
[BENDERS] Eval cut (dir): OUT lhs=0 rhs=2958; RET lhs=0 rhs=2765
2026-08-06 15:34:01,400 INFO | mobauto2_benders.benders.solver | force-added CutType.OPTIMALITY cut 'opt_cut'
2026-08-06 15:34:01,400 INFO | mobauto2_benders.benders.solver | added 1 cut(s)
Master updated: added 1 cut(s): opt_cut
[CUT SUMMARY] it=2 cand=OUT[0,2]|RET[0,3]|OUT[0,7]|RET[0,8]|OUT[0,12]|RET[0,14]|OUT[0,15]|RET[0,16]|OUT[1,1]|RET[1,2]|OUT[1,3]|RET[1,7]|...(+10) decision=added skip=None theta_total=0.0 rec_total=5723.0 raw_rhs_total=5722.999999999999 rhs_total=5723.0 lhs_total=0.0
Timing: master=0.110s sp_solve=0.011s cutgen=0.014s cutadd=0.001s cuts_added=1 total_cuts=2
MP stats: nodes=0 best_bound=0.22000000000000003 incumbent=0.22 gap=0.0
2026-08-06 15:34:01,400 INFO | mobauto2_benders.benders.solver | bounds: best_lb=0.22 best_ub=5723.22 gap=5723 rel=1
[CHECK] GAP: LB=0.22 UB=5723.22 gap=5723 rel=1

=== Iteration 3 ===
Solving Master (MP)...
[SCHEDULE] master gap-tied: time_limit_s=102 mipgap=0.05 g_bd=1
[MIPSTART] x-only start applied: n_out=66 n_ret=66
Warning:  No solution found from 1 MIP starts.
MP raw solver: status=ok term=optimal incumbent=0.22 best_bound=0.22
MP solutions: count=1 keys=['Gap', 'Status', 'Message', 'Problem', 'Objective', 'Variable', 'Constraint']
Shuttle totals (OUT+RET): q0=10, q1=6, q2=6
MP stats (solver): nodes=0 best_bound=0.22 incumbent=0.22 gap=0.0
2026-08-06 15:34:01,517 INFO | mobauto2_benders.benders.solver | iter=3 master status=SolveStatus.OPTIMAL obj=0.22 lb=0.22
MP result: status=SolveStatus.OPTIMAL obj=0.22 lb=0.22
[CHECK] MP: first=0.22 theta=0 mp_total=0.22 inc_obj=0.22 best_bound=0.22
[CHECK] MP bounds: mp_obj=0.22 mp_best_bound=0.22 mp_best_integer=0.22 term=optimal status=ok gap=0
[MP] iter=3 incumbent=0.22 best_bound=0.22 gap=0 (src: inc=cplex_api bb=cplex_api gap=cplex_api)
[MP] iter=3 cuts=2 obj=0.220 last_const=10853.000 last_nnz=25
[MW] core updated (t=0..): min=0.514 max=1.02 mean=0.769
Evaluating Subproblem (SP) at candidate...
SP result: recourse=5509 feasible=True
[SP PIPELINE] iter=3 build=0.000s solve=0.000s extract=0.000s post=0.000s cutgen=0.016s mode=mw lb_valid=True tl_inc=False vars=- bin=- cons=- lp=-
[CHECK] SP: recourse=5509 first=0.22 sp_total=5509.22
[CUT TIGHTNESS] raw_line(y)=5509  SP_ub=5509  diff=0
[BENDERS] Added cut #2: const_out=6626, const_ret=5498, nnz=26, slope_range=[-735,-15], raw_pos_dm=0, scale=1
[BENDERS] Eval cut (dir): OUT lhs=0 rhs=2951; RET lhs=0 rhs=2558
2026-08-06 15:34:01,587 INFO | mobauto2_benders.benders.solver | force-added CutType.OPTIMALITY cut 'opt_cut'
2026-08-06 15:34:01,587 INFO | mobauto2_benders.benders.solver | added 1 cut(s)
Master updated: added 1 cut(s): opt_cut
[CUT SUMMARY] it=3 cand=OUT[0,1]|RET[0,2]|OUT[0,5]|RET[0,6]|OUT[0,9]|RET[0,12]|OUT[0,16]|RET[0,17]|OUT[0,18]|RET[0,19]|OUT[1,3]|RET[1,7]|...(+10) decision=added skip=None theta_total=0.0 rec_total=5509.0 raw_rhs_total=5509.000000024501 rhs_total=5509.000000024501 lhs_total=0.0
Timing: master=0.116s sp_solve=0.017s cutgen=0.016s cutadd=0.002s cuts_added=1 total_cuts=3
MP stats: nodes=0 best_bound=0.22 incumbent=0.22 gap=0.0
2026-08-06 15:34:01,587 INFO | mobauto2_benders.benders.solver | bounds: best_lb=0.22 best_ub=5509.22 gap=5509 rel=1
[CHECK] GAP: LB=0.22 UB=5509.22 gap=5509 rel=1

=== Iteration 4 ===
Solving Master (MP)...
[SCHEDULE] master gap-tied: time_limit_s=102 mipgap=0.05 g_bd=1
[MIPSTART] x-only start applied: n_out=66 n_ret=66
Warning:  No solution found from 1 MIP starts.
MP raw solver: status=ok term=optimal incumbent=0.28 best_bound=0.26983922829581997
MP solutions: count=1 keys=['Gap', 'Status', 'Message', 'Problem', 'Objective', 'Variable', 'Constraint']
Shuttle totals (OUT+RET): q0=10, q1=10, q2=8
MP stats (solver): nodes=941 best_bound=0.26983922829581997 incumbent=0.28 gap=0.03628847035911147
2026-08-06 15:34:02,919 INFO | mobauto2_benders.benders.solver | iter=4 master status=SolveStatus.FEASIBLE obj=0.28 lb=0.269839
MP result: status=SolveStatus.FEASIBLE obj=0.28 lb=0.269839
[CHECK] MP: first=0.28 theta=0 mp_total=0.28 inc_obj=0.28 best_bound=0.269839
[CHECK] MP bounds: mp_obj=0.28 mp_best_bound=0.269839 mp_best_integer=0.28 term=optimal status=ok gap=0.0362885
[MP] iter=4 incumbent=0.28 best_bound=0.269839 gap=0.0362885 (src: inc=cplex_api bb=cplex_api gap=cplex_api)
[MP] iter=4 cuts=3 obj=0.280 last_const=12124.000 last_nnz=26
[MW] core updated (t=0..): min=0.36 max=1.02 mean=0.73
Evaluating Subproblem (SP) at candidate...
SP result: recourse=3091 feasible=True
[SP PIPELINE] iter=4 build=0.000s solve=0.000s extract=0.000s post=0.000s cutgen=0.035s mode=mw lb_valid=True tl_inc=False vars=- bin=- cons=- lp=-
[CHECK] SP: recourse=3091 first=0.28 sp_total=3091.28
[CUT TIGHTNESS] raw_line(y)=3091  SP_ub=3091  diff=0
[BENDERS] Added cut #3: const_out=5960, const_ret=4451, nnz=23, slope_range=[-735,-15], raw_pos_dm=0, scale=1
[BENDERS] Eval cut (dir): OUT lhs=0 rhs=1595; RET lhs=0 rhs=1496
2026-08-06 15:34:03,173 INFO | mobauto2_benders.benders.solver | force-added CutType.OPTIMALITY cut 'opt_cut'
2026-08-06 15:34:03,173 INFO | mobauto2_benders.benders.solver | added 1 cut(s)
Master updated: added 1 cut(s): opt_cut
[CUT SUMMARY] it=4 cand=OUT[0,1]|RET[0,2]|OUT[0,5]|RET[0,9]|OUT[0,10]|RET[0,11]|OUT[0,16]|RET[0,17]|OUT[0,18]|RET[0,20]|OUT[1,2]|RET[1,3]|...(+16) decision=added skip=None theta_total=0.0 rec_total=3091.0 raw_rhs_total=3091.0 rhs_total=3091.0 lhs_total=0.0
Timing: master=1.332s sp_solve=0.040s cutgen=0.035s cutadd=0.004s cuts_added=1 total_cuts=4
MP stats: nodes=941 best_bound=0.26983922829581997 incumbent=0.28 gap=0.03628847035911147
2026-08-06 15:34:03,173 INFO | mobauto2_benders.benders.solver | bounds: best_lb=0.269839 best_ub=3091.28 gap=3091.01 rel=1
[CHECK] GAP: LB=0.269839 UB=3091.28 gap=3091.01 rel=1

=== Iteration 5 ===
Solving Master (MP)...
[SCHEDULE] master gap-tied: time_limit_s=102 mipgap=0.05 g_bd=1
[MIPSTART] x-only start applied: n_out=66 n_ret=66
Warning:  No solution found from 1 MIP starts.
MP raw solver: status=ok term=optimal incumbent=1.0699999999999985 best_bound=1.0166746660346537
MP solutions: count=1 keys=['Gap', 'Status', 'Message', 'Problem', 'Objective', 'Variable', 'Constraint']
Shuttle totals (OUT+RET): q0=12, q1=10, q2=10
MP stats (solver): nodes=581 best_bound=1.0166746660346537 incumbent=1.0699999999999985 gap=0.04983676071061792
2026-08-06 15:34:06,716 INFO | mobauto2_benders.benders.solver | iter=5 master status=SolveStatus.FEASIBLE obj=1.07 lb=1.01667
MP result: status=SolveStatus.FEASIBLE obj=1.07 lb=1.01667
[CHECK] MP: first=1.07 theta=0 mp_total=1.07 inc_obj=1.07 best_bound=1.01667
[CHECK] MP bounds: mp_obj=1.07 mp_best_bound=1.01667 mp_best_integer=1.07 term=optimal status=ok gap=0.0498368
[MP] iter=5 incumbent=1.07 best_bound=1.01667 gap=0.0498368 (src: inc=cplex_api bb=cplex_api gap=cplex_api)
[MP] iter=5 cuts=4 obj=1.070 last_const=10411.000 last_nnz=23
[MW] core updated (t=0..): min=0.252 max=1.31 mean=0.729
Evaluating Subproblem (SP) at candidate...
SP result: recourse=2387 feasible=True
[SP PIPELINE] iter=5 build=0.000s solve=0.000s extract=0.000s post=0.000s cutgen=0.035s mode=mw lb_valid=True tl_inc=False vars=- bin=- cons=- lp=-
[CHECK] SP: recourse=2387 first=1.07 sp_total=2388.07
[CUT TIGHTNESS] raw_line(y)=2387  SP_ub=2387  diff=1.36e-12
[BENDERS] Added cut #4: const_out=5106, const_ret=3821, nnz=23, slope_range=[-735,-15], raw_pos_dm=0, scale=1
[BENDERS] Eval cut (dir): OUT lhs=0 rhs=1521; RET lhs=0 rhs=866
2026-08-06 15:34:06,910 INFO | mobauto2_benders.benders.solver | force-added CutType.OPTIMALITY cut 'opt_cut'
2026-08-06 15:34:06,910 INFO | mobauto2_benders.benders.solver | added 1 cut(s)
Master updated: added 1 cut(s): opt_cut
[CUT SUMMARY] it=5 cand=OUT[0,1]|RET[0,2]|OUT[0,4]|RET[0,5]|OUT[0,6]|RET[0,8]|OUT[0,12]|RET[0,13]|OUT[0,15]|RET[0,16]|OUT[0,19]|RET[0,20]|...(+20) decision=added skip=None theta_total=0.0 rec_total=2387.000004 raw_rhs_total=2387.0000040000004 rhs_total=2387.0000040000004 lhs_total=0.0
Timing: master=3.542s sp_solve=0.040s cutgen=0.035s cutadd=0.003s cuts_added=1 total_cuts=5
MP stats: nodes=581 best_bound=1.0166746660346537 incumbent=1.0699999999999985 gap=0.04983676071061792
2026-08-06 15:34:06,910 INFO | mobauto2_benders.benders.solver | bounds: best_lb=1.01667 best_ub=2388.07 gap=2387.05 rel=1
[CHECK] GAP: LB=1.01667 UB=2388.07 gap=2387.05 rel=1

=== Iteration 6 ===
Solving Master (MP)...
[SCHEDULE] master gap-tied: time_limit_s=102 mipgap=0.05 g_bd=1
[MIPSTART] x-only start applied: n_out=66 n_ret=66
Warning:  No solution found from 1 MIP starts.
MP raw solver: status=ok term=optimal incumbent=1.8600000000000012 best_bound=1.7829815156100723
MP solutions: count=1 keys=['Gap', 'Status', 'Message', 'Problem', 'Objective', 'Variable', 'Constraint']
Shuttle totals (OUT+RET): q0=12, q1=12, q2=12
MP stats (solver): nodes=483 best_bound=1.7829815156100723 incumbent=1.8600000000000012 gap=0.041407787304187114
2026-08-06 15:34:09,644 INFO | mobauto2_benders.benders.solver | iter=6 master status=SolveStatus.FEASIBLE obj=1.86 lb=1.78298
MP result: status=SolveStatus.FEASIBLE obj=1.86 lb=1.78298
[CHECK] MP: first=1.86 theta=0 mp_total=1.86 inc_obj=1.86 best_bound=1.78298
[CHECK] MP bounds: mp_obj=1.86 mp_best_bound=1.78298 mp_best_integer=1.86 term=optimal status=ok gap=0.0414078
[MP] iter=6 incumbent=1.86 best_bound=1.78298 gap=0.0414078 (src: inc=cplex_api bb=cplex_api gap=cplex_api)
[MP] iter=6 cuts=5 obj=1.860 last_const=8927.000 last_nnz=23
[MW] core updated (t=0..): min=0.176 max=1.52 mean=0.756
Evaluating Subproblem (SP) at candidate...
SP result: recourse=1605 feasible=True
[SP PIPELINE] iter=6 build=0.000s solve=0.000s extract=0.000s post=0.000s cutgen=0.033s mode=mw lb_valid=True tl_inc=False vars=- bin=- cons=- lp=-
[CHECK] SP: recourse=1605 first=1.86 sp_total=1606.86
[CUT TIGHTNESS] raw_line(y)=1605  SP_ub=1605  diff=4.55e-13
[BENDERS] Added cut #5: const_out=4025, const_ret=520, nnz=17, slope_range=[-735,-15], raw_pos_dm=0, scale=1
[BENDERS] Eval cut (dir): OUT lhs=0 rhs=1130; RET lhs=0 rhs=475
2026-08-06 15:34:09,822 INFO | mobauto2_benders.benders.solver | force-added CutType.OPTIMALITY cut 'opt_cut'
2026-08-06 15:34:09,822 INFO | mobauto2_benders.benders.solver | added 1 cut(s)
Master updated: added 1 cut(s): opt_cut
[CUT SUMMARY] it=6 cand=OUT[0,1]|RET[0,2]|OUT[0,4]|RET[0,5]|OUT[0,6]|RET[0,9]|OUT[0,13]|RET[0,14]|OUT[0,16]|RET[0,17]|OUT[0,19]|RET[0,20]|...(+24) decision=added skip=None theta_total=0.0 rec_total=1605.000035 raw_rhs_total=1605.0000350000007 rhs_total=1605.000035 lhs_total=0.0
Timing: master=2.735s sp_solve=0.037s cutgen=0.033s cutadd=0.002s cuts_added=1 total_cuts=6
MP stats: nodes=483 best_bound=1.7829815156100723 incumbent=1.8600000000000012 gap=0.041407787304187114
2026-08-06 15:34:09,822 INFO | mobauto2_benders.benders.solver | bounds: best_lb=1.78298 best_ub=1606.86 gap=1605.08 rel=0.999
[CHECK] GAP: LB=1.78298 UB=1606.86 gap=1605.08 rel=0.999

=== Iteration 7 ===
Solving Master (MP)...
[SCHEDULE] master gap-tied: time_limit_s=102 mipgap=0.05 g_bd=0.999
[MIPSTART] x-only start applied: n_out=66 n_ret=66
Warning:  No solution found from 1 MIP starts.
MP raw solver: status=ok term=optimal incumbent=3.86 best_bound=3.6678047768557986
MP solutions: count=1 keys=['Gap', 'Status', 'Message', 'Problem', 'Objective', 'Variable', 'Constraint']
Shuttle totals (OUT+RET): q0=12, q1=12, q2=12
MP stats (solver): nodes=6511 best_bound=3.6678047768557986 incumbent=3.86 gap=0.049791508585290696
2026-08-06 15:34:44,186 INFO | mobauto2_benders.benders.solver | iter=7 master status=SolveStatus.FEASIBLE obj=3.86 lb=3.6678
MP result: status=SolveStatus.FEASIBLE obj=3.86 lb=3.6678
[CHECK] MP: first=3.86 theta=0 mp_total=3.86 inc_obj=3.86 best_bound=3.6678
[CHECK] MP bounds: mp_obj=3.86 mp_best_bound=3.6678 mp_best_integer=3.86 term=optimal status=ok gap=0.0497915
[MP] iter=7 incumbent=3.86 best_bound=3.6678 gap=0.0497915 (src: inc=cplex_api bb=cplex_api gap=cplex_api)
[MP] iter=7 cuts=6 obj=3.860 last_const=4545.000 last_nnz=17
[MW] core updated (t=0..): min=0.124 max=1.61 mean=0.774
Evaluating Subproblem (SP) at candidate...
SP result: recourse=2401 feasible=True
[SP PIPELINE] iter=7 build=0.000s solve=0.000s extract=0.000s post=0.000s cutgen=0.029s mode=mw lb_valid=True tl_inc=False vars=- bin=- cons=- lp=-
[CHECK] SP: recourse=2401 first=3.86 sp_total=2404.86
[CUT TIGHTNESS] raw_line(y)=2401  SP_ub=2401  diff=-1.36e-12
[BENDERS] Added cut #6: const_out=5408, const_ret=593, nnz=23, slope_range=[-1.41e+03,-15], raw_pos_dm=0, scale=1
[BENDERS] Eval cut (dir): OUT lhs=0 rhs=1868; RET lhs=0 rhs=533
2026-08-06 15:34:44,339 INFO | mobauto2_benders.benders.solver | force-added CutType.OPTIMALITY cut 'opt_cut'
2026-08-06 15:34:44,339 INFO | mobauto2_benders.benders.solver | added 1 cut(s)
Master updated: added 1 cut(s): opt_cut
[CUT SUMMARY] it=7 cand=OUT[0,2]|RET[0,3]|OUT[0,5]|RET[0,6]|OUT[0,7]|RET[0,8]|OUT[0,11]|RET[0,12]|OUT[0,16]|RET[0,17]|OUT[0,18]|RET[0,19]|...(+24) decision=added skip=None theta_total=0.0 rec_total=2401.000073 raw_rhs_total=2401.0000729999992 rhs_total=2401.0000730000006 lhs_total=0.0
Timing: master=34.372s sp_solve=0.032s cutgen=0.029s cutadd=0.002s cuts_added=1 total_cuts=7
MP stats: nodes=6511 best_bound=3.6678047768557986 incumbent=3.86 gap=0.049791508585290696
2026-08-06 15:34:44,339 INFO | mobauto2_benders.benders.solver | bounds: best_lb=3.6678 best_ub=1606.86 gap=1603.19 rel=0.998
[CHECK] GAP: LB=3.6678 UB=1606.86 gap=1603.19 rel=0.998

=== Iteration 8 ===
Solving Master (MP)...
[SCHEDULE] master gap-tied: time_limit_s=102 mipgap=0.05 g_bd=0.998
[MIPSTART] x-only start applied: n_out=66 n_ret=66
Warning:  No solution found from 1 MIP starts.
MP raw solver: status=ok term=optimal incumbent=111.84009272998797 best_bound=106.24809676703939
MP solutions: count=1 keys=['Gap', 'Status', 'Message', 'Problem', 'Objective', 'Variable', 'Constraint']
Shuttle totals (OUT+RET): q0=12, q1=12, q2=10
MP stats (solver): nodes=25147 best_bound=106.24809676703939 incumbent=111.84009272998797 gap=0.04999992244681134
2026-08-06 15:35:58,945 INFO | mobauto2_benders.benders.solver | iter=8 master status=SolveStatus.FEASIBLE obj=111.84 lb=106.248
MP result: status=SolveStatus.FEASIBLE obj=111.84 lb=106.248
[CHECK] MP: first=1.84 theta=110 mp_total=111.84 inc_obj=111.84 best_bound=106.248
[CHECK] MP bounds: mp_obj=111.84 mp_best_bound=106.248 mp_best_integer=111.84 term=optimal status=ok gap=0.0499999
[MP] iter=8 incumbent=111.84 best_bound=106.248 gap=0.0499999 (src: inc=cplex_api bb=cplex_api gap=cplex_api)
[MP] iter=8 cuts=7 obj=111.840 last_const=6001.000 last_nnz=23
[MW] core updated (t=0..): min=0.0865 max=1.63 mean=0.774
Evaluating Subproblem (SP) at candidate...
SP result: recourse=1318 feasible=True
[SP PIPELINE] iter=8 build=0.000s solve=0.000s extract=0.000s post=0.000s cutgen=0.028s mode=mw lb_valid=True tl_inc=False vars=- bin=- cons=- lp=-
[CHECK] SP: recourse=1318 first=1.84 sp_total=1319.84
[CUT TIGHTNESS] raw_line(y)=1318  SP_ub=1318  diff=-1.14e-12
[BENDERS] Added cut #7: const_out=6930, const_ret=1558, nnz=22, slope_range=[-1.44e+03,-15], raw_pos_dm=0, scale=1
[BENDERS] Eval cut (dir): OUT lhs=110 rhs=510; RET lhs=0 rhs=808
2026-08-06 15:35:59,148 INFO | mobauto2_benders.benders.solver | force-added CutType.OPTIMALITY cut 'opt_cut'
2026-08-06 15:35:59,148 INFO | mobauto2_benders.benders.solver | added 1 cut(s)
Master updated: added 1 cut(s): opt_cut
[CUT SUMMARY] it=8 cand=OUT[0,1]|RET[0,2]|OUT[0,3]|RET[0,4]|OUT[0,6]|RET[0,7]|OUT[0,11]|RET[0,12]|OUT[0,15]|RET[0,17]|OUT[0,18]|RET[0,19]|...(+22) decision=added skip=None theta_total=110.00009272998795 rec_total=1318.000035 raw_rhs_total=1318.0000349999993 rhs_total=1318.0000350000005 lhs_total=110.00009272998795
Timing: master=74.592s sp_solve=0.029s cutgen=0.028s cutadd=0.002s cuts_added=1 total_cuts=8
MP stats: nodes=25147 best_bound=106.24809676703939 incumbent=111.84009272998797 gap=0.04999992244681134
2026-08-06 15:35:59,149 INFO | mobauto2_benders.benders.solver | bounds: best_lb=106.248 best_ub=1319.84 gap=1213.59 rel=0.919
[CHECK] GAP: LB=106.248 UB=1319.84 gap=1213.59 rel=0.919
2026-08-06 15:35:59,149 WARNING | mobauto2_benders.benders.solver | Max iterations reached: 8

Max iterations reached: 8
Total solve time: 118.129 seconds
Best bounds: LB=106.248 UB=1319.84 gap=1213.59 rel=0.919

Best Master Solution:
Q=3 T=22
theta = 110
  - theta_out = 110
  - theta_ret = 0
Timeline (per shuttle):
           0     1     2     3     4     5     6     7     8     9    10    11    12    13    14    15    16    17    18    19    20    21
  q=0:   IDL   OUT   RET   OUT   RET   CHR   OUT   RET   CHR   CHR   CHR   OUT   RET   CHR   CHR   OUT   IDL   RET   OUT   RET   IDL   IDL
  q=1:   IDL   IDL   OUT   RET   OUT   RET   CHR   OUT   RET   CHR   CHR   CHR   CHR   OUT   IDL   RET   CHR   OUT   RET   OUT   RET   IDL
  q=2:   IDL   IDL   IDL   OUT   RET   OUT   RET   CHR   CHR   OUT   IDL   RET   CHR   CHR   CHR   OUT   IDL   RET   OUT   RET   IDL   IDL
Battery (per shuttle):
           0     1     2     3     4     5     6     7     8     9    10    11    12    13    14    15    16    17    18    19    20    21
  q=0:   150   150   120    90    60    30    65    35     5    40    75   110    80    50    85   120    90    90    60    30     0     0
  q=1:   150   150   150   120    90    60    30    65    35     5    40    75   110   145   115   115    85   120    90    60    30     0
  q=2:   150   150   150   150   120    90    60    30    65   100    70    70    40    67    93   120    90    90    60    30     0     0

Demand per slot (OUT/RET):
         0   1   2   3   4   5   6   7   8   9  10  11  12  13  14  15  16  17  18  19  20  21
  OUT:  19  22  29  22  17   8   4   4   2   4   5   3   1   4   1   2   0   1   0   2   0   0
  RET:   3   1   2   0   0   4   3   7   4   4   8  12   8   7   6   7  19  15  24  16   0   0

Pax per shuttle and slot (total):
         0   1   2   3   4   5   6   7   8   9  10  11  12  13  14  15  16  17  18  19  20  21
  q=0:   0  15   4  15   0   0  15   3   0   0   0   9  12   0   0   5   0  15   1  15   0   0
  q=1:   0   0  15   2  15   0   0  12   7   0   0   0   0   4   0  13   0   2  15   0  15   0
  q=2:   0   0   0  15   0  15   4   0   0   6   0  12   0   0   0   0   0  11   0   9   0   0
Pax served: 281/300
Pax served: 281/300
Subproblem (last): obj=1318 wait_slots=368 fill_eps=3.5e-05 penalty_cost=950 penalty_pax=19 total_demand=300
Avg wait (min): 39.2883
UB_total (best): 1319.84

Result: status=UNKNOWN iterations=8 best_lb=106.24809676703939 best_ub=1319.840035

Manifest: C:\Users\fabio\My Drive\05_Projects\19_MobAuto2_Benders\manifests\manifest_rlb_t22q3_off_20260806_133559.json
