Run configuration:
  solver: iterations=8 tol=1e-09 total_time_limit_s=3600 seed=42
  master: solver=cplex Q=2 T_minutes=660 slot_res=15 (slots=44) trip_dur_min=30 Emax=150.0 L=30.0 eps=0.01 conc_pen=0.25 delta_chg=17.5
  subproblem: solver=cplex_direct S=15.0 Wmax=60 p=50.0 fill_eps=1e-06 (slot_res=15)
  demand_file: setups/base.yaml
Initialized master problem.
[MW] enabled=True alpha=0.3 eps=0.001

=== Iteration 1 ===
Solving Master (MP)...
[SCHEDULE] master gap-tied: time_limit_s=102 mipgap=0.05 g_bd=0.05
MP raw solver: status=ok term=optimal incumbent=1650.1999999999998 best_bound=1569.0898305084816
MP solutions: count=1 keys=['Gap', 'Status', 'Message', 'Problem', 'Objective', 'Variable', 'Constraint']
Shuttle totals (OUT+RET): q0=10, q1=10
MP stats (solver): nodes=2588 best_bound=1569.0898305084816 incumbent=1650.1999999999998 gap=0.04915172069537835
2026-08-06 15:25:01,637 INFO | mobauto2_benders.benders.solver | iter=1 master status=SolveStatus.FEASIBLE obj=1650.2 lb=1569.09
MP result: status=SolveStatus.FEASIBLE obj=1650.2 lb=1569.09
[CHECK] MP: first=0.2 theta=1650 mp_total=1650.2 inc_obj=1650.2 best_bound=1569.09
[CHECK] MP bounds: mp_obj=1650.2 mp_best_bound=1569.09 mp_best_integer=1650.2 term=optimal status=ok gap=0.0491517
[MP] iter=1 incumbent=1650.2 best_bound=1569.09 gap=0.0491517 (src: inc=cplex_api bb=cplex_api gap=cplex_api)
[MP] iter=1 cuts=0 obj=1650.200
[MW] core updated (t=0..): min=0.7 max=1 mean=0.768
Evaluating Subproblem (SP) at candidate...
SP result: recourse=6911 feasible=True
[SP PIPELINE] iter=1 build=0.000s solve=0.000s extract=0.000s post=0.000s cutgen=0.094s mode=mw lb_valid=True tl_inc=False vars=- bin=- cons=- lp=-
[CHECK] SP: recourse=6911 first=0.2 sp_total=6911.2
[CUT TIGHTNESS] raw_line(y)=6911  SP_ub=6911  diff=0
[BENDERS] Added cut #0: const_out=5704, const_ret=6682, nnz=69, slope_range=[-735,-15], raw_pos_dm=0, scale=1
[BENDERS] Eval cut (dir): OUT lhs=1650 rhs=3004; RET lhs=0 rhs=3907
2026-08-06 15:25:02,015 INFO | mobauto2_benders.benders.solver | force-added CutType.OPTIMALITY cut 'opt_cut'
2026-08-06 15:25:02,016 INFO | mobauto2_benders.benders.solver | added 1 cut(s)
Master updated: added 1 cut(s): opt_cut
[CUT SUMMARY] it=1 cand=OUT[0,1]|RET[0,3]|OUT[0,7]|RET[0,9]|OUT[0,11]|RET[0,13]|OUT[0,19]|RET[0,26]|OUT[0,39]|RET[0,41]|OUT[1,2]|RET[1,4]|...(+8) decision=added skip=None theta_total=1650.0 rec_total=6911.0 raw_rhs_total=6911.0 rhs_total=6911.0 lhs_total=1650.0
Timing: master=7.954s sp_solve=0.099s cutgen=0.094s cutadd=0.006s cuts_added=1 total_cuts=1
MP stats: nodes=2588 best_bound=1569.0898305084816 incumbent=1650.1999999999998 gap=0.04915172069537835
2026-08-06 15:25:02,017 INFO | mobauto2_benders.benders.solver | bounds: best_lb=1569.09 best_ub=6911.2 gap=5342.11 rel=0.773
[CHECK] GAP: LB=1569.09 UB=6911.2 gap=5342.11 rel=0.773

=== Iteration 2 ===
Solving Master (MP)...
[SCHEDULE] master gap-tied: time_limit_s=102 mipgap=0.05 g_bd=0.773
[MIPSTART] x-only start applied: n_out=88 n_ret=88
Warning:  No solution found from 1 MIP starts.
MP raw solver: status=ok term=optimal incumbent=1700.7400000000011 best_bound=1616.8139337593052
MP solutions: count=1 keys=['Gap', 'Status', 'Message', 'Problem', 'Objective', 'Variable', 'Constraint']
Shuttle totals (OUT+RET): q0=12, q1=12
MP stats (solver): nodes=3451 best_bound=1616.8139337593052 incumbent=1700.7400000000011 gap=0.049346793890124856
2026-08-06 15:25:21,774 INFO | mobauto2_benders.benders.solver | iter=2 master status=SolveStatus.FEASIBLE obj=1700.74 lb=1616.81
MP result: status=SolveStatus.FEASIBLE obj=1700.74 lb=1616.81
[CHECK] MP: first=0.74 theta=1700 mp_total=1700.74 inc_obj=1700.74 best_bound=1616.81
[CHECK] MP bounds: mp_obj=1700.74 mp_best_bound=1616.81 mp_best_integer=1700.74 term=optimal status=ok gap=0.0493468
[MP] iter=2 incumbent=1700.74 best_bound=1616.81 gap=0.0493468 (src: inc=cplex_api bb=cplex_api gap=cplex_api)
[MP] iter=2 cuts=1 obj=1700.740 last_const=12386.000 last_nnz=69
[MW] core updated (t=0..): min=0.49 max=1.3 mean=0.62
Evaluating Subproblem (SP) at candidate...
SP result: recourse=6325 feasible=True
[SP PIPELINE] iter=2 build=0.000s solve=0.000s extract=0.000s post=0.000s cutgen=0.133s mode=mw lb_valid=True tl_inc=False vars=- bin=- cons=- lp=-
[CHECK] SP: recourse=6325 first=0.74 sp_total=6325.74
[CUT TIGHTNESS] raw_line(y)=6325  SP_ub=6325  diff=0
[BENDERS] Added cut #1: const_out=5854, const_ret=5391, nnz=63, slope_range=[-735,-15], raw_pos_dm=0, scale=1
[BENDERS] Eval cut (dir): OUT lhs=1700 rhs=3709; RET lhs=0 rhs=2616
2026-08-06 15:25:22,255 INFO | mobauto2_benders.benders.solver | force-added CutType.OPTIMALITY cut 'opt_cut'
2026-08-06 15:25:22,256 INFO | mobauto2_benders.benders.solver | added 1 cut(s)
Master updated: added 1 cut(s): opt_cut
[CUT SUMMARY] it=2 cand=OUT[0,1]|RET[0,3]|OUT[0,5]|RET[0,7]|OUT[0,12]|RET[0,20]|OUT[0,28]|RET[0,30]|OUT[0,34]|RET[0,36]|OUT[0,39]|RET[0,41]|...(+12) decision=added skip=None theta_total=1700.0000000000011 rec_total=6325.0 raw_rhs_total=6325.0 rhs_total=6325.0 lhs_total=1700.0000000000011
Timing: master=19.756s sp_solve=0.173s cutgen=0.133s cutadd=0.006s cuts_added=1 total_cuts=2
MP stats: nodes=3451 best_bound=1616.8139337593052 incumbent=1700.7400000000011 gap=0.049346793890124856
2026-08-06 15:25:22,256 INFO | mobauto2_benders.benders.solver | bounds: best_lb=1616.81 best_ub=6325.74 gap=4708.93 rel=0.744
[CHECK] GAP: LB=1616.81 UB=6325.74 gap=4708.93 rel=0.744

=== Iteration 3 ===
Solving Master (MP)...
[SCHEDULE] master gap-tied: time_limit_s=102 mipgap=0.05 g_bd=0.744
[MIPSTART] x-only start applied: n_out=88 n_ret=88
Warning:  No solution found from 1 MIP starts.
MP raw solver: status=ok term=optimal incumbent=1747.2402073299995 best_bound=1660.0088461538446
MP solutions: count=1 keys=['Gap', 'Status', 'Message', 'Problem', 'Objective', 'Variable', 'Constraint']
Shuttle totals (OUT+RET): q0=12, q1=12
MP stats (solver): nodes=9142 best_bound=1660.0088461538446 incumbent=1747.2402073299995 gap=0.04992522539843007
2026-08-06 15:25:58,250 INFO | mobauto2_benders.benders.solver | iter=3 master status=SolveStatus.FEASIBLE obj=1747.24 lb=1660.01
MP result: status=SolveStatus.FEASIBLE obj=1747.24 lb=1660.01
[CHECK] MP: first=0.24 theta=1747 mp_total=1747.24 inc_obj=1747.24 best_bound=1660.01
[CHECK] MP bounds: mp_obj=1747.24 mp_best_bound=1660.01 mp_best_integer=1747.24 term=optimal status=ok gap=0.0499252
[MP] iter=3 incumbent=1747.24 best_bound=1660.01 gap=0.0499252 (src: inc=cplex_api bb=cplex_api gap=cplex_api)
[MP] iter=3 cuts=2 obj=1747.240 last_const=11245.000 last_nnz=63
[MW] core updated (t=0..): min=0.343 max=1.21 mean=0.515
Evaluating Subproblem (SP) at candidate...
SP result: recourse=5636 feasible=True
[SP PIPELINE] iter=3 build=0.000s solve=0.000s extract=0.000s post=0.000s cutgen=0.062s mode=mw lb_valid=True tl_inc=False vars=- bin=- cons=- lp=-
[CHECK] SP: recourse=5636 first=0.24 sp_total=5636.24
[CUT TIGHTNESS] raw_line(y)=5636  SP_ub=5636  diff=0
[BENDERS] Added cut #2: const_out=4202, const_ret=4329, nnz=59, slope_range=[-735,-15], raw_pos_dm=0, scale=1
[BENDERS] Eval cut (dir): OUT lhs=1650 rhs=2762; RET lhs=97.0002 rhs=2874
2026-08-06 15:25:58,467 INFO | mobauto2_benders.benders.solver | force-added CutType.OPTIMALITY cut 'opt_cut'
2026-08-06 15:25:58,467 INFO | mobauto2_benders.benders.solver | added 1 cut(s)
Master updated: added 1 cut(s): opt_cut
[CUT SUMMARY] it=3 cand=OUT[0,1]|RET[0,3]|OUT[0,5]|RET[0,7]|OUT[0,12]|RET[0,14]|OUT[0,19]|RET[0,22]|OUT[0,27]|RET[0,29]|OUT[0,34]|RET[0,37]|...(+12) decision=added skip=None theta_total=1747.0002073299997 rec_total=5636.0 raw_rhs_total=5635.999999999996 rhs_total=5635.999999999996 lhs_total=1747.0002073299997
Timing: master=35.994s sp_solve=0.059s cutgen=0.062s cutadd=0.003s cuts_added=1 total_cuts=3
MP stats: nodes=9142 best_bound=1660.0088461538446 incumbent=1747.2402073299995 gap=0.04992522539843007
2026-08-06 15:25:58,467 INFO | mobauto2_benders.benders.solver | bounds: best_lb=1660.01 best_ub=5636.24 gap=3976.23 rel=0.705
[CHECK] GAP: LB=1660.01 UB=5636.24 gap=3976.23 rel=0.705

=== Iteration 4 ===
Solving Master (MP)...
[SCHEDULE] master gap-tied: time_limit_s=102 mipgap=0.05 g_bd=0.705
[MIPSTART] x-only start applied: n_out=88 n_ret=88
MP raw solver: status=ok term=optimal incumbent=1777.240207330002 best_bound=1688.4084861848128
MP solutions: count=1 keys=['Gap', 'Status', 'Message', 'Problem', 'Objective', 'Variable', 'Constraint']
Shuttle totals (OUT+RET): q0=12, q1=12
MP stats (solver): nodes=19577 best_bound=1688.4084861848128 incumbent=1777.240207330002 gap=0.04998295715953818
2026-08-06 15:27:07,015 INFO | mobauto2_benders.benders.solver | iter=4 master status=SolveStatus.FEASIBLE obj=1777.24 lb=1688.41
MP result: status=SolveStatus.FEASIBLE obj=1777.24 lb=1688.41
[CHECK] MP: first=0.24 theta=1777 mp_total=1777.24 inc_obj=1777.24 best_bound=1688.41
[CHECK] MP bounds: mp_obj=1777.24 mp_best_bound=1688.41 mp_best_integer=1777.24 term=optimal status=ok gap=0.049983
[MP] iter=4 incumbent=1777.24 best_bound=1688.41 gap=0.049983 (src: inc=cplex_api bb=cplex_api gap=cplex_api)
[MP] iter=4 cuts=3 obj=1777.240 last_const=8531.000 last_nnz=59
[MW] core updated (t=0..): min=0.24 max=1.15 mean=0.443
Evaluating Subproblem (SP) at candidate...
SP result: recourse=5361 feasible=True
[SP PIPELINE] iter=4 build=0.000s solve=0.000s extract=0.000s post=0.000s cutgen=0.079s mode=mw lb_valid=True tl_inc=False vars=- bin=- cons=- lp=-
[CHECK] SP: recourse=5361 first=0.24 sp_total=5361.24
[CUT TIGHTNESS] raw_line(y)=5361  SP_ub=5361  diff=0
[BENDERS] Added cut #3: const_out=5259, const_ret=5772, nnz=64, slope_range=[-735,-15], raw_pos_dm=0, scale=1
[BENDERS] Eval cut (dir): OUT lhs=1650 rhs=3099; RET lhs=127 rhs=2262
2026-08-06 15:27:07,356 INFO | mobauto2_benders.benders.solver | force-added CutType.OPTIMALITY cut 'opt_cut'
2026-08-06 15:27:07,356 INFO | mobauto2_benders.benders.solver | added 1 cut(s)
Master updated: added 1 cut(s): opt_cut
[CUT SUMMARY] it=4 cand=OUT[0,1]|RET[0,3]|OUT[0,5]|RET[0,7]|OUT[0,12]|RET[0,14]|OUT[0,19]|RET[0,23]|OUT[0,32]|RET[0,34]|OUT[0,36]|RET[0,38]|...(+12) decision=added skip=None theta_total=1777.000207330002 rec_total=5361.0 raw_rhs_total=5360.999999999998 rhs_total=5360.999999999998 lhs_total=1777.000207330002
Timing: master=68.548s sp_solve=0.090s cutgen=0.079s cutadd=0.004s cuts_added=1 total_cuts=4
MP stats: nodes=19577 best_bound=1688.4084861848128 incumbent=1777.240207330002 gap=0.04998295715953818
2026-08-06 15:27:07,357 INFO | mobauto2_benders.benders.solver | bounds: best_lb=1688.41 best_ub=5361.24 gap=3672.83 rel=0.685
[CHECK] GAP: LB=1688.41 UB=5361.24 gap=3672.83 rel=0.685

=== Iteration 5 ===
Solving Master (MP)...
[SCHEDULE] master gap-tied: time_limit_s=102 mipgap=0.05 g_bd=0.685
[MIPSTART] x-only start applied: n_out=88 n_ret=88
2026-08-06 15:28:49,858 WARNING | pyomo.core | Loading a SolverResults object with an 'aborted' status, but containing a solution
2026-08-06 15:28:49,862 WARNING | pyomo.core | Loading a SolverResults object with an 'aborted' status, but containing a solution
MP raw solver: status=aborted term=maxTimeLimit incumbent=2000.7399999999998 best_bound=1752.165450534906
MP solutions: count=1 keys=['Gap', 'Status', 'Message', 'Problem', 'Objective', 'Variable', 'Constraint']
Shuttle totals (OUT+RET): q0=12, q1=12
MP stats (solver): nodes=30988 best_bound=1752.165450534906 incumbent=2000.7399999999998 gap=0.12424130544952432
2026-08-06 15:28:49,867 INFO | mobauto2_benders.benders.solver | iter=5 master status=SolveStatus.FEASIBLE obj=2000.74 lb=1752.17
MP result: status=SolveStatus.FEASIBLE obj=2000.74 lb=1752.17
[CHECK] MP: first=0.74 theta=2000 mp_total=2000.74 inc_obj=2000.74 best_bound=1752.17
[CHECK] MP bounds: mp_obj=2000.74 mp_best_bound=1752.17 mp_best_integer=2000.74 term=maxTimeLimit status=aborted gap=0.124241
[MP] iter=5 incumbent=2000.74 best_bound=1752.17 gap=0.124241 (src: inc=cplex_api bb=cplex_api gap=cplex_api)
[MP] iter=5 cuts=4 obj=2000.740 last_const=11031.000 last_nnz=64
[MW] core updated (t=0..): min=0.168 max=1.13 mean=0.392
Evaluating Subproblem (SP) at candidate...
SP result: recourse=5561 feasible=True
[SP PIPELINE] iter=5 build=0.000s solve=0.000s extract=0.000s post=0.000s cutgen=0.076s mode=mw lb_valid=True tl_inc=False vars=- bin=- cons=- lp=-
[CHECK] SP: recourse=5561 first=0.74 sp_total=5561.74
[CUT TIGHTNESS] raw_line(y)=5561  SP_ub=5561  diff=0
[BENDERS] Added cut #4: const_out=4426, const_ret=4660, nnz=63, slope_range=[-735,-15], raw_pos_dm=0, scale=1
[BENDERS] Eval cut (dir): OUT lhs=1950 rhs=3031; RET lhs=50 rhs=2530
2026-08-06 15:28:50,144 INFO | mobauto2_benders.benders.solver | force-added CutType.OPTIMALITY cut 'opt_cut'
2026-08-06 15:28:50,144 INFO | mobauto2_benders.benders.solver | added 1 cut(s)
Master updated: added 1 cut(s): opt_cut
[CUT SUMMARY] it=5 cand=OUT[0,1]|RET[0,5]|OUT[0,9]|RET[0,11]|OUT[0,13]|RET[0,18]|OUT[0,24]|RET[0,26]|OUT[0,32]|RET[0,34]|OUT[0,38]|RET[0,41]|...(+12) decision=added skip=None theta_total=2000.0 rec_total=5561.0 raw_rhs_total=5561.0 rhs_total=5561.0 lhs_total=2000.0
Timing: master=102.510s sp_solve=0.076s cutgen=0.076s cutadd=0.004s cuts_added=1 total_cuts=5
MP stats: nodes=30988 best_bound=1752.165450534906 incumbent=2000.7399999999998 gap=0.12424130544952432
2026-08-06 15:28:50,144 INFO | mobauto2_benders.benders.solver | bounds: best_lb=1752.17 best_ub=5361.24 gap=3609.07 rel=0.673
[CHECK] GAP: LB=1752.17 UB=5361.24 gap=3609.07 rel=0.673

=== Iteration 6 ===
Solving Master (MP)...
[SCHEDULE] master gap-tied: time_limit_s=102 mipgap=0.05 g_bd=0.673
[MIPSTART] x-only start applied: n_out=88 n_ret=88
Advanced basis not built.
2026-08-06 15:30:32,402 WARNING | pyomo.core | Loading a SolverResults object with an 'aborted' status, but containing a solution
2026-08-06 15:30:32,406 WARNING | pyomo.core | Loading a SolverResults object with an 'aborted' status, but containing a solution
MP raw solver: status=aborted term=maxTimeLimit incumbent=2100.2399999990007 best_bound=1825.390230769229
MP solutions: count=1 keys=['Gap', 'Status', 'Message', 'Problem', 'Objective', 'Variable', 'Constraint']
Shuttle totals (OUT+RET): q0=12, q1=12
MP stats (solver): nodes=31610 best_bound=1825.390230769229 incumbent=2100.2399999990007 gap=0.13086588638912192
2026-08-06 15:30:32,409 INFO | mobauto2_benders.benders.solver | iter=6 master status=SolveStatus.FEASIBLE obj=2100.24 lb=1825.39
MP result: status=SolveStatus.FEASIBLE obj=2100.24 lb=1825.39
[CHECK] MP: first=0.24 theta=2100 mp_total=2100.24 inc_obj=2100.24 best_bound=1825.39
[CHECK] MP bounds: mp_obj=2100.24 mp_best_bound=1825.39 mp_best_integer=2100.24 term=maxTimeLimit status=aborted gap=0.130866
[MP] iter=6 incumbent=2100.24 best_bound=1825.39 gap=0.130866 (src: inc=cplex_api bb=cplex_api gap=cplex_api)
[MP] iter=6 cuts=5 obj=2100.240 last_const=9086.000 last_nnz=63
[MW] core updated (t=0..): min=0.118 max=1.09 mean=0.356
Evaluating Subproblem (SP) at candidate...
SP result: recourse=5422 feasible=True
[SP PIPELINE] iter=6 build=0.000s solve=0.000s extract=0.000s post=0.000s cutgen=0.071s mode=mw lb_valid=True tl_inc=False vars=- bin=- cons=- lp=-
[CHECK] SP: recourse=5422 first=0.24 sp_total=5422.24
[CUT TIGHTNESS] raw_line(y)=5422  SP_ub=5422  diff=0
[BENDERS] Added cut #5: const_out=4744, const_ret=4998, nnz=61, slope_range=[-735,-15], raw_pos_dm=0, scale=1
[BENDERS] Eval cut (dir): OUT lhs=2050 rhs=3229; RET lhs=50 rhs=2193
2026-08-06 15:30:32,632 INFO | mobauto2_benders.benders.solver | force-added CutType.OPTIMALITY cut 'opt_cut'
2026-08-06 15:30:32,634 INFO | mobauto2_benders.benders.solver | added 1 cut(s)
Master updated: added 1 cut(s): opt_cut
[CUT SUMMARY] it=6 cand=OUT[0,1]|RET[0,5]|OUT[0,9]|RET[0,11]|OUT[0,13]|RET[0,19]|OUT[0,26]|RET[0,28]|OUT[0,35]|RET[0,37]|OUT[0,39]|RET[0,41]|...(+12) decision=added skip=None theta_total=2099.999999999 rec_total=5422.0 raw_rhs_total=5422.0 rhs_total=5422.0 lhs_total=2099.999999999
Timing: master=102.264s sp_solve=0.059s cutgen=0.071s cutadd=0.003s cuts_added=1 total_cuts=6
MP stats: nodes=31610 best_bound=1825.390230769229 incumbent=2100.2399999990007 gap=0.13086588638912192
2026-08-06 15:30:32,634 INFO | mobauto2_benders.benders.solver | bounds: best_lb=1825.39 best_ub=5361.24 gap=3535.85 rel=0.66
[CHECK] GAP: LB=1825.39 UB=5361.24 gap=3535.85 rel=0.66

=== Iteration 7 ===
Solving Master (MP)...
[SCHEDULE] master gap-tied: time_limit_s=102 mipgap=0.05 g_bd=0.66
[MIPSTART] x-only start applied: n_out=88 n_ret=88
2026-08-06 15:32:14,968 WARNING | pyomo.core | Loading a SolverResults object with an 'aborted' status, but containing a solution
2026-08-06 15:32:14,971 WARNING | pyomo.core | Loading a SolverResults object with an 'aborted' status, but containing a solution
MP raw solver: status=aborted term=maxTimeLimit incumbent=2092.2401036650017 best_bound=1750.2705561805515
MP solutions: count=1 keys=['Gap', 'Status', 'Message', 'Problem', 'Objective', 'Variable', 'Constraint']
Shuttle totals (OUT+RET): q0=12, q1=12
MP stats (solver): nodes=46052 best_bound=1750.2705561805515 incumbent=2092.2401036650017 gap=0.16344660772222164
2026-08-06 15:32:14,973 INFO | mobauto2_benders.benders.solver | iter=7 master status=SolveStatus.FEASIBLE obj=2092.24 lb=1750.27
MP result: status=SolveStatus.FEASIBLE obj=2092.24 lb=1750.27
[CHECK] MP: first=0.24 theta=2092 mp_total=2092.24 inc_obj=2092.24 best_bound=1750.27
[CHECK] MP bounds: mp_obj=2092.24 mp_best_bound=1750.27 mp_best_integer=2092.24 term=maxTimeLimit status=aborted gap=0.163447
[MP] iter=7 incumbent=2092.24 best_bound=1750.27 gap=0.163447 (src: inc=cplex_api bb=cplex_api gap=cplex_api)
[MP] iter=7 cuts=6 obj=2092.240 last_const=9742.000 last_nnz=61
[MW] core updated (t=0..): min=0.0824 max=1.06 mean=0.331
Evaluating Subproblem (SP) at candidate...
SP result: recourse=5192 feasible=True
[SP PIPELINE] iter=7 build=0.000s solve=0.000s extract=0.000s post=0.000s cutgen=0.064s mode=mw lb_valid=True tl_inc=False vars=- bin=- cons=- lp=-
[CHECK] SP: recourse=5192 first=0.24 sp_total=5192.24
[CUT TIGHTNESS] raw_line(y)=5192  SP_ub=5192  diff=0
[BENDERS] Added cut #6: const_out=5191, const_ret=6301, nnz=63, slope_range=[-735,-15], raw_pos_dm=0, scale=1
[BENDERS] Eval cut (dir): OUT lhs=1950 rhs=3076; RET lhs=142 rhs=2116
2026-08-06 15:32:15,195 INFO | mobauto2_benders.benders.solver | force-added CutType.OPTIMALITY cut 'opt_cut'
2026-08-06 15:32:15,195 INFO | mobauto2_benders.benders.solver | added 1 cut(s)
Master updated: added 1 cut(s): opt_cut
[CUT SUMMARY] it=7 cand=OUT[0,3]|RET[0,5]|OUT[0,10]|RET[0,12]|OUT[0,15]|RET[0,19]|OUT[0,25]|RET[0,29]|OUT[0,35]|RET[0,37]|OUT[0,39]|RET[0,41]|...(+12) decision=added skip=None theta_total=2092.000103665002 rec_total=5192.0 raw_rhs_total=5192.0 rhs_total=5192.0 lhs_total=2092.000103665002
Timing: master=102.339s sp_solve=0.087s cutgen=0.064s cutadd=0.004s cuts_added=1 total_cuts=7
MP stats: nodes=46052 best_bound=1750.2705561805515 incumbent=2092.2401036650017 gap=0.16344660772222164
2026-08-06 15:32:15,195 INFO | mobauto2_benders.benders.solver | bounds: best_lb=1825.39 best_ub=5192.24 gap=3366.85 rel=0.648
[CHECK] GAP: LB=1825.39 UB=5192.24 gap=3366.85 rel=0.648

=== Iteration 8 ===
Solving Master (MP)...
[SCHEDULE] master gap-tied: time_limit_s=102 mipgap=0.05 g_bd=0.648
[MIPSTART] x-only start applied: n_out=88 n_ret=88
2026-08-06 15:33:57,715 WARNING | pyomo.core | Loading a SolverResults object with an 'aborted' status, but containing a solution
2026-08-06 15:33:57,721 WARNING | pyomo.core | Loading a SolverResults object with an 'aborted' status, but containing a solution
MP raw solver: status=aborted term=maxTimeLimit incumbent=2200.239999776956 best_bound=1854.0820592135603
MP solutions: count=1 keys=['Gap', 'Status', 'Message', 'Problem', 'Objective', 'Variable', 'Constraint']
Shuttle totals (OUT+RET): q0=12, q1=12
MP stats (solver): nodes=30194 best_bound=1854.0820592135603 incumbent=2200.239999776956 gap=0.1573273554696174
2026-08-06 15:33:57,728 INFO | mobauto2_benders.benders.solver | iter=8 master status=SolveStatus.FEASIBLE obj=2200.24 lb=1854.08
MP result: status=SolveStatus.FEASIBLE obj=2200.24 lb=1854.08
[CHECK] MP: first=0.24 theta=2200 mp_total=2200.24 inc_obj=2200.24 best_bound=1854.08
[CHECK] MP bounds: mp_obj=2200.24 mp_best_bound=1854.08 mp_best_integer=2200.24 term=maxTimeLimit status=aborted gap=0.157327
[MP] iter=8 incumbent=2200.24 best_bound=1854.08 gap=0.157327 (src: inc=cplex_api bb=cplex_api gap=cplex_api)
[MP] iter=8 cuts=7 obj=2200.240 last_const=11492.000 last_nnz=63
[MW] core updated (t=0..): min=0.0576 max=1.04 mean=0.314
Evaluating Subproblem (SP) at candidate...
SP result: recourse=4753 feasible=True
[SP PIPELINE] iter=8 build=0.000s solve=0.000s extract=0.000s post=0.000s cutgen=0.088s mode=mw lb_valid=True tl_inc=False vars=- bin=- cons=- lp=-
[CHECK] SP: recourse=4753 first=0.24 sp_total=4753.24
[CUT TIGHTNESS] raw_line(y)=4753  SP_ub=4753  diff=0
[BENDERS] Added cut #7: const_out=5803, const_ret=5145, nnz=57, slope_range=[-735,-15], raw_pos_dm=0, scale=1
[BENDERS] Eval cut (dir): OUT lhs=2200 rhs=2983; RET lhs=0 rhs=1770
2026-08-06 15:33:58,044 INFO | mobauto2_benders.benders.solver | force-added CutType.OPTIMALITY cut 'opt_cut'
2026-08-06 15:33:58,044 INFO | mobauto2_benders.benders.solver | added 1 cut(s)
Master updated: added 1 cut(s): opt_cut
[CUT SUMMARY] it=8 cand=OUT[0,1]|RET[0,3]|OUT[0,6]|RET[0,8]|OUT[0,13]|RET[0,18]|OUT[0,24]|RET[0,26]|OUT[0,34]|RET[0,36]|OUT[0,38]|RET[0,40]|...(+12) decision=added skip=None theta_total=2199.999999777421 rec_total=4753.0 raw_rhs_total=4752.999999804981 rhs_total=4752.999999804979 lhs_total=2199.999999777421
Timing: master=102.533s sp_solve=0.094s cutgen=0.088s cutadd=0.004s cuts_added=1 total_cuts=8
MP stats: nodes=30194 best_bound=1854.0820592135603 incumbent=2200.239999776956 gap=0.1573273554696174
2026-08-06 15:33:58,044 INFO | mobauto2_benders.benders.solver | bounds: best_lb=1854.08 best_ub=4753.24 gap=2899.16 rel=0.61
[CHECK] GAP: LB=1854.08 UB=4753.24 gap=2899.16 rel=0.61
2026-08-06 15:33:58,044 WARNING | mobauto2_benders.benders.solver | Max iterations reached: 8

Max iterations reached: 8
Total solve time: 544.430 seconds
Best bounds: LB=1854.08 UB=4753.24 gap=2899.16 rel=0.61

Best Master Solution:
Q=2 T=44
theta = 2200
  - theta_out = 2200
  - theta_ret = 0
Timeline (per shuttle):
           0     1     2     3     4     5     6     7     8     9    10    11    12    13    14    15    16    17    18    19    20    21    22    23    24    25    26    27    28    29    30    31    32    33    34    35    36    37    38    39    40    41    42    43
  q=0:   IDL   OUT   INT   RET   INT   IDL   OUT   INT   RET   INT   CHR   CHR   IDL   OUT   INT   IDL   IDL   IDL   RET   INT   CHR   CHR   CHR   CHR   OUT   INT   RET   INT   CHR   CHR   CHR   CHR   CHR   CHR   OUT   INT   RET   INT   OUT   INT   RET   INT   IDL   IDL
  q=1:   IDL   IDL   IDL   IDL   OUT   INT   RET   INT   CHR   CHR   OUT   INT   RET   INT   CHR   CHR   CHR   OUT   INT   IDL   IDL   IDL   RET   INT   CHR   CHR   CHR   CHR   CHR   OUT   INT   RET   INT   CHR   CHR   OUT   INT   RET   INT   OUT   INT   RET   INT   IDL
Battery (per shuttle):
           0     1     2     3     4     5     6     7     8     9    10    11    12    13    14    15    16    17    18    19    20    21    22    23    24    25    26    27    28    29    30    31    32    33    34    35    36    37    38    39    40    41    42    43
  q=0:   150   150   120   120    90    90    90    60    60    30    30    47    65    65    35    35    35    35    35     5     5    22    40    57    75    45    45    15    15    32    50    67    85   102   120    90    90    60    60    30    30    -0     0     0
  q=1:   150   150   150   150   150   120   120    90    90   107   125    95    95    65    65    82   100   117    87    87    87    87    87    57    57    75    92   110   127   145   115   115    85    85   102   120    90    90    60    60    30    30     0     0

Demand per slot (OUT/RET):
         0   1   2   3   4   5   6   7   8   9  10  11  12  13  14  15  16  17  18  19  20  21  22  23  24  25  26  27  28  29  30  31  32  33  34  35  36  37  38  39  40  41  42  43
  OUT:   7  12  13   9  12  17  16   6   7  10   5   3   2   2   2   2   2   0   1   3   4   1   2   1   0   1   3   1   1   0   0   2   0   0   1   0   0   0   2   0   0   0   0   0
  RET:   1   2   1   0   1   1   0   0   0   0   2   2   2   1   3   4   1   3   2   2   5   3   3   9   1   7   3   4   4   2   2   5  10   9   6   9  10  14   9   7   0   0   0   0

Pax per shuttle and slot (total):
         0   1   2   3   4   5   6   7   8   9  10  11  12  13  14  15  16  17  18  19  20  21  22  23  24  25  26  27  28  29  30  31  32  33  34  35  36  37  38  39  40  41  42  43
  q=0:   0   7   0   4   0   0  15   0   0   0   0   0   0  15   0   0   0   0  11   0   0   0   0   0   8   0  15   0   0   0   0   0   0   0   2   0  15   0   0   0  15   0   0   0
  q=1:   0   0   0   0  15   0   2   0   0   0  15   0   4   0   0   0   0   8   0   0   0   0  12   0   0   0   0   0   0   6   0  12   0   0   0   1   0  15   0   2   0  15   0   0
Pax served: 214/300
Pax served: 214/300
Subproblem (last): obj=4753 wait_slots=453 fill_eps=0 penalty_cost=4300 penalty_pax=86 total_demand=300
Avg wait (min): 31.7523
UB_total (best): 4753.24

Result: status=UNKNOWN iterations=8 best_lb=1854.0820592135603 best_ub=4753.24
NOT REPRODUCIBLE: 4 master solve(s) stopped on the clock, not the gap. Bounds from this run vary with machine load. For a comparable number, raise master.per_iteration_time_limit_s and solver.total_time_limit_s until the master always terminates on the gap (configs/baseline_d9.yaml).

Manifest: C:\Users\fabio\My Drive\05_Projects\19_MobAuto2_Benders\manifests\manifest_rlb_t44q2_on_20260806_133358.json
