Run configuration:
  solver: iterations=100 tol=0.01 total_time_limit_s=300 seed=41
  master: solver=cplex Q=3 T_minutes=660 slot_res=15 (slots=44) trip_dur_min=30 Emax=150.0 L=30.0 eps=0.01 conc_pen=0.25 delta_chg=17.5
  subproblem: solver=cplex_direct S=15.0 Wmax=60 p=50.0 (slot_res=15)
  demand_file: setups/base.yaml
  scenario_files: ['setups/base.yaml', 'setups/base_plus100_out_noon.yaml', 'setups/base_ret_peak_adv.yaml', 'setups/base_vol20_pm60.yaml']
Initialized master problem.
[MW] enabled=True alpha=0.3 eps=0.001

=== Iteration 1 ===
Solving Master (MP)...
[SCHEDULE] master gap-tied: time_limit_s=30 mipgap=0.05 g_bd=0.05
2026-08-06 21:14:22,306 INFO | mobauto2_benders.benders.solver | iter=1 master status=SolveStatus.OPTIMAL obj=0.24 lb=0.24
MP raw solver: status=ok term=optimal incumbent=0.24000000000000002 best_bound=0.24000000000000005
MP solutions: count=1 keys=['Gap', 'Status', 'Message', 'Problem', 'Objective', 'Variable', 'Constraint']
Shuttle totals (OUT+RET): q0=10, q1=8, q2=6
MP stats (solver): nodes=0 best_bound=0.24000000000000005 incumbent=0.24000000000000002 gap=0.0
MP result: status=SolveStatus.OPTIMAL obj=0.24 lb=0.24
[CHECK] MP: first=0.24 theta=0 mp_total=0.24 inc_obj=0.24 best_bound=0.24
[CHECK] MP bounds: mp_obj=0.24 mp_best_bound=0.24 mp_best_integer=0.24 term=optimal status=ok gap=0
[MP] iter=1 incumbent=0.24 best_bound=0.24 gap=0 (src: inc=cplex_api bb=cplex_api gap=cplex_api)
[MP] iter=1 cuts=0 obj=0.240
[MW] core updated (t=0..): min=1.05 max=1.35 mean=1.13
Evaluating Subproblem (SP) at candidate...
2026-08-06 21:14:24,971 INFO | mobauto2_benders.benders.solver | force-added CutType.OPTIMALITY cut 'opt_cut_avg'
2026-08-06 21:14:24,973 INFO | mobauto2_benders.benders.solver | added 1 cut(s)
2026-08-06 21:14:24,973 INFO | mobauto2_benders.benders.solver | bounds: best_lb=0.24 best_ub=5823.24 gap=5823 rel=1
SP result: recourse=5823 feasible=True
[SP PIPELINE] iter=1 build=0.000s solve=0.000s extract=0.000s post=0.000s cutgen=0.195s mode=mw lb_valid=True tl_inc=False vars=- bin=- cons=- lp=-
[CHECK] SP: recourse=5823 first=0.24 sp_total=5823.24
[CUT TIGHTNESS] raw_line(y)=5823  SP_ub=5823  diff=1.82e-12
[BENDERS] Added cut #0: const_out=6986, const_ret=5422, nnz=74, slope_range=[-735,-7.5], raw_pos_dm=0, scale=1
[BENDERS] Eval cut (dir): OUT lhs=0 rhs=1833.5; RET lhs=0 rhs=3989.5
Master updated: added 1 cut(s): opt_cut_avg
[CUT SUMMARY] it=1 cand=OUT[0,1]|RET[0,3]|OUT[0,6]|RET[0,8]|OUT[0,11]|RET[0,13]|OUT[0,19]|RET[0,22]|OUT[0,27]|RET[0,38]|OUT[1,4]|RET[1,6]|...(+12) decision=added skip=None theta_total=0.0 rec_total=5823.0 raw_rhs_total=5823.000000000002 rhs_total=5823.0 lhs_total=0.0
Timing: master=1.496s sp_solve=0.174s cutgen=0.195s cutadd=0.024s cuts_added=1 total_cuts=1
MP stats: nodes=0 best_bound=0.24000000000000005 incumbent=0.24000000000000002 gap=0.0
[CHECK] GAP: LB=0.24 UB=5823.24 gap=5823 rel=1

=== Iteration 2 ===
Solving Master (MP)...
[SCHEDULE] master gap-tied: time_limit_s=30 mipgap=0.05 g_bd=1
[MIPSTART] x-only start applied: n_out=132 n_ret=132
Warning:  No solution found from 1 MIP starts.
2026-08-06 21:14:27,912 INFO | mobauto2_benders.benders.solver | iter=2 master status=SolveStatus.OPTIMAL obj=0.26 lb=0.26
MP raw solver: status=ok term=optimal incumbent=0.26 best_bound=0.26
MP solutions: count=1 keys=['Gap', 'Status', 'Message', 'Problem', 'Objective', 'Variable', 'Constraint']
Shuttle totals (OUT+RET): q0=10, q1=10, q2=6
MP stats (solver): nodes=0 best_bound=0.26 incumbent=0.26 gap=0.0
MP result: status=SolveStatus.OPTIMAL obj=0.26 lb=0.26
[CHECK] MP: first=0.26 theta=0 mp_total=0.26 inc_obj=0.26 best_bound=0.26
[CHECK] MP bounds: mp_obj=0.26 mp_best_bound=0.26 mp_best_integer=0.26 term=optimal status=ok gap=0
[MP] iter=2 incumbent=0.26 best_bound=0.26 gap=0 (src: inc=cplex_api bb=cplex_api gap=cplex_api)
[MP] iter=2 cuts=1 obj=0.260 last_const=12408.000 last_nnz=74
[MW] core updated (t=0..): min=0.735 max=1.24 mean=0.881
Evaluating Subproblem (SP) at candidate...
2026-08-06 21:14:29,358 INFO | mobauto2_benders.benders.solver | force-added CutType.OPTIMALITY cut 'opt_cut_avg'
2026-08-06 21:14:29,358 INFO | mobauto2_benders.benders.solver | added 1 cut(s)
2026-08-06 21:14:29,358 INFO | mobauto2_benders.benders.solver | bounds: best_lb=0.26 best_ub=5823.24 gap=5822.98 rel=1
SP result: recourse=5823.75 feasible=True
[SP PIPELINE] iter=2 build=0.000s solve=0.000s extract=0.000s post=0.000s cutgen=0.084s mode=mw lb_valid=True tl_inc=False vars=- bin=- cons=- lp=-
[CHECK] SP: recourse=5823.75 first=0.26 sp_total=5824.01
[CUT TIGHTNESS] raw_line(y)=5823.75  SP_ub=5823.75  diff=1.82e-12
[BENDERS] Added cut #1: const_out=5557.75, const_ret=5396, nnz=71, slope_range=[-735,-3.75], raw_pos_dm=0, scale=1
[BENDERS] Eval cut (dir): OUT lhs=0 rhs=2182.75; RET lhs=0 rhs=3641
Master updated: added 1 cut(s): opt_cut_avg
[CUT SUMMARY] it=2 cand=OUT[0,3]|RET[0,5]|OUT[0,9]|RET[0,11]|OUT[0,13]|RET[0,16]|OUT[0,22]|RET[0,26]|OUT[0,39]|RET[0,41]|OUT[1,1]|RET[1,3]|...(+14) decision=added skip=None theta_total=0.0 rec_total=5823.75 raw_rhs_total=5823.750000000002 rhs_total=5823.750000000001 lhs_total=0.0
Timing: master=2.939s sp_solve=0.099s cutgen=0.084s cutadd=0.004s cuts_added=1 total_cuts=2
MP stats: nodes=0 best_bound=0.26 incumbent=0.26 gap=0.0
[CHECK] GAP: LB=0.26 UB=5823.24 gap=5822.98 rel=1

=== Iteration 3 ===
Solving Master (MP)...
[SCHEDULE] master gap-tied: time_limit_s=30 mipgap=0.05 g_bd=1
[MIPSTART] x-only start applied: n_out=132 n_ret=132
Warning:  No solution found from 1 MIP starts.
2026-08-06 21:14:34,522 INFO | mobauto2_benders.benders.solver | iter=3 master status=SolveStatus.FEASIBLE obj=0.28 lb=0.271874
MP raw solver: status=ok term=optimal incumbent=0.28 best_bound=0.27187373735733716
MP solutions: count=1 keys=['Gap', 'Status', 'Message', 'Problem', 'Objective', 'Variable', 'Constraint']
Shuttle totals (OUT+RET): q0=10, q1=10, q2=8
MP stats (solver): nodes=0 best_bound=0.27187373735733716 incumbent=0.28 gap=0.029022366570573662
MP result: status=SolveStatus.FEASIBLE obj=0.28 lb=0.271874
[CHECK] MP: first=0.28 theta=0 mp_total=0.28 inc_obj=0.28 best_bound=0.271874
[CHECK] MP bounds: mp_obj=0.28 mp_best_bound=0.271874 mp_best_integer=0.28 term=optimal status=ok gap=0.0290224
[MP] iter=3 incumbent=0.28 best_bound=0.271874 gap=0.0290224 (src: inc=cplex_api bb=cplex_api gap=cplex_api)
[MP] iter=3 cuts=2 obj=0.280 last_const=10953.750 last_nnz=71
[MW] core updated (t=0..): min=0.514 max=1.17 mean=0.712
Evaluating Subproblem (SP) at candidate...
2026-08-06 21:14:35,582 INFO | mobauto2_benders.benders.solver | force-added CutType.OPTIMALITY cut 'opt_cut_avg'
2026-08-06 21:14:35,582 INFO | mobauto2_benders.benders.solver | added 1 cut(s)
2026-08-06 21:14:35,582 INFO | mobauto2_benders.benders.solver | bounds: best_lb=0.271874 best_ub=4453.78 gap=4453.51 rel=1
SP result: recourse=4453.5 feasible=True
[SP PIPELINE] iter=3 build=0.000s solve=0.000s extract=0.000s post=0.000s cutgen=0.059s mode=mw lb_valid=True tl_inc=False vars=- bin=- cons=- lp=-
[CHECK] SP: recourse=4453.5 first=0.28 sp_total=4453.78
[CUT TIGHTNESS] raw_line(y)=4453.5  SP_ub=4453.5  diff=0
[BENDERS] Added cut #2: const_out=6026.25, const_ret=4213.5, nnz=66, slope_range=[-735,-3.75], raw_pos_dm=0, scale=1
[BENDERS] Eval cut (dir): OUT lhs=0 rhs=1878.75; RET lhs=0 rhs=2574.75
Master updated: added 1 cut(s): opt_cut_avg
[CUT SUMMARY] it=3 cand=OUT[0,4]|RET[0,6]|OUT[0,10]|RET[0,14]|OUT[0,16]|RET[0,18]|OUT[0,25]|RET[0,31]|OUT[0,35]|RET[0,37]|OUT[1,2]|RET[1,4]|...(+16) decision=added skip=None theta_total=0.0 rec_total=4453.5 raw_rhs_total=4453.5 rhs_total=4453.5 lhs_total=0.0
Timing: master=5.162s sp_solve=0.086s cutgen=0.059s cutadd=0.003s cuts_added=1 total_cuts=3
MP stats: nodes=0 best_bound=0.27187373735733716 incumbent=0.28 gap=0.029022366570573662
[CHECK] GAP: LB=0.271874 UB=4453.78 gap=4453.51 rel=1

=== Iteration 4 ===
Solving Master (MP)...
[SCHEDULE] master gap-tied: time_limit_s=30 mipgap=0.05 g_bd=1
[MIPSTART] x-only start applied: n_out=132 n_ret=132
Warning:  No solution found from 1 MIP starts.
2026-08-06 21:15:06,003 WARNING | pyomo.core | Loading a SolverResults object with an 'aborted' status, but containing a solution
2026-08-06 21:15:06,017 WARNING | pyomo.core | Loading a SolverResults object with an 'aborted' status, but containing a solution
2026-08-06 21:15:06,024 INFO | mobauto2_benders.benders.solver | iter=4 master status=SolveStatus.FEASIBLE obj=0.3 lb=0.28
MP raw solver: status=aborted term=maxTimeLimit incumbent=0.3 best_bound=0.28000000000000014
MP solutions: count=1 keys=['Gap', 'Status', 'Message', 'Problem', 'Objective', 'Variable', 'Constraint']
Shuttle totals (OUT+RET): q0=10, q1=10, q2=10
MP stats (solver): nodes=3903 best_bound=0.28000000000000014 incumbent=0.3 gap=0.06666666664444396
MP result: status=SolveStatus.FEASIBLE obj=0.3 lb=0.28
[CHECK] MP: first=0.3 theta=0 mp_total=0.3 inc_obj=0.3 best_bound=0.28
[CHECK] MP bounds: mp_obj=0.3 mp_best_bound=0.28 mp_best_integer=0.3 term=maxTimeLimit status=aborted gap=0.0666667
[MP] iter=4 incumbent=0.3 best_bound=0.28 gap=0.0666667 (src: inc=cplex_api bb=cplex_api gap=cplex_api)
[MP] iter=4 cuts=3 obj=0.300 last_const=10239.750 last_nnz=66
[MW] core updated (t=0..): min=0.36 max=1.12 mean=0.601
Evaluating Subproblem (SP) at candidate...
2026-08-06 21:15:07,549 INFO | mobauto2_benders.benders.solver | force-added CutType.OPTIMALITY cut 'opt_cut_avg'
2026-08-06 21:15:07,552 INFO | mobauto2_benders.benders.solver | added 1 cut(s)
2026-08-06 21:15:07,552 INFO | mobauto2_benders.benders.solver | bounds: best_lb=0.28 best_ub=3957.05 gap=3956.77 rel=1
SP result: recourse=3956.75 feasible=True
[SP PIPELINE] iter=4 build=0.000s solve=0.000s extract=0.000s post=0.000s cutgen=0.082s mode=mw lb_valid=True tl_inc=False vars=- bin=- cons=- lp=-
[CHECK] SP: recourse=3956.75 first=0.3 sp_total=3957.05
[CUT TIGHTNESS] raw_line(y)=3956.75  SP_ub=3956.75  diff=0
[BENDERS] Added cut #3: const_out=6515.75, const_ret=4142.25, nnz=66, slope_range=[-735,-3.75], raw_pos_dm=0, scale=1
[BENDERS] Eval cut (dir): OUT lhs=0 rhs=1730.75; RET lhs=0 rhs=2226
Master updated: added 1 cut(s): opt_cut_avg
[CUT SUMMARY] it=4 cand=OUT[0,4]|RET[0,6]|OUT[0,10]|RET[0,14]|OUT[0,17]|RET[0,20]|OUT[0,32]|RET[0,34]|OUT[0,37]|RET[0,39]|OUT[1,3]|RET[1,5]|...(+18) decision=added skip=None theta_total=0.0 rec_total=3956.75 raw_rhs_total=3956.75 rhs_total=3956.75 lhs_total=0.0
Timing: master=30.439s sp_solve=0.120s cutgen=0.082s cutadd=0.006s cuts_added=1 total_cuts=4
MP stats: nodes=3903 best_bound=0.28000000000000014 incumbent=0.3 gap=0.06666666664444396
[CHECK] GAP: LB=0.28 UB=3957.05 gap=3956.77 rel=1

=== Iteration 5 ===
Solving Master (MP)...
[SCHEDULE] master gap-tied: time_limit_s=30 mipgap=0.05 g_bd=1
[MIPSTART] x-only start applied: n_out=132 n_ret=132
Warning:  No solution found from 1 MIP starts.
2026-08-06 21:15:40,765 WARNING | pyomo.core | Loading a SolverResults object with an 'aborted' status, but containing a solution
2026-08-06 21:15:40,788 WARNING | pyomo.core | Loading a SolverResults object with an 'aborted' status, but containing a solution
2026-08-06 21:15:40,804 INFO | mobauto2_benders.benders.solver | iter=5 master status=SolveStatus.FEASIBLE obj=0.34 lb=0.28741
MP raw solver: status=aborted term=maxTimeLimit incumbent=0.33999999999999997 best_bound=0.2874104352025571
MP solutions: count=1 keys=['Gap', 'Status', 'Message', 'Problem', 'Objective', 'Variable', 'Constraint']
Shuttle totals (OUT+RET): q0=12, q1=12, q2=10
MP stats (solver): nodes=2634 best_bound=0.2874104352025571 incumbent=0.33999999999999997 gap=0.15467519053522163
MP result: status=SolveStatus.FEASIBLE obj=0.34 lb=0.28741
[CHECK] MP: first=0.34 theta=0 mp_total=0.34 inc_obj=0.34 best_bound=0.28741
[CHECK] MP bounds: mp_obj=0.34 mp_best_bound=0.28741 mp_best_integer=0.34 term=maxTimeLimit status=aborted gap=0.154675
[MP] iter=5 incumbent=0.34 best_bound=0.28741 gap=0.154675 (src: inc=cplex_api bb=cplex_api gap=cplex_api)
[MP] iter=5 cuts=4 obj=0.340 last_const=10658.000 last_nnz=66
[MW] core updated (t=0..): min=0.252 max=1.08 mean=0.536
Evaluating Subproblem (SP) at candidate...
2026-08-06 21:15:47,199 INFO | mobauto2_benders.benders.solver | force-added CutType.OPTIMALITY cut 'opt_cut_avg'
2026-08-06 21:15:47,200 INFO | mobauto2_benders.benders.solver | added 1 cut(s)
2026-08-06 21:15:47,202 INFO | mobauto2_benders.benders.solver | bounds: best_lb=0.28741 best_ub=3448.09 gap=3447.8 rel=1
SP result: recourse=3447.75 feasible=True
[SP PIPELINE] iter=5 build=0.000s solve=0.000s extract=0.000s post=0.000s cutgen=0.563s mode=mw lb_valid=True tl_inc=False vars=- bin=- cons=- lp=-
[CHECK] SP: recourse=3447.75 first=0.34 sp_total=3448.09
[CUT TIGHTNESS] raw_line(y)=3447.75  SP_ub=3447.75  diff=0
[BENDERS] Added cut #4: const_out=6538.75, const_ret=4412.75, nnz=65, slope_range=[-735,-15], raw_pos_dm=0, scale=1
[BENDERS] Eval cut (dir): OUT lhs=0 rhs=1626.25; RET lhs=0 rhs=1821.5
Master updated: added 1 cut(s): opt_cut_avg
[CUT SUMMARY] it=5 cand=OUT[0,1]|RET[0,3]|OUT[0,6]|RET[0,8]|OUT[0,11]|RET[0,18]|OUT[0,26]|RET[0,28]|OUT[0,32]|RET[0,34]|OUT[0,39]|RET[0,41]|...(+22) decision=added skip=None theta_total=0.0 rec_total=3447.75 raw_rhs_total=3447.75 rhs_total=3447.75 lhs_total=0.0
Timing: master=33.252s sp_solve=0.437s cutgen=0.563s cutadd=0.025s cuts_added=1 total_cuts=5
MP stats: nodes=2634 best_bound=0.2874104352025571 incumbent=0.33999999999999997 gap=0.15467519053522163
[CHECK] GAP: LB=0.28741 UB=3448.09 gap=3447.8 rel=1

=== Iteration 6 ===
Solving Master (MP)...
[SCHEDULE] master gap-tied: time_limit_s=30 mipgap=0.05 g_bd=1
[MIPSTART] x-only start applied: n_out=132 n_ret=132
Warning:  No solution found from 1 MIP starts.
2026-08-06 21:16:19,857 WARNING | pyomo.core | Loading a SolverResults object with an 'aborted' status, but containing a solution
2026-08-06 21:16:19,869 WARNING | pyomo.core | Loading a SolverResults object with an 'aborted' status, but containing a solution
2026-08-06 21:16:19,881 INFO | mobauto2_benders.benders.solver | iter=6 master status=SolveStatus.FEASIBLE obj=0.34 lb=0.29334
MP raw solver: status=aborted term=maxTimeLimit incumbent=0.34 best_bound=0.29333975931204376
MP solutions: count=1 keys=['Gap', 'Status', 'Message', 'Problem', 'Objective', 'Variable', 'Constraint']
Shuttle totals (OUT+RET): q0=12, q1=12, q2=10
MP stats (solver): nodes=1832 best_bound=0.29333975931204376 incumbent=0.34 gap=0.13723600198303723
MP result: status=SolveStatus.FEASIBLE obj=0.34 lb=0.29334
[CHECK] MP: first=0.34 theta=0 mp_total=0.34 inc_obj=0.34 best_bound=0.29334
[CHECK] MP bounds: mp_obj=0.34 mp_best_bound=0.29334 mp_best_integer=0.34 term=maxTimeLimit status=aborted gap=0.137236
[MP] iter=6 incumbent=0.34 best_bound=0.29334 gap=0.137236 (src: inc=cplex_api bb=cplex_api gap=cplex_api)
[MP] iter=6 cuts=5 obj=0.340 last_const=10951.500 last_nnz=65
[MW] core updated (t=0..): min=0.176 max=1.06 mean=0.491
Evaluating Subproblem (SP) at candidate...
2026-08-06 21:16:22,221 INFO | mobauto2_benders.benders.solver | force-added CutType.OPTIMALITY cut 'opt_cut_avg'
2026-08-06 21:16:22,221 INFO | mobauto2_benders.benders.solver | added 1 cut(s)
2026-08-06 21:16:22,221 INFO | mobauto2_benders.benders.solver | bounds: best_lb=0.29334 best_ub=3168.09 gap=3167.8 rel=1
SP result: recourse=3167.75 feasible=True
[SP PIPELINE] iter=6 build=0.000s solve=0.000s extract=0.000s post=0.000s cutgen=0.088s mode=mw lb_valid=True tl_inc=False vars=- bin=- cons=- lp=-
[CHECK] SP: recourse=3167.75 first=0.34 sp_total=3168.09
[CUT TIGHTNESS] raw_line(y)=3167.75  SP_ub=3167.75  diff=0
[BENDERS] Added cut #5: const_out=5828.75, const_ret=4981.5, nnz=66, slope_range=[-735,-3.75], raw_pos_dm=0, scale=1
[BENDERS] Eval cut (dir): OUT lhs=0 rhs=1636.25; RET lhs=0 rhs=1531.5
Master updated: added 1 cut(s): opt_cut_avg
[CUT SUMMARY] it=6 cand=OUT[0,1]|RET[0,3]|OUT[0,6]|RET[0,8]|OUT[0,11]|RET[0,14]|OUT[0,23]|RET[0,25]|OUT[0,27]|RET[0,34]|OUT[0,39]|RET[0,41]|...(+22) decision=added skip=None theta_total=0.0 rec_total=3167.75 raw_rhs_total=3167.75 rhs_total=3167.75 lhs_total=0.0
Timing: master=32.677s sp_solve=0.152s cutgen=0.088s cutadd=0.006s cuts_added=1 total_cuts=6
MP stats: nodes=1832 best_bound=0.29333975931204376 incumbent=0.34 gap=0.13723600198303723
[CHECK] GAP: LB=0.29334 UB=3168.09 gap=3167.8 rel=1

=== Iteration 7 ===
Solving Master (MP)...
[SCHEDULE] master gap-tied: time_limit_s=30 mipgap=0.05 g_bd=1
[MIPSTART] x-only start applied: n_out=132 n_ret=132
Warning:  No solution found from 1 MIP starts.
2026-08-06 21:16:53,303 WARNING | pyomo.core | Loading a SolverResults object with an 'aborted' status, but containing a solution
2026-08-06 21:16:53,329 WARNING | pyomo.core | Loading a SolverResults object with an 'aborted' status, but containing a solution
2026-08-06 21:16:53,365 INFO | mobauto2_benders.benders.solver | iter=7 master status=SolveStatus.FEASIBLE obj=181.59 lb=0.293617
MP raw solver: status=aborted term=maxTimeLimit incumbent=181.58999972501087 best_bound=0.2936171770346565
MP solutions: count=1 keys=['Gap', 'Status', 'Message', 'Problem', 'Objective', 'Variable', 'Constraint']
Shuttle totals (OUT+RET): q0=12, q1=12, q2=10
MP stats (solver): nodes=413 best_bound=0.2936171770346565 incumbent=181.58999972501087 gap=0.9983830762840513
MP result: status=SolveStatus.FEASIBLE obj=181.59 lb=0.293617
[CHECK] MP: first=0.34 theta=181.25 mp_total=181.59 inc_obj=181.59 best_bound=0.293617
[CHECK] MP bounds: mp_obj=181.59 mp_best_bound=0.293617 mp_best_integer=181.59 term=maxTimeLimit status=aborted gap=0.998383
[MP] iter=7 incumbent=181.59 best_bound=0.293617 gap=0.998383 (src: inc=cplex_api bb=cplex_api gap=cplex_api)
[MP] iter=7 cuts=6 obj=181.590 last_const=10810.250 last_nnz=66
[MW] core updated (t=0..): min=0.124 max=1.04 mean=0.46
Evaluating Subproblem (SP) at candidate...
2026-08-06 21:17:02,947 INFO | mobauto2_benders.benders.solver | force-added CutType.OPTIMALITY cut 'opt_cut_avg'
2026-08-06 21:17:02,948 INFO | mobauto2_benders.benders.solver | added 1 cut(s)
2026-08-06 21:17:02,949 INFO | mobauto2_benders.benders.solver | bounds: best_lb=0.293617 best_ub=2885.09 gap=2884.8 rel=1
SP result: recourse=2884.75 feasible=True
[SP PIPELINE] iter=7 build=0.000s solve=0.000s extract=0.000s post=0.000s cutgen=1.264s mode=mw lb_valid=True tl_inc=False vars=- bin=- cons=- lp=-
[CHECK] SP: recourse=2884.75 first=0.34 sp_total=2885.09
[CUT TIGHTNESS] raw_line(y)=2884.75  SP_ub=2884.75  diff=0
[BENDERS] Added cut #6: const_out=5747.25, const_ret=3703.75, nnz=62, slope_range=[-735,-15], raw_pos_dm=0, scale=1
[BENDERS] Eval cut (dir): OUT lhs=181.25 rhs=1704.75; RET lhs=0 rhs=1180
Master updated: added 1 cut(s): opt_cut_avg
[CUT SUMMARY] it=7 cand=OUT[0,1]|RET[0,3]|OUT[0,6]|RET[0,8]|OUT[0,11]|RET[0,14]|OUT[0,21]|RET[0,26]|OUT[0,30]|RET[0,34]|OUT[0,39]|RET[0,41]|...(+22) decision=added skip=None theta_total=181.24999972498006 rec_total=2884.75 raw_rhs_total=2884.749999485728 rhs_total=2884.749999485727 lhs_total=181.24999972498006
Timing: master=31.143s sp_solve=0.365s cutgen=1.264s cutadd=0.018s cuts_added=1 total_cuts=7
MP stats: nodes=413 best_bound=0.2936171770346565 incumbent=181.58999972501087 gap=0.9983830762840513
[CHECK] GAP: LB=0.293617 UB=2885.09 gap=2884.8 rel=1

=== Iteration 8 ===
Solving Master (MP)...
[SCHEDULE] master gap-tied: time_limit_s=30 mipgap=0.05 g_bd=1
[MIPSTART] x-only start applied: n_out=132 n_ret=132
Warning:  No solution found from 1 MIP starts.
Advanced basis not built.
2026-08-06 21:17:37,597 WARNING | pyomo.core | Loading a SolverResults object with an 'aborted' status, but containing a solution
2026-08-06 21:17:37,614 WARNING | pyomo.core | Loading a SolverResults object with an 'aborted' status, but containing a solution
2026-08-06 21:17:37,630 INFO | mobauto2_benders.benders.solver | iter=8 master status=SolveStatus.FEASIBLE obj=561.32 lb=0.306198
MP raw solver: status=aborted term=maxTimeLimit incumbent=561.3200429516099 best_bound=0.30619813394061446
MP solutions: count=1 keys=['Gap', 'Status', 'Message', 'Problem', 'Objective', 'Variable', 'Constraint']
Shuttle totals (OUT+RET): q0=12, q1=10, q2=10
MP stats (solver): nodes=0 best_bound=0.30619813394061446 incumbent=561.3200429516099 gap=0.9994545034728664
MP result: status=SolveStatus.FEASIBLE obj=561.32 lb=0.306198
[CHECK] MP: first=0.57 theta=560.75 mp_total=561.32 inc_obj=561.32 best_bound=0.306198
[CHECK] MP bounds: mp_obj=561.32 mp_best_bound=0.306198 mp_best_integer=561.32 term=maxTimeLimit status=aborted gap=0.999455
[MP] iter=8 incumbent=561.32 best_bound=0.306198 gap=0.999455 (src: inc=cplex_api bb=cplex_api gap=cplex_api)
[MP] iter=8 cuts=7 obj=561.320 last_const=9451.000 last_nnz=62
[MW] core updated (t=0..): min=0.0865 max=1.03 mean=0.431
Evaluating Subproblem (SP) at candidate...
2026-08-06 21:17:44,684 INFO | mobauto2_benders.benders.solver | force-added CutType.OPTIMALITY cut 'opt_cut_avg'
2026-08-06 21:17:44,685 INFO | mobauto2_benders.benders.solver | added 1 cut(s)
2026-08-06 21:17:44,685 INFO | mobauto2_benders.benders.solver | bounds: best_lb=0.306198 best_ub=2885.09 gap=2884.78 rel=1
SP result: recourse=3728.75 feasible=True
[SP PIPELINE] iter=8 build=0.000s solve=0.000s extract=0.000s post=0.000s cutgen=0.492s mode=mw lb_valid=True tl_inc=False vars=- bin=- cons=- lp=-
[CHECK] SP: recourse=3728.75 first=0.57 sp_total=3729.32
[CUT TIGHTNESS] raw_line(y)=3728.75  SP_ub=3728.75  diff=0
[BENDERS] Added cut #7: const_out=6891, const_ret=4697.75, nnz=68, slope_range=[-735,-15], raw_pos_dm=0, scale=1
[BENDERS] Eval cut (dir): OUT lhs=354.75 rhs=1761; RET lhs=206 rhs=1967.75
Master updated: added 1 cut(s): opt_cut_avg
[CUT SUMMARY] it=8 cand=OUT[0,3]|RET[0,5]|OUT[0,8]|RET[0,10]|OUT[0,13]|RET[0,15]|OUT[0,23]|RET[0,28]|OUT[0,34]|RET[0,36]|OUT[0,38]|RET[0,40]|...(+20) decision=added skip=None theta_total=560.7500429516131 rec_total=3728.75 raw_rhs_total=3728.7499999990023 rhs_total=3728.7499999989977 lhs_total=560.7500429516131
Timing: master=34.678s sp_solve=0.536s cutgen=0.492s cutadd=0.013s cuts_added=1 total_cuts=8
MP stats: nodes=0 best_bound=0.30619813394061446 incumbent=561.3200429516099 gap=0.9994545034728664
[CHECK] GAP: LB=0.306198 UB=2885.09 gap=2884.78 rel=1

=== Iteration 9 ===
Solving Master (MP)...
[SCHEDULE] master gap-tied: time_limit_s=30 mipgap=0.05 g_bd=1
[MIPSTART] x-only start applied: n_out=132 n_ret=132
2026-08-06 21:18:16,309 WARNING | pyomo.core | Loading a SolverResults object with an 'aborted' status, but containing a solution
2026-08-06 21:18:16,359 WARNING | pyomo.core | Loading a SolverResults object with an 'aborted' status, but containing a solution
2026-08-06 21:18:16,365 INFO | mobauto2_benders.benders.solver | iter=9 master status=SolveStatus.FEASIBLE obj=0.86 lb=0.307509
MP raw solver: status=aborted term=maxTimeLimit incumbent=0.8600000000000001 best_bound=0.30750911108060375
MP solutions: count=1 keys=['Gap', 'Status', 'Message', 'Problem', 'Objective', 'Variable', 'Constraint']
Shuttle totals (OUT+RET): q0=12, q1=12, q2=12
MP stats (solver): nodes=2032 best_bound=0.30750911108060375 incumbent=0.8600000000000001 gap=0.6424312661106432
MP result: status=SolveStatus.FEASIBLE obj=0.86 lb=0.307509
[CHECK] MP: first=0.86 theta=0 mp_total=0.86 inc_obj=0.86 best_bound=0.307509
[CHECK] MP bounds: mp_obj=0.86 mp_best_bound=0.307509 mp_best_integer=0.86 term=maxTimeLimit status=aborted gap=0.642431
[MP] iter=9 incumbent=0.86 best_bound=0.307509 gap=0.642431 (src: inc=cplex_api bb=cplex_api gap=cplex_api)
[MP] iter=9 cuts=8 obj=0.860 last_const=11588.750 last_nnz=68
[MW] core updated (t=0..): min=0.0605 max=1.25 mean=0.424
Evaluating Subproblem (SP) at candidate...
2026-08-06 21:18:18,105 INFO | mobauto2_benders.benders.solver | force-added CutType.OPTIMALITY cut 'opt_cut_avg'
2026-08-06 21:18:18,105 INFO | mobauto2_benders.benders.solver | added 1 cut(s)
2026-08-06 21:18:18,105 INFO | mobauto2_benders.benders.solver | bounds: best_lb=0.307509 best_ub=2636.36 gap=2636.05 rel=1
SP result: recourse=2635.5 feasible=True
[SP PIPELINE] iter=9 build=0.000s solve=0.000s extract=0.000s post=0.000s cutgen=0.070s mode=mw lb_valid=True tl_inc=False vars=- bin=- cons=- lp=-
[CHECK] SP: recourse=2635.5 first=0.86 sp_total=2636.36
[CUT TIGHTNESS] raw_line(y)=2635.5  SP_ub=2635.5  diff=9.09e-13
[BENDERS] Added cut #8: const_out=5423.25, const_ret=3156, nnz=63, slope_range=[-735,-3.75], raw_pos_dm=0, scale=1
[BENDERS] Eval cut (dir): OUT lhs=0 rhs=1418.25; RET lhs=0 rhs=1217.25
Master updated: added 1 cut(s): opt_cut_avg
[CUT SUMMARY] it=9 cand=OUT[0,3]|RET[0,5]|OUT[0,7]|RET[0,9]|OUT[0,13]|RET[0,15]|OUT[0,21]|RET[0,23]|OUT[0,28]|RET[0,30]|OUT[0,37]|RET[0,40]|...(+24) decision=added skip=None theta_total=0.0 rec_total=2635.5 raw_rhs_total=2635.500000000001 rhs_total=2635.5 lhs_total=0.0
Timing: master=31.680s sp_solve=0.129s cutgen=0.070s cutadd=0.003s cuts_added=1 total_cuts=9
MP stats: nodes=2032 best_bound=0.30750911108060375 incumbent=0.8600000000000001 gap=0.6424312661106432
[CHECK] GAP: LB=0.307509 UB=2636.36 gap=2636.05 rel=1

=== Iteration 10 ===
Solving Master (MP)...
[SCHEDULE] master gap-tied: time_limit_s=30 mipgap=0.05 g_bd=1
[MIPSTART] x-only start applied: n_out=132 n_ret=132
Warning:  No solution found from 1 MIP starts.
2026-08-06 21:18:48,568 WARNING | pyomo.core | Loading a SolverResults object with an 'aborted' status, but containing a solution
2026-08-06 21:18:48,595 WARNING | pyomo.core | Loading a SolverResults object with an 'aborted' status, but containing a solution
2026-08-06 21:18:48,608 INFO | mobauto2_benders.benders.solver | iter=10 master status=SolveStatus.FEASIBLE obj=342.11 lb=0.313787
MP raw solver: status=aborted term=maxTimeLimit incumbent=342.110043271251 best_bound=0.3137865327343732
MP solutions: count=1 keys=['Gap', 'Status', 'Message', 'Problem', 'Objective', 'Variable', 'Constraint']
Shuttle totals (OUT+RET): q0=12, q1=12, q2=12
MP stats (solver): nodes=3086 best_bound=0.3137865327343732 incumbent=342.110043271251 gap=0.9990827906429351
MP result: status=SolveStatus.FEASIBLE obj=342.11 lb=0.313787
[CHECK] MP: first=2.36 theta=339.75 mp_total=342.11 inc_obj=342.11 best_bound=0.313787
[CHECK] MP bounds: mp_obj=342.11 mp_best_bound=0.313787 mp_best_integer=342.11 term=maxTimeLimit status=aborted gap=0.999083
[MP] iter=10 incumbent=342.11 best_bound=0.313787 gap=0.999083 (src: inc=cplex_api bb=cplex_api gap=cplex_api)
[MP] iter=10 cuts=9 obj=342.110 last_const=8579.250 last_nnz=63
[MW] core updated (t=0..): min=0.0424 max=1.24 mean=0.42
Evaluating Subproblem (SP) at candidate...
2026-08-06 21:18:50,617 INFO | mobauto2_benders.benders.solver | force-added CutType.OPTIMALITY cut 'opt_cut_avg'
2026-08-06 21:18:50,617 INFO | mobauto2_benders.benders.solver | added 1 cut(s)
2026-08-06 21:18:50,617 INFO | mobauto2_benders.benders.solver | bounds: best_lb=0.313787 best_ub=2636.36 gap=2636.05 rel=1
SP result: recourse=3363.25 feasible=True
[SP PIPELINE] iter=10 build=0.000s solve=0.000s extract=0.000s post=0.000s cutgen=0.097s mode=mw lb_valid=True tl_inc=False vars=- bin=- cons=- lp=-
[CHECK] SP: recourse=3363.25 first=2.36 sp_total=3365.61
[CUT TIGHTNESS] raw_line(y)=3363.25  SP_ub=3363.25  diff=0
[BENDERS] Added cut #9: const_out=5368.5, const_ret=4433.5, nnz=67, slope_range=[-735,-3.75], raw_pos_dm=0, scale=1
[BENDERS] Eval cut (dir): OUT lhs=339.75 rhs=1877.25; RET lhs=0 rhs=1486
Master updated: added 1 cut(s): opt_cut_avg
[CUT SUMMARY] it=10 cand=OUT[0,2]|RET[0,4]|OUT[0,6]|RET[0,8]|OUT[0,12]|RET[0,15]|OUT[0,23]|RET[0,25]|OUT[0,30]|RET[0,32]|OUT[0,35]|RET[0,37]|...(+24) decision=added skip=None theta_total=339.7500432712511 rec_total=3363.25 raw_rhs_total=3363.25 rhs_total=3363.25 lhs_total=339.7500432712511
Timing: master=30.502s sp_solve=0.158s cutgen=0.097s cutadd=0.007s cuts_added=1 total_cuts=10
MP stats: nodes=3086 best_bound=0.3137865327343732 incumbent=342.110043271251 gap=0.9990827906429351
[CHECK] GAP: LB=0.313787 UB=2636.36 gap=2636.05 rel=1

=== Iteration 11 ===
Solving Master (MP)...
[SCHEDULE] master gap-tied: time_limit_s=30 mipgap=0.05 g_bd=1
[MIPSTART] x-only start applied: n_out=132 n_ret=132
Warning:  No solution found from 1 MIP starts.
2026-08-06 21:19:21,318 WARNING | pyomo.core | Loading a SolverResults object with an 'aborted' status, but containing a solution
2026-08-06 21:19:21,329 WARNING | pyomo.core | Loading a SolverResults object with an 'aborted' status, but containing a solution
2026-08-06 21:19:21,346 INFO | mobauto2_benders.benders.solver | iter=11 master status=SolveStatus.FEASIBLE obj=162.36 lb=0.312502
MP raw solver: status=aborted term=maxTimeLimit incumbent=162.35999999999993 best_bound=0.3125024920336332
MP solutions: count=1 keys=['Gap', 'Status', 'Message', 'Problem', 'Objective', 'Variable', 'Constraint']
Shuttle totals (OUT+RET): q0=12, q1=12, q2=12
MP stats (solver): nodes=3845 best_bound=0.3125024920336332 incumbent=162.35999999999993 gap=0.9980752494941276
MP result: status=SolveStatus.FEASIBLE obj=162.36 lb=0.312502
[CHECK] MP: first=0.36 theta=162 mp_total=162.36 inc_obj=162.36 best_bound=0.312502
[CHECK] MP bounds: mp_obj=162.36 mp_best_bound=0.312502 mp_best_integer=162.36 term=maxTimeLimit status=aborted gap=0.998075
[MP] iter=11 incumbent=162.36 best_bound=0.312502 gap=0.998075 (src: inc=cplex_api bb=cplex_api gap=cplex_api)
[MP] iter=11 cuts=10 obj=162.360 last_const=9802.000 last_nnz=67
[MW] core updated (t=0..): min=0.0297 max=1.17 mean=0.417
Evaluating Subproblem (SP) at candidate...
2026-08-06 21:19:23,533 INFO | mobauto2_benders.benders.solver | force-added CutType.OPTIMALITY cut 'opt_cut_avg'
2026-08-06 21:19:23,533 INFO | mobauto2_benders.benders.solver | added 1 cut(s)
2026-08-06 21:19:23,533 INFO | mobauto2_benders.benders.solver | bounds: best_lb=0.313787 best_ub=2267.36 gap=2267.05 rel=1
2026-08-06 21:19:23,533 WARNING | mobauto2_benders.benders.solver | Time limit reached after 11 iterations
SP result: recourse=2267 feasible=True
[SP PIPELINE] iter=11 build=0.000s solve=0.000s extract=0.000s post=0.000s cutgen=0.074s mode=mw lb_valid=True tl_inc=False vars=- bin=- cons=- lp=-
[CHECK] SP: recourse=2267 first=0.36 sp_total=2267.36
[CUT TIGHTNESS] raw_line(y)=2267  SP_ub=2267  diff=0
[BENDERS] Added cut #10: const_out=4296.5, const_ret=3873, nnz=65, slope_range=[-735,-3.75], raw_pos_dm=0, scale=1
[BENDERS] Eval cut (dir): OUT lhs=162 rhs=1259; RET lhs=0 rhs=1008
Master updated: added 1 cut(s): opt_cut_avg
[CUT SUMMARY] it=11 cand=OUT[0,3]|RET[0,5]|OUT[0,7]|RET[0,9]|OUT[0,13]|RET[0,16]|OUT[0,26]|RET[0,28]|OUT[0,31]|RET[0,35]|OUT[0,39]|RET[0,41]|...(+24) decision=added skip=None theta_total=162.0 rec_total=2267.0 raw_rhs_total=2267.0 rhs_total=2267.0 lhs_total=162.0
Timing: master=30.736s sp_solve=0.152s cutgen=0.074s cutadd=0.004s cuts_added=1 total_cuts=11
MP stats: nodes=3845 best_bound=0.3125024920336332 incumbent=162.35999999999993 gap=0.9980752494941276
[CHECK] GAP: LB=0.313787 UB=2267.36 gap=2267.05 rel=1

Time limit reached after 11 iterations.
Total solve time: 302.915 seconds
Best bounds: LB=0.313787 UB=2267.36 gap=2267.05 rel=1

Best Master Solution:
Q=3 T=44
theta = 162
  - theta_out = 162
  - theta_ret = 0
Timeline (per shuttle):
           0     1     2     3     4     5     6     7     8     9    10    11    12    13    14    15    16    17    18    19    20    21    22    23    24    25    26    27    28    29    30    31    32    33    34    35    36    37    38    39    40    41    42    43
  q=0:   IDL   IDL   IDL   OUT   INT   RET   INT   OUT   INT   RET   INT   CHR   CHR   OUT   INT   IDL   RET   INT   CHR   CHR   CHR   CHR   CHR   CHR   CHR   CHR   OUT   INT   RET   INT   CHR   OUT   INT   IDL   IDL   RET   INT   CHR   IDL   OUT   INT   RET   INT   IDL
  q=1:   IDL   IDL   OUT   INT   RET   INT   OUT   INT   RET   INT   CHR   CHR   OUT   INT   RET   INT   CHR   CHR   CHR   CHR   CHR   CHR   OUT   INT   RET   INT   CHR   OUT   INT   IDL   RET   INT   CHR   CHR   CHR   OUT   INT   RET   INT   IDL   IDL   IDL   IDL   IDL
  q=2:   IDL   IDL   IDL   IDL   OUT   INT   RET   INT   OUT   INT   IDL   RET   INT   CHR   CHR   CHR   CHR   OUT   INT   RET   INT   CHR   CHR   OUT   INT   RET   INT   CHR   CHR   CHR   CHR   CHR   CHR   OUT   INT   IDL   RET   INT   OUT   INT   RET   INT   IDL   IDL
Battery (per shuttle):
           0     1     2     3     4     5     6     7     8     9    10    11    12    13    14    15    16    17    18    19    20    21    22    23    24    25    26    27    28    29    30    31    32    33    34    35    36    37    38    39    40    41    42    43
  q=0:   150   150   150   150   120   120    90    90    60    60    30    30    48    65    35    35    35     5     5    22    40    58    75    92   110   128   145   115   115    85    85   102    72    72    72    72    42    42    60    60    30    30     0     0
  q=1:   150   150   150   120   120    90    90    60    60    30    30    48    65    35    35     5     5    22    40    58    75    92   110    80    80    50    50    67    37    37    37     7     7    25    42    60    30    30     0     0     0     0     0     0
  q=2:   150   150   150   150   150   120   120    90    90    60    60    60    30    30    48    65    82   100    70    70    40    40    58    75    45    45    15    15    32    50    68    85   102   120    90    90    90    60    60    30    30     0     0     0

Scenario 1: setups/base.yaml
Demand per slot (OUT/RET):
         0   1   2   3   4   5   6   7   8   9  10  11  12  13  14  15  16  17  18  19  20  21  22  23  24  25  26  27  28  29  30  31  32  33  34  35  36  37  38  39  40  41  42  43
  OUT:   7  12  13   9  12  17  16   6   7  10   5   3   2   2   2   2   2   0   1   3   4   1   2   1   0   1   3   1   1   0   0   2   0   0   1   0   0   0   2   0   0   0   0   0
  RET:   1   2   1   0   1   1   0   0   0   0   2   2   2   1   3   4   1   3   2   2   5   3   3   9   1   7   3   4   4   2   2   5  10   9   6   9  10  14   9   7   0   0   0   0
Passengers per shuttle and slot (OUT):
         0   1   2   3   4   5   6   7   8   9  10  11  12  13  14  15  16  17  18  19  20  21  22  23  24  25  26  27  28  29  30  31  32  33  34  35  36  37  38  39  40  41  42  43
  q=0:   0   0   0  15   0   0   0  15   0   0   0   0   0  12   0   0   0   0   0   0   0   0   0   0   0   0   2   0   0   0   0   2   0   0   0   0   0   0   0   2   0   0   0   0
  q=1:   0   0  15   0   0   0  15   0   0   0   0   0  15   0   0   0   0   0   0   0   0   0   9   0   0   0   0   3   0   0   0   0   0   0   0   1   0   0   0   0   0   0   0   0
  q=2:   0   0   0   0  11   0   0   0  15   0   0   0   0   0   0   0   0   8   0   0   0   0   0   2   0   0   0   0   0   0   0   0   0   2   0   0   0   0   0   0   0   0   0   0
Passengers per shuttle and slot (RET):
         0   1   2   3   4   5   6   7   8   9  10  11  12  13  14  15  16  17  18  19  20  21  22  23  24  25  26  27  28  29  30  31  32  33  34  35  36  37  38  39  40  41  42  43
  q=0:   0   0   0   0   0   1   0   0   0   0   0   0   0   0   0   0   7   0   0   0   0   0   0   0   0   0   0   0  14   0   0   0   0   0   0  15   0   0   0   0   0  15   0   0
  q=1:   0   0   0   0   4   0   0   0   0   0   0   0   0   0   5   0   0   0   0   0   0   0   0   0  15   0   0   0   0   0   6   0   0   0   0   0   0  15   0   0   0   0   0   0
  q=2:   0   0   0   0   0   0   1   0   0   0   0   2   0   0   0   0   0   0   0   6   0   0   0   0   0   6   0   0   0   0   0   0   0   0   0   0  15   0   0   0  15   0   0   0
Passengers per shuttle and slot (TOTAL):
         0   1   2   3   4   5   6   7   8   9  10  11  12  13  14  15  16  17  18  19  20  21  22  23  24  25  26  27  28  29  30  31  32  33  34  35  36  37  38  39  40  41  42  43
  q=0:   0   0   0  15   0   1   0  15   0   0   0   0   0  12   0   0   7   0   0   0   0   0   0   0   0   0   2   0  14   0   0   2   0   0   0  15   0   0   0   2   0  15   0   0
  q=1:   0   0  15   0   4   0  15   0   0   0   0   0  15   0   5   0   0   0   0   0   0   0   9   0  15   0   0   3   0   0   6   0   0   0   0   1   0  15   0   0   0   0   0   0
  q=2:   0   0   0   0  11   0   1   0  15   0   0   2   0   0   0   0   0   8   0   6   0   0   0   2   0   6   0   0   0   0   0   0   0   2   0   0  15   0   0   0  15   0   0   0
Pax served: 286/300

Scenario 2: setups/base_plus100_out_noon.yaml
Demand per slot (OUT/RET):
         0   1   2   3   4   5   6   7   8   9  10  11  12  13  14  15  16  17  18  19  20  21  22  23  24  25  26  27  28  29  30  31  32  33  34  35  36  37  38  39  40  41  42  43
  OUT:   7  12  13   9  12  17  16   6   7  10   5   3   2   2   2   2  13  15  11  14  14  15  15  17   0   1   3   1   1   0   0   2   0   0   1   0   0   0   2   0   0   0   0   0
  RET:   1   2   1   0   1   1   0   0   0   0   2   2   2   1   3   4   1   3   2   2   5   3   3   9   1   7   3   4   4   2   2   5  10   9   6   9  10  14   9   7   0   0   0   0
Passengers per shuttle and slot (OUT):
         0   1   2   3   4   5   6   7   8   9  10  11  12  13  14  15  16  17  18  19  20  21  22  23  24  25  26  27  28  29  30  31  32  33  34  35  36  37  38  39  40  41  42  43
  q=0:   0   0   0  15   0   0   0  15   0   0   0   0   0  12   0   0   0   0   0   0   0   0   0   0   0   0  15   0   0   0   0   2   0   0   0   0   0   0   0   2   0   0   0   0
  q=1:   0   0  15   0   0   0  15   0   0   0   0   0  15   0   0   0   0   0   0   0   0   0  15   0   0   0   0  15   0   0   0   0   0   0   0   1   0   0   0   0   0   0   0   0
  q=2:   0   0   0   0  11   0   0   0  15   0   0   0   0   0   0   0   0  15   0   0   0   0   0  15   0   0   0   0   0   0   0   0   0   2   0   0   0   0   0   0   0   0   0   0
Passengers per shuttle and slot (RET):
         0   1   2   3   4   5   6   7   8   9  10  11  12  13  14  15  16  17  18  19  20  21  22  23  24  25  26  27  28  29  30  31  32  33  34  35  36  37  38  39  40  41  42  43
  q=0:   0   0   0   0   0   1   0   0   0   0   0   0   0   0   0   0   7   0   0   0   0   0   0   0   0   0   0   0  14   0   0   0   0   0   0  15   0   0   0   0   0  15   0   0
  q=1:   0   0   0   0   4   0   0   0   0   0   0   0   0   0   5   0   0   0   0   0   0   0   0   0  15   0   0   0   0   0   6   0   0   0   0   0   0  15   0   0   0   0   0   0
  q=2:   0   0   0   0   0   0   1   0   0   0   0   2   0   0   0   0   0   0   0   6   0   0   0   0   0   6   0   0   0   0   0   0   0   0   0   0  15   0   0   0  15   0   0   0
Passengers per shuttle and slot (TOTAL):
         0   1   2   3   4   5   6   7   8   9  10  11  12  13  14  15  16  17  18  19  20  21  22  23  24  25  26  27  28  29  30  31  32  33  34  35  36  37  38  39  40  41  42  43
  q=0:   0   0   0  15   0   1   0  15   0   0   0   0   0  12   0   0   7   0   0   0   0   0   0   0   0   0  15   0  14   0   0   2   0   0   0  15   0   0   0   2   0  15   0   0
  q=1:   0   0  15   0   4   0  15   0   0   0   0   0  15   0   5   0   0   0   0   0   0   0  15   0  15   0   0  15   0   0   6   0   0   0   0   1   0  15   0   0   0   0   0   0
  q=2:   0   0   0   0  11   0   1   0  15   0   0   2   0   0   0   0   0  15   0   6   0   0   0  15   0   6   0   0   0   0   0   0   0   2   0   0  15   0   0   0  15   0   0   0
Pax served: 337/400

Scenario 3: setups/base_ret_peak_adv.yaml
Demand per slot (OUT/RET):
         0   1   2   3   4   5   6   7   8   9  10  11  12  13  14  15  16  17  18  19  20  21  22  23  24  25  26  27  28  29  30  31  32  33  34  35  36  37  38  39  40  41  42  43
  OUT:   7  12  13   9  12  17  16   6   7  10   5   3   2   2   2   2   2   0   1   3   4   1   2   1   0   1   3   1   1   0   0   2   0   0   1   0   0   0   2   0   0   0   0   0
  RET:   1   2   1   0   1   1   0   0   0   0   2   2   2   1   3   4   1   3   2   2   5   3   3   9   8  12   6   9   9  15  11  12   8   5   3   4   0   0   0   0   0   0   0   0
Passengers per shuttle and slot (OUT):
         0   1   2   3   4   5   6   7   8   9  10  11  12  13  14  15  16  17  18  19  20  21  22  23  24  25  26  27  28  29  30  31  32  33  34  35  36  37  38  39  40  41  42  43
  q=0:   0   0   0  15   0   0   0  15   0   0   0   0   0  12   0   0   0   0   0   0   0   0   0   0   0   0   2   0   0   0   0   2   0   0   0   0   0   0   0   2   0   0   0   0
  q=1:   0   0  15   0   0   0  15   0   0   0   0   0  15   0   0   0   0   0   0   0   0   0   9   0   0   0   0   3   0   0   0   0   0   0   0   1   0   0   0   0   0   0   0   0
  q=2:   0   0   0   0  11   0   0   0  15   0   0   0   0   0   0   0   0   8   0   0   0   0   0   2   0   0   0   0   0   0   0   0   0   2   0   0   0   0   0   0   0   0   0   0
Passengers per shuttle and slot (RET):
         0   1   2   3   4   5   6   7   8   9  10  11  12  13  14  15  16  17  18  19  20  21  22  23  24  25  26  27  28  29  30  31  32  33  34  35  36  37  38  39  40  41  42  43
  q=0:   0   0   0   0   0   1   0   0   0   0   0   0   0   0   0   0   7   0   0   0   0   0   0   0   0   0   0   0  15   0   0   0   0   0   0  15   0   0   0   0   0   0   0   0
  q=1:   0   0   0   0   4   0   0   0   0   0   0   0   0   0   5   0   0   0   0   0   0   0   0   0  15   0   0   0   0   0  15   0   0   0   0   0   0   2   0   0   0   0   0   0
  q=2:   0   0   0   0   0   0   1   0   0   0   0   2   0   0   0   0   0   0   0   6   0   0   0   0   0  13   0   0   0   0   0   0   0   0   0   0  15   0   0   0   0   0   0   0
Passengers per shuttle and slot (TOTAL):
         0   1   2   3   4   5   6   7   8   9  10  11  12  13  14  15  16  17  18  19  20  21  22  23  24  25  26  27  28  29  30  31  32  33  34  35  36  37  38  39  40  41  42  43
  q=0:   0   0   0  15   0   1   0  15   0   0   0   0   0  12   0   0   7   0   0   0   0   0   0   0   0   0   2   0  15   0   0   2   0   0   0  15   0   0   0   2   0   0   0   0
  q=1:   0   0  15   0   4   0  15   0   0   0   0   0  15   0   5   0   0   0   0   0   0   0   9   0  15   0   0   3   0   0  15   0   0   0   0   1   0   2   0   0   0   0   0   0
  q=2:   0   0   0   0  11   0   1   0  15   0   0   2   0   0   0   0   0   8   0   6   0   0   0   2   0  13   0   0   0   0   0   0   0   2   0   0  15   0   0   0   0   0   0   0
Pax served: 260/300

Scenario 4: setups/base_vol20_pm60.yaml
Demand per slot (OUT/RET):
         0   1   2   3   4   5   6   7   8   9  10  11  12  13  14  15  16  17  18  19  20  21  22  23  24  25  26  27  28  29  30  31  32  33  34  35  36  37  38  39  40  41  42  43
  OUT:  10  11  12   7  13  18  16   6   6   7   6   3   3   3   2   2   1   1   1   2   4   0   3   0   1   1   4   1   0   1   0   2   0   0   1   0   0   0   1   1   0   0   0   0
  RET:   1   2   1   0   1   1   0   0   0   1   2   2   2   1   3   3   1   3   2   2   5   3   3   7   0   6   5   4   7   2   3   3   9   6   6  10  12  15   8   8   0   0   0   0
Passengers per shuttle and slot (OUT):
         0   1   2   3   4   5   6   7   8   9  10  11  12  13  14  15  16  17  18  19  20  21  22  23  24  25  26  27  28  29  30  31  32  33  34  35  36  37  38  39  40  41  42  43
  q=0:   0   0   0  15   0   0   0  15   0   0   0   0   0  10   0   0   0   0   0   0   0   0   0   0   0   0   2   0   0   0   0   2   0   0   0   0   0   0   0   1   0   0   0   0
  q=1:   0   0  15   0   0   0  15   0   0   0   0   0  15   0   0   0   0   0   0   0   0   0   7   0   0   0   0   4   0   0   0   0   0   0   0   1   0   0   0   0   0   0   0   0
  q=2:   0   0   0   0  10   0   0   0  15   0   0   0   0   0   0   0   0   8   0   0   0   0   0   3   0   0   0   0   0   0   0   0   0   2   0   0   0   0   0   0   0   0   0   0
Passengers per shuttle and slot (RET):
         0   1   2   3   4   5   6   7   8   9  10  11  12  13  14  15  16  17  18  19  20  21  22  23  24  25  26  27  28  29  30  31  32  33  34  35  36  37  38  39  40  41  42  43
  q=0:   0   0   0   0   0   1   0   0   0   0   0   0   0   0   0   0   6   0   0   0   0   0   0   0   0   0   0   0  15   0   0   0   0   0   0  15   0   0   0   0   0  15   0   0
  q=1:   0   0   0   0   4   0   0   0   0   0   0   0   0   0   5   0   0   0   0   0   0   0   0   0  15   0   0   0   0   0   9   0   0   0   0   0   0  15   0   0   0   0   0   0
  q=2:   0   0   0   0   0   0   1   0   0   0   0   3   0   0   0   0   0   0   0   6   0   0   0   0   0   3   0   0   0   0   0   0   0   0   0   0  15   0   0   0  15   0   0   0
Passengers per shuttle and slot (TOTAL):
         0   1   2   3   4   5   6   7   8   9  10  11  12  13  14  15  16  17  18  19  20  21  22  23  24  25  26  27  28  29  30  31  32  33  34  35  36  37  38  39  40  41  42  43
  q=0:   0   0   0  15   0   1   0  15   0   0   0   0   0  10   0   0   6   0   0   0   0   0   0   0   0   0   2   0  15   0   0   2   0   0   0  15   0   0   0   1   0  15   0   0
  q=1:   0   0  15   0   4   0  15   0   0   0   0   0  15   0   5   0   0   0   0   0   0   0   7   0  15   0   0   4   0   0   9   0   0   0   0   1   0  15   0   0   0   0   0   0
  q=2:   0   0   0   0  10   0   1   0  15   0   0   3   0   0   0   0   0   8   0   6   0   0   0   3   0   3   0   0   0   0   0   0   0   2   0   0  15   0   0   0  15   0   0   0
Pax served: 283/300
Pax served: 292/325
Subproblem (last): obj=2267 wait_slots=592 fill_eps=0 penalty_cost=1675 penalty_pax=33.5 total_demand=325
Avg wait (min): 30.4631
UB_total (best): 2267.36

Result: status=UNKNOWN iterations=11 best_lb=0.3137865327343732 best_ub=2267.36
NOT REPRODUCIBLE: 8 master solve(s) stopped on the clock, not the gap. Bounds from this run vary with machine load. For a comparable number, raise master.per_iteration_time_limit_s and solver.total_time_limit_s until the master always terminates on the gap (configs/baseline_d9.yaml).

Manifest: C:\Users\fabio\My Drive\05_Projects\19_MobAuto2_Benders\manifests\manifest_p1_anchor_on_20260806_191923.json
