Run configuration:
  solver: iterations=100 tol=0.01 total_time_limit_s=300 seed=41
  master: solver=cplex Q=3 T_minutes=660 slot_res=15 (slots=44) trip_dur_min=30 Emax=150.0 L=30.0 eps=0.01 conc_pen=0.25 delta_chg=17.5
  subproblem: solver=cplex_direct S=15.0 Wmax=60 p=50.0 (slot_res=15)
  demand_file: setups/base.yaml
  scenario_files: ['setups/base.yaml', 'setups/base_plus100_out_noon.yaml', 'setups/base_ret_peak_adv.yaml', 'setups/base_vol20_pm60.yaml']
Initialized master problem.
[MW] enabled=True alpha=0.3 eps=0.001

=== Iteration 1 ===
Solving Master (MP)...
[SCHEDULE] master gap-tied: time_limit_s=30 mipgap=0.05 g_bd=0.05
2026-08-06 20:55:40,074 INFO | mobauto2_benders.benders.solver | iter=1 master status=SolveStatus.OPTIMAL obj=0 lb=0
MP raw solver: status=ok term=optimal incumbent=0.0 best_bound=0.0
MP solutions: count=1 keys=['Gap', 'Status', 'Message', 'Problem', 'Objective', 'Variable', 'Constraint']
Shuttle totals (OUT+RET): q0=0, q1=0, q2=0
MP stats (solver): nodes=0 best_bound=0.0 incumbent=0.0 gap=0.0
MP result: status=SolveStatus.OPTIMAL obj=0 lb=0
[CHECK] MP: first=0 theta=0 mp_total=0 inc_obj=0 best_bound=0
[CHECK] MP bounds: mp_obj=0 mp_best_bound=0 mp_best_integer=0 term=optimal status=ok gap=0
[MP] iter=1 incumbent=0 best_bound=0 gap=0 (src: inc=cplex_api bb=cplex_api gap=cplex_api)
[MP] iter=1 cuts=0 obj=0.000
[MW] core updated (t=0..): min=1.05 max=1.05 mean=1.05
Evaluating Subproblem (SP) at candidate...
2026-08-06 20:55:40,615 INFO | mobauto2_benders.benders.solver | force-added CutType.OPTIMALITY cut 'opt_cut_avg'
2026-08-06 20:55:40,615 INFO | mobauto2_benders.benders.solver | added 1 cut(s)
2026-08-06 20:55:40,615 INFO | mobauto2_benders.benders.solver | bounds: best_lb=0 best_ub=16250 gap=16250 rel=1
SP result: recourse=16250 feasible=True
[SP PIPELINE] iter=1 build=0.000s solve=0.000s extract=0.000s post=0.000s cutgen=0.041s mode=mw lb_valid=True tl_inc=False vars=- bin=- cons=- lp=-
[CHECK] SP: recourse=16250 first=0 sp_total=16250
[CUT TIGHTNESS] raw_line(y)=16250  SP_ub=16250  diff=0
[BENDERS] Added cut #0: const_out=8750, const_ret=7500, nnz=86, slope_range=[-735,-172], raw_pos_dm=0, scale=1
[BENDERS] Eval cut (dir): OUT lhs=0 rhs=8750; RET lhs=0 rhs=7500
Master updated: added 1 cut(s): opt_cut_avg
[CUT SUMMARY] it=1 cand=candidate:idle decision=added skip=None theta_total=0.0 rec_total=16250.0 raw_rhs_total=16250.0 rhs_total=16250.0 lhs_total=0.0
Timing: master=0.116s sp_solve=0.035s cutgen=0.041s cutadd=0.003s cuts_added=1 total_cuts=1
MP stats: nodes=0 best_bound=0.0 incumbent=0.0 gap=0.0
[CHECK] GAP: LB=0 UB=16250 gap=16250 rel=1

=== Iteration 2 ===
Solving Master (MP)...
[SCHEDULE] master gap-tied: time_limit_s=30 mipgap=0.05 g_bd=1
[MIPSTART] x-only start applied: n_out=132 n_ret=132
Warning:  No solution found from 1 MIP starts.
2026-08-06 20:55:41,326 INFO | mobauto2_benders.benders.solver | iter=2 master status=SolveStatus.OPTIMAL obj=0.24 lb=0.24
MP raw solver: status=ok term=optimal incumbent=0.24000000000000002 best_bound=0.24000000000000002
MP solutions: count=1 keys=['Gap', 'Status', 'Message', 'Problem', 'Objective', 'Variable', 'Constraint']
Shuttle totals (OUT+RET): q0=8, q1=8, q2=8
MP stats (solver): nodes=0 best_bound=0.24000000000000002 incumbent=0.24000000000000002 gap=0.0
MP result: status=SolveStatus.OPTIMAL obj=0.24 lb=0.24
[CHECK] MP: first=0.24 theta=0 mp_total=0.24 inc_obj=0.24 best_bound=0.24
[CHECK] MP bounds: mp_obj=0.24 mp_best_bound=0.24 mp_best_integer=0.24 term=optimal status=ok gap=0
[MP] iter=2 incumbent=0.24 best_bound=0.24 gap=0 (src: inc=cplex_api bb=cplex_api gap=cplex_api)
[MP] iter=2 cuts=1 obj=0.240 last_const=16250.000 last_nnz=86
[MW] core updated (t=0..): min=0.735 max=1.03 mean=0.817
Evaluating Subproblem (SP) at candidate...
2026-08-06 20:55:42,434 INFO | mobauto2_benders.benders.solver | force-added CutType.OPTIMALITY cut 'opt_cut_avg'
2026-08-06 20:55:42,434 INFO | mobauto2_benders.benders.solver | added 1 cut(s)
2026-08-06 20:55:42,435 INFO | mobauto2_benders.benders.solver | bounds: best_lb=0.24 best_ub=6926.99 gap=6926.75 rel=1
SP result: recourse=6926.75 feasible=True
[SP PIPELINE] iter=2 build=0.000s solve=0.000s extract=0.000s post=0.000s cutgen=0.067s mode=mw lb_valid=True tl_inc=False vars=- bin=- cons=- lp=-
[CHECK] SP: recourse=6926.75 first=0.24 sp_total=6926.99
[CUT TIGHTNESS] raw_line(y)=6926.75  SP_ub=6926.75  diff=0
[BENDERS] Added cut #1: const_out=5491.75, const_ret=4960, nnz=71, slope_range=[-735,-7.5], raw_pos_dm=0, scale=1
[BENDERS] Eval cut (dir): OUT lhs=0 rhs=3399.25; RET lhs=0 rhs=3527.5
Master updated: added 1 cut(s): opt_cut_avg
[CUT SUMMARY] it=2 cand=OUT[0,1]|RET[0,3]|OUT[0,11]|RET[0,13]|OUT[0,15]|RET[0,17]|OUT[0,39]|RET[0,41]|OUT[1,6]|RET[1,12]|OUT[1,19]|RET[1,24]|...(+12) decision=added skip=None theta_total=0.0 rec_total=6926.75 raw_rhs_total=6926.75 rhs_total=6926.75 lhs_total=0.0
Timing: master=0.711s sp_solve=0.083s cutgen=0.067s cutadd=0.004s cuts_added=1 total_cuts=2
MP stats: nodes=0 best_bound=0.24000000000000002 incumbent=0.24000000000000002 gap=0.0
[CHECK] GAP: LB=0.24 UB=6926.99 gap=6926.75 rel=1

=== Iteration 3 ===
Solving Master (MP)...
[SCHEDULE] master gap-tied: time_limit_s=30 mipgap=0.05 g_bd=1
[MIPSTART] x-only start applied: n_out=132 n_ret=132
Warning:  No solution found from 1 MIP starts.
2026-08-06 20:55:43,050 INFO | mobauto2_benders.benders.solver | iter=3 master status=SolveStatus.OPTIMAL obj=0.24 lb=0.24
MP raw solver: status=ok term=optimal incumbent=0.24 best_bound=0.24
MP solutions: count=1 keys=['Gap', 'Status', 'Message', 'Problem', 'Objective', 'Variable', 'Constraint']
Shuttle totals (OUT+RET): q0=8, q1=8, q2=8
MP stats (solver): nodes=0 best_bound=0.24 incumbent=0.24 gap=0.0
MP result: status=SolveStatus.OPTIMAL obj=0.24 lb=0.24
[CHECK] MP: first=0.24 theta=0 mp_total=0.24 inc_obj=0.24 best_bound=0.24
[CHECK] MP bounds: mp_obj=0.24 mp_best_bound=0.24 mp_best_integer=0.24 term=optimal status=ok gap=0
[MP] iter=3 incumbent=0.24 best_bound=0.24 gap=0 (src: inc=cplex_api bb=cplex_api gap=cplex_api)
[MP] iter=3 cuts=2 obj=0.240 last_const=10451.750 last_nnz=71
[MW] core updated (t=0..): min=0.514 max=1.02 mean=0.654
Evaluating Subproblem (SP) at candidate...
2026-08-06 20:55:43,857 INFO | mobauto2_benders.benders.solver | force-added CutType.OPTIMALITY cut 'opt_cut_avg'
2026-08-06 20:55:43,857 INFO | mobauto2_benders.benders.solver | added 1 cut(s)
2026-08-06 20:55:43,857 INFO | mobauto2_benders.benders.solver | bounds: best_lb=0.24 best_ub=6114.49 gap=6114.25 rel=1
SP result: recourse=6114.25 feasible=True
[SP PIPELINE] iter=3 build=0.000s solve=0.000s extract=0.000s post=0.000s cutgen=0.056s mode=mw lb_valid=True tl_inc=False vars=- bin=- cons=- lp=-
[CHECK] SP: recourse=6114.25 first=0.24 sp_total=6114.49
[CUT TIGHTNESS] raw_line(y)=6114.25  SP_ub=6114.25  diff=0
[BENDERS] Added cut #2: const_out=5242.5, const_ret=5855.5, nnz=67, slope_range=[-735,-11.2], raw_pos_dm=0, scale=1
[BENDERS] Eval cut (dir): OUT lhs=0 rhs=2726.25; RET lhs=0 rhs=3388
Master updated: added 1 cut(s): opt_cut_avg
[CUT SUMMARY] it=3 cand=OUT[0,2]|RET[0,6]|OUT[0,9]|RET[0,13]|OUT[0,23]|RET[0,25]|OUT[0,35]|RET[0,37]|OUT[1,3]|RET[1,5]|OUT[1,7]|RET[1,9]|...(+12) decision=added skip=None theta_total=0.0 rec_total=6114.25 raw_rhs_total=6114.25 rhs_total=6114.25 lhs_total=0.0
Timing: master=0.616s sp_solve=0.062s cutgen=0.056s cutadd=0.002s cuts_added=1 total_cuts=3
MP stats: nodes=0 best_bound=0.24 incumbent=0.24 gap=0.0
[CHECK] GAP: LB=0.24 UB=6114.49 gap=6114.25 rel=1

=== Iteration 4 ===
Solving Master (MP)...
[SCHEDULE] master gap-tied: time_limit_s=30 mipgap=0.05 g_bd=1
[MIPSTART] x-only start applied: n_out=132 n_ret=132
Warning:  No solution found from 1 MIP starts.
2026-08-06 20:55:44,625 INFO | mobauto2_benders.benders.solver | iter=4 master status=SolveStatus.OPTIMAL obj=0.24 lb=0.24
MP raw solver: status=ok term=optimal incumbent=0.24 best_bound=0.24
MP solutions: count=1 keys=['Gap', 'Status', 'Message', 'Problem', 'Objective', 'Variable', 'Constraint']
Shuttle totals (OUT+RET): q0=10, q1=8, q2=6
MP stats (solver): nodes=0 best_bound=0.24 incumbent=0.24 gap=0.0
MP result: status=SolveStatus.OPTIMAL obj=0.24 lb=0.24
[CHECK] MP: first=0.24 theta=0 mp_total=0.24 inc_obj=0.24 best_bound=0.24
[CHECK] MP bounds: mp_obj=0.24 mp_best_bound=0.24 mp_best_integer=0.24 term=optimal status=ok gap=0
[MP] iter=4 incumbent=0.24 best_bound=0.24 gap=0 (src: inc=cplex_api bb=cplex_api gap=cplex_api)
[MP] iter=4 cuts=3 obj=0.240 last_const=11098.000 last_nnz=67
[MW] core updated (t=0..): min=0.36 max=1.02 mean=0.539
Evaluating Subproblem (SP) at candidate...
2026-08-06 20:55:45,627 INFO | mobauto2_benders.benders.solver | force-added CutType.OPTIMALITY cut 'opt_cut_avg'
2026-08-06 20:55:45,627 INFO | mobauto2_benders.benders.solver | added 1 cut(s)
2026-08-06 20:55:45,627 INFO | mobauto2_benders.benders.solver | bounds: best_lb=0.24 best_ub=6114.49 gap=6114.25 rel=1
SP result: recourse=6542.75 feasible=True
[SP PIPELINE] iter=4 build=0.000s solve=0.000s extract=0.000s post=0.000s cutgen=0.051s mode=mw lb_valid=True tl_inc=False vars=- bin=- cons=- lp=-
[CHECK] SP: recourse=6542.75 first=0.24 sp_total=6542.99
[CUT TIGHTNESS] raw_line(y)=6542.75  SP_ub=6542.75  diff=0
[BENDERS] Added cut #3: const_out=7599, const_ret=5180, nnz=68, slope_range=[-735,-15], raw_pos_dm=0, scale=1
[BENDERS] Eval cut (dir): OUT lhs=0 rhs=3661.5; RET lhs=0 rhs=2881.25
Master updated: added 1 cut(s): opt_cut_avg
[CUT SUMMARY] it=4 cand=OUT[0,4]|RET[0,6]|OUT[0,9]|RET[0,15]|OUT[0,27]|RET[0,30]|OUT[0,32]|RET[0,35]|OUT[0,39]|RET[0,41]|OUT[1,2]|RET[1,5]|...(+12) decision=added skip=None theta_total=0.0 rec_total=6542.75 raw_rhs_total=6542.75 rhs_total=6542.75 lhs_total=0.0
Timing: master=0.758s sp_solve=0.086s cutgen=0.051s cutadd=0.005s cuts_added=1 total_cuts=4
MP stats: nodes=0 best_bound=0.24 incumbent=0.24 gap=0.0
[CHECK] GAP: LB=0.24 UB=6114.49 gap=6114.25 rel=1

=== Iteration 5 ===
Solving Master (MP)...
[SCHEDULE] master gap-tied: time_limit_s=30 mipgap=0.05 g_bd=1
[MIPSTART] x-only start applied: n_out=132 n_ret=132
Warning:  No solution found from 1 MIP starts.
2026-08-06 20:55:48,189 INFO | mobauto2_benders.benders.solver | iter=5 master status=SolveStatus.OPTIMAL obj=0.24 lb=0.24
MP raw solver: status=ok term=optimal incumbent=0.24 best_bound=0.24
MP solutions: count=1 keys=['Gap', 'Status', 'Message', 'Problem', 'Objective', 'Variable', 'Constraint']
Shuttle totals (OUT+RET): q0=8, q1=8, q2=8
MP stats (solver): nodes=153 best_bound=0.24 incumbent=0.24 gap=0.0
MP result: status=SolveStatus.OPTIMAL obj=0.24 lb=0.24
[CHECK] MP: first=0.24 theta=0 mp_total=0.24 inc_obj=0.24 best_bound=0.24
[CHECK] MP bounds: mp_obj=0.24 mp_best_bound=0.24 mp_best_integer=0.24 term=optimal status=ok gap=0
[MP] iter=5 incumbent=0.24 best_bound=0.24 gap=0 (src: inc=cplex_api bb=cplex_api gap=cplex_api)
[MP] iter=5 cuts=4 obj=0.240 last_const=12779.000 last_nnz=68
[MW] core updated (t=0..): min=0.252 max=0.909 mean=0.459
Evaluating Subproblem (SP) at candidate...
2026-08-06 20:55:50,633 INFO | mobauto2_benders.benders.solver | force-added CutType.OPTIMALITY cut 'opt_cut_avg'
2026-08-06 20:55:50,633 INFO | mobauto2_benders.benders.solver | added 1 cut(s)
2026-08-06 20:55:50,634 INFO | mobauto2_benders.benders.solver | bounds: best_lb=0.24 best_ub=6114.49 gap=6114.25 rel=1
SP result: recourse=6563.25 feasible=True
[SP PIPELINE] iter=5 build=0.000s solve=0.000s extract=0.000s post=0.000s cutgen=0.091s mode=mw lb_valid=True tl_inc=False vars=- bin=- cons=- lp=-
[CHECK] SP: recourse=6563.25 first=0.24 sp_total=6563.49
[CUT TIGHTNESS] raw_line(y)=6563.25  SP_ub=6563.25  diff=0
[BENDERS] Added cut #4: const_out=7708, const_ret=4982.75, nnz=73, slope_range=[-735,-15], raw_pos_dm=0, scale=1
[BENDERS] Eval cut (dir): OUT lhs=0 rhs=3343; RET lhs=0 rhs=3220.25
Master updated: added 1 cut(s): opt_cut_avg
[CUT SUMMARY] it=5 cand=OUT[0,1]|RET[0,3]|OUT[0,8]|RET[0,22]|OUT[0,24]|RET[0,26]|OUT[0,37]|RET[0,41]|OUT[1,4]|RET[1,7]|OUT[1,10]|RET[1,14]|...(+12) decision=added skip=None theta_total=0.0 rec_total=6563.25 raw_rhs_total=6563.25 rhs_total=6563.25 lhs_total=0.0
Timing: master=2.562s sp_solve=0.181s cutgen=0.091s cutadd=0.006s cuts_added=1 total_cuts=5
MP stats: nodes=153 best_bound=0.24 incumbent=0.24 gap=0.0
[CHECK] GAP: LB=0.24 UB=6114.49 gap=6114.25 rel=1

=== Iteration 6 ===
Solving Master (MP)...
[SCHEDULE] master gap-tied: time_limit_s=30 mipgap=0.05 g_bd=1
[MIPSTART] x-only start applied: n_out=132 n_ret=132
Warning:  No solution found from 1 MIP starts.
2026-08-06 20:56:20,991 WARNING | pyomo.core | Loading a SolverResults object with an 'aborted' status, but containing a solution
2026-08-06 20:56:21,002 WARNING | pyomo.core | Loading a SolverResults object with an 'aborted' status, but containing a solution
2026-08-06 20:56:21,008 INFO | mobauto2_benders.benders.solver | iter=6 master status=SolveStatus.FEASIBLE obj=0.26 lb=0.246634
MP raw solver: status=aborted term=maxTimeLimit incumbent=0.26 best_bound=0.2466341159235413
MP solutions: count=1 keys=['Gap', 'Status', 'Message', 'Problem', 'Objective', 'Variable', 'Constraint']
Shuttle totals (OUT+RET): q0=10, q1=8, q2=8
MP stats (solver): nodes=3974 best_bound=0.2466341159235413 incumbent=0.26 gap=0.051407246428146036
MP result: status=SolveStatus.FEASIBLE obj=0.26 lb=0.246634
[CHECK] MP: first=0.26 theta=0 mp_total=0.26 inc_obj=0.26 best_bound=0.246634
[CHECK] MP bounds: mp_obj=0.26 mp_best_bound=0.246634 mp_best_integer=0.26 term=maxTimeLimit status=aborted gap=0.0514072
[MP] iter=6 incumbent=0.26 best_bound=0.246634 gap=0.0514072 (src: inc=cplex_api bb=cplex_api gap=cplex_api)
[MP] iter=6 cuts=5 obj=0.260 last_const=12690.750 last_nnz=73
[MW] core updated (t=0..): min=0.176 max=0.906 mean=0.41
Evaluating Subproblem (SP) at candidate...
2026-08-06 20:56:22,206 INFO | mobauto2_benders.benders.solver | force-added CutType.OPTIMALITY cut 'opt_cut_avg'
2026-08-06 20:56:22,206 INFO | mobauto2_benders.benders.solver | added 1 cut(s)
2026-08-06 20:56:22,206 INFO | mobauto2_benders.benders.solver | bounds: best_lb=0.246634 best_ub=5200.51 gap=5200.26 rel=1
SP result: recourse=5200.25 feasible=True
[SP PIPELINE] iter=6 build=0.000s solve=0.000s extract=0.000s post=0.000s cutgen=0.056s mode=mw lb_valid=True tl_inc=False vars=- bin=- cons=- lp=-
[CHECK] SP: recourse=5200.25 first=0.26 sp_total=5200.51
[CUT TIGHTNESS] raw_line(y)=5200.25  SP_ub=5200.25  diff=0
[BENDERS] Added cut #5: const_out=7344.5, const_ret=4917, nnz=75, slope_range=[-735,-15], raw_pos_dm=0, scale=1
[BENDERS] Eval cut (dir): OUT lhs=0 rhs=2057; RET lhs=0 rhs=3143.25
Master updated: added 1 cut(s): opt_cut_avg
[CUT SUMMARY] it=6 cand=OUT[0,2]|RET[0,4]|OUT[0,6]|RET[0,8]|OUT[0,14]|RET[0,16]|OUT[0,20]|RET[0,22]|OUT[0,27]|RET[0,36]|OUT[1,5]|RET[1,7]|...(+14) decision=added skip=None theta_total=0.0 rec_total=5200.25 raw_rhs_total=5200.25 rhs_total=5200.25 lhs_total=0.0
Timing: master=30.375s sp_solve=0.077s cutgen=0.056s cutadd=0.003s cuts_added=1 total_cuts=6
MP stats: nodes=3974 best_bound=0.2466341159235413 incumbent=0.26 gap=0.051407246428146036
[CHECK] GAP: LB=0.246634 UB=5200.51 gap=5200.26 rel=1

=== Iteration 7 ===
Solving Master (MP)...
[SCHEDULE] master gap-tied: time_limit_s=30 mipgap=0.05 g_bd=1
[MIPSTART] x-only start applied: n_out=132 n_ret=132
Warning:  No solution found from 1 MIP starts.
2026-08-06 20:56:52,510 WARNING | pyomo.core | Loading a SolverResults object with an 'aborted' status, but containing a solution
2026-08-06 20:56:52,520 WARNING | pyomo.core | Loading a SolverResults object with an 'aborted' status, but containing a solution
2026-08-06 20:56:52,520 INFO | mobauto2_benders.benders.solver | iter=7 master status=SolveStatus.FEASIBLE obj=0.28 lb=0.256748
MP raw solver: status=aborted term=maxTimeLimit incumbent=0.28 best_bound=0.2567481183009559
MP solutions: count=1 keys=['Gap', 'Status', 'Message', 'Problem', 'Objective', 'Variable', 'Constraint']
Shuttle totals (OUT+RET): q0=10, q1=10, q2=8
MP stats (solver): nodes=4120 best_bound=0.2567481183009559 incumbent=0.28 gap=0.0830424346097853
MP result: status=SolveStatus.FEASIBLE obj=0.28 lb=0.256748
[CHECK] MP: first=0.28 theta=0 mp_total=0.28 inc_obj=0.28 best_bound=0.256748
[CHECK] MP bounds: mp_obj=0.28 mp_best_bound=0.256748 mp_best_integer=0.28 term=maxTimeLimit status=aborted gap=0.0830424
[MP] iter=7 incumbent=0.28 best_bound=0.256748 gap=0.0830424 (src: inc=cplex_api bb=cplex_api gap=cplex_api)
[MP] iter=7 cuts=6 obj=0.280 last_const=12261.500 last_nnz=75
[MW] core updated (t=0..): min=0.124 max=0.934 mean=0.383
Evaluating Subproblem (SP) at candidate...
2026-08-06 20:56:53,602 INFO | mobauto2_benders.benders.solver | force-added CutType.OPTIMALITY cut 'opt_cut_avg'
2026-08-06 20:56:53,602 INFO | mobauto2_benders.benders.solver | added 1 cut(s)
2026-08-06 20:56:53,602 INFO | mobauto2_benders.benders.solver | bounds: best_lb=0.256748 best_ub=4774.03 gap=4773.77 rel=1
SP result: recourse=4773.75 feasible=True
[SP PIPELINE] iter=7 build=0.000s solve=0.000s extract=0.000s post=0.000s cutgen=0.063s mode=mw lb_valid=True tl_inc=False vars=- bin=- cons=- lp=-
[CHECK] SP: recourse=4773.75 first=0.28 sp_total=4774.03
[CUT TIGHTNESS] raw_line(y)=4773.75  SP_ub=4773.75  diff=0
[BENDERS] Added cut #6: const_out=7363.5, const_ret=4411.5, nnz=68, slope_range=[-735,-7.5], raw_pos_dm=0, scale=1
[BENDERS] Eval cut (dir): OUT lhs=0 rhs=2972.25; RET lhs=0 rhs=1801.5
Master updated: added 1 cut(s): opt_cut_avg
[CUT SUMMARY] it=7 cand=OUT[0,6]|RET[0,8]|OUT[0,12]|RET[0,15]|OUT[0,24]|RET[0,29]|OUT[0,32]|RET[0,34]|OUT[0,39]|RET[0,41]|OUT[1,3]|RET[1,6]|...(+16) decision=added skip=None theta_total=0.0 rec_total=4773.75 raw_rhs_total=4773.75 rhs_total=4773.75 lhs_total=0.0
Timing: master=30.319s sp_solve=0.076s cutgen=0.063s cutadd=0.003s cuts_added=1 total_cuts=7
MP stats: nodes=4120 best_bound=0.2567481183009559 incumbent=0.28 gap=0.0830424346097853
[CHECK] GAP: LB=0.256748 UB=4774.03 gap=4773.77 rel=1

=== Iteration 8 ===
Solving Master (MP)...
[SCHEDULE] master gap-tied: time_limit_s=30 mipgap=0.05 g_bd=1
[MIPSTART] x-only start applied: n_out=132 n_ret=132
Warning:  No solution found from 1 MIP starts.
Advanced basis not built.
2026-08-06 20:57:23,949 WARNING | pyomo.core | Loading a SolverResults object with an 'aborted' status, but containing a solution
2026-08-06 20:57:23,956 WARNING | pyomo.core | Loading a SolverResults object with an 'aborted' status, but containing a solution
2026-08-06 20:57:23,974 INFO | mobauto2_benders.benders.solver | iter=8 master status=SolveStatus.FEASIBLE obj=0.3 lb=0.265158
MP raw solver: status=aborted term=maxTimeLimit incumbent=0.3 best_bound=0.26515815935755427
MP solutions: count=1 keys=['Gap', 'Status', 'Message', 'Problem', 'Objective', 'Variable', 'Constraint']
Shuttle totals (OUT+RET): q0=12, q1=10, q2=8
MP stats (solver): nodes=3953 best_bound=0.26515815935755427 incumbent=0.3 gap=0.11613946876943924
MP result: status=SolveStatus.FEASIBLE obj=0.3 lb=0.265158
[CHECK] MP: first=0.3 theta=0 mp_total=0.3 inc_obj=0.3 best_bound=0.265158
[CHECK] MP bounds: mp_obj=0.3 mp_best_bound=0.265158 mp_best_integer=0.3 term=maxTimeLimit status=aborted gap=0.116139
[MP] iter=8 incumbent=0.3 best_bound=0.265158 gap=0.116139 (src: inc=cplex_api bb=cplex_api gap=cplex_api)
[MP] iter=8 cuts=7 obj=0.300 last_const=11775.000 last_nnz=68
[MW] core updated (t=0..): min=0.0865 max=0.846 mean=0.37
Evaluating Subproblem (SP) at candidate...
2026-08-06 20:57:25,353 INFO | mobauto2_benders.benders.solver | force-added CutType.OPTIMALITY cut 'opt_cut_avg'
2026-08-06 20:57:25,353 INFO | mobauto2_benders.benders.solver | added 1 cut(s)
2026-08-06 20:57:25,362 INFO | mobauto2_benders.benders.solver | bounds: best_lb=0.265158 best_ub=4305.3 gap=4305.03 rel=1
SP result: recourse=4305 feasible=True
[SP PIPELINE] iter=8 build=0.000s solve=0.000s extract=0.000s post=0.000s cutgen=0.064s mode=mw lb_valid=True tl_inc=False vars=- bin=- cons=- lp=-
[CHECK] SP: recourse=4305 first=0.3 sp_total=4305.3
[CUT TIGHTNESS] raw_line(y)=4305  SP_ub=4305  diff=0
[BENDERS] Added cut #7: const_out=4947.75, const_ret=5248.5, nnz=68, slope_range=[-735,-15], raw_pos_dm=0, scale=1
[BENDERS] Eval cut (dir): OUT lhs=0 rhs=2232.75; RET lhs=0 rhs=2072.25
Master updated: added 1 cut(s): opt_cut_avg
[CUT SUMMARY] it=8 cand=OUT[0,2]|RET[0,4]|OUT[0,8]|RET[0,10]|OUT[0,12]|RET[0,15]|OUT[0,26]|RET[0,29]|OUT[0,31]|RET[0,34]|OUT[0,39]|RET[0,41]|...(+18) decision=added skip=None theta_total=0.0 rec_total=4305.0 raw_rhs_total=4305.0 rhs_total=4305.0 lhs_total=0.0
Timing: master=30.368s sp_solve=0.105s cutgen=0.064s cutadd=0.005s cuts_added=1 total_cuts=8
MP stats: nodes=3953 best_bound=0.26515815935755427 incumbent=0.3 gap=0.11613946876943924
[CHECK] GAP: LB=0.265158 UB=4305.3 gap=4305.03 rel=1

=== Iteration 9 ===
Solving Master (MP)...
[SCHEDULE] master gap-tied: time_limit_s=30 mipgap=0.05 g_bd=1
[MIPSTART] x-only start applied: n_out=132 n_ret=132
Warning:  No solution found from 1 MIP starts.
2026-08-06 20:57:55,751 WARNING | pyomo.core | Loading a SolverResults object with an 'aborted' status, but containing a solution
2026-08-06 20:57:55,780 WARNING | pyomo.core | Loading a SolverResults object with an 'aborted' status, but containing a solution
2026-08-06 20:57:55,792 INFO | mobauto2_benders.benders.solver | iter=9 master status=SolveStatus.FEASIBLE obj=0.3 lb=0.265594
MP raw solver: status=aborted term=maxTimeLimit incumbent=0.30000000000000004 best_bound=0.26559435289446515
MP solutions: count=1 keys=['Gap', 'Status', 'Message', 'Problem', 'Objective', 'Variable', 'Constraint']
Shuttle totals (OUT+RET): q0=10, q1=10, q2=10
MP stats (solver): nodes=3474 best_bound=0.26559435289446515 incumbent=0.30000000000000004 gap=0.11468549031355448
MP result: status=SolveStatus.FEASIBLE obj=0.3 lb=0.265594
[CHECK] MP: first=0.3 theta=0 mp_total=0.3 inc_obj=0.3 best_bound=0.265594
[CHECK] MP bounds: mp_obj=0.3 mp_best_bound=0.265594 mp_best_integer=0.3 term=maxTimeLimit status=aborted gap=0.114685
[MP] iter=9 incumbent=0.3 best_bound=0.265594 gap=0.114685 (src: inc=cplex_api bb=cplex_api gap=cplex_api)
[MP] iter=9 cuts=8 obj=0.300 last_const=10196.250 last_nnz=68
[MW] core updated (t=0..): min=0.0605 max=0.865 mean=0.361
Evaluating Subproblem (SP) at candidate...
2026-08-06 20:57:57,573 INFO | mobauto2_benders.benders.solver | force-added CutType.OPTIMALITY cut 'opt_cut_avg'
2026-08-06 20:57:57,573 INFO | mobauto2_benders.benders.solver | added 1 cut(s)
2026-08-06 20:57:57,573 INFO | mobauto2_benders.benders.solver | bounds: best_lb=0.265594 best_ub=4303.3 gap=4303.03 rel=1
SP result: recourse=4303 feasible=True
[SP PIPELINE] iter=9 build=0.000s solve=0.000s extract=0.000s post=0.000s cutgen=0.144s mode=mw lb_valid=True tl_inc=False vars=- bin=- cons=- lp=-
[CHECK] SP: recourse=4303 first=0.3 sp_total=4303.3
[CUT TIGHTNESS] raw_line(y)=4303  SP_ub=4303  diff=0
[BENDERS] Added cut #8: const_out=5914.5, const_ret=4227.25, nnz=65, slope_range=[-735,-15], raw_pos_dm=0, scale=1
[BENDERS] Eval cut (dir): OUT lhs=0 rhs=2217; RET lhs=0 rhs=2086
Master updated: added 1 cut(s): opt_cut_avg
[CUT SUMMARY] it=9 cand=OUT[0,1]|RET[0,3]|OUT[0,8]|RET[0,10]|OUT[0,12]|RET[0,17]|OUT[0,23]|RET[0,26]|OUT[0,30]|RET[0,34]|OUT[1,5]|RET[1,7]|...(+18) decision=added skip=None theta_total=0.0 rec_total=4303.0 raw_rhs_total=4303.0 rhs_total=4303.0 lhs_total=0.0
Timing: master=30.433s sp_solve=0.129s cutgen=0.144s cutadd=0.005s cuts_added=1 total_cuts=9
MP stats: nodes=3474 best_bound=0.26559435289446515 incumbent=0.30000000000000004 gap=0.11468549031355448
[CHECK] GAP: LB=0.265594 UB=4303.3 gap=4303.03 rel=1

=== Iteration 10 ===
Solving Master (MP)...
[SCHEDULE] master gap-tied: time_limit_s=30 mipgap=0.05 g_bd=1
[MIPSTART] x-only start applied: n_out=132 n_ret=132
Warning:  No solution found from 1 MIP starts.
2026-08-06 20:58:28,142 WARNING | pyomo.core | Loading a SolverResults object with an 'aborted' status, but containing a solution
2026-08-06 20:58:28,166 WARNING | pyomo.core | Loading a SolverResults object with an 'aborted' status, but containing a solution
2026-08-06 20:58:28,188 INFO | mobauto2_benders.benders.solver | iter=10 master status=SolveStatus.FEASIBLE obj=0.3 lb=0.268046
MP raw solver: status=aborted term=maxTimeLimit incumbent=0.3 best_bound=0.26804638872834186
MP solutions: count=1 keys=['Gap', 'Status', 'Message', 'Problem', 'Objective', 'Variable', 'Constraint']
Shuttle totals (OUT+RET): q0=10, q1=10, q2=10
MP stats (solver): nodes=2544 best_bound=0.26804638872834186 incumbent=0.3 gap=0.10651203753668977
MP result: status=SolveStatus.FEASIBLE obj=0.3 lb=0.268046
[CHECK] MP: first=0.3 theta=0 mp_total=0.3 inc_obj=0.3 best_bound=0.268046
[CHECK] MP bounds: mp_obj=0.3 mp_best_bound=0.268046 mp_best_integer=0.3 term=maxTimeLimit status=aborted gap=0.106512
[MP] iter=10 incumbent=0.3 best_bound=0.268046 gap=0.106512 (src: inc=cplex_api bb=cplex_api gap=cplex_api)
[MP] iter=10 cuts=9 obj=0.300 last_const=10141.750 last_nnz=65
[MW] core updated (t=0..): min=0.0424 max=0.87 mean=0.355
Evaluating Subproblem (SP) at candidate...
2026-08-06 20:58:30,901 INFO | mobauto2_benders.benders.solver | force-added CutType.OPTIMALITY cut 'opt_cut_avg'
2026-08-06 20:58:30,901 INFO | mobauto2_benders.benders.solver | added 1 cut(s)
2026-08-06 20:58:30,901 INFO | mobauto2_benders.benders.solver | bounds: best_lb=0.268046 best_ub=3975.05 gap=3974.78 rel=1
SP result: recourse=3974.75 feasible=True
[SP PIPELINE] iter=10 build=0.000s solve=0.000s extract=0.000s post=0.000s cutgen=0.156s mode=mw lb_valid=True tl_inc=False vars=- bin=- cons=- lp=-
[CHECK] SP: recourse=3974.75 first=0.3 sp_total=3975.05
[CUT TIGHTNESS] raw_line(y)=3974.75  SP_ub=3974.75  diff=0
[BENDERS] Added cut #9: const_out=5136, const_ret=4066.25, nnz=65, slope_range=[-735,-3.75], raw_pos_dm=0, scale=1
[BENDERS] Eval cut (dir): OUT lhs=0 rhs=2064.75; RET lhs=0 rhs=1910
Master updated: added 1 cut(s): opt_cut_avg
[CUT SUMMARY] it=10 cand=OUT[0,3]|RET[0,5]|OUT[0,9]|RET[0,11]|OUT[0,14]|RET[0,16]|OUT[0,23]|RET[0,26]|OUT[0,30]|RET[0,36]|OUT[1,2]|RET[1,4]|...(+18) decision=added skip=None theta_total=0.0 rec_total=3974.75 raw_rhs_total=3974.75 rhs_total=3974.75 lhs_total=0.0
Timing: master=30.613s sp_solve=0.194s cutgen=0.156s cutadd=0.005s cuts_added=1 total_cuts=10
MP stats: nodes=2544 best_bound=0.26804638872834186 incumbent=0.3 gap=0.10651203753668977
[CHECK] GAP: LB=0.268046 UB=3975.05 gap=3974.78 rel=1

=== Iteration 11 ===
Solving Master (MP)...
[SCHEDULE] master gap-tied: time_limit_s=30 mipgap=0.05 g_bd=1
[MIPSTART] x-only start applied: n_out=132 n_ret=132
Warning:  No solution found from 1 MIP starts.
2026-08-06 20:59:01,627 WARNING | pyomo.core | Loading a SolverResults object with an 'aborted' status, but containing a solution
2026-08-06 20:59:01,646 WARNING | pyomo.core | Loading a SolverResults object with an 'aborted' status, but containing a solution
2026-08-06 20:59:01,660 INFO | mobauto2_benders.benders.solver | iter=11 master status=SolveStatus.FEASIBLE obj=0.3 lb=0.273141
MP raw solver: status=aborted term=maxTimeLimit incumbent=0.3 best_bound=0.27314106491470297
MP solutions: count=1 keys=['Gap', 'Status', 'Message', 'Problem', 'Objective', 'Variable', 'Constraint']
Shuttle totals (OUT+RET): q0=10, q1=10, q2=10
MP stats (solver): nodes=2151 best_bound=0.27314106491470297 incumbent=0.3 gap=0.08952978358781347
MP result: status=SolveStatus.FEASIBLE obj=0.3 lb=0.273141
[CHECK] MP: first=0.3 theta=0 mp_total=0.3 inc_obj=0.3 best_bound=0.273141
[CHECK] MP bounds: mp_obj=0.3 mp_best_bound=0.273141 mp_best_integer=0.3 term=maxTimeLimit status=aborted gap=0.0895298
[MP] iter=11 incumbent=0.3 best_bound=0.273141 gap=0.0895298 (src: inc=cplex_api bb=cplex_api gap=cplex_api)
[MP] iter=11 cuts=10 obj=0.300 last_const=9202.250 last_nnz=65
[MW] core updated (t=0..): min=0.0297 max=0.909 mean=0.351
Evaluating Subproblem (SP) at candidate...
2026-08-06 20:59:03,888 INFO | mobauto2_benders.benders.solver | force-added CutType.OPTIMALITY cut 'opt_cut_avg'
2026-08-06 20:59:03,888 INFO | mobauto2_benders.benders.solver | added 1 cut(s)
2026-08-06 20:59:03,888 INFO | mobauto2_benders.benders.solver | bounds: best_lb=0.273141 best_ub=3495.3 gap=3495.03 rel=1
SP result: recourse=3495 feasible=True
[SP PIPELINE] iter=11 build=0.000s solve=0.000s extract=0.000s post=0.000s cutgen=0.128s mode=mw lb_valid=True tl_inc=False vars=- bin=- cons=- lp=-
[CHECK] SP: recourse=3495 first=0.3 sp_total=3495.3
[CUT TIGHTNESS] raw_line(y)=3495  SP_ub=3495  diff=0
[BENDERS] Added cut #10: const_out=6891.5, const_ret=4549.75, nnz=71, slope_range=[-735,-3.75], raw_pos_dm=0, scale=1
[BENDERS] Eval cut (dir): OUT lhs=0 rhs=1731.5; RET lhs=0 rhs=1763.5
Master updated: added 1 cut(s): opt_cut_avg
[CUT SUMMARY] it=11 cand=OUT[0,3]|RET[0,5]|OUT[0,10]|RET[0,14]|OUT[0,20]|RET[0,24]|OUT[0,26]|RET[0,35]|OUT[0,39]|RET[0,41]|OUT[1,5]|RET[1,7]|...(+18) decision=added skip=None theta_total=0.0 rec_total=3495.0 raw_rhs_total=3495.0 rhs_total=3495.0 lhs_total=0.0
Timing: master=30.754s sp_solve=0.149s cutgen=0.128s cutadd=0.006s cuts_added=1 total_cuts=11
MP stats: nodes=2151 best_bound=0.27314106491470297 incumbent=0.3 gap=0.08952978358781347
[CHECK] GAP: LB=0.273141 UB=3495.3 gap=3495.03 rel=1

=== Iteration 12 ===
Solving Master (MP)...
[SCHEDULE] master gap-tied: time_limit_s=30 mipgap=0.05 g_bd=1
[MIPSTART] x-only start applied: n_out=132 n_ret=132
Warning:  No solution found from 1 MIP starts.
2026-08-06 20:59:34,684 WARNING | pyomo.core | Loading a SolverResults object with an 'aborted' status, but containing a solution
2026-08-06 20:59:34,686 WARNING | pyomo.core | Loading a SolverResults object with an 'aborted' status, but containing a solution
2026-08-06 20:59:34,690 INFO | mobauto2_benders.benders.solver | iter=12 master status=SolveStatus.FEASIBLE obj=0.36 lb=0.293695
MP raw solver: status=aborted term=maxTimeLimit incumbent=0.36 best_bound=0.29369486567699904
MP solutions: count=1 keys=['Gap', 'Status', 'Message', 'Problem', 'Objective', 'Variable', 'Constraint']
Shuttle totals (OUT+RET): q0=12, q1=12, q2=12
MP stats (solver): nodes=3876 best_bound=0.29369486567699904 incumbent=0.36 gap=0.18418092862384128
MP result: status=SolveStatus.FEASIBLE obj=0.36 lb=0.293695
[CHECK] MP: first=0.36 theta=0 mp_total=0.36 inc_obj=0.36 best_bound=0.293695
[CHECK] MP bounds: mp_obj=0.36 mp_best_bound=0.293695 mp_best_integer=0.36 term=maxTimeLimit status=aborted gap=0.184181
[MP] iter=12 incumbent=0.36 best_bound=0.293695 gap=0.184181 (src: inc=cplex_api bb=cplex_api gap=cplex_api)
[MP] iter=12 cuts=11 obj=0.360 last_const=11441.250 last_nnz=71
[MW] core updated (t=0..): min=0.0208 max=0.848 mean=0.368
Evaluating Subproblem (SP) at candidate...
2026-08-06 20:59:35,301 INFO | mobauto2_benders.benders.solver | force-added CutType.OPTIMALITY cut 'opt_cut_avg'
2026-08-06 20:59:35,301 INFO | mobauto2_benders.benders.solver | added 1 cut(s)
2026-08-06 20:59:35,301 INFO | mobauto2_benders.benders.solver | bounds: best_lb=0.293695 best_ub=2812.86 gap=2812.57 rel=1
SP result: recourse=2812.5 feasible=True
[SP PIPELINE] iter=12 build=0.000s solve=0.000s extract=0.000s post=0.000s cutgen=0.025s mode=mw lb_valid=True tl_inc=False vars=- bin=- cons=- lp=-
[CHECK] SP: recourse=2812.5 first=0.36 sp_total=2812.86
[CUT TIGHTNESS] raw_line(y)=2812.5  SP_ub=2812.5  diff=0
[BENDERS] Added cut #11: const_out=4418.75, const_ret=4195, nnz=66, slope_range=[-735,-3.75], raw_pos_dm=0, scale=1
[BENDERS] Eval cut (dir): OUT lhs=0 rhs=1568.75; RET lhs=0 rhs=1243.75
Master updated: added 1 cut(s): opt_cut_avg
[CUT SUMMARY] it=12 cand=OUT[0,2]|RET[0,4]|OUT[0,9]|RET[0,11]|OUT[0,13]|RET[0,18]|OUT[0,24]|RET[0,26]|OUT[0,32]|RET[0,34]|OUT[0,38]|RET[0,40]|...(+24) decision=added skip=None theta_total=0.0 rec_total=2812.5 raw_rhs_total=2812.5 rhs_total=2812.5 lhs_total=0.0
Timing: master=30.798s sp_solve=0.046s cutgen=0.025s cutadd=0.002s cuts_added=1 total_cuts=12
MP stats: nodes=3876 best_bound=0.29369486567699904 incumbent=0.36 gap=0.18418092862384128
[CHECK] GAP: LB=0.293695 UB=2812.86 gap=2812.57 rel=1

=== Iteration 13 ===
Solving Master (MP)...
[SCHEDULE] master gap-tied: time_limit_s=30 mipgap=0.05 g_bd=1
[MIPSTART] x-only start applied: n_out=132 n_ret=132
Warning:  No solution found from 1 MIP starts.
2026-08-06 21:00:05,473 WARNING | pyomo.core | Loading a SolverResults object with an 'aborted' status, but containing a solution
2026-08-06 21:00:05,480 WARNING | pyomo.core | Loading a SolverResults object with an 'aborted' status, but containing a solution
2026-08-06 21:00:05,480 INFO | mobauto2_benders.benders.solver | iter=13 master status=SolveStatus.FEASIBLE obj=0.36 lb=0.308771
MP raw solver: status=aborted term=maxTimeLimit incumbent=0.35999999999999993 best_bound=0.3087707909338147
MP solutions: count=1 keys=['Gap', 'Status', 'Message', 'Problem', 'Objective', 'Variable', 'Constraint']
Shuttle totals (OUT+RET): q0=12, q1=12, q2=12
MP stats (solver): nodes=10778 best_bound=0.3087707909338147 incumbent=0.35999999999999993 gap=0.1423033584776525
MP result: status=SolveStatus.FEASIBLE obj=0.36 lb=0.308771
[CHECK] MP: first=0.36 theta=0 mp_total=0.36 inc_obj=0.36 best_bound=0.308771
[CHECK] MP bounds: mp_obj=0.36 mp_best_bound=0.308771 mp_best_integer=0.36 term=maxTimeLimit status=aborted gap=0.142303
[MP] iter=13 incumbent=0.36 best_bound=0.308771 gap=0.142303 (src: inc=cplex_api bb=cplex_api gap=cplex_api)
[MP] iter=13 cuts=12 obj=0.360 last_const=8613.750 last_nnz=66
[MW] core updated (t=0..): min=0.0145 max=0.876 mean=0.381
Evaluating Subproblem (SP) at candidate...
2026-08-06 21:00:06,002 INFO | mobauto2_benders.benders.solver | force-added CutType.OPTIMALITY cut 'opt_cut_avg'
2026-08-06 21:00:06,002 INFO | mobauto2_benders.benders.solver | added 1 cut(s)
2026-08-06 21:00:06,002 INFO | mobauto2_benders.benders.solver | bounds: best_lb=0.308771 best_ub=2812.86 gap=2812.55 rel=1
SP result: recourse=2837.5 feasible=True
[SP PIPELINE] iter=13 build=0.000s solve=0.000s extract=0.000s post=0.000s cutgen=0.032s mode=mw lb_valid=True tl_inc=False vars=- bin=- cons=- lp=-
[CHECK] SP: recourse=2837.5 first=0.36 sp_total=2837.86
[CUT TIGHTNESS] raw_line(y)=2837.5  SP_ub=2837.5  diff=0
[BENDERS] Added cut #12: const_out=6143, const_ret=3782, nnz=66, slope_range=[-735,-15], raw_pos_dm=0, scale=1
[BENDERS] Eval cut (dir): OUT lhs=0 rhs=1271.75; RET lhs=0 rhs=1565.75
Master updated: added 1 cut(s): opt_cut_avg
[CUT SUMMARY] it=13 cand=OUT[0,4]|RET[0,6]|OUT[0,8]|RET[0,10]|OUT[0,17]|RET[0,19]|OUT[0,24]|RET[0,26]|OUT[0,32]|RET[0,35]|OUT[0,37]|RET[0,39]|...(+24) decision=added skip=None theta_total=0.0 rec_total=2837.5 raw_rhs_total=2837.5000000000014 rhs_total=2837.500000000001 lhs_total=0.0
Timing: master=30.181s sp_solve=0.038s cutgen=0.032s cutadd=0.002s cuts_added=1 total_cuts=13
MP stats: nodes=10778 best_bound=0.3087707909338147 incumbent=0.35999999999999993 gap=0.1423033584776525
[CHECK] GAP: LB=0.308771 UB=2812.86 gap=2812.55 rel=1

=== Iteration 14 ===
Solving Master (MP)...
[SCHEDULE] master gap-tied: time_limit_s=30 mipgap=0.05 g_bd=1
[MIPSTART] x-only start applied: n_out=132 n_ret=132
Warning:  No solution found from 1 MIP starts.
2026-08-06 21:00:36,164 WARNING | pyomo.core | Loading a SolverResults object with an 'aborted' status, but containing a solution
2026-08-06 21:00:36,175 WARNING | pyomo.core | Loading a SolverResults object with an 'aborted' status, but containing a solution
2026-08-06 21:00:36,179 INFO | mobauto2_benders.benders.solver | iter=14 master status=SolveStatus.FEASIBLE obj=113.59 lb=0.310428
MP raw solver: status=aborted term=maxTimeLimit incumbent=113.59004264125097 best_bound=0.3104279758751252
MP solutions: count=1 keys=['Gap', 'Status', 'Message', 'Problem', 'Objective', 'Variable', 'Constraint']
Shuttle totals (OUT+RET): q0=12, q1=12, q2=10
MP stats (solver): nodes=8344 best_bound=0.3104279758751252 incumbent=113.59004264125097 gap=0.9972671198218027
MP result: status=SolveStatus.FEASIBLE obj=113.59 lb=0.310428
[CHECK] MP: first=0.34 theta=113.25 mp_total=113.59 inc_obj=113.59 best_bound=0.310428
[CHECK] MP bounds: mp_obj=113.59 mp_best_bound=0.310428 mp_best_integer=113.59 term=maxTimeLimit status=aborted gap=0.997267
[MP] iter=14 incumbent=113.59 best_bound=0.310428 gap=0.997267 (src: inc=cplex_api bb=cplex_api gap=cplex_api)
[MP] iter=14 cuts=13 obj=113.590 last_const=9925.000 last_nnz=66
[MW] core updated (t=0..): min=0.0102 max=0.913 mean=0.382
Evaluating Subproblem (SP) at candidate...
2026-08-06 21:00:36,896 INFO | mobauto2_benders.benders.solver | force-added CutType.OPTIMALITY cut 'opt_cut_avg'
2026-08-06 21:00:36,896 INFO | mobauto2_benders.benders.solver | added 1 cut(s)
2026-08-06 21:00:36,896 INFO | mobauto2_benders.benders.solver | bounds: best_lb=0.310428 best_ub=2812.86 gap=2812.55 rel=1
SP result: recourse=3375 feasible=True
[SP PIPELINE] iter=14 build=0.000s solve=0.000s extract=0.000s post=0.000s cutgen=0.040s mode=mw lb_valid=True tl_inc=False vars=- bin=- cons=- lp=-
[CHECK] SP: recourse=3375 first=0.34 sp_total=3375.34
[CUT TIGHTNESS] raw_line(y)=3375  SP_ub=3375  diff=4.55e-13
[BENDERS] Added cut #13: const_out=6084.5, const_ret=2450.5, nnz=61, slope_range=[-735,-15], raw_pos_dm=0, scale=1
[BENDERS] Eval cut (dir): OUT lhs=113.25 rhs=1655.75; RET lhs=0 rhs=1719.25
Master updated: added 1 cut(s): opt_cut_avg
[CUT SUMMARY] it=14 cand=OUT[0,4]|RET[0,6]|OUT[0,8]|RET[0,10]|OUT[0,16]|RET[0,18]|OUT[0,22]|RET[0,24]|OUT[0,32]|RET[0,34]|OUT[0,36]|RET[0,38]|...(+22) decision=added skip=None theta_total=113.25004264125096 rec_total=3375.0 raw_rhs_total=3375.0000000000005 rhs_total=3375.0 lhs_total=113.25004264125096
Timing: master=30.175s sp_solve=0.060s cutgen=0.040s cutadd=0.002s cuts_added=1 total_cuts=14
MP stats: nodes=8344 best_bound=0.3104279758751252 incumbent=113.59004264125097 gap=0.9972671198218027
[CHECK] GAP: LB=0.310428 UB=2812.86 gap=2812.55 rel=1

=== Iteration 15 ===
Solving Master (MP)...
[SCHEDULE] master gap-tied: time_limit_s=30 mipgap=0.05 g_bd=1
[SCHEDULE] budget clamp: time_limit_s=3 (run budget nearly spent; this run is not reproducible)
[MIPSTART] x-only start applied: n_out=132 n_ret=132
Warning:  No solution found from 1 MIP starts.
2026-08-06 21:00:40,139 WARNING | pyomo.core | Loading a SolverResults object with an 'aborted' status, but containing a solution
2026-08-06 21:00:40,143 WARNING | pyomo.core | Loading a SolverResults object with an 'aborted' status, but containing a solution
2026-08-06 21:00:40,147 INFO | mobauto2_benders.benders.solver | iter=15 master status=SolveStatus.FEASIBLE obj=237.86 lb=0.307538
MP raw solver: status=aborted term=maxTimeLimit incumbent=237.86001855500155 best_bound=0.3075377924447065
MP solutions: count=1 keys=['Gap', 'Status', 'Message', 'Problem', 'Objective', 'Variable', 'Constraint']
Shuttle totals (OUT+RET): q0=12, q1=12, q2=12
MP stats (solver): nodes=0 best_bound=0.3075377924447065 incumbent=237.86001855500155 gap=0.9987070639512564
MP result: status=SolveStatus.FEASIBLE obj=237.86 lb=0.307538
[CHECK] MP: first=2.11 theta=235.75 mp_total=237.86 inc_obj=237.86 best_bound=0.307538
[CHECK] MP bounds: mp_obj=237.86 mp_best_bound=0.307538 mp_best_integer=237.86 term=maxTimeLimit status=aborted gap=0.998707
[MP] iter=15 incumbent=237.86 best_bound=0.307538 gap=0.998707 (src: inc=cplex_api bb=cplex_api gap=cplex_api)
[MP] iter=15 cuts=14 obj=237.860 last_const=8535.000 last_nnz=61
[MW] core updated (t=0..): min=0.00712 max=1.14 mean=0.39
Evaluating Subproblem (SP) at candidate...
2026-08-06 21:00:40,769 INFO | mobauto2_benders.benders.solver | force-added CutType.OPTIMALITY cut 'opt_cut_avg'
2026-08-06 21:00:40,769 INFO | mobauto2_benders.benders.solver | added 1 cut(s)
2026-08-06 21:00:40,769 INFO | mobauto2_benders.benders.solver | bounds: best_lb=0.310428 best_ub=2812.86 gap=2812.55 rel=1
2026-08-06 21:00:40,769 WARNING | mobauto2_benders.benders.solver | Time limit reached after 15 iterations
SP result: recourse=3739.75 feasible=True
[SP PIPELINE] iter=15 build=0.000s solve=0.000s extract=0.000s post=0.000s cutgen=0.035s mode=mw lb_valid=True tl_inc=False vars=- bin=- cons=- lp=-
[CHECK] SP: recourse=3739.75 first=2.11 sp_total=3741.86
[CUT TIGHTNESS] raw_line(y)=3739.75  SP_ub=3739.75  diff=0
[BENDERS] Added cut #14: const_out=7010.75, const_ret=2717.75, nnz=65, slope_range=[-735,-7.5], raw_pos_dm=0, scale=1
[BENDERS] Eval cut (dir): OUT lhs=163.5 rhs=2252; RET lhs=72.25 rhs=1487.75
Master updated: added 1 cut(s): opt_cut_avg
[CUT SUMMARY] it=15 cand=OUT[0,6]|RET[0,8]|OUT[0,10]|RET[0,12]|OUT[0,16]|RET[0,18]|OUT[0,24]|RET[0,26]|OUT[0,32]|RET[0,35]|OUT[0,39]|RET[0,41]|...(+24) decision=added skip=None theta_total=235.7500185550016 rec_total=3739.75 raw_rhs_total=3739.75 rhs_total=3739.75 lhs_total=235.7500185550016
Timing: master=3.247s sp_solve=0.051s cutgen=0.035s cutadd=0.002s cuts_added=1 total_cuts=15
MP stats: nodes=0 best_bound=0.3075377924447065 incumbent=237.86001855500155 gap=0.9987070639512564
[CHECK] GAP: LB=0.310428 UB=2812.86 gap=2812.55 rel=1

Time limit reached after 15 iterations.
Total solve time: 300.866 seconds
Best bounds: LB=0.310428 UB=2812.86 gap=2812.55 rel=1

Best Master Solution:
Q=3 T=44
theta = 0
  - theta_out = 0
  - theta_ret = 0
Timeline (per shuttle):
           0     1     2     3     4     5     6     7     8     9    10    11    12    13    14    15    16    17    18    19    20    21    22    23    24    25    26    27    28    29    30    31    32    33    34    35    36    37    38    39    40    41    42    43
  q=0:   IDL   IDL   OUT   INT   RET   INT   CHR   CHR   CHR   OUT   INT   RET   INT   OUT   INT   IDL   IDL   IDL   RET   INT   CHR   CHR   CHR   CHR   OUT   INT   RET   INT   CHR   CHR   CHR   CHR   OUT   INT   RET   INT   CHR   CHR   OUT   INT   RET   INT   IDL   IDL
  q=1:   IDL   OUT   INT   RET   INT   CHR   OUT   INT   RET   INT   CHR   OUT   INT   RET   INT   CHR   CHR   CHR   CHR   CHR   OUT   INT   RET   INT   CHR   CHR   CHR   OUT   INT   RET   INT   CHR   CHR   OUT   INT   IDL   IDL   IDL   IDL   RET   INT   CHR   IDL   IDL
  q=2:   IDL   IDL   IDL   OUT   INT   RET   INT   OUT   INT   RET   INT   CHR   CHR   CHR   CHR   OUT   INT   RET   INT   CHR   CHR   CHR   CHR   CHR   CHR   OUT   INT   RET   INT   OUT   INT   IDL   RET   INT   CHR   CHR   CHR   CHR   IDL   OUT   INT   RET   INT   IDL
Battery (per shuttle):
           0     1     2     3     4     5     6     7     8     9    10    11    12    13    14    15    16    17    18    19    20    21    22    23    24    25    26    27    28    29    30    31    32    33    34    35    36    37    38    39    40    41    42    43
  q=0:   150   150   150   150   150   150   150   120   120    90    90    60    60    30    30    48    65    35    35     5     5    22    40    58    75    45    45    15    15    32    50    68    85    55    55    55    25    25    42    60    30    30     0     0
  q=1:   150   150   150   150   150   120   120    90    90   108    78    78    48    48    65    82   100    70    70    70    40    40    58    75    92    62    62    32    32    50    68    85   102    72    72    72    42    42    60    78    48    48    18    18
  q=2:   150   150   120   120    90    90   108   125   142   112   112    82    82    52    52    22    22    40    58    75    92   110    80    80    50    50    68    38    38     8     8    25    42    60    30    30    30     0     0    18    35    35    35    35

Scenario 1: setups/base.yaml
Demand per slot (OUT/RET):
         0   1   2   3   4   5   6   7   8   9  10  11  12  13  14  15  16  17  18  19  20  21  22  23  24  25  26  27  28  29  30  31  32  33  34  35  36  37  38  39  40  41  42  43
  OUT:   7  12  13   9  12  17  16   6   7  10   5   3   2   2   2   2   2   0   1   3   4   1   2   1   0   1   3   1   1   0   0   2   0   0   1   0   0   0   2   0   0   0   0   0
  RET:   1   2   1   0   1   1   0   0   0   0   2   2   2   1   3   4   1   3   2   2   5   3   3   9   1   7   3   4   4   2   2   5  10   9   6   9  10  14   9   7   0   0   0   0
Passengers per shuttle and slot (OUT):
         0   1   2   3   4   5   6   7   8   9  10  11  12  13  14  15  16  17  18  19  20  21  22  23  24  25  26  27  28  29  30  31  32  33  34  35  36  37  38  39  40  41  42  43
  q=0:   0   0  12   0   0   0   0   0   0  15   0   0   0  15   0   0   0   0   0   0   0   0   0   0   8   0   0   0   0   0   0   0   2   0   0   0   0   0   1   0   0   0   0   0
  q=1:   0   7   0   0   0   0  15   0   0   0   0  15   0   0   0   0   0   0   0   0   6   0   0   0   0   0   0   4   0   0   0   0   0   0   0   0   0   0   0   0   0   0   0   0
  q=2:   0   0   0  13   0   0   0  15   0   0   0   0   0   0   0   7   0   0   0   0   0   0   0   0   0   0   0   0   0   2   0   0   0   0   0   0   0   0   0   2   0   0   0   0
Passengers per shuttle and slot (RET):
         0   1   2   3   4   5   6   7   8   9  10  11  12  13  14  15  16  17  18  19  20  21  22  23  24  25  26  27  28  29  30  31  32  33  34  35  36  37  38  39  40  41  42  43
  q=0:   0   0   0   0   0   0   0   0   0   0   0   2   0   0   0   0   0   0   3   0   0   0   0   0   0   0  15   0   0   0   0   0   0   0  15   0   0   0   0   0  15   0   0   0
  q=1:   0   0   0   4   0   0   0   0   1   0   0   0   0   4   0   0   0   0   0   0   0   0  12   0   0   0   0   0   0   8   0   0   0   0   0   0   0   0   0  15   0   0   0   0
  q=2:   0   0   0   0   0   1   0   0   0   0   0   0   0   0   0   0   0   9   0   0   0   0   0   0   0   0   0   8   0   0   0   0   9   0   0   0   0   0   0   0   0  15   0   0
Passengers per shuttle and slot (TOTAL):
         0   1   2   3   4   5   6   7   8   9  10  11  12  13  14  15  16  17  18  19  20  21  22  23  24  25  26  27  28  29  30  31  32  33  34  35  36  37  38  39  40  41  42  43
  q=0:   0   0  12   0   0   0   0   0   0  15   0   2   0  15   0   0   0   0   3   0   0   0   0   0   8   0  15   0   0   0   0   0   2   0  15   0   0   0   1   0  15   0   0   0
  q=1:   0   7   0   4   0   0  15   0   1   0   0  15   0   4   0   0   0   0   0   0   6   0  12   0   0   0   0   4   0   8   0   0   0   0   0   0   0   0   0  15   0   0   0   0
  q=2:   0   0   0  13   0   1   0  15   0   0   0   0   0   0   0   7   0   9   0   0   0   0   0   0   0   0   0   8   0   2   0   0   9   0   0   0   0   0   0   2   0  15   0   0
Pax served: 275/300

Scenario 2: setups/base_plus100_out_noon.yaml
Demand per slot (OUT/RET):
         0   1   2   3   4   5   6   7   8   9  10  11  12  13  14  15  16  17  18  19  20  21  22  23  24  25  26  27  28  29  30  31  32  33  34  35  36  37  38  39  40  41  42  43
  OUT:   7  12  13   9  12  17  16   6   7  10   5   3   2   2   2   2  13  15  11  14  14  15  15  17   0   1   3   1   1   0   0   2   0   0   1   0   0   0   2   0   0   0   0   0
  RET:   1   2   1   0   1   1   0   0   0   0   2   2   2   1   3   4   1   3   2   2   5   3   3   9   1   7   3   4   4   2   2   5  10   9   6   9  10  14   9   7   0   0   0   0
Passengers per shuttle and slot (OUT):
         0   1   2   3   4   5   6   7   8   9  10  11  12  13  14  15  16  17  18  19  20  21  22  23  24  25  26  27  28  29  30  31  32  33  34  35  36  37  38  39  40  41  42  43
  q=0:   0   0  12   0   0   0   0   0   0  15   0   0   0  15   0   0   0   0   0   0   0   0   0   0  15   0   0   0   0   0   0   0   2   0   0   0   0   0   1   0   0   0   0   0
  q=1:   0   7   0   0   0   0  15   0   0   0   0  15   0   0   0   0   0   0   0   0  15   0   0   0   0   0   0  15   0   0   0   0   0   0   0   0   0   0   0   0   0   0   0   0
  q=2:   0   0   0  13   0   0   0  15   0   0   0   0   0   0   0   7   0   0   0   0   0   0   0   0   0  15   0   0   0   6   0   0   0   0   0   0   0   0   0   2   0   0   0   0
Passengers per shuttle and slot (RET):
         0   1   2   3   4   5   6   7   8   9  10  11  12  13  14  15  16  17  18  19  20  21  22  23  24  25  26  27  28  29  30  31  32  33  34  35  36  37  38  39  40  41  42  43
  q=0:   0   0   0   0   0   0   0   0   0   0   0   2   0   0   0   0   0   0   3   0   0   0   0   0   0   0  15   0   0   0   0   0   0   0  15   0   0   0   0   0  15   0   0   0
  q=1:   0   0   0   4   0   0   0   0   1   0   0   0   0   4   0   0   0   0   0   0   0   0  12   0   0   0   0   0   0   8   0   0   0   0   0   0   0   0   0  15   0   0   0   0
  q=2:   0   0   0   0   0   1   0   0   0   0   0   0   0   0   0   0   0   9   0   0   0   0   0   0   0   0   0   8   0   0   0   0   9   0   0   0   0   0   0   0   0  15   0   0
Passengers per shuttle and slot (TOTAL):
         0   1   2   3   4   5   6   7   8   9  10  11  12  13  14  15  16  17  18  19  20  21  22  23  24  25  26  27  28  29  30  31  32  33  34  35  36  37  38  39  40  41  42  43
  q=0:   0   0  12   0   0   0   0   0   0  15   0   2   0  15   0   0   0   0   3   0   0   0   0   0  15   0  15   0   0   0   0   0   2   0  15   0   0   0   1   0  15   0   0   0
  q=1:   0   7   0   4   0   0  15   0   1   0   0  15   0   4   0   0   0   0   0   0  15   0  12   0   0   0   0  15   0   8   0   0   0   0   0   0   0   0   0  15   0   0   0   0
  q=2:   0   0   0  13   0   1   0  15   0   0   0   0   0   0   0   7   0   9   0   0   0   0   0   0   0  15   0   8   0   6   0   0   9   0   0   0   0   0   0   2   0  15   0   0
Pax served: 321/400

Scenario 3: setups/base_ret_peak_adv.yaml
Demand per slot (OUT/RET):
         0   1   2   3   4   5   6   7   8   9  10  11  12  13  14  15  16  17  18  19  20  21  22  23  24  25  26  27  28  29  30  31  32  33  34  35  36  37  38  39  40  41  42  43
  OUT:   7  12  13   9  12  17  16   6   7  10   5   3   2   2   2   2   2   0   1   3   4   1   2   1   0   1   3   1   1   0   0   2   0   0   1   0   0   0   2   0   0   0   0   0
  RET:   1   2   1   0   1   1   0   0   0   0   2   2   2   1   3   4   1   3   2   2   5   3   3   9   8  12   6   9   9  15  11  12   8   5   3   4   0   0   0   0   0   0   0   0
Passengers per shuttle and slot (OUT):
         0   1   2   3   4   5   6   7   8   9  10  11  12  13  14  15  16  17  18  19  20  21  22  23  24  25  26  27  28  29  30  31  32  33  34  35  36  37  38  39  40  41  42  43
  q=0:   0   0  12   0   0   0   0   0   0  15   0   0   0  15   0   0   0   0   0   0   0   0   0   0   8   0   0   0   0   0   0   0   2   0   0   0   0   0   1   0   0   0   0   0
  q=1:   0   7   0   0   0   0  15   0   0   0   0  15   0   0   0   0   0   0   0   0   6   0   0   0   0   0   0   4   0   0   0   0   0   0   0   0   0   0   0   0   0   0   0   0
  q=2:   0   0   0  13   0   0   0  15   0   0   0   0   0   0   0   7   0   0   0   0   0   0   0   0   0   0   0   0   0   2   0   0   0   0   0   0   0   0   0   2   0   0   0   0
Passengers per shuttle and slot (RET):
         0   1   2   3   4   5   6   7   8   9  10  11  12  13  14  15  16  17  18  19  20  21  22  23  24  25  26  27  28  29  30  31  32  33  34  35  36  37  38  39  40  41  42  43
  q=0:   0   0   0   0   0   0   0   0   0   0   0   2   0   0   0   0   0   0   3   0   0   0   0   0   0   0  15   0   0   0   0   0   0   0  15   0   0   0   0   0   0   0   0   0
  q=1:   0   0   0   4   0   0   0   0   1   0   0   0   0   4   0   0   0   0   0   0   0   0  12   0   0   0   0   0   0  15   0   0   0   0   0   0   0   0   0   4   0   0   0   0
  q=2:   0   0   0   0   0   1   0   0   0   0   0   0   0   0   0   0   0   9   0   0   0   0   0   0   0   0   0  15   0   0   0   0  15   0   0   0   0   0   0   0   0   0   0   0
Passengers per shuttle and slot (TOTAL):
         0   1   2   3   4   5   6   7   8   9  10  11  12  13  14  15  16  17  18  19  20  21  22  23  24  25  26  27  28  29  30  31  32  33  34  35  36  37  38  39  40  41  42  43
  q=0:   0   0  12   0   0   0   0   0   0  15   0   2   0  15   0   0   0   0   3   0   0   0   0   0   8   0  15   0   0   0   0   0   2   0  15   0   0   0   1   0   0   0   0   0
  q=1:   0   7   0   4   0   0  15   0   1   0   0  15   0   4   0   0   0   0   0   0   6   0  12   0   0   0   0   4   0  15   0   0   0   0   0   0   0   0   0   4   0   0   0   0
  q=2:   0   0   0  13   0   1   0  15   0   0   0   0   0   0   0   7   0   9   0   0   0   0   0   0   0   0   0  15   0   2   0   0  15   0   0   0   0   0   0   2   0   0   0   0
Pax served: 254/300

Scenario 4: setups/base_vol20_pm60.yaml
Demand per slot (OUT/RET):
         0   1   2   3   4   5   6   7   8   9  10  11  12  13  14  15  16  17  18  19  20  21  22  23  24  25  26  27  28  29  30  31  32  33  34  35  36  37  38  39  40  41  42  43
  OUT:  10  11  12   7  13  18  16   6   6   7   6   3   3   3   2   2   1   1   1   2   4   0   3   0   1   1   4   1   0   1   0   2   0   0   1   0   0   0   1   1   0   0   0   0
  RET:   1   2   1   0   1   1   0   0   0   1   2   2   2   1   3   3   1   3   2   2   5   3   3   7   0   6   5   4   7   2   3   3   9   6   6  10  12  15   8   8   0   0   0   0
Passengers per shuttle and slot (OUT):
         0   1   2   3   4   5   6   7   8   9  10  11  12  13  14  15  16  17  18  19  20  21  22  23  24  25  26  27  28  29  30  31  32  33  34  35  36  37  38  39  40  41  42  43
  q=0:   0   0  11   0   0   0   0   0   0  15   0   0   0  15   0   0   0   0   0   0   0   0   0   0   7   0   0   0   0   0   0   0   3   0   0   0   0   0   1   0   0   0   0   0
  q=1:   0  10   0   0   0   0  15   0   0   0   0  15   0   0   0   0   0   0   0   0   5   0   0   0   0   0   0   5   0   0   0   0   0   0   0   0   0   0   0   0   0   0   0   0
  q=2:   0   0   0  12   0   0   0  15   0   0   0   0   0   0   0   6   0   0   0   0   0   0   0   0   0   1   0   0   0   1   0   0   0   0   0   0   0   0   0   1   0   0   0   0
Passengers per shuttle and slot (RET):
         0   1   2   3   4   5   6   7   8   9  10  11  12  13  14  15  16  17  18  19  20  21  22  23  24  25  26  27  28  29  30  31  32  33  34  35  36  37  38  39  40  41  42  43
  q=0:   0   0   0   0   0   0   0   0   0   0   0   3   0   0   0   0   0   0   3   0   0   0   0   0   0   0  15   0   0   0   0   0   0   0  15   0   0   0   0   0  15   0   0   0
  q=1:   0   0   0   4   0   0   0   0   1   0   0   0   0   4   0   0   0   0   0   0   0   0  12   0   0   0   0   0   0  11   0   0   0   0   0   0   0   0   0  15   0   0   0   0
  q=2:   0   0   0   0   0   1   0   0   0   0   0   0   0   0   0   0   0   8   0   0   0   0   0   0   0   0   0   6   0   0   0   0   8   0   0   0   0   0   0   0   0  15   0   0
Passengers per shuttle and slot (TOTAL):
         0   1   2   3   4   5   6   7   8   9  10  11  12  13  14  15  16  17  18  19  20  21  22  23  24  25  26  27  28  29  30  31  32  33  34  35  36  37  38  39  40  41  42  43
  q=0:   0   0  11   0   0   0   0   0   0  15   0   3   0  15   0   0   0   0   3   0   0   0   0   0   7   0  15   0   0   0   0   0   3   0  15   0   0   0   1   0  15   0   0   0
  q=1:   0  10   0   4   0   0  15   0   1   0   0  15   0   4   0   0   0   0   0   0   5   0  12   0   0   0   0   5   0  11   0   0   0   0   0   0   0   0   0  15   0   0   0   0
  q=2:   0   0   0  12   0   1   0  15   0   0   0   0   0   0   0   6   0   8   0   0   0   0   0   0   0   1   0   6   0   1   0   0   8   0   0   0   0   0   0   1   0  15   0   0
Pax served: 274/300
Pax served: 281/325
Subproblem (last): obj=2812.5 wait_slots=612.5 fill_eps=0 penalty_cost=2200 penalty_pax=44 total_demand=325
Avg wait (min): 32.6957
UB_total (best): 2812.86

Result: status=UNKNOWN iterations=15 best_lb=0.3104279758751252 best_ub=2812.86
NOT REPRODUCIBLE: 10 master solve(s) stopped on the clock, not the gap. Bounds from this run vary with machine load. For a comparable number, raise master.per_iteration_time_limit_s and solver.total_time_limit_s until the master always terminates on the gap (configs/baseline_d9.yaml).

Manifest: C:\Users\fabio\My Drive\05_Projects\19_MobAuto2_Benders\manifests\manifest_p1_base_off_20260806_190040.json
