Run configuration:
  solver: iterations=100 tol=0.01 total_time_limit_s=300 seed=41
  master: solver=cplex Q=3 T_minutes=660 slot_res=15 (slots=44) trip_dur_min=30 Emax=150.0 L=30.0 eps=0.01 conc_pen=0.25 delta_chg=17.5
  subproblem: solver=cplex_direct S=15.0 Wmax=60 p=50.0 (slot_res=15)
  demand_file: setups/base.yaml
  scenario_files: ['setups/base.yaml', 'setups/base_plus100_out_noon.yaml', 'setups/base_ret_peak_adv.yaml', 'setups/base_vol20_pm60.yaml']
Initialized master problem.
[MW] enabled=True alpha=0.3 eps=0.001
[LP-PHASE] on: max_iters=10 stall_iters=3 min_rel_improve=0.005

=== Iteration 1 ===
Solving Master (MP)...
[SCHEDULE] master gap-tied: time_limit_s=30 mipgap=0.05 g_bd=0.05
CPLEX Error  3003: Not a mixed-integer problem.
CPLEX Error  3003: Not a mixed-integer problem.
2026-08-06 21:24:30,694 INFO | mobauto2_benders.benders.solver | iter=1 master status=SolveStatus.OPTIMAL obj=0.233333 lb=0.233333
MP raw solver: status=ok term=optimal incumbent=0.2333333333333333 best_bound=None
MP solutions: count=1 keys=['Gap', 'Status', 'Message', 'Problem', 'Objective', 'Variable', 'Constraint']
Shuttle totals (OUT+RET): q0=9, q1=8, q2=6
MP stats (solver): nodes=0 best_bound=0.23333333333333336 incumbent=0.2333333333333333 gap=None
MP result: status=SolveStatus.OPTIMAL obj=0.233333 lb=0.233333
[CHECK] MP: first=0.233333 theta=0 mp_total=0.233333 inc_obj=0.233333 best_bound=0.233333
[CHECK] MP bounds: mp_obj=0.233333 mp_best_bound=0.233333 mp_best_integer=0.233333 term=optimal status=ok gap=0
[MP] iter=1 incumbent=0.233333 best_bound=0.233333 gap=0 (src: inc=cplex_api bb=lp_relaxation gap=computed)
[MP] iter=1 cuts=0 obj=0.233
[MW] core updated (t=0..): min=1.05 max=1.35 mean=1.13
Evaluating Subproblem (SP) at candidate...
2026-08-06 21:24:31,905 INFO | mobauto2_benders.benders.solver | force-added CutType.OPTIMALITY cut 'opt_cut_avg'
2026-08-06 21:24:31,905 INFO | mobauto2_benders.benders.solver | added 1 cut(s)
SP result: recourse=5587.76 feasible=True
[SP PIPELINE] iter=1 build=0.000s solve=0.000s extract=0.000s post=0.000s cutgen=0.086s mode=mw lb_valid=True tl_inc=False vars=- bin=- cons=- lp=-
[CHECK] SP: recourse=5587.76 first=0.233333 sp_total=5587.99
[CUT TIGHTNESS] raw_line(y)=5587.76  SP_ub=5587.76  diff=-9.09e-13
[BENDERS] Added cut #0: const_out=5909.49, const_ret=6134.5, nnz=68, slope_range=[-735,-3.75], raw_pos_dm=0, scale=1
[BENDERS] Eval cut (dir): OUT lhs=0 rhs=1801.04; RET lhs=0 rhs=3786.72
Master updated: added 1 cut(s): opt_cut_avg
[CUT SUMMARY] it=1 cand=OUT[0,2]|RET[0,4]|OUT[0,9]|RET[0,11]|OUT[0,13]|RET[0,15]|OUT[0,17]|OUT[1,1]|RET[1,3]|OUT[1,6]|RET[1,8]|OUT[2,4]|...(+5) decision=added skip=None theta_total=0.0 rec_total=5587.7567953439775 raw_rhs_total=5587.756795343979 rhs_total=5587.756795343976 lhs_total=0.0
Timing: master=0.292s sp_solve=0.079s cutgen=0.086s cutadd=0.008s cuts_added=1 total_cuts=1
MP stats: nodes=0 best_bound=0.23333333333333336 incumbent=0.2333333333333333 gap=None
[LP-PHASE] it=1 obj=0.233333 rel_improve=- stall=0/3 cuts=1

=== Iteration 2 ===
Solving Master (MP)...
[SCHEDULE] master gap-tied: time_limit_s=30 mipgap=0.05 g_bd=0.05
[MIPSTART] x-only start applied: n_out=88 n_ret=101
CPLEX Error  3003: Not a mixed-integer problem.
CPLEX Error  3003: Not a mixed-integer problem.
2026-08-06 21:24:33,036 INFO | mobauto2_benders.benders.solver | iter=2 master status=SolveStatus.OPTIMAL obj=0.287343 lb=0.287343
MP raw solver: status=ok term=optimal incumbent=0.28734334338297085 best_bound=None
MP solutions: count=1 keys=['Gap', 'Status', 'Message', 'Problem', 'Objective', 'Variable', 'Constraint']
Shuttle totals (OUT+RET): q0=10, q1=10, q2=10
MP stats (solver): nodes=0 best_bound=0.2873433433829708 incumbent=0.28734334338297085 gap=None
MP result: status=SolveStatus.OPTIMAL obj=0.287343 lb=0.287343
[CHECK] MP: first=0.287343 theta=0 mp_total=0.287343 inc_obj=0.287343 best_bound=0.287343
[CHECK] MP bounds: mp_obj=0.287343 mp_best_bound=0.287343 mp_best_integer=0.287343 term=optimal status=ok gap=5.55112e-17
[MP] iter=2 incumbent=0.287343 best_bound=0.287343 gap=5.55112e-17 (src: inc=cplex_api bb=lp_relaxation gap=computed)
[MP] iter=2 cuts=1 obj=0.287 last_const=12043.995 last_nnz=68
[MW] core updated (t=0..): min=0.735 max=1.24 mean=0.889
Evaluating Subproblem (SP) at candidate...
2026-08-06 21:24:35,076 INFO | mobauto2_benders.benders.solver | force-added CutType.OPTIMALITY cut 'opt_cut_avg'
2026-08-06 21:24:35,076 INFO | mobauto2_benders.benders.solver | added 1 cut(s)
SP result: recourse=3801.1 feasible=True
[SP PIPELINE] iter=2 build=0.000s solve=0.000s extract=0.000s post=0.000s cutgen=0.144s mode=mw lb_valid=True tl_inc=False vars=- bin=- cons=- lp=-
[CHECK] SP: recourse=3801.1 first=0.287343 sp_total=3801.38
[CUT TIGHTNESS] raw_line(y)=3801.1  SP_ub=3801.1  diff=-4.55e-13
[BENDERS] Added cut #1: const_out=5438.25, const_ret=3655.25, nnz=69, slope_range=[-735,-3.75], raw_pos_dm=0, scale=1
[BENDERS] Eval cut (dir): OUT lhs=0 rhs=1267.49; RET lhs=0 rhs=2533.61
Master updated: added 1 cut(s): opt_cut_avg
[CUT SUMMARY] it=2 cand=OUT[0,3]|RET[0,5]|OUT[0,7]|RET[0,9]|OUT[0,12]|RET[0,21]|OUT[1,4]|RET[1,6]|RET[1,16]|RET[1,23]|OUT[1,27]|RET[2,22] decision=added skip=None theta_total=0.0 rec_total=3801.095519558987 raw_rhs_total=3801.095519558986 rhs_total=3801.0955195589872 lhs_total=0.0
Timing: master=1.129s sp_solve=0.144s cutgen=0.144s cutadd=0.006s cuts_added=1 total_cuts=2
MP stats: nodes=0 best_bound=0.2873433433829708 incumbent=0.28734334338297085 gap=None
[LP-PHASE] it=2 obj=0.287343 rel_improve=0.054 stall=0/3 cuts=1

=== Iteration 3 ===
Solving Master (MP)...
[SCHEDULE] master gap-tied: time_limit_s=30 mipgap=0.05 g_bd=0.05
[MIPSTART] x-only start applied: n_out=70 n_ret=86
CPLEX Error  3003: Not a mixed-integer problem.
CPLEX Error  3003: Not a mixed-integer problem.
2026-08-06 21:24:36,124 INFO | mobauto2_benders.benders.solver | iter=3 master status=SolveStatus.OPTIMAL obj=0.288346 lb=0.288346
MP raw solver: status=ok term=optimal incumbent=0.2883459240710962 best_bound=None
MP solutions: count=1 keys=['Gap', 'Status', 'Message', 'Problem', 'Objective', 'Variable', 'Constraint']
Shuttle totals (OUT+RET): q0=10, q1=10, q2=9
MP stats (solver): nodes=0 best_bound=0.28834592407109627 incumbent=0.2883459240710962 gap=None
MP result: status=SolveStatus.OPTIMAL obj=0.288346 lb=0.288346
[CHECK] MP: first=0.288346 theta=0 mp_total=0.288346 inc_obj=0.288346 best_bound=0.288346
[CHECK] MP bounds: mp_obj=0.288346 mp_best_bound=0.288346 mp_best_integer=0.288346 term=optimal status=ok gap=0
[MP] iter=3 incumbent=0.288346 best_bound=0.288346 gap=0 (src: inc=cplex_api bb=lp_relaxation gap=computed)
[MP] iter=3 cuts=2 obj=0.288 last_const=9093.500 last_nnz=69
[MW] core updated (t=0..): min=0.514 max=1.17 mean=0.72
Evaluating Subproblem (SP) at candidate...
2026-08-06 21:24:38,213 INFO | mobauto2_benders.benders.solver | force-added CutType.OPTIMALITY cut 'opt_cut_avg'
2026-08-06 21:24:38,213 INFO | mobauto2_benders.benders.solver | added 1 cut(s)
SP result: recourse=3225.24 feasible=True
[SP PIPELINE] iter=3 build=0.000s solve=0.000s extract=0.000s post=0.000s cutgen=0.139s mode=mw lb_valid=True tl_inc=False vars=- bin=- cons=- lp=-
[CHECK] SP: recourse=3225.24 first=0.288346 sp_total=3225.53
[CUT TIGHTNESS] raw_line(y)=3225.24  SP_ub=3225.24  diff=-4.09e-12
[BENDERS] Added cut #2: const_out=6218.25, const_ret=3954, nnz=68, slope_range=[-735,-15], raw_pos_dm=0, scale=1
[BENDERS] Eval cut (dir): OUT lhs=0 rhs=1360.08; RET lhs=0 rhs=1865.17
Master updated: added 1 cut(s): opt_cut_avg
[CUT SUMMARY] it=3 cand=RET[0,21]|RET[0,28]|OUT[1,4]|RET[1,6]|OUT[1,8]|RET[1,17]|RET[1,24]|OUT[2,3]|RET[2,5]|OUT[2,7]|RET[2,22] decision=added skip=None theta_total=0.0 rec_total=3225.2431641700423 raw_rhs_total=3225.2431641700377 rhs_total=3225.243164170043 lhs_total=0.0
Timing: master=1.047s sp_solve=0.170s cutgen=0.139s cutadd=0.008s cuts_added=1 total_cuts=3
MP stats: nodes=0 best_bound=0.28834592407109627 incumbent=0.2883459240710962 gap=None
[LP-PHASE] it=3 obj=0.288346 rel_improve=0.001 stall=1/3 cuts=1

=== Iteration 4 ===
Solving Master (MP)...
[SCHEDULE] master gap-tied: time_limit_s=30 mipgap=0.05 g_bd=0.05
[MIPSTART] x-only start applied: n_out=74 n_ret=83
CPLEX Error  3003: Not a mixed-integer problem.
CPLEX Error  3003: Not a mixed-integer problem.
2026-08-06 21:24:39,540 INFO | mobauto2_benders.benders.solver | iter=4 master status=SolveStatus.OPTIMAL obj=0.293303 lb=0.293303
MP raw solver: status=ok term=optimal incumbent=0.2933032148005681 best_bound=None
MP solutions: count=1 keys=['Gap', 'Status', 'Message', 'Problem', 'Objective', 'Variable', 'Constraint']
Shuttle totals (OUT+RET): q0=10, q1=10, q2=10
MP stats (solver): nodes=0 best_bound=0.293303214800568 incumbent=0.2933032148005681 gap=None
MP result: status=SolveStatus.OPTIMAL obj=0.293303 lb=0.293303
[CHECK] MP: first=0.293303 theta=0 mp_total=0.293303 inc_obj=0.293303 best_bound=0.293303
[CHECK] MP bounds: mp_obj=0.293303 mp_best_bound=0.293303 mp_best_integer=0.293303 term=optimal status=ok gap=1.11022e-16
[MP] iter=4 incumbent=0.293303 best_bound=0.293303 gap=1.11022e-16 (src: inc=cplex_api bb=lp_relaxation gap=computed)
[MP] iter=4 cuts=3 obj=0.293 last_const=10172.250 last_nnz=68
[MW] core updated (t=0..): min=0.36 max=1.05 mean=0.604
Evaluating Subproblem (SP) at candidate...
2026-08-06 21:24:41,655 INFO | mobauto2_benders.benders.solver | force-added CutType.OPTIMALITY cut 'opt_cut_avg'
2026-08-06 21:24:41,655 INFO | mobauto2_benders.benders.solver | added 1 cut(s)
SP result: recourse=3229.1 feasible=True
[SP PIPELINE] iter=4 build=0.000s solve=0.000s extract=0.000s post=0.000s cutgen=0.080s mode=mw lb_valid=True tl_inc=False vars=- bin=- cons=- lp=-
[CHECK] SP: recourse=3229.1 first=0.293303 sp_total=3229.39
[CUT TIGHTNESS] raw_line(y)=3229.1  SP_ub=3229.1  diff=-2.73e-12
[BENDERS] Added cut #3: const_out=5882.25, const_ret=4192, nnz=66, slope_range=[-735,-3.75], raw_pos_dm=0, scale=1
[BENDERS] Eval cut (dir): OUT lhs=0 rhs=1543.61; RET lhs=0 rhs=1685.49
Master updated: added 1 cut(s): opt_cut_avg
[CUT SUMMARY] it=4 cand=OUT[0,2]|RET[0,21]|RET[0,26]|RET[1,32]|OUT[2,3]|RET[2,5]|OUT[2,7]|RET[2,9]|OUT[2,12]|RET[2,17]|RET[2,31] decision=added skip=None theta_total=0.0 rec_total=3229.098714378356 raw_rhs_total=3229.098714378354 rhs_total=3229.0987143783573 lhs_total=0.0
Timing: master=1.326s sp_solve=0.160s cutgen=0.080s cutadd=0.005s cuts_added=1 total_cuts=4
MP stats: nodes=0 best_bound=0.293303214800568 incumbent=0.2933032148005681 gap=None
[LP-PHASE] it=4 obj=0.293303 rel_improve=0.00496 stall=2/3 cuts=1

=== Iteration 5 ===
Solving Master (MP)...
[SCHEDULE] master gap-tied: time_limit_s=30 mipgap=0.05 g_bd=0.05
[MIPSTART] x-only start applied: n_out=69 n_ret=79
CPLEX Error  3003: Not a mixed-integer problem.
CPLEX Error  3003: Not a mixed-integer problem.
2026-08-06 21:24:42,522 INFO | mobauto2_benders.benders.solver | iter=5 master status=SolveStatus.OPTIMAL obj=0.295475 lb=0.295475
MP raw solver: status=ok term=optimal incumbent=0.2954750697760847 best_bound=None
MP solutions: count=1 keys=['Gap', 'Status', 'Message', 'Problem', 'Objective', 'Variable', 'Constraint']
Shuttle totals (OUT+RET): q0=10, q1=10, q2=9
MP stats (solver): nodes=0 best_bound=0.29547506977608484 incumbent=0.2954750697760847 gap=None
MP result: status=SolveStatus.OPTIMAL obj=0.295475 lb=0.295475
[CHECK] MP: first=0.295475 theta=0 mp_total=0.295475 inc_obj=0.295475 best_bound=0.295475
[CHECK] MP bounds: mp_obj=0.295475 mp_best_bound=0.295475 mp_best_integer=0.295475 term=optimal status=ok gap=0
[MP] iter=5 incumbent=0.295475 best_bound=0.295475 gap=0 (src: inc=cplex_api bb=lp_relaxation gap=computed)
[MP] iter=5 cuts=4 obj=0.295 last_const=10074.250 last_nnz=66
[MW] core updated (t=0..): min=0.252 max=1.03 mean=0.524
Evaluating Subproblem (SP) at candidate...
2026-08-06 21:24:43,615 INFO | mobauto2_benders.benders.solver | force-added CutType.OPTIMALITY cut 'opt_cut_avg'
2026-08-06 21:24:43,615 INFO | mobauto2_benders.benders.solver | added 1 cut(s)
SP result: recourse=2772.81 feasible=True
[SP PIPELINE] iter=5 build=0.000s solve=0.000s extract=0.000s post=0.000s cutgen=0.098s mode=mw lb_valid=True tl_inc=False vars=- bin=- cons=- lp=-
[CHECK] SP: recourse=2772.81 first=0.295475 sp_total=2773.11
[CUT TIGHTNESS] raw_line(y)=2772.81  SP_ub=2772.81  diff=-9.09e-13
[BENDERS] Added cut #4: const_out=5701.75, const_ret=4323, nnz=68, slope_range=[-735,-3.75], raw_pos_dm=0, scale=1
[BENDERS] Eval cut (dir): OUT lhs=0 rhs=1469.98; RET lhs=0 rhs=1302.84
Master updated: added 1 cut(s): opt_cut_avg
[CUT SUMMARY] it=5 cand=RET[0,21]|OUT[1,4]|RET[1,6]|OUT[1,8]|RET[1,17]|OUT[2,5]|RET[2,7]|OUT[2,10]|RET[2,12]|OUT[2,14] decision=added skip=None theta_total=0.0 rec_total=2772.8137100913877 raw_rhs_total=2772.8137100913864 rhs_total=2772.813710091387 lhs_total=0.0
Timing: master=0.867s sp_solve=0.068s cutgen=0.098s cutadd=0.005s cuts_added=1 total_cuts=5
MP stats: nodes=0 best_bound=0.29547506977608484 incumbent=0.2954750697760847 gap=None
[LP-PHASE] it=5 obj=0.295475 rel_improve=0.00217 stall=3/3 cuts=1
[LP-PHASE] off after 5 iteration(s): LP objective stalled for 3 iters (last rel improve 0.00217). 5 cut(s) carried into the MIP phase. No upper bound was claimed while it was on.

=== Iteration 6 ===
Solving Master (MP)...
[SCHEDULE] master gap-tied: time_limit_s=30 mipgap=0.05 g_bd=0.05
[MIPSTART] x-only start applied: n_out=56 n_ret=73
Warning:  No solution found from 1 MIP starts.
2026-08-06 21:25:14,217 WARNING | pyomo.core | Loading a SolverResults object with an 'aborted' status, but containing a solution
2026-08-06 21:25:14,242 WARNING | pyomo.core | Loading a SolverResults object with an 'aborted' status, but containing a solution
2026-08-06 21:25:14,253 INFO | mobauto2_benders.benders.solver | iter=6 master status=SolveStatus.FEASIBLE obj=43.8601 lb=0.321338
MP raw solver: status=aborted term=maxTimeLimit incumbent=43.86005248529031 best_bound=0.3213381672872486
MP solutions: count=1 keys=['Gap', 'Status', 'Message', 'Problem', 'Objective', 'Variable', 'Constraint']
Shuttle totals (OUT+RET): q0=12, q1=12, q2=12
MP stats (solver): nodes=3836 best_bound=0.3213381672872486 incumbent=43.86005248529031 gap=0.992673557162425
MP result: status=SolveStatus.FEASIBLE obj=43.8601 lb=0.321338
[CHECK] MP: first=0.36 theta=43.5001 mp_total=43.8601 inc_obj=43.8601 best_bound=0.321338
[CHECK] MP bounds: mp_obj=43.8601 mp_best_bound=0.321338 mp_best_integer=43.8601 term=maxTimeLimit status=aborted gap=0.992674
[MP] iter=6 incumbent=43.8601 best_bound=0.321338 gap=0.992674 (src: inc=cplex_api bb=cplex_api gap=cplex_api)
[MP] iter=6 cuts=5 obj=43.860 last_const=10024.750 last_nnz=68
[MW] core updated (t=0..): min=0.176 max=0.967 mean=0.489
Evaluating Subproblem (SP) at candidate...
2026-08-06 21:25:16,476 INFO | mobauto2_benders.benders.solver | force-added CutType.OPTIMALITY cut 'opt_cut_avg'
2026-08-06 21:25:16,476 INFO | mobauto2_benders.benders.solver | added 1 cut(s)
2026-08-06 21:25:16,476 INFO | mobauto2_benders.benders.solver | bounds: best_lb=0.321338 best_ub=2981.61 gap=2981.29 rel=1
SP result: recourse=2981.25 feasible=True
[SP PIPELINE] iter=6 build=0.000s solve=0.000s extract=0.000s post=0.000s cutgen=0.105s mode=mw lb_valid=True tl_inc=False vars=- bin=- cons=- lp=-
[CHECK] SP: recourse=2981.25 first=0.36 sp_total=2981.61
[CUT TIGHTNESS] raw_line(y)=2981.25  SP_ub=2981.25  diff=-9.09e-13
[BENDERS] Added cut #5: const_out=6182.25, const_ret=4831.5, nnz=66, slope_range=[-735,-3.75], raw_pos_dm=0, scale=1
[BENDERS] Eval cut (dir): OUT lhs=43.5001 rhs=1266; RET lhs=0 rhs=1715.25
Master updated: added 1 cut(s): opt_cut_avg
[CUT SUMMARY] it=6 cand=OUT[0,4]|RET[0,6]|OUT[0,9]|RET[0,11]|OUT[0,17]|RET[0,19]|OUT[0,24]|RET[0,26]|OUT[0,32]|RET[0,35]|OUT[0,39]|RET[0,41]|...(+24) decision=added skip=None theta_total=43.500052485290325 rec_total=2981.25 raw_rhs_total=2981.249999999999 rhs_total=2981.25 lhs_total=43.500052485290325
Timing: master=30.637s sp_solve=0.149s cutgen=0.105s cutadd=0.007s cuts_added=1 total_cuts=6
MP stats: nodes=3836 best_bound=0.3213381672872486 incumbent=43.86005248529031 gap=0.992673557162425
[CHECK] GAP: LB=0.321338 UB=2981.61 gap=2981.29 rel=1

=== Iteration 7 ===
Solving Master (MP)...
[SCHEDULE] master gap-tied: time_limit_s=30 mipgap=0.05 g_bd=1
[MIPSTART] x-only start applied: n_out=132 n_ret=132
Warning:  No solution found from 1 MIP starts.
2026-08-06 21:25:47,023 WARNING | pyomo.core | Loading a SolverResults object with an 'aborted' status, but containing a solution
2026-08-06 21:25:47,031 WARNING | pyomo.core | Loading a SolverResults object with an 'aborted' status, but containing a solution
2026-08-06 21:25:47,037 INFO | mobauto2_benders.benders.solver | iter=7 master status=SolveStatus.FEASIBLE obj=216.36 lb=0.321908
MP raw solver: status=aborted term=maxTimeLimit incumbent=216.36005248529028 best_bound=0.3219080351205619
MP solutions: count=1 keys=['Gap', 'Status', 'Message', 'Problem', 'Objective', 'Variable', 'Constraint']
Shuttle totals (OUT+RET): q0=12, q1=12, q2=12
MP stats (solver): nodes=3881 best_bound=0.3219080351205619 incumbent=216.36005248529028 gap=0.9985121651084722
MP result: status=SolveStatus.FEASIBLE obj=216.36 lb=0.321908
[CHECK] MP: first=0.36 theta=216 mp_total=216.36 inc_obj=216.36 best_bound=0.321908
[CHECK] MP bounds: mp_obj=216.36 mp_best_bound=0.321908 mp_best_integer=216.36 term=maxTimeLimit status=aborted gap=0.998512
[MP] iter=7 incumbent=216.36 best_bound=0.321908 gap=0.998512 (src: inc=cplex_api bb=cplex_api gap=cplex_api)
[MP] iter=7 cuts=6 obj=216.360 last_const=11013.750 last_nnz=66
[MW] core updated (t=0..): min=0.124 max=0.977 mean=0.465
Evaluating Subproblem (SP) at candidate...
2026-08-06 21:25:48,447 INFO | mobauto2_benders.benders.solver | force-added CutType.OPTIMALITY cut 'opt_cut_avg'
2026-08-06 21:25:48,447 INFO | mobauto2_benders.benders.solver | added 1 cut(s)
2026-08-06 21:25:48,447 INFO | mobauto2_benders.benders.solver | bounds: best_lb=0.321908 best_ub=2572.36 gap=2572.04 rel=1
SP result: recourse=2572 feasible=True
[SP PIPELINE] iter=7 build=0.000s solve=0.000s extract=0.000s post=0.000s cutgen=0.055s mode=mw lb_valid=True tl_inc=False vars=- bin=- cons=- lp=-
[CHECK] SP: recourse=2572 first=0.36 sp_total=2572.36
[CUT TIGHTNESS] raw_line(y)=2572  SP_ub=2572  diff=-9.09e-13
[BENDERS] Added cut #6: const_out=5880, const_ret=3610.75, nnz=63, slope_range=[-735,-15], raw_pos_dm=0, scale=1
[BENDERS] Eval cut (dir): OUT lhs=216 rhs=1383.75; RET lhs=0 rhs=1188.25
Master updated: added 1 cut(s): opt_cut_avg
[CUT SUMMARY] it=7 cand=OUT[0,2]|RET[0,4]|OUT[0,7]|RET[0,9]|OUT[0,12]|RET[0,17]|OUT[0,25]|RET[0,27]|OUT[0,32]|RET[0,34]|OUT[0,37]|RET[0,39]|...(+24) decision=added skip=None theta_total=216.00005248529033 rec_total=2572.0 raw_rhs_total=2571.999999999999 rhs_total=2571.999999999998 lhs_total=216.00005248529033
Timing: master=30.560s sp_solve=0.118s cutgen=0.055s cutadd=0.002s cuts_added=1 total_cuts=7
MP stats: nodes=3881 best_bound=0.3219080351205619 incumbent=216.36005248529028 gap=0.9985121651084722
[CHECK] GAP: LB=0.321908 UB=2572.36 gap=2572.04 rel=1

=== Iteration 8 ===
Solving Master (MP)...
[SCHEDULE] master gap-tied: time_limit_s=30 mipgap=0.05 g_bd=1
[MIPSTART] x-only start applied: n_out=132 n_ret=132
Warning:  No solution found from 1 MIP starts.
2026-08-06 21:26:18,746 WARNING | pyomo.core | Loading a SolverResults object with an 'aborted' status, but containing a solution
2026-08-06 21:26:18,752 WARNING | pyomo.core | Loading a SolverResults object with an 'aborted' status, but containing a solution
2026-08-06 21:26:18,758 INFO | mobauto2_benders.benders.solver | iter=8 master status=SolveStatus.FEASIBLE obj=209.61 lb=0.334286
MP raw solver: status=aborted term=maxTimeLimit incumbent=209.6100125101705 best_bound=0.3342863950763055
MP solutions: count=1 keys=['Gap', 'Status', 'Message', 'Problem', 'Objective', 'Variable', 'Constraint']
Shuttle totals (OUT+RET): q0=12, q1=12, q2=12
MP stats (solver): nodes=3808 best_bound=0.3342863950763055 incumbent=209.6100125101705 gap=0.9984051983434717
MP result: status=SolveStatus.FEASIBLE obj=209.61 lb=0.334286
[CHECK] MP: first=1.11 theta=208.5 mp_total=209.61 inc_obj=209.61 best_bound=0.334286
[CHECK] MP bounds: mp_obj=209.61 mp_best_bound=0.334286 mp_best_integer=209.61 term=maxTimeLimit status=aborted gap=0.998405
[MP] iter=8 incumbent=209.61 best_bound=0.334286 gap=0.998405 (src: inc=cplex_api bb=cplex_api gap=cplex_api)
[MP] iter=8 cuts=7 obj=209.610 last_const=9490.750 last_nnz=63
[MW] core updated (t=0..): min=0.0865 max=1.13 mean=0.448
Evaluating Subproblem (SP) at candidate...
2026-08-06 21:26:19,676 INFO | mobauto2_benders.benders.solver | force-added CutType.OPTIMALITY cut 'opt_cut_avg'
2026-08-06 21:26:19,677 INFO | mobauto2_benders.benders.solver | added 1 cut(s)
2026-08-06 21:26:19,677 INFO | mobauto2_benders.benders.solver | bounds: best_lb=0.334286 best_ub=2572.36 gap=2572.03 rel=1
SP result: recourse=2686 feasible=True
[SP PIPELINE] iter=8 build=0.000s solve=0.000s extract=0.000s post=0.000s cutgen=0.063s mode=mw lb_valid=True tl_inc=False vars=- bin=- cons=- lp=-
[CHECK] SP: recourse=2686 first=1.11 sp_total=2687.11
[CUT TIGHTNESS] raw_line(y)=2686  SP_ub=2686  diff=0
[BENDERS] Added cut #7: const_out=5328.5, const_ret=3627.5, nnz=65, slope_range=[-735,-3.75], raw_pos_dm=0, scale=1
[BENDERS] Eval cut (dir): OUT lhs=208.5 rhs=1533.5; RET lhs=0 rhs=1152.5
Master updated: added 1 cut(s): opt_cut_avg
[CUT SUMMARY] it=8 cand=OUT[0,3]|RET[0,5]|OUT[0,7]|RET[0,9]|OUT[0,13]|RET[0,15]|OUT[0,23]|RET[0,25]|OUT[0,32]|RET[0,35]|OUT[0,39]|RET[0,41]|...(+24) decision=added skip=None theta_total=208.50001251017056 rec_total=2686.0 raw_rhs_total=2686.0 rhs_total=2686.0 lhs_total=208.50001251017056
Timing: master=30.311s sp_solve=0.062s cutgen=0.063s cutadd=0.004s cuts_added=1 total_cuts=8
MP stats: nodes=3808 best_bound=0.3342863950763055 incumbent=209.6100125101705 gap=0.9984051983434717
[CHECK] GAP: LB=0.334286 UB=2572.36 gap=2572.03 rel=1

=== Iteration 9 ===
Solving Master (MP)...
[SCHEDULE] master gap-tied: time_limit_s=30 mipgap=0.05 g_bd=1
[MIPSTART] x-only start applied: n_out=132 n_ret=132
Warning:  No solution found from 1 MIP starts.
2026-08-06 21:26:50,329 WARNING | pyomo.core | Loading a SolverResults object with an 'aborted' status, but containing a solution
2026-08-06 21:26:50,351 WARNING | pyomo.core | Loading a SolverResults object with an 'aborted' status, but containing a solution
2026-08-06 21:26:50,368 INFO | mobauto2_benders.benders.solver | iter=9 master status=SolveStatus.FEASIBLE obj=303.11 lb=0.334318
MP raw solver: status=aborted term=maxTimeLimit incumbent=303.11013102434237 best_bound=0.3343176530001056
MP solutions: count=1 keys=['Gap', 'Status', 'Message', 'Problem', 'Objective', 'Variable', 'Constraint']
Shuttle totals (OUT+RET): q0=12, q1=12, q2=12
MP stats (solver): nodes=2433 best_bound=0.3343176530001056 incumbent=303.11013102434237 gap=0.9988970422995426
MP result: status=SolveStatus.FEASIBLE obj=303.11 lb=0.334318
[CHECK] MP: first=0.36 theta=302.75 mp_total=303.11 inc_obj=303.11 best_bound=0.334318
[CHECK] MP bounds: mp_obj=303.11 mp_best_bound=0.334318 mp_best_integer=303.11 term=maxTimeLimit status=aborted gap=0.998897
[MP] iter=9 incumbent=303.11 best_bound=0.334318 gap=0.998897 (src: inc=cplex_api bb=cplex_api gap=cplex_api)
[MP] iter=9 cuts=8 obj=303.110 last_const=8956.000 last_nnz=65
[MW] core updated (t=0..): min=0.0605 max=1.09 mean=0.437
Evaluating Subproblem (SP) at candidate...
2026-08-06 21:26:51,363 INFO | mobauto2_benders.benders.solver | force-added CutType.OPTIMALITY cut 'opt_cut_avg'
2026-08-06 21:26:51,363 INFO | mobauto2_benders.benders.solver | added 1 cut(s)
2026-08-06 21:26:51,363 INFO | mobauto2_benders.benders.solver | bounds: best_lb=0.334318 best_ub=2572.36 gap=2572.03 rel=1
SP result: recourse=2967.5 feasible=True
[SP PIPELINE] iter=9 build=0.000s solve=0.000s extract=0.000s post=0.000s cutgen=0.049s mode=mw lb_valid=True tl_inc=False vars=- bin=- cons=- lp=-
[CHECK] SP: recourse=2967.5 first=0.36 sp_total=2967.86
[CUT TIGHTNESS] raw_line(y)=2967.5  SP_ub=2967.5  diff=4.55e-13
[BENDERS] Added cut #8: const_out=5449.25, const_ret=4114.5, nnz=63, slope_range=[-735,-3.75], raw_pos_dm=0, scale=1
[BENDERS] Eval cut (dir): OUT lhs=284.5 rhs=1601.75; RET lhs=18.25 rhs=1365.75
Master updated: added 1 cut(s): opt_cut_avg
[CUT SUMMARY] it=9 cand=OUT[0,4]|RET[0,6]|OUT[0,9]|RET[0,11]|OUT[0,15]|RET[0,17]|OUT[0,24]|RET[0,26]|OUT[0,29]|RET[0,32]|OUT[0,37]|RET[0,39]|...(+24) decision=added skip=None theta_total=302.7501310243424 rec_total=2967.5 raw_rhs_total=2967.5000000000005 rhs_total=2967.5000000000005 lhs_total=302.7501310243424
Timing: master=30.691s sp_solve=0.075s cutgen=0.049s cutadd=0.003s cuts_added=1 total_cuts=9
MP stats: nodes=2433 best_bound=0.3343176530001056 incumbent=303.11013102434237 gap=0.9988970422995426
[CHECK] GAP: LB=0.334318 UB=2572.36 gap=2572.03 rel=1

=== Iteration 10 ===
Solving Master (MP)...
[SCHEDULE] master gap-tied: time_limit_s=30 mipgap=0.05 g_bd=1
[MIPSTART] x-only start applied: n_out=132 n_ret=132
2026-08-06 21:27:21,721 WARNING | pyomo.core | Loading a SolverResults object with an 'aborted' status, but containing a solution
2026-08-06 21:27:21,736 WARNING | pyomo.core | Loading a SolverResults object with an 'aborted' status, but containing a solution
2026-08-06 21:27:21,741 INFO | mobauto2_benders.benders.solver | iter=10 master status=SolveStatus.FEASIBLE obj=327.11 lb=0.340407
MP raw solver: status=aborted term=maxTimeLimit incumbent=327.1100326371018 best_bound=0.34040726192753334
MP solutions: count=1 keys=['Gap', 'Status', 'Message', 'Problem', 'Objective', 'Variable', 'Constraint']
Shuttle totals (OUT+RET): q0=12, q1=12, q2=12
MP stats (solver): nodes=2818 best_bound=0.34040726192753334 incumbent=327.1100326371018 gap=0.9989593493685195
MP result: status=SolveStatus.FEASIBLE obj=327.11 lb=0.340407
[CHECK] MP: first=0.86 theta=326.25 mp_total=327.11 inc_obj=327.11 best_bound=0.340407
[CHECK] MP bounds: mp_obj=327.11 mp_best_bound=0.340407 mp_best_integer=327.11 term=maxTimeLimit status=aborted gap=0.998959
[MP] iter=10 incumbent=327.11 best_bound=0.340407 gap=0.998959 (src: inc=cplex_api bb=cplex_api gap=cplex_api)
[MP] iter=10 cuts=9 obj=327.110 last_const=9563.750 last_nnz=63
[MW] core updated (t=0..): min=0.0424 max=0.985 mean=0.428
Evaluating Subproblem (SP) at candidate...
2026-08-06 21:27:23,528 INFO | mobauto2_benders.benders.solver | force-added CutType.OPTIMALITY cut 'opt_cut_avg'
2026-08-06 21:27:23,529 INFO | mobauto2_benders.benders.solver | added 1 cut(s)
2026-08-06 21:27:23,529 INFO | mobauto2_benders.benders.solver | bounds: best_lb=0.340407 best_ub=2572.36 gap=2572.02 rel=1
SP result: recourse=2690.25 feasible=True
[SP PIPELINE] iter=10 build=0.000s solve=0.000s extract=0.000s post=0.000s cutgen=0.145s mode=mw lb_valid=True tl_inc=False vars=- bin=- cons=- lp=-
[CHECK] SP: recourse=2690.25 first=0.86 sp_total=2691.11
[CUT TIGHTNESS] raw_line(y)=2690.25  SP_ub=2690.25  diff=0
[BENDERS] Added cut #9: const_out=6871.5, const_ret=3978.75, nnz=66, slope_range=[-735,-7.5], raw_pos_dm=0, scale=1
[BENDERS] Eval cut (dir): OUT lhs=279.75 rhs=1471.5; RET lhs=46.5 rhs=1218.75
Master updated: added 1 cut(s): opt_cut_avg
[CUT SUMMARY] it=10 cand=OUT[0,1]|RET[0,3]|OUT[0,6]|RET[0,8]|OUT[0,11]|RET[0,13]|OUT[0,19]|RET[0,21]|OUT[0,27]|RET[0,35]|OUT[0,39]|RET[0,41]|...(+24) decision=added skip=None theta_total=326.25003263710187 rec_total=2690.25 raw_rhs_total=2690.25 rhs_total=2690.25 lhs_total=326.25003263710187
Timing: master=30.379s sp_solve=0.113s cutgen=0.145s cutadd=0.005s cuts_added=1 total_cuts=10
MP stats: nodes=2818 best_bound=0.34040726192753334 incumbent=327.1100326371018 gap=0.9989593493685195
[CHECK] GAP: LB=0.340407 UB=2572.36 gap=2572.02 rel=1

=== Iteration 11 ===
Solving Master (MP)...
[SCHEDULE] master gap-tied: time_limit_s=30 mipgap=0.05 g_bd=1
[MIPSTART] x-only start applied: n_out=132 n_ret=132
2026-08-06 21:27:55,252 WARNING | pyomo.core | Loading a SolverResults object with an 'aborted' status, but containing a solution
2026-08-06 21:27:55,265 WARNING | pyomo.core | Loading a SolverResults object with an 'aborted' status, but containing a solution
2026-08-06 21:27:55,272 INFO | mobauto2_benders.benders.solver | iter=11 master status=SolveStatus.FEASIBLE obj=491.84 lb=0.340509
MP raw solver: status=aborted term=maxTimeLimit incumbent=491.84003241124884 best_bound=0.34050876872184194
MP solutions: count=1 keys=['Gap', 'Status', 'Message', 'Problem', 'Objective', 'Variable', 'Constraint']
Shuttle totals (OUT+RET): q0=12, q1=12, q2=10
MP stats (solver): nodes=2205 best_bound=0.34050876872184194 incumbent=491.84003241124884 gap=0.9993076839086228
MP result: status=SolveStatus.FEASIBLE obj=491.84 lb=0.340509
[CHECK] MP: first=0.59 theta=491.25 mp_total=491.84 inc_obj=491.84 best_bound=0.340509
[CHECK] MP bounds: mp_obj=491.84 mp_best_bound=0.340509 mp_best_integer=491.84 term=maxTimeLimit status=aborted gap=0.999308
[MP] iter=11 incumbent=491.84 best_bound=0.340509 gap=0.999308 (src: inc=cplex_api bb=cplex_api gap=cplex_api)
[MP] iter=11 cuts=10 obj=491.840 last_const=10850.250 last_nnz=66
[MW] core updated (t=0..): min=0.0297 max=1.09 mean=0.416
Evaluating Subproblem (SP) at candidate...
2026-08-06 21:27:56,793 INFO | mobauto2_benders.benders.solver | force-added CutType.OPTIMALITY cut 'opt_cut_avg'
2026-08-06 21:27:56,793 INFO | mobauto2_benders.benders.solver | added 1 cut(s)
2026-08-06 21:27:56,794 INFO | mobauto2_benders.benders.solver | bounds: best_lb=0.340509 best_ub=2572.36 gap=2572.02 rel=1
SP result: recourse=2842.75 feasible=True
[SP PIPELINE] iter=11 build=0.000s solve=0.000s extract=0.000s post=0.000s cutgen=0.088s mode=mw lb_valid=True tl_inc=False vars=- bin=- cons=- lp=-
[CHECK] SP: recourse=2842.75 first=0.59 sp_total=2843.34
[CUT TIGHTNESS] raw_line(y)=2842.75  SP_ub=2842.75  diff=0
[BENDERS] Added cut #10: const_out=6871.5, const_ret=2485, nnz=65, slope_range=[-735,-3.75], raw_pos_dm=0, scale=1
[BENDERS] Eval cut (dir): OUT lhs=438.75 rhs=1602.75; RET lhs=52.5 rhs=1240
Master updated: added 1 cut(s): opt_cut_avg
[CUT SUMMARY] it=11 cand=OUT[0,5]|RET[0,7]|OUT[0,9]|RET[0,11]|OUT[0,15]|RET[0,17]|OUT[0,27]|RET[0,31]|OUT[0,35]|RET[0,37]|OUT[0,39]|RET[0,41]|...(+22) decision=added skip=None theta_total=491.25003241124887 rec_total=2842.75 raw_rhs_total=2842.75 rhs_total=2842.749999999999 lhs_total=491.25003241124887
Timing: master=31.743s sp_solve=0.116s cutgen=0.088s cutadd=0.004s cuts_added=1 total_cuts=11
MP stats: nodes=2205 best_bound=0.34050876872184194 incumbent=491.84003241124884 gap=0.9993076839086228
[CHECK] GAP: LB=0.340509 UB=2572.36 gap=2572.02 rel=1

=== Iteration 12 ===
Solving Master (MP)...
[SCHEDULE] master gap-tied: time_limit_s=30 mipgap=0.05 g_bd=1
[MIPSTART] x-only start applied: n_out=132 n_ret=132
2026-08-06 21:28:27,199 WARNING | pyomo.core | Loading a SolverResults object with an 'aborted' status, but containing a solution
2026-08-06 21:28:27,216 WARNING | pyomo.core | Loading a SolverResults object with an 'aborted' status, but containing a solution
2026-08-06 21:28:27,227 INFO | mobauto2_benders.benders.solver | iter=12 master status=SolveStatus.FEASIBLE obj=338.86 lb=0.347408
MP raw solver: status=aborted term=maxTimeLimit incumbent=338.86003263710273 best_bound=0.34740834662796144
MP solutions: count=1 keys=['Gap', 'Status', 'Message', 'Problem', 'Objective', 'Variable', 'Constraint']
Shuttle totals (OUT+RET): q0=12, q1=12, q2=12
MP stats (solver): nodes=3878 best_bound=0.34740834662796144 incumbent=338.86003263710273 gap=0.9989747733185758
MP result: status=SolveStatus.FEASIBLE obj=338.86 lb=0.347408
[CHECK] MP: first=0.36 theta=338.5 mp_total=338.86 inc_obj=338.86 best_bound=0.347408
[CHECK] MP bounds: mp_obj=338.86 mp_best_bound=0.347408 mp_best_integer=338.86 term=maxTimeLimit status=aborted gap=0.998975
[MP] iter=12 incumbent=338.86 best_bound=0.347408 gap=0.998975 (src: inc=cplex_api bb=cplex_api gap=cplex_api)
[MP] iter=12 cuts=11 obj=338.860 last_const=9356.500 last_nnz=65
[MW] core updated (t=0..): min=0.0208 max=1.06 mean=0.414
Evaluating Subproblem (SP) at candidate...
2026-08-06 21:28:31,602 INFO | mobauto2_benders.benders.solver | force-added CutType.OPTIMALITY cut 'opt_cut_avg'
2026-08-06 21:28:31,602 INFO | mobauto2_benders.benders.solver | added 1 cut(s)
2026-08-06 21:28:31,603 INFO | mobauto2_benders.benders.solver | bounds: best_lb=0.347408 best_ub=2511.36 gap=2511.01 rel=1
SP result: recourse=2511 feasible=True
[SP PIPELINE] iter=12 build=0.000s solve=0.000s extract=0.000s post=0.000s cutgen=0.341s mode=mw lb_valid=True tl_inc=False vars=- bin=- cons=- lp=-
[CHECK] SP: recourse=2511 first=0.36 sp_total=2511.36
[CUT TIGHTNESS] raw_line(y)=2511  SP_ub=2511  diff=0
[BENDERS] Added cut #11: const_out=5543.5, const_ret=4388.75, nnz=65, slope_range=[-735,-15], raw_pos_dm=0, scale=1
[BENDERS] Eval cut (dir): OUT lhs=261 rhs=1392.25; RET lhs=77.5 rhs=1118.75
Master updated: added 1 cut(s): opt_cut_avg
[CUT SUMMARY] it=12 cand=OUT[0,3]|RET[0,5]|OUT[0,8]|RET[0,10]|OUT[0,13]|RET[0,15]|OUT[0,23]|RET[0,25]|OUT[0,33]|RET[0,35]|OUT[0,38]|RET[0,40]|...(+24) decision=added skip=None theta_total=338.5000326371028 rec_total=2511.0 raw_rhs_total=2511.0 rhs_total=2511.0 lhs_total=338.5000326371028
Timing: master=30.433s sp_solve=0.319s cutgen=0.341s cutadd=0.011s cuts_added=1 total_cuts=12
MP stats: nodes=3878 best_bound=0.34740834662796144 incumbent=338.86003263710273 gap=0.9989747733185758
[CHECK] GAP: LB=0.347408 UB=2511.36 gap=2511.01 rel=1

=== Iteration 13 ===
Solving Master (MP)...
[SCHEDULE] master gap-tied: time_limit_s=30 mipgap=0.05 g_bd=1
[MIPSTART] x-only start applied: n_out=132 n_ret=132
Advanced basis not built.
Advanced basis not built.
2026-08-06 21:29:02,999 WARNING | pyomo.core | Loading a SolverResults object with an 'aborted' status, but containing a solution
2026-08-06 21:29:03,003 WARNING | pyomo.core | Loading a SolverResults object with an 'aborted' status, but containing a solution
2026-08-06 21:29:03,006 INFO | mobauto2_benders.benders.solver | iter=13 master status=SolveStatus.FEASIBLE obj=451.36 lb=0.34783
MP raw solver: status=aborted term=maxTimeLimit incumbent=451.3599936655405 best_bound=0.3478303486825718
MP solutions: count=1 keys=['Gap', 'Status', 'Message', 'Problem', 'Objective', 'Variable', 'Constraint']
Shuttle totals (OUT+RET): q0=12, q1=12, q2=12
MP stats (solver): nodes=3961 best_bound=0.3478303486825718 incumbent=451.3599936655405 gap=0.9992293726655795
MP result: status=SolveStatus.FEASIBLE obj=451.36 lb=0.34783
[CHECK] MP: first=0.36 theta=451 mp_total=451.36 inc_obj=451.36 best_bound=0.34783
[CHECK] MP bounds: mp_obj=451.36 mp_best_bound=0.34783 mp_best_integer=451.36 term=maxTimeLimit status=aborted gap=0.999229
[MP] iter=13 incumbent=451.36 best_bound=0.34783 gap=0.999229 (src: inc=cplex_api bb=cplex_api gap=cplex_api)
[MP] iter=13 cuts=12 obj=451.360 last_const=9932.250 last_nnz=65
[MW] core updated (t=0..): min=0.0145 max=1.04 mean=0.412
Evaluating Subproblem (SP) at candidate...
2026-08-06 21:29:03,753 INFO | mobauto2_benders.benders.solver | force-added CutType.OPTIMALITY cut 'opt_cut_avg'
2026-08-06 21:29:03,753 INFO | mobauto2_benders.benders.solver | added 1 cut(s)
2026-08-06 21:29:03,753 INFO | mobauto2_benders.benders.solver | bounds: best_lb=0.34783 best_ub=2232.11 gap=2231.76 rel=1
SP result: recourse=2231.75 feasible=True
[SP PIPELINE] iter=13 build=0.000s solve=0.000s extract=0.000s post=0.000s cutgen=0.049s mode=mw lb_valid=True tl_inc=False vars=- bin=- cons=- lp=-
[CHECK] SP: recourse=2231.75 first=0.36 sp_total=2232.11
[CUT TIGHTNESS] raw_line(y)=2231.75  SP_ub=2231.75  diff=0
[BENDERS] Added cut #12: const_out=6860, const_ret=3441.75, nnz=65, slope_range=[-735,-3.75], raw_pos_dm=0, scale=1
[BENDERS] Eval cut (dir): OUT lhs=335.25 rhs=1197.5; RET lhs=115.75 rhs=1034.25
Master updated: added 1 cut(s): opt_cut_avg
[CUT SUMMARY] it=13 cand=OUT[0,4]|RET[0,6]|OUT[0,9]|RET[0,12]|OUT[0,17]|RET[0,19]|OUT[0,23]|RET[0,25]|OUT[0,32]|RET[0,35]|OUT[0,38]|RET[0,40]|...(+24) decision=added skip=None theta_total=450.9999936655318 rec_total=2231.75 raw_rhs_total=2231.749999747 rhs_total=2231.749999747002 lhs_total=450.9999936655318
Timing: master=31.403s sp_solve=0.050s cutgen=0.049s cutadd=0.002s cuts_added=1 total_cuts=13
MP stats: nodes=3961 best_bound=0.3478303486825718 incumbent=451.3599936655405 gap=0.9992293726655795
[CHECK] GAP: LB=0.34783 UB=2232.11 gap=2231.76 rel=1

=== Iteration 14 ===
Solving Master (MP)...
[SCHEDULE] master gap-tied: time_limit_s=30 mipgap=0.05 g_bd=1
[SCHEDULE] budget clamp: time_limit_s=27 (run budget nearly spent; this run is not reproducible)
[MIPSTART] x-only start applied: n_out=132 n_ret=132
2026-08-06 21:29:30,602 WARNING | pyomo.core | Loading a SolverResults object with an 'aborted' status, but containing a solution
2026-08-06 21:29:30,606 WARNING | pyomo.core | Loading a SolverResults object with an 'aborted' status, but containing a solution
2026-08-06 21:29:30,606 INFO | mobauto2_benders.benders.solver | iter=14 master status=SolveStatus.FEASIBLE obj=449.36 lb=0.350915
MP raw solver: status=aborted term=maxTimeLimit incumbent=449.3600136706753 best_bound=0.35091471281508896
MP solutions: count=1 keys=['Gap', 'Status', 'Message', 'Problem', 'Objective', 'Variable', 'Constraint']
Shuttle totals (OUT+RET): q0=12, q1=12, q2=12
MP stats (solver): nodes=3922 best_bound=0.35091471281508896 incumbent=449.3600136706753 gap=0.9992190789072475
MP result: status=SolveStatus.FEASIBLE obj=449.36 lb=0.350915
[CHECK] MP: first=0.36 theta=449 mp_total=449.36 inc_obj=449.36 best_bound=0.350915
[CHECK] MP bounds: mp_obj=449.36 mp_best_bound=0.350915 mp_best_integer=449.36 term=maxTimeLimit status=aborted gap=0.999219
[MP] iter=14 incumbent=449.36 best_bound=0.350915 gap=0.999219 (src: inc=cplex_api bb=cplex_api gap=cplex_api)
[MP] iter=14 cuts=13 obj=449.360 last_const=10301.750 last_nnz=65
[MW] core updated (t=0..): min=0.0102 max=1.03 mean=0.411
Evaluating Subproblem (SP) at candidate...
2026-08-06 21:29:31,340 INFO | mobauto2_benders.benders.solver | force-added CutType.OPTIMALITY cut 'opt_cut_avg'
2026-08-06 21:29:31,341 INFO | mobauto2_benders.benders.solver | added 1 cut(s)
2026-08-06 21:29:31,341 INFO | mobauto2_benders.benders.solver | bounds: best_lb=0.350915 best_ub=2016.11 gap=2015.76 rel=1
2026-08-06 21:29:31,341 WARNING | mobauto2_benders.benders.solver | Time limit reached after 14 iterations
SP result: recourse=2015.75 feasible=True
[SP PIPELINE] iter=14 build=0.000s solve=0.000s extract=0.000s post=0.000s cutgen=0.045s mode=mw lb_valid=True tl_inc=False vars=- bin=- cons=- lp=-
[CHECK] SP: recourse=2015.75 first=0.36 sp_total=2016.11
[CUT TIGHTNESS] raw_line(y)=2015.75  SP_ub=2015.75  diff=0
[BENDERS] Added cut #13: const_out=4304.75, const_ret=1491, nnz=64, slope_range=[-735,-11.2], raw_pos_dm=0, scale=1
[BENDERS] Eval cut (dir): OUT lhs=410 rhs=1244.75; RET lhs=39 rhs=771
Master updated: added 1 cut(s): opt_cut_avg
[CUT SUMMARY] it=14 cand=OUT[0,4]|RET[0,6]|OUT[0,8]|RET[0,10]|OUT[0,17]|RET[0,19]|OUT[0,22]|RET[0,25]|OUT[0,33]|RET[0,35]|OUT[0,38]|RET[0,40]|...(+24) decision=added skip=None theta_total=449.0000136706538 rec_total=2015.75 raw_rhs_total=2015.749999401784 rhs_total=2015.749999401784 lhs_total=449.0000136706538
Timing: master=26.857s sp_solve=0.057s cutgen=0.045s cutadd=0.002s cuts_added=1 total_cuts=14
MP stats: nodes=3922 best_bound=0.35091471281508896 incumbent=449.3600136706753 gap=0.9992190789072475
[CHECK] GAP: LB=0.350915 UB=2016.11 gap=2015.76 rel=1

Time limit reached after 14 iterations.
Total solve time: 301.047 seconds
Best bounds: LB=0.350915 UB=2016.11 gap=2015.76 rel=1

Best Master Solution:
Q=3 T=44
theta = 449
  - theta_out = 410
  - theta_ret = 39
Timeline (per shuttle):
           0     1     2     3     4     5     6     7     8     9    10    11    12    13    14    15    16    17    18    19    20    21    22    23    24    25    26    27    28    29    30    31    32    33    34    35    36    37    38    39    40    41    42    43
  q=0:   IDL   IDL   IDL   IDL   OUT   INT   RET   INT   OUT   INT   RET   INT   CHR   CHR   CHR   CHR   CHR   OUT   INT   RET   INT   CHR   OUT   INT   IDL   RET   INT   CHR   CHR   CHR   CHR   CHR   CHR   OUT   INT   RET   INT   CHR   OUT   INT   RET   INT   IDL   IDL
  q=1:   IDL   IDL   IDL   OUT   INT   RET   INT   OUT   INT   RET   INT   CHR   CHR   OUT   INT   RET   INT   CHR   CHR   CHR   CHR   CHR   CHR   CHR   CHR   CHR   OUT   INT   RET   INT   CHR   OUT   INT   IDL   IDL   IDL   RET   INT   CHR   OUT   INT   RET   INT   IDL
  q=2:   IDL   IDL   OUT   INT   RET   INT   OUT   INT   RET   INT   CHR   CHR   OUT   INT   RET   INT   CHR   CHR   CHR   CHR   CHR   OUT   INT   RET   INT   CHR   CHR   OUT   INT   IDL   IDL   IDL   RET   INT   CHR   CHR   CHR   OUT   INT   RET   INT   IDL   IDL   IDL
Battery (per shuttle):
           0     1     2     3     4     5     6     7     8     9    10    11    12    13    14    15    16    17    18    19    20    21    22    23    24    25    26    27    28    29    30    31    32    33    34    35    36    37    38    39    40    41    42    43
  q=0:   150   150   150   150   150   120   120    90    90    60    60    30    30    47    65    77    90   102    72    72    42    42    60    30    30    30    -0    -0    17    35    52    69    86   102    72    72    42    42    60    30    30    -0     0     0
  q=1:   150   150   150   150   120   120    90    90    60    60    30    30    45    60    30    30    -0    -0    17    35    52    70    87   103   119   134   150   120   120    90    90   108    78    78    78    78    78    48    48    65    35    35     5     5
  q=2:   150   150   150   120   120    90    90    60    60    30    30    48    65    35    35     5     5    22    40    57    75    92    62    62    33    33    50    67    38    38    38    38    38     7     7    25    43    60    30    30     0     0     0     0

Scenario 1: setups/base.yaml
Demand per slot (OUT/RET):
         0   1   2   3   4   5   6   7   8   9  10  11  12  13  14  15  16  17  18  19  20  21  22  23  24  25  26  27  28  29  30  31  32  33  34  35  36  37  38  39  40  41  42  43
  OUT:   7  12  13   9  12  17  16   6   7  10   5   3   2   2   2   2   2   0   1   3   4   1   2   1   0   1   3   1   1   0   0   2   0   0   1   0   0   0   2   0   0   0   0   0
  RET:   1   2   1   0   1   1   0   0   0   0   2   2   2   1   3   4   1   3   2   2   5   3   3   9   1   7   3   4   4   2   2   5  10   9   6   9  10  14   9   7   0   0   0   0
Passengers per shuttle and slot (OUT):
         0   1   2   3   4   5   6   7   8   9  10  11  12  13  14  15  16  17  18  19  20  21  22  23  24  25  26  27  28  29  30  31  32  33  34  35  36  37  38  39  40  41  42  43
  q=0:   0   0   0   0  11   0   0   0  15   0   0   0   0   0   0   0   0   8   0   0   0   0   1   0   0   0   0   0   0   0   0   0   0   2   0   0   0   0   0   0   0   0   0   0
  q=1:   0   0   0  15   0   0   0  15   0   0   0   0   0  12   0   0   0   0   0   0   0   0   0   0   0   0   4   0   0   0   0   2   0   0   0   0   0   0   0   2   0   0   0   0
  q=2:   0   0  15   0   0   0  15   0   0   0   0   0  15   0   0   0   0   0   0   0   0   8   0   0   0   0   0   3   0   0   0   0   0   0   0   0   0   1   0   0   0   0   0   0
Passengers per shuttle and slot (RET):
         0   1   2   3   4   5   6   7   8   9  10  11  12  13  14  15  16  17  18  19  20  21  22  23  24  25  26  27  28  29  30  31  32  33  34  35  36  37  38  39  40  41  42  43
  q=0:   0   0   0   0   0   0   1   0   0   0   0   0   0   0   0   0   0   0   0  10   0   0   0   0   0  10   0   0   0   0   0   0   0   0   0  15   0   0   0   0  15   0   0   0
  q=1:   0   0   0   0   0   1   0   0   0   0   0   0   0   0   0   3   0   0   0   0   0   0   0   0   0   0   0   0  14   0   0   0   0   0   0   0  15   0   0   0   0  14   0   0
  q=2:   0   0   0   0   4   0   0   0   0   0   0   0   0   0   7   0   0   0   0   0   0   0   0  13   0   0   0   0   0   0   0   0  13   0   0   0   0   0   0  15   0   0   0   0
Passengers per shuttle and slot (TOTAL):
         0   1   2   3   4   5   6   7   8   9  10  11  12  13  14  15  16  17  18  19  20  21  22  23  24  25  26  27  28  29  30  31  32  33  34  35  36  37  38  39  40  41  42  43
  q=0:   0   0   0   0  11   0   1   0  15   0   0   0   0   0   0   0   0   8   0  10   0   0   1   0   0  10   0   0   0   0   0   0   0   2   0  15   0   0   0   0  15   0   0   0
  q=1:   0   0   0  15   0   1   0  15   0   0   0   0   0  12   0   3   0   0   0   0   0   0   0   0   0   0   4   0  14   0   0   2   0   0   0   0  15   0   0   2   0  14   0   0
  q=2:   0   0  15   0   4   0  15   0   0   0   0   0  15   0   7   0   0   0   0   0   0   8   0  13   0   0   0   3   0   0   0   0  13   0   0   0   0   1   0  15   0   0   0   0
Pax served: 294/300

Scenario 2: setups/base_plus100_out_noon.yaml
Demand per slot (OUT/RET):
         0   1   2   3   4   5   6   7   8   9  10  11  12  13  14  15  16  17  18  19  20  21  22  23  24  25  26  27  28  29  30  31  32  33  34  35  36  37  38  39  40  41  42  43
  OUT:   7  12  13   9  12  17  16   6   7  10   5   3   2   2   2   2  13  15  11  14  14  15  15  17   0   1   3   1   1   0   0   2   0   0   1   0   0   0   2   0   0   0   0   0
  RET:   1   2   1   0   1   1   0   0   0   0   2   2   2   1   3   4   1   3   2   2   5   3   3   9   1   7   3   4   4   2   2   5  10   9   6   9  10  14   9   7   0   0   0   0
Passengers per shuttle and slot (OUT):
         0   1   2   3   4   5   6   7   8   9  10  11  12  13  14  15  16  17  18  19  20  21  22  23  24  25  26  27  28  29  30  31  32  33  34  35  36  37  38  39  40  41  42  43
  q=0:   0   0   0   0  11   0   0   0  15   0   0   0   0   0   0   0   0  15   0   0   0   0  15   0   0   0   0   0   0   0   0   0   0   2   0   0   0   0   0   0   0   0   0   0
  q=1:   0   0   0  15   0   0   0  15   0   0   0   0   0  12   0   0   0   0   0   0   0   0   0   0   0   0  15   0   0   0   0   2   0   0   0   0   0   0   0   2   0   0   0   0
  q=2:   0   0  15   0   0   0  15   0   0   0   0   0  15   0   0   0   0   0   0   0   0  15   0   0   0   0   0  15   0   0   0   0   0   0   0   0   0   1   0   0   0   0   0   0
Passengers per shuttle and slot (RET):
         0   1   2   3   4   5   6   7   8   9  10  11  12  13  14  15  16  17  18  19  20  21  22  23  24  25  26  27  28  29  30  31  32  33  34  35  36  37  38  39  40  41  42  43
  q=0:   0   0   0   0   0   0   1   0   0   0   0   0   0   0   0   0   0   0   0  10   0   0   0   0   0  10   0   0   0   0   0   0   0   0   0  15   0   0   0   0  15   0   0   0
  q=1:   0   0   0   0   0   1   0   0   0   0   0   0   0   0   0   3   0   0   0   0   0   0   0   0   0   0   0   0  14   0   0   0   0   0   0   0  15   0   0   0   0  14   0   0
  q=2:   0   0   0   0   4   0   0   0   0   0   0   0   0   0   7   0   0   0   0   0   0   0   0  13   0   0   0   0   0   0   0   0  13   0   0   0   0   0   0  15   0   0   0   0
Passengers per shuttle and slot (TOTAL):
         0   1   2   3   4   5   6   7   8   9  10  11  12  13  14  15  16  17  18  19  20  21  22  23  24  25  26  27  28  29  30  31  32  33  34  35  36  37  38  39  40  41  42  43
  q=0:   0   0   0   0  11   0   1   0  15   0   0   0   0   0   0   0   0  15   0  10   0   0  15   0   0  10   0   0   0   0   0   0   0   2   0  15   0   0   0   0  15   0   0   0
  q=1:   0   0   0  15   0   1   0  15   0   0   0   0   0  12   0   3   0   0   0   0   0   0   0   0   0   0  15   0  14   0   0   2   0   0   0   0  15   0   0   2   0  14   0   0
  q=2:   0   0  15   0   4   0  15   0   0   0   0   0  15   0   7   0   0   0   0   0   0  15   0  13   0   0   0  15   0   0   0   0  13   0   0   0   0   1   0  15   0   0   0   0
Pax served: 345/400

Scenario 3: setups/base_ret_peak_adv.yaml
Demand per slot (OUT/RET):
         0   1   2   3   4   5   6   7   8   9  10  11  12  13  14  15  16  17  18  19  20  21  22  23  24  25  26  27  28  29  30  31  32  33  34  35  36  37  38  39  40  41  42  43
  OUT:   7  12  13   9  12  17  16   6   7  10   5   3   2   2   2   2   2   0   1   3   4   1   2   1   0   1   3   1   1   0   0   2   0   0   1   0   0   0   2   0   0   0   0   0
  RET:   1   2   1   0   1   1   0   0   0   0   2   2   2   1   3   4   1   3   2   2   5   3   3   9   8  12   6   9   9  15  11  12   8   5   3   4   0   0   0   0   0   0   0   0
Passengers per shuttle and slot (OUT):
         0   1   2   3   4   5   6   7   8   9  10  11  12  13  14  15  16  17  18  19  20  21  22  23  24  25  26  27  28  29  30  31  32  33  34  35  36  37  38  39  40  41  42  43
  q=0:   0   0   0   0  11   0   0   0  15   0   0   0   0   0   0   0   0   8   0   0   0   0   1   0   0   0   0   0   0   0   0   0   0   2   0   0   0   0   0   0   0   0   0   0
  q=1:   0   0   0  15   0   0   0  15   0   0   0   0   0  12   0   0   0   0   0   0   0   0   0   0   0   0   4   0   0   0   0   2   0   0   0   0   0   0   0   2   0   0   0   0
  q=2:   0   0  15   0   0   0  15   0   0   0   0   0  15   0   0   0   0   0   0   0   0   8   0   0   0   0   0   3   0   0   0   0   0   0   0   0   0   1   0   0   0   0   0   0
Passengers per shuttle and slot (RET):
         0   1   2   3   4   5   6   7   8   9  10  11  12  13  14  15  16  17  18  19  20  21  22  23  24  25  26  27  28  29  30  31  32  33  34  35  36  37  38  39  40  41  42  43
  q=0:   0   0   0   0   0   0   1   0   0   0   0   0   0   0   0   0   0   0   0  10   0   0   0   0   0  15   0   0   0   0   0   0   0   0   0  15   0   0   0   0   0   0   0   0
  q=1:   0   0   0   0   0   1   0   0   0   0   0   0   0   0   0   3   0   0   0   0   0   0   0   0   0   0   0   0  15   0   0   0   0   0   0   0  15   0   0   0   0   0   0   0
  q=2:   0   0   0   0   4   0   0   0   0   0   0   0   0   0   7   0   0   0   0   0   0   0   0  13   0   0   0   0   0   0   0   0  15   0   0   0   0   0   0   2   0   0   0   0
Passengers per shuttle and slot (TOTAL):
         0   1   2   3   4   5   6   7   8   9  10  11  12  13  14  15  16  17  18  19  20  21  22  23  24  25  26  27  28  29  30  31  32  33  34  35  36  37  38  39  40  41  42  43
  q=0:   0   0   0   0  11   0   1   0  15   0   0   0   0   0   0   0   0   8   0  10   0   0   1   0   0  15   0   0   0   0   0   0   0   2   0  15   0   0   0   0   0   0   0   0
  q=1:   0   0   0  15   0   1   0  15   0   0   0   0   0  12   0   3   0   0   0   0   0   0   0   0   0   0   4   0  15   0   0   2   0   0   0   0  15   0   0   2   0   0   0   0
  q=2:   0   0  15   0   4   0  15   0   0   0   0   0  15   0   7   0   0   0   0   0   0   8   0  13   0   0   0   3   0   0   0   0  15   0   0   0   0   1   0   2   0   0   0   0
Pax served: 260/300

Scenario 4: setups/base_vol20_pm60.yaml
Demand per slot (OUT/RET):
         0   1   2   3   4   5   6   7   8   9  10  11  12  13  14  15  16  17  18  19  20  21  22  23  24  25  26  27  28  29  30  31  32  33  34  35  36  37  38  39  40  41  42  43
  OUT:  10  11  12   7  13  18  16   6   6   7   6   3   3   3   2   2   1   1   1   2   4   0   3   0   1   1   4   1   0   1   0   2   0   0   1   0   0   0   1   1   0   0   0   0
  RET:   1   2   1   0   1   1   0   0   0   1   2   2   2   1   3   3   1   3   2   2   5   3   3   7   0   6   5   4   7   2   3   3   9   6   6  10  12  15   8   8   0   0   0   0
Passengers per shuttle and slot (OUT):
         0   1   2   3   4   5   6   7   8   9  10  11  12  13  14  15  16  17  18  19  20  21  22  23  24  25  26  27  28  29  30  31  32  33  34  35  36  37  38  39  40  41  42  43
  q=0:   0   0   0   0  10   0   0   0  15   0   0   0   0   0   0   0   0   8   0   0   0   0   0   0   0   0   0   0   0   0   0   0   0   2   0   0   0   0   0   0   0   0   0   0
  q=1:   0   0   0  15   0   0   0  15   0   0   0   0   0  10   0   0   0   0   0   0   0   0   0   0   0   0   5   0   0   0   0   2   0   0   0   0   0   0   0   1   0   0   0   0
  q=2:   0   0  15   0   0   0  15   0   0   0   0   0  15   0   0   0   0   0   0   0   0   8   0   0   0   0   0   4   0   0   0   0   0   0   0   0   0   1   0   0   0   0   0   0
Passengers per shuttle and slot (RET):
         0   1   2   3   4   5   6   7   8   9  10  11  12  13  14  15  16  17  18  19  20  21  22  23  24  25  26  27  28  29  30  31  32  33  34  35  36  37  38  39  40  41  42  43
  q=0:   0   0   0   0   0   0   1   0   0   0   1   0   0   0   0   0   0   0   0   9   0   0   0   0   0   7   0   0   0   0   0   0   0   0   0  15   0   0   0   0  15   0   0   0
  q=1:   0   0   0   0   0   1   0   0   0   0   0   0   0   0   0   3   0   0   0   0   0   0   0   0   0   0   0   0  15   0   0   0   0   0   0   0  15   0   0   0   0  14   0   0
  q=2:   0   0   0   0   4   0   0   0   0   0   0   0   0   0   7   0   0   0   0   0   0   0   0  13   0   0   0   0   0   0   0   0  15   0   0   0   0   0   0  15   0   0   0   0
Passengers per shuttle and slot (TOTAL):
         0   1   2   3   4   5   6   7   8   9  10  11  12  13  14  15  16  17  18  19  20  21  22  23  24  25  26  27  28  29  30  31  32  33  34  35  36  37  38  39  40  41  42  43
  q=0:   0   0   0   0  10   0   1   0  15   0   1   0   0   0   0   0   0   8   0   9   0   0   0   0   0   7   0   0   0   0   0   0   0   2   0  15   0   0   0   0  15   0   0   0
  q=1:   0   0   0  15   0   1   0  15   0   0   0   0   0  10   0   3   0   0   0   0   0   0   0   0   0   0   5   0  15   0   0   2   0   0   0   0  15   0   0   1   0  14   0   0
  q=2:   0   0  15   0   4   0  15   0   0   0   0   0  15   0   7   0   0   0   0   0   0   8   0  13   0   0   0   4   0   0   0   0  15   0   0   0   0   1   0  15   0   0   0   0
Pax served: 291/300
Pax served: 298/325
Subproblem (last): obj=2015.75 wait_slots=640.75 fill_eps=0 penalty_cost=1375 penalty_pax=27.5 total_demand=325
Avg wait (min): 32.3067
UB_total (best): 2016.11

Result: status=UNKNOWN iterations=14 best_lb=0.35091471281508896 best_ub=2016.11
NOT REPRODUCIBLE: 9 master solve(s) stopped on the clock, not the gap. Bounds from this run vary with machine load. For a comparable number, raise master.per_iteration_time_limit_s and solver.total_time_limit_s until the master always terminates on the gap (configs/baseline_d9.yaml).

Manifest: C:\Users\fabio\My Drive\05_Projects\19_MobAuto2_Benders\manifests\manifest_p1_both_on_20260806_192931.json
