Run configuration:
  solver: iterations=100 tol=0.01 total_time_limit_s=300 seed=41
  master: solver=cplex Q=3 T_minutes=660 slot_res=15 (slots=44) trip_dur_min=30 Emax=150.0 L=30.0 eps=0.01 conc_pen=0.25 delta_chg=17.5
  subproblem: solver=cplex_direct S=15.0 Wmax=60 p=50.0 (slot_res=15)
  demand_file: setups/base.yaml
  scenario_files: ['setups/base.yaml', 'setups/base_plus100_out_noon.yaml', 'setups/base_ret_peak_adv.yaml', 'setups/base_vol20_pm60.yaml']
Initialized master problem.
[MW] enabled=True alpha=0.3 eps=0.001
[LP-PHASE] on: max_iters=10 stall_iters=3 min_rel_improve=0.005

=== Iteration 1 ===
Solving Master (MP)...
[SCHEDULE] master gap-tied: time_limit_s=30 mipgap=0.05 g_bd=0.05
CPLEX Error  3003: Not a mixed-integer problem.
CPLEX Error  3003: Not a mixed-integer problem.
2026-08-06 21:19:28,057 INFO | mobauto2_benders.benders.solver | iter=1 master status=SolveStatus.OPTIMAL obj=0 lb=0
MP raw solver: status=ok term=optimal incumbent=1.3877787807814457e-17 best_bound=None
MP solutions: count=1 keys=['Gap', 'Status', 'Message', 'Problem', 'Objective', 'Variable', 'Constraint']
Shuttle totals (OUT+RET): q0=0, q1=0, q2=0
MP stats (solver): nodes=0 best_bound=0.0 incumbent=1.3877787807814457e-17 gap=None
MP result: status=SolveStatus.OPTIMAL obj=0 lb=0
[CHECK] MP: first=0 theta=0 mp_total=0 inc_obj=0 best_bound=0
[CHECK] MP bounds: mp_obj=0 mp_best_bound=0 mp_best_integer=1.38778e-17 term=optimal status=ok gap=1.38778e-17
[MP] iter=1 incumbent=1.38778e-17 best_bound=0 gap=1.38778e-17 (src: inc=cplex_api bb=lp_relaxation gap=computed)
[MP] iter=1 cuts=0 obj=0.000
[MW] core updated (t=0..): min=1.05 max=1.05 mean=1.05
Evaluating Subproblem (SP) at candidate...
2026-08-06 21:19:30,187 INFO | mobauto2_benders.benders.solver | force-added CutType.OPTIMALITY cut 'opt_cut_avg'
2026-08-06 21:19:30,187 INFO | mobauto2_benders.benders.solver | added 1 cut(s)
SP result: recourse=16250 feasible=True
[SP PIPELINE] iter=1 build=0.000s solve=0.000s extract=0.000s post=0.000s cutgen=0.053s mode=mw lb_valid=True tl_inc=False vars=- bin=- cons=- lp=-
[CHECK] SP: recourse=16250 first=0 sp_total=16250
[CUT TIGHTNESS] raw_line(y)=16250  SP_ub=16250  diff=0
[BENDERS] Added cut #0: const_out=8750, const_ret=7500, nnz=86, slope_range=[-735,-172], raw_pos_dm=0, scale=1
[BENDERS] Eval cut (dir): OUT lhs=0 rhs=8750; RET lhs=0 rhs=7500
Master updated: added 1 cut(s): opt_cut_avg
[CUT SUMMARY] it=1 cand=candidate:idle decision=added skip=None theta_total=0.0 rec_total=16250.0 raw_rhs_total=16250.0 rhs_total=16250.0 lhs_total=0.0
Timing: master=0.895s sp_solve=0.141s cutgen=0.053s cutadd=0.003s cuts_added=1 total_cuts=1
MP stats: nodes=0 best_bound=0.0 incumbent=1.3877787807814457e-17 gap=None
[LP-PHASE] it=1 obj=0 rel_improve=- stall=0/3 cuts=1

=== Iteration 2 ===
Solving Master (MP)...
[SCHEDULE] master gap-tied: time_limit_s=30 mipgap=0.05 g_bd=0.05
[MIPSTART] x-only start applied: n_out=132 n_ret=132
CPLEX Error  3003: Not a mixed-integer problem.
CPLEX Error  3003: Not a mixed-integer problem.
2026-08-06 21:19:30,496 INFO | mobauto2_benders.benders.solver | iter=2 master status=SolveStatus.OPTIMAL obj=0.238095 lb=0.238095
MP raw solver: status=ok term=optimal incumbent=0.23809524057921416 best_bound=None
MP solutions: count=1 keys=['Gap', 'Status', 'Message', 'Problem', 'Objective', 'Variable', 'Constraint']
Shuttle totals (OUT+RET): q0=10, q1=7, q2=7
MP stats (solver): nodes=0 best_bound=0.23809524057921416 incumbent=0.23809524057921416 gap=None
MP result: status=SolveStatus.OPTIMAL obj=0.238095 lb=0.238095
[CHECK] MP: first=0.238095 theta=0 mp_total=0.238095 inc_obj=0.238095 best_bound=0.238095
[CHECK] MP bounds: mp_obj=0.238095 mp_best_bound=0.238095 mp_best_integer=0.238095 term=optimal status=ok gap=0
[MP] iter=2 incumbent=0.238095 best_bound=0.238095 gap=0 (src: inc=cplex_api bb=lp_relaxation gap=computed)
[MP] iter=2 cuts=1 obj=0.238 last_const=16250.000 last_nnz=86
[MW] core updated (t=0..): min=0.735 max=1.03 mean=0.816
Evaluating Subproblem (SP) at candidate...
2026-08-06 21:19:31,317 INFO | mobauto2_benders.benders.solver | force-added CutType.OPTIMALITY cut 'opt_cut_avg'
2026-08-06 21:19:31,333 INFO | mobauto2_benders.benders.solver | added 1 cut(s)
SP result: recourse=6806.8 feasible=True
[SP PIPELINE] iter=2 build=0.000s solve=0.000s extract=0.000s post=0.000s cutgen=0.048s mode=mw lb_valid=True tl_inc=False vars=- bin=- cons=- lp=-
[CHECK] SP: recourse=6806.8 first=0.238095 sp_total=6807.04
[CUT TIGHTNESS] raw_line(y)=6806.8  SP_ub=6806.8  diff=0
[BENDERS] Added cut #1: const_out=6239.5, const_ret=4804, nnz=65, slope_range=[-735,-3.75], raw_pos_dm=0, scale=1
[BENDERS] Eval cut (dir): OUT lhs=0 rhs=3398.09; RET lhs=0 rhs=3408.71
Master updated: added 1 cut(s): opt_cut_avg
[CUT SUMMARY] it=2 cand=OUT[0,1]|RET[0,3]|RET[0,12]|OUT[0,14]|RET[0,17]|OUT[0,19]|RET[0,21]|OUT[0,23]|RET[0,28]|OUT[0,39]|RET[0,41]|OUT[1,2]|...(+17) decision=added skip=None theta_total=0.0 rec_total=6806.800329652828 raw_rhs_total=6806.800329652828 rhs_total=6806.800329652828 lhs_total=0.0
Timing: master=0.302s sp_solve=0.053s cutgen=0.048s cutadd=0.003s cuts_added=1 total_cuts=2
MP stats: nodes=0 best_bound=0.23809524057921416 incumbent=0.23809524057921416 gap=None
[LP-PHASE] it=2 obj=0.238095 rel_improve=0.238 stall=0/3 cuts=1

=== Iteration 3 ===
Solving Master (MP)...
[SCHEDULE] master gap-tied: time_limit_s=30 mipgap=0.05 g_bd=0.05
[MIPSTART] x-only start applied: n_out=108 n_ret=107
CPLEX Error  3003: Not a mixed-integer problem.
CPLEX Error  3003: Not a mixed-integer problem.
2026-08-06 21:19:31,738 INFO | mobauto2_benders.benders.solver | iter=3 master status=SolveStatus.OPTIMAL obj=0.238095 lb=0.238095
MP raw solver: status=ok term=optimal incumbent=0.2380952416666666 best_bound=None
MP solutions: count=1 keys=['Gap', 'Status', 'Message', 'Problem', 'Objective', 'Variable', 'Constraint']
Shuttle totals (OUT+RET): q0=8, q1=8, q2=8
MP stats (solver): nodes=0 best_bound=0.2380952416666665 incumbent=0.2380952416666666 gap=None
MP result: status=SolveStatus.OPTIMAL obj=0.238095 lb=0.238095
[CHECK] MP: first=0.238095 theta=0 mp_total=0.238095 inc_obj=0.238095 best_bound=0.238095
[CHECK] MP bounds: mp_obj=0.238095 mp_best_bound=0.238095 mp_best_integer=0.238095 term=optimal status=ok gap=8.32667e-17
[MP] iter=3 incumbent=0.238095 best_bound=0.238095 gap=8.32667e-17 (src: inc=cplex_api bb=lp_relaxation gap=computed)
[MP] iter=3 cuts=2 obj=0.238 last_const=11043.500 last_nnz=65
[MW] core updated (t=0..): min=0.514 max=1.02 mean=0.652
Evaluating Subproblem (SP) at candidate...
2026-08-06 21:19:32,749 INFO | mobauto2_benders.benders.solver | force-added CutType.OPTIMALITY cut 'opt_cut_avg'
2026-08-06 21:19:32,749 INFO | mobauto2_benders.benders.solver | added 1 cut(s)
SP result: recourse=6191.18 feasible=True
[SP PIPELINE] iter=3 build=0.000s solve=0.000s extract=0.000s post=0.000s cutgen=0.073s mode=mw lb_valid=True tl_inc=False vars=- bin=- cons=- lp=-
[CHECK] SP: recourse=6191.18 first=0.238095 sp_total=6191.42
[CUT TIGHTNESS] raw_line(y)=6191.18  SP_ub=6191.18  diff=-9.09e-13
[BENDERS] Added cut #2: const_out=6552, const_ret=4765.25, nnz=65, slope_range=[-735,-15], raw_pos_dm=0, scale=1
[BENDERS] Eval cut (dir): OUT lhs=0 rhs=3733.6; RET lhs=0 rhs=2457.59
Master updated: added 1 cut(s): opt_cut_avg
[CUT SUMMARY] it=3 cand=RET[0,23]|OUT[0,27]|RET[0,30]|OUT[1,3]|RET[1,5]|OUT[1,11]|RET[1,22]|RET[1,29]|OUT[2,12]|RET[2,24]|OUT[2,26]|OUT[2,28]|...(+1) decision=added skip=None theta_total=0.0 rec_total=6191.183635185265 raw_rhs_total=6191.1836351852635 rhs_total=6191.183635185267 lhs_total=0.0
Timing: master=0.410s sp_solve=0.081s cutgen=0.073s cutadd=0.003s cuts_added=1 total_cuts=3
MP stats: nodes=0 best_bound=0.2380952416666665 incumbent=0.2380952416666666 gap=None
[LP-PHASE] it=3 obj=0.238095 rel_improve=1.09e-09 stall=1/3 cuts=1

=== Iteration 4 ===
Solving Master (MP)...
[SCHEDULE] master gap-tied: time_limit_s=30 mipgap=0.05 g_bd=0.05
[MIPSTART] x-only start applied: n_out=93 n_ret=95
CPLEX Error  3003: Not a mixed-integer problem.
CPLEX Error  3003: Not a mixed-integer problem.
2026-08-06 21:19:33,154 INFO | mobauto2_benders.benders.solver | iter=4 master status=SolveStatus.OPTIMAL obj=0.242676 lb=0.242676
MP raw solver: status=ok term=optimal incumbent=0.2426758978687924 best_bound=None
MP solutions: count=1 keys=['Gap', 'Status', 'Message', 'Problem', 'Objective', 'Variable', 'Constraint']
Shuttle totals (OUT+RET): q0=8, q1=8, q2=8
MP stats (solver): nodes=0 best_bound=0.24267589786879257 incumbent=0.2426758978687924 gap=None
MP result: status=SolveStatus.OPTIMAL obj=0.242676 lb=0.242676
[CHECK] MP: first=0.242676 theta=0 mp_total=0.242676 inc_obj=0.242676 best_bound=0.242676
[CHECK] MP bounds: mp_obj=0.242676 mp_best_bound=0.242676 mp_best_integer=0.242676 term=optimal status=ok gap=0
[MP] iter=4 incumbent=0.242676 best_bound=0.242676 gap=0 (src: inc=cplex_api bb=lp_relaxation gap=computed)
[MP] iter=4 cuts=3 obj=0.243 last_const=11317.250 last_nnz=65
[MW] core updated (t=0..): min=0.36 max=1.01 mean=0.539
Evaluating Subproblem (SP) at candidate...
2026-08-06 21:19:34,135 INFO | mobauto2_benders.benders.solver | force-added CutType.OPTIMALITY cut 'opt_cut_avg'
2026-08-06 21:19:34,135 INFO | mobauto2_benders.benders.solver | added 1 cut(s)
SP result: recourse=5656.86 feasible=True
[SP PIPELINE] iter=4 build=0.000s solve=0.000s extract=0.000s post=0.000s cutgen=0.069s mode=mw lb_valid=True tl_inc=False vars=- bin=- cons=- lp=-
[CHECK] SP: recourse=5656.86 first=0.242676 sp_total=5657.11
[CUT TIGHTNESS] raw_line(y)=5656.86  SP_ub=5656.86  diff=9.09e-13
[BENDERS] Added cut #3: const_out=7702.5, const_ret=3412.5, nnz=69, slope_range=[-735,-3.75], raw_pos_dm=0, scale=1
[BENDERS] Eval cut (dir): OUT lhs=0 rhs=3180.32; RET lhs=0 rhs=2476.55
Master updated: added 1 cut(s): opt_cut_avg
[CUT SUMMARY] it=4 cand=OUT[0,4]|RET[0,6]|RET[1,15] decision=added skip=None theta_total=0.0 rec_total=5656.864570074867 raw_rhs_total=5656.8645700748675 rhs_total=5656.864570074866 lhs_total=0.0
Timing: master=0.408s sp_solve=0.071s cutgen=0.069s cutadd=0.003s cuts_added=1 total_cuts=4
MP stats: nodes=0 best_bound=0.24267589786879257 incumbent=0.2426758978687924 gap=None
[LP-PHASE] it=4 obj=0.242676 rel_improve=0.00458 stall=2/3 cuts=1

=== Iteration 5 ===
Solving Master (MP)...
[SCHEDULE] master gap-tied: time_limit_s=30 mipgap=0.05 g_bd=0.05
[MIPSTART] x-only start applied: n_out=89 n_ret=87
CPLEX Error  3003: Not a mixed-integer problem.
CPLEX Error  3003: Not a mixed-integer problem.
2026-08-06 21:19:34,572 INFO | mobauto2_benders.benders.solver | iter=5 master status=SolveStatus.OPTIMAL obj=0.265165 lb=0.265165
MP raw solver: status=ok term=optimal incumbent=0.26516515704619154 best_bound=None
MP solutions: count=1 keys=['Gap', 'Status', 'Message', 'Problem', 'Objective', 'Variable', 'Constraint']
Shuttle totals (OUT+RET): q0=9, q1=9, q2=9
MP stats (solver): nodes=0 best_bound=0.2651651570461916 incumbent=0.26516515704619154 gap=None
MP result: status=SolveStatus.OPTIMAL obj=0.265165 lb=0.265165
[CHECK] MP: first=0.265165 theta=0 mp_total=0.265165 inc_obj=0.265165 best_bound=0.265165
[CHECK] MP bounds: mp_obj=0.265165 mp_best_bound=0.265165 mp_best_integer=0.265165 term=optimal status=ok gap=0
[MP] iter=5 incumbent=0.265165 best_bound=0.265165 gap=0 (src: inc=cplex_api bb=lp_relaxation gap=computed)
[MP] iter=5 cuts=4 obj=0.265 last_const=11115.000 last_nnz=69
[MW] core updated (t=0..): min=0.252 max=0.914 mean=0.468
Evaluating Subproblem (SP) at candidate...
2026-08-06 21:19:36,106 INFO | mobauto2_benders.benders.solver | force-added CutType.OPTIMALITY cut 'opt_cut_avg'
2026-08-06 21:19:36,107 INFO | mobauto2_benders.benders.solver | added 1 cut(s)
SP result: recourse=4278.14 feasible=True
[SP PIPELINE] iter=5 build=0.000s solve=0.000s extract=0.000s post=0.000s cutgen=0.077s mode=mw lb_valid=True tl_inc=False vars=- bin=- cons=- lp=-
[CHECK] SP: recourse=4278.14 first=0.265165 sp_total=4278.41
[CUT TIGHTNESS] raw_line(y)=4278.14  SP_ub=4278.14  diff=-9.09e-13
[BENDERS] Added cut #4: const_out=6924, const_ret=3965, nnz=67, slope_range=[-735,-15], raw_pos_dm=0, scale=1
[BENDERS] Eval cut (dir): OUT lhs=0 rhs=2492.33; RET lhs=0 rhs=1785.81
Master updated: added 1 cut(s): opt_cut_avg
[CUT SUMMARY] it=5 cand=OUT[1,6]|RET[1,25]|OUT[1,27]|RET[2,14]|OUT[2,16]|OUT[2,39]|RET[2,41] decision=added skip=None theta_total=0.0 rec_total=4278.140415692782 raw_rhs_total=4278.14041569278 rhs_total=4278.140415692782 lhs_total=0.0
Timing: master=0.439s sp_solve=0.123s cutgen=0.077s cutadd=0.004s cuts_added=1 total_cuts=5
MP stats: nodes=0 best_bound=0.2651651570461916 incumbent=0.26516515704619154 gap=None
[LP-PHASE] it=5 obj=0.265165 rel_improve=0.0225 stall=0/3 cuts=1

=== Iteration 6 ===
Solving Master (MP)...
[SCHEDULE] master gap-tied: time_limit_s=30 mipgap=0.05 g_bd=0.05
[MIPSTART] x-only start applied: n_out=82 n_ret=84
CPLEX Error  3003: Not a mixed-integer problem.
CPLEX Error  3003: Not a mixed-integer problem.
2026-08-06 21:19:36,656 INFO | mobauto2_benders.benders.solver | iter=6 master status=SolveStatus.OPTIMAL obj=0.279607 lb=0.279607
MP raw solver: status=ok term=optimal incumbent=0.2796074081722671 best_bound=None
MP solutions: count=1 keys=['Gap', 'Status', 'Message', 'Problem', 'Objective', 'Variable', 'Constraint']
Shuttle totals (OUT+RET): q0=9, q1=9, q2=9
MP stats (solver): nodes=0 best_bound=0.2796074081722672 incumbent=0.2796074081722671 gap=None
MP result: status=SolveStatus.OPTIMAL obj=0.279607 lb=0.279607
[CHECK] MP: first=0.279607 theta=0 mp_total=0.279607 inc_obj=0.279607 best_bound=0.279607
[CHECK] MP bounds: mp_obj=0.279607 mp_best_bound=0.279607 mp_best_integer=0.279607 term=optimal status=ok gap=0
[MP] iter=6 incumbent=0.279607 best_bound=0.279607 gap=0 (src: inc=cplex_api bb=lp_relaxation gap=computed)
[MP] iter=6 cuts=5 obj=0.280 last_const=10889.000 last_nnz=67
[MW] core updated (t=0..): min=0.176 max=0.94 mean=0.423
Evaluating Subproblem (SP) at candidate...
2026-08-06 21:19:37,515 INFO | mobauto2_benders.benders.solver | force-added CutType.OPTIMALITY cut 'opt_cut_avg'
2026-08-06 21:19:37,515 INFO | mobauto2_benders.benders.solver | added 1 cut(s)
SP result: recourse=4036.87 feasible=True
[SP PIPELINE] iter=6 build=0.000s solve=0.000s extract=0.000s post=0.000s cutgen=0.059s mode=mw lb_valid=True tl_inc=False vars=- bin=- cons=- lp=-
[CHECK] SP: recourse=4036.87 first=0.279607 sp_total=4037.15
[CUT TIGHTNESS] raw_line(y)=4036.87  SP_ub=4036.87  diff=4.55e-13
[BENDERS] Added cut #5: const_out=5374.25, const_ret=4936.25, nnz=65, slope_range=[-735,-3.75], raw_pos_dm=0, scale=1
[BENDERS] Eval cut (dir): OUT lhs=0 rhs=2176.69; RET lhs=0 rhs=1860.18
Master updated: added 1 cut(s): opt_cut_avg
[CUT SUMMARY] it=6 cand=OUT[0,3]|RET[0,5]|OUT[0,7]|RET[0,11]|OUT[0,14]|RET[0,15]|RET[0,36]|OUT[1,2]|OUT[1,4]|RET[1,4]|OUT[1,6]|RET[1,6]|...(+5) decision=added skip=None theta_total=0.0 rec_total=4036.8714568857804 raw_rhs_total=4036.8714568857795 rhs_total=4036.8714568857827 lhs_total=0.0
Timing: master=0.550s sp_solve=0.057s cutgen=0.059s cutadd=0.003s cuts_added=1 total_cuts=6
MP stats: nodes=0 best_bound=0.2796074081722672 incumbent=0.2796074081722671 gap=None
[LP-PHASE] it=6 obj=0.279607 rel_improve=0.0144 stall=0/3 cuts=1

=== Iteration 7 ===
Solving Master (MP)...
[SCHEDULE] master gap-tied: time_limit_s=30 mipgap=0.05 g_bd=0.05
[MIPSTART] x-only start applied: n_out=86 n_ret=84
CPLEX Error  3003: Not a mixed-integer problem.
CPLEX Error  3003: Not a mixed-integer problem.
2026-08-06 21:19:38,081 INFO | mobauto2_benders.benders.solver | iter=7 master status=SolveStatus.OPTIMAL obj=0.281893 lb=0.281893
MP raw solver: status=ok term=optimal incumbent=0.28189251540620913 best_bound=None
MP solutions: count=1 keys=['Gap', 'Status', 'Message', 'Problem', 'Objective', 'Variable', 'Constraint']
Shuttle totals (OUT+RET): q0=10, q1=9, q2=9
MP stats (solver): nodes=0 best_bound=0.2818925154062092 incumbent=0.28189251540620913 gap=None
MP result: status=SolveStatus.OPTIMAL obj=0.281893 lb=0.281893
[CHECK] MP: first=0.281893 theta=0 mp_total=0.281893 inc_obj=0.281893 best_bound=0.281893
[CHECK] MP bounds: mp_obj=0.281893 mp_best_bound=0.281893 mp_best_integer=0.281893 term=optimal status=ok gap=0
[MP] iter=7 incumbent=0.281893 best_bound=0.281893 gap=0 (src: inc=cplex_api bb=lp_relaxation gap=computed)
[MP] iter=7 cuts=6 obj=0.282 last_const=10310.500 last_nnz=65
[MW] core updated (t=0..): min=0.124 max=0.958 mean=0.392
Evaluating Subproblem (SP) at candidate...
2026-08-06 21:19:39,124 INFO | mobauto2_benders.benders.solver | force-added CutType.OPTIMALITY cut 'opt_cut_avg'
2026-08-06 21:19:39,124 INFO | mobauto2_benders.benders.solver | added 1 cut(s)
SP result: recourse=3446.9 feasible=True
[SP PIPELINE] iter=7 build=0.000s solve=0.000s extract=0.000s post=0.000s cutgen=0.107s mode=mw lb_valid=True tl_inc=False vars=- bin=- cons=- lp=-
[CHECK] SP: recourse=3446.9 first=0.281893 sp_total=3447.18
[CUT TIGHTNESS] raw_line(y)=3446.9  SP_ub=3446.9  diff=-2.27e-12
[BENDERS] Added cut #6: const_out=7123.75, const_ret=3149.25, nnz=66, slope_range=[-735,-7.5], raw_pos_dm=0, scale=1
[BENDERS] Eval cut (dir): OUT lhs=0 rhs=1733.95; RET lhs=0 rhs=1712.96
Master updated: added 1 cut(s): opt_cut_avg
[CUT SUMMARY] it=7 cand=RET[0,11]|OUT[0,14]|RET[0,19]|RET[0,23]|RET[0,34]|OUT[0,39]|RET[0,41]|OUT[1,26]|RET[1,29]|OUT[1,31] decision=added skip=None theta_total=0.0 rec_total=3446.900536704117 raw_rhs_total=3446.9005367041145 rhs_total=3446.9005367041163 lhs_total=0.0
Timing: master=0.566s sp_solve=0.054s cutgen=0.107s cutadd=0.008s cuts_added=1 total_cuts=7
MP stats: nodes=0 best_bound=0.2818925154062092 incumbent=0.28189251540620913 gap=None
[LP-PHASE] it=7 obj=0.281893 rel_improve=0.00229 stall=1/3 cuts=1

=== Iteration 8 ===
Solving Master (MP)...
[SCHEDULE] master gap-tied: time_limit_s=30 mipgap=0.05 g_bd=0.05
[MIPSTART] x-only start applied: n_out=83 n_ret=82
CPLEX Error  3003: Not a mixed-integer problem.
CPLEX Error  3003: Not a mixed-integer problem.
2026-08-06 21:19:39,629 INFO | mobauto2_benders.benders.solver | iter=8 master status=SolveStatus.OPTIMAL obj=0.293143 lb=0.293143
MP raw solver: status=ok term=optimal incumbent=0.29314330287709883 best_bound=None
MP solutions: count=1 keys=['Gap', 'Status', 'Message', 'Problem', 'Objective', 'Variable', 'Constraint']
Shuttle totals (OUT+RET): q0=10, q1=10, q2=10
MP stats (solver): nodes=0 best_bound=0.29314330287709894 incumbent=0.29314330287709883 gap=None
MP result: status=SolveStatus.OPTIMAL obj=0.293143 lb=0.293143
[CHECK] MP: first=0.293143 theta=0 mp_total=0.293143 inc_obj=0.293143 best_bound=0.293143
[CHECK] MP bounds: mp_obj=0.293143 mp_best_bound=0.293143 mp_best_integer=0.293143 term=optimal status=ok gap=0
[MP] iter=8 incumbent=0.293143 best_bound=0.293143 gap=0 (src: inc=cplex_api bb=lp_relaxation gap=computed)
[MP] iter=8 cuts=7 obj=0.293 last_const=10273.000 last_nnz=66
[MW] core updated (t=0..): min=0.0865 max=0.969 mean=0.374
Evaluating Subproblem (SP) at candidate...
2026-08-06 21:19:40,450 INFO | mobauto2_benders.benders.solver | force-added CutType.OPTIMALITY cut 'opt_cut_avg'
2026-08-06 21:19:40,450 INFO | mobauto2_benders.benders.solver | added 1 cut(s)
SP result: recourse=3553.31 feasible=True
[SP PIPELINE] iter=8 build=0.000s solve=0.000s extract=0.000s post=0.000s cutgen=0.047s mode=mw lb_valid=True tl_inc=False vars=- bin=- cons=- lp=-
[CHECK] SP: recourse=3553.31 first=0.293143 sp_total=3553.6
[CUT TIGHTNESS] raw_line(y)=3553.31  SP_ub=3553.31  diff=-1.36e-12
[BENDERS] Added cut #7: const_out=7470.25, const_ret=3239.75, nnz=67, slope_range=[-735,-3.75], raw_pos_dm=0, scale=1
[BENDERS] Eval cut (dir): OUT lhs=0 rhs=2167.7; RET lhs=0 rhs=1385.6
Master updated: added 1 cut(s): opt_cut_avg
[CUT SUMMARY] it=8 cand=RET[0,15]|RET[0,18]|OUT[0,20]|OUT[0,28]|OUT[1,4]|RET[1,6]|RET[1,15]|RET[1,18]|OUT[1,20]|RET[1,25]|RET[2,14]|OUT[2,18]|...(+2) decision=added skip=None theta_total=0.0 rec_total=3553.307439486149 raw_rhs_total=3553.307439486148 rhs_total=3553.307439486148 lhs_total=0.0
Timing: master=0.499s sp_solve=0.063s cutgen=0.047s cutadd=0.002s cuts_added=1 total_cuts=8
MP stats: nodes=0 best_bound=0.29314330287709894 incumbent=0.29314330287709883 gap=None
[LP-PHASE] it=8 obj=0.293143 rel_improve=0.0113 stall=0/3 cuts=1

=== Iteration 9 ===
Solving Master (MP)...
[SCHEDULE] master gap-tied: time_limit_s=30 mipgap=0.05 g_bd=0.05
[MIPSTART] x-only start applied: n_out=74 n_ret=85
CPLEX Error  3003: Not a mixed-integer problem.
CPLEX Error  3003: Not a mixed-integer problem.
2026-08-06 21:19:40,697 INFO | mobauto2_benders.benders.solver | iter=9 master status=SolveStatus.OPTIMAL obj=0.307189 lb=0.307189
MP raw solver: status=ok term=optimal incumbent=0.3071885141079092 best_bound=None
MP solutions: count=1 keys=['Gap', 'Status', 'Message', 'Problem', 'Objective', 'Variable', 'Constraint']
Shuttle totals (OUT+RET): q0=10, q1=10, q2=10
MP stats (solver): nodes=0 best_bound=0.3071885141079092 incumbent=0.3071885141079092 gap=None
MP result: status=SolveStatus.OPTIMAL obj=0.307189 lb=0.307189
[CHECK] MP: first=0.307189 theta=0 mp_total=0.307189 inc_obj=0.307189 best_bound=0.307189
[CHECK] MP bounds: mp_obj=0.307189 mp_best_bound=0.307189 mp_best_integer=0.307189 term=optimal status=ok gap=0
[MP] iter=9 incumbent=0.307189 best_bound=0.307189 gap=0 (src: inc=cplex_api bb=lp_relaxation gap=computed)
[MP] iter=9 cuts=8 obj=0.307 last_const=10709.997 last_nnz=67
[MW] core updated (t=0..): min=0.0605 max=0.978 mean=0.367
Evaluating Subproblem (SP) at candidate...
2026-08-06 21:19:41,323 INFO | mobauto2_benders.benders.solver | force-added CutType.OPTIMALITY cut 'opt_cut_avg'
2026-08-06 21:19:41,323 INFO | mobauto2_benders.benders.solver | added 1 cut(s)
SP result: recourse=2908.9 feasible=True
[SP PIPELINE] iter=9 build=0.000s solve=0.000s extract=0.000s post=0.000s cutgen=0.037s mode=mw lb_valid=True tl_inc=False vars=- bin=- cons=- lp=-
[CHECK] SP: recourse=2908.9 first=0.307189 sp_total=2909.21
[CUT TIGHTNESS] raw_line(y)=2908.9  SP_ub=2908.9  diff=-1.36e-12
[BENDERS] Added cut #8: const_out=4387, const_ret=4199.25, nnz=65, slope_range=[-735,-7.5], raw_pos_dm=0, scale=1
[BENDERS] Eval cut (dir): OUT lhs=0 rhs=1473.09; RET lhs=0 rhs=1435.81
Master updated: added 1 cut(s): opt_cut_avg
[CUT SUMMARY] it=9 cand=OUT[0,3]|RET[0,5]|OUT[0,7]|RET[0,9]|OUT[0,12]|RET[0,29]|OUT[2,2]|OUT[2,4]|RET[2,4]|OUT[2,6]|RET[2,6]|RET[2,22]|...(+1) decision=added skip=None theta_total=0.0 rec_total=2908.904813013261 raw_rhs_total=2908.90481301326 rhs_total=2908.9048130132624 lhs_total=0.0
Timing: master=0.258s sp_solve=0.051s cutgen=0.037s cutadd=0.002s cuts_added=1 total_cuts=9
MP stats: nodes=0 best_bound=0.3071885141079092 incumbent=0.3071885141079092 gap=None
[LP-PHASE] it=9 obj=0.307189 rel_improve=0.014 stall=0/3 cuts=1

=== Iteration 10 ===
Solving Master (MP)...
[SCHEDULE] master gap-tied: time_limit_s=30 mipgap=0.05 g_bd=0.05
[MIPSTART] x-only start applied: n_out=70 n_ret=80
CPLEX Error  3003: Not a mixed-integer problem.
CPLEX Error  3003: Not a mixed-integer problem.
2026-08-06 21:19:41,621 INFO | mobauto2_benders.benders.solver | iter=10 master status=SolveStatus.OPTIMAL obj=0.311103 lb=0.311103
MP raw solver: status=ok term=optimal incumbent=0.3111028704014408 best_bound=None
MP solutions: count=1 keys=['Gap', 'Status', 'Message', 'Problem', 'Objective', 'Variable', 'Constraint']
Shuttle totals (OUT+RET): q0=10, q1=10, q2=10
MP stats (solver): nodes=0 best_bound=0.3111028704014408 incumbent=0.3111028704014408 gap=None
MP result: status=SolveStatus.OPTIMAL obj=0.311103 lb=0.311103
[CHECK] MP: first=0.311103 theta=0 mp_total=0.311103 inc_obj=0.311103 best_bound=0.311103
[CHECK] MP bounds: mp_obj=0.311103 mp_best_bound=0.311103 mp_best_integer=0.311103 term=optimal status=ok gap=0
[MP] iter=10 incumbent=0.311103 best_bound=0.311103 gap=0 (src: inc=cplex_api bb=lp_relaxation gap=computed)
[MP] iter=10 cuts=9 obj=0.311 last_const=8586.250 last_nnz=65
[MW] core updated (t=0..): min=0.0424 max=0.985 mean=0.363
Evaluating Subproblem (SP) at candidate...
2026-08-06 21:19:42,214 INFO | mobauto2_benders.benders.solver | force-added CutType.OPTIMALITY cut 'opt_cut_avg'
2026-08-06 21:19:42,214 INFO | mobauto2_benders.benders.solver | added 1 cut(s)
SP result: recourse=2641.24 feasible=True
[SP PIPELINE] iter=10 build=0.000s solve=0.000s extract=0.000s post=0.000s cutgen=0.042s mode=mw lb_valid=True tl_inc=False vars=- bin=- cons=- lp=-
[CHECK] SP: recourse=2641.24 first=0.311103 sp_total=2641.55
[CUT TIGHTNESS] raw_line(y)=2641.24  SP_ub=2641.24  diff=-4.55e-13
[BENDERS] Added cut #9: const_out=2848.75, const_ret=4199.75, nnz=68, slope_range=[-735,-15], raw_pos_dm=0, scale=1
[BENDERS] Eval cut (dir): OUT lhs=0 rhs=1403.38; RET lhs=0 rhs=1237.85
Master updated: added 1 cut(s): opt_cut_avg
[CUT SUMMARY] it=10 cand=RET[0,29]|OUT[1,20]|RET[2,30] decision=added skip=None theta_total=0.0 rec_total=2641.235970393264 raw_rhs_total=2641.2359703932625 rhs_total=2641.2359703932625 lhs_total=0.0
Timing: master=0.299s sp_solve=0.041s cutgen=0.042s cutadd=0.002s cuts_added=1 total_cuts=10
MP stats: nodes=0 best_bound=0.3111028704014408 incumbent=0.3111028704014408 gap=None
[LP-PHASE] it=10 obj=0.311103 rel_improve=0.00391 stall=1/3 cuts=1
[LP-PHASE] off after 10 iteration(s): iteration budget (10). 10 cut(s) carried into the MIP phase. No upper bound was claimed while it was on.

=== Iteration 11 ===
Solving Master (MP)...
[SCHEDULE] master gap-tied: time_limit_s=30 mipgap=0.05 g_bd=0.05
[MIPSTART] x-only start applied: n_out=69 n_ret=72
Warning:  No solution found from 1 MIP starts.
2026-08-06 21:20:12,442 WARNING | pyomo.core | Loading a SolverResults object with an 'aborted' status, but containing a solution
2026-08-06 21:20:12,455 WARNING | pyomo.core | Loading a SolverResults object with an 'aborted' status, but containing a solution
2026-08-06 21:20:12,455 INFO | mobauto2_benders.benders.solver | iter=11 master status=SolveStatus.FEASIBLE obj=4.34083 lb=0.320174
MP raw solver: status=aborted term=maxTimeLimit incumbent=4.340828080720555 best_bound=0.3201741931244937
MP solutions: count=1 keys=['Gap', 'Status', 'Message', 'Problem', 'Objective', 'Variable', 'Constraint']
Shuttle totals (OUT+RET): q0=12, q1=12, q2=10
MP stats (solver): nodes=5566 best_bound=0.3201741931244937 incumbent=4.340828080720555 gap=0.9262412177438801
MP result: status=SolveStatus.FEASIBLE obj=4.34083 lb=0.320174
[CHECK] MP: first=0.34 theta=4.00083 mp_total=4.34083 inc_obj=4.34083 best_bound=0.320174
[CHECK] MP bounds: mp_obj=4.34083 mp_best_bound=0.320174 mp_best_integer=4.34083 term=maxTimeLimit status=aborted gap=0.926241
[MP] iter=11 incumbent=4.34083 best_bound=0.320174 gap=0.926241 (src: inc=cplex_api bb=cplex_api gap=cplex_api)
[MP] iter=11 cuts=10 obj=4.341 last_const=7048.500 last_nnz=68
[MW] core updated (t=0..): min=0.0297 max=0.989 mean=0.37
Evaluating Subproblem (SP) at candidate...
2026-08-06 21:20:13,237 INFO | mobauto2_benders.benders.solver | force-added CutType.OPTIMALITY cut 'opt_cut_avg'
2026-08-06 21:20:13,237 INFO | mobauto2_benders.benders.solver | added 1 cut(s)
2026-08-06 21:20:13,237 INFO | mobauto2_benders.benders.solver | bounds: best_lb=0.320174 best_ub=3389.59 gap=3389.27 rel=1
SP result: recourse=3389.25 feasible=True
[SP PIPELINE] iter=11 build=0.000s solve=0.000s extract=0.000s post=0.000s cutgen=0.039s mode=mw lb_valid=True tl_inc=False vars=- bin=- cons=- lp=-
[CHECK] SP: recourse=3389.25 first=0.34 sp_total=3389.59
[CUT TIGHTNESS] raw_line(y)=3389.25  SP_ub=3389.25  diff=0
[BENDERS] Added cut #10: const_out=6084.25, const_ret=4167.5, nnz=65, slope_range=[-735,-15], raw_pos_dm=0, scale=1
[BENDERS] Eval cut (dir): OUT lhs=0 rhs=1906.75; RET lhs=4.00083 rhs=1482.5
Master updated: added 1 cut(s): opt_cut_avg
[CUT SUMMARY] it=11 cand=OUT[0,2]|RET[0,4]|OUT[0,8]|RET[0,10]|OUT[0,17]|RET[0,19]|OUT[0,22]|RET[0,24]|OUT[0,27]|RET[0,29]|OUT[0,37]|RET[0,39]|...(+22) decision=added skip=None theta_total=4.000828080720528 rec_total=3389.25 raw_rhs_total=3389.249999997251 rhs_total=3389.2499999972506 lhs_total=4.000828080720528
Timing: master=30.242s sp_solve=0.056s cutgen=0.039s cutadd=0.002s cuts_added=1 total_cuts=11
MP stats: nodes=5566 best_bound=0.3201741931244937 incumbent=4.340828080720555 gap=0.9262412177438801
[CHECK] GAP: LB=0.320174 UB=3389.59 gap=3389.27 rel=1

=== Iteration 12 ===
Solving Master (MP)...
[SCHEDULE] master gap-tied: time_limit_s=30 mipgap=0.05 g_bd=1
[MIPSTART] x-only start applied: n_out=132 n_ret=132
Warning:  No solution found from 1 MIP starts.
Advanced basis not built.
2026-08-06 21:20:43,512 WARNING | pyomo.core | Loading a SolverResults object with an 'aborted' status, but containing a solution
2026-08-06 21:20:43,512 WARNING | pyomo.core | Loading a SolverResults object with an 'aborted' status, but containing a solution
2026-08-06 21:20:43,527 INFO | mobauto2_benders.benders.solver | iter=12 master status=SolveStatus.FEASIBLE obj=65.8601 lb=0.324162
MP raw solver: status=aborted term=maxTimeLimit incumbent=65.86005083874932 best_bound=0.32416151420477907
MP solutions: count=1 keys=['Gap', 'Status', 'Message', 'Problem', 'Objective', 'Variable', 'Constraint']
Shuttle totals (OUT+RET): q0=12, q1=12, q2=12
MP stats (solver): nodes=3920 best_bound=0.32416151420477907 incumbent=65.86005083874932 gap=0.9950780251430726
MP result: status=SolveStatus.FEASIBLE obj=65.8601 lb=0.324162
[CHECK] MP: first=0.86 theta=65.0001 mp_total=65.8601 inc_obj=65.8601 best_bound=0.324162
[CHECK] MP bounds: mp_obj=65.8601 mp_best_bound=0.324162 mp_best_integer=65.8601 term=maxTimeLimit status=aborted gap=0.995078
[MP] iter=12 incumbent=65.8601 best_bound=0.324162 gap=0.995078 (src: inc=cplex_api bb=cplex_api gap=cplex_api)
[MP] iter=12 cuts=11 obj=65.860 last_const=10251.750 last_nnz=65
[MW] core updated (t=0..): min=0.0208 max=1.22 mean=0.382
Evaluating Subproblem (SP) at candidate...
2026-08-06 21:20:44,361 INFO | mobauto2_benders.benders.solver | force-added CutType.OPTIMALITY cut 'opt_cut_avg'
2026-08-06 21:20:44,361 INFO | mobauto2_benders.benders.solver | added 1 cut(s)
2026-08-06 21:20:44,361 INFO | mobauto2_benders.benders.solver | bounds: best_lb=0.324162 best_ub=2935.61 gap=2935.29 rel=1
SP result: recourse=2934.75 feasible=True
[SP PIPELINE] iter=12 build=0.000s solve=0.000s extract=0.000s post=0.000s cutgen=0.044s mode=mw lb_valid=True tl_inc=False vars=- bin=- cons=- lp=-
[CHECK] SP: recourse=2934.75 first=0.86 sp_total=2935.61
[CUT TIGHTNESS] raw_line(y)=2934.75  SP_ub=2934.75  diff=-1.82e-12
[BENDERS] Added cut #11: const_out=6618.25, const_ret=4150.25, nnz=65, slope_range=[-735,-3.75], raw_pos_dm=0, scale=1
[BENDERS] Eval cut (dir): OUT lhs=0 rhs=1878.25; RET lhs=65.0001 rhs=1056.5
Master updated: added 1 cut(s): opt_cut_avg
[CUT SUMMARY] it=12 cand=OUT[0,1]|RET[0,3]|OUT[0,8]|RET[0,11]|OUT[0,13]|RET[0,15]|OUT[0,21]|RET[0,23]|OUT[0,29]|RET[0,31]|OUT[0,37]|RET[0,39]|...(+24) decision=added skip=None theta_total=65.0000508387493 rec_total=2934.75 raw_rhs_total=2934.749999999998 rhs_total=2934.749999999999 lhs_total=65.0000508387493
Timing: master=30.281s sp_solve=0.060s cutgen=0.044s cutadd=0.003s cuts_added=1 total_cuts=12
MP stats: nodes=3920 best_bound=0.32416151420477907 incumbent=65.86005083874932 gap=0.9950780251430726
[CHECK] GAP: LB=0.324162 UB=2935.61 gap=2935.29 rel=1

=== Iteration 13 ===
Solving Master (MP)...
[SCHEDULE] master gap-tied: time_limit_s=30 mipgap=0.05 g_bd=1
[MIPSTART] x-only start applied: n_out=132 n_ret=132
Warning:  No solution found from 1 MIP starts.
2026-08-06 21:21:14,690 WARNING | pyomo.core | Loading a SolverResults object with an 'aborted' status, but containing a solution
2026-08-06 21:21:14,704 WARNING | pyomo.core | Loading a SolverResults object with an 'aborted' status, but containing a solution
2026-08-06 21:21:14,704 INFO | mobauto2_benders.benders.solver | iter=13 master status=SolveStatus.FEASIBLE obj=99.6101 lb=0.326639
MP raw solver: status=aborted term=maxTimeLimit incumbent=99.61005083874431 best_bound=0.3266385245708536
MP solutions: count=1 keys=['Gap', 'Status', 'Message', 'Problem', 'Objective', 'Variable', 'Constraint']
Shuttle totals (OUT+RET): q0=12, q1=12, q2=12
MP stats (solver): nodes=3885 best_bound=0.3266385245708536 incumbent=99.61005083874431 gap=0.9967208276482128
MP result: status=SolveStatus.FEASIBLE obj=99.6101 lb=0.326639
[CHECK] MP: first=0.86 theta=98.7501 mp_total=99.6101 inc_obj=99.6101 best_bound=0.326639
[CHECK] MP bounds: mp_obj=99.6101 mp_best_bound=0.326639 mp_best_integer=99.6101 term=maxTimeLimit status=aborted gap=0.996721
[MP] iter=13 incumbent=99.6101 best_bound=0.326639 gap=0.996721 (src: inc=cplex_api bb=cplex_api gap=cplex_api)
[MP] iter=13 cuts=12 obj=99.610 last_const=10768.500 last_nnz=65
[MW] core updated (t=0..): min=0.0145 max=1.45 mean=0.39
Evaluating Subproblem (SP) at candidate...
2026-08-06 21:21:15,757 INFO | mobauto2_benders.benders.solver | force-added CutType.OPTIMALITY cut 'opt_cut_avg'
2026-08-06 21:21:15,757 INFO | mobauto2_benders.benders.solver | added 1 cut(s)
2026-08-06 21:21:15,757 INFO | mobauto2_benders.benders.solver | bounds: best_lb=0.326639 best_ub=2691.86 gap=2691.53 rel=1
SP result: recourse=2691 feasible=True
[SP PIPELINE] iter=13 build=0.000s solve=0.000s extract=0.000s post=0.000s cutgen=0.063s mode=mw lb_valid=True tl_inc=False vars=- bin=- cons=- lp=-
[CHECK] SP: recourse=2691 first=0.86 sp_total=2691.86
[CUT TIGHTNESS] raw_line(y)=2691  SP_ub=2691  diff=0
[BENDERS] Added cut #12: const_out=7228.25, const_ret=2355.25, nnz=66, slope_range=[-735,-11.2], raw_pos_dm=0, scale=1
[BENDERS] Eval cut (dir): OUT lhs=0 rhs=1400.75; RET lhs=98.7501 rhs=1290.25
Master updated: added 1 cut(s): opt_cut_avg
[CUT SUMMARY] it=13 cand=OUT[0,2]|RET[0,4]|OUT[0,8]|RET[0,10]|OUT[0,13]|RET[0,15]|OUT[0,21]|RET[0,23]|OUT[0,27]|RET[0,33]|OUT[0,38]|RET[0,40]|...(+24) decision=added skip=None theta_total=98.7500508387493 rec_total=2691.0 raw_rhs_total=2691.0000001685803 rhs_total=2691.0000001685808 lhs_total=98.7500508387493
Timing: master=30.336s sp_solve=0.080s cutgen=0.063s cutadd=0.005s cuts_added=1 total_cuts=13
MP stats: nodes=3885 best_bound=0.3266385245708536 incumbent=99.61005083874431 gap=0.9967208276482128
[CHECK] GAP: LB=0.326639 UB=2691.86 gap=2691.53 rel=1

=== Iteration 14 ===
Solving Master (MP)...
[SCHEDULE] master gap-tied: time_limit_s=30 mipgap=0.05 g_bd=1
[MIPSTART] x-only start applied: n_out=132 n_ret=132
Warning:  No solution found from 1 MIP starts.
2026-08-06 21:21:46,113 WARNING | pyomo.core | Loading a SolverResults object with an 'aborted' status, but containing a solution
2026-08-06 21:21:46,129 WARNING | pyomo.core | Loading a SolverResults object with an 'aborted' status, but containing a solution
2026-08-06 21:21:46,147 INFO | mobauto2_benders.benders.solver | iter=14 master status=SolveStatus.FEASIBLE obj=180.86 lb=0.32679
MP raw solver: status=aborted term=maxTimeLimit incumbent=180.8602849886781 best_bound=0.32678991068843394
MP solutions: count=1 keys=['Gap', 'Status', 'Message', 'Problem', 'Objective', 'Variable', 'Constraint']
Shuttle totals (OUT+RET): q0=12, q1=12, q2=12
MP stats (solver): nodes=3909 best_bound=0.32678991068843394 incumbent=180.8602849886781 gap=0.9981931361503235
MP result: status=SolveStatus.FEASIBLE obj=180.86 lb=0.32679
[CHECK] MP: first=0.36 theta=180.5 mp_total=180.86 inc_obj=180.86 best_bound=0.32679
[CHECK] MP bounds: mp_obj=180.86 mp_best_bound=0.32679 mp_best_integer=180.86 term=maxTimeLimit status=aborted gap=0.998193
[MP] iter=14 incumbent=180.86 best_bound=0.32679 gap=0.998193 (src: inc=cplex_api bb=cplex_api gap=cplex_api)
[MP] iter=14 cuts=13 obj=180.860 last_const=9583.500 last_nnz=66
[MW] core updated (t=0..): min=0.0102 max=1.32 mean=0.396
Evaluating Subproblem (SP) at candidate...
2026-08-06 21:21:47,195 INFO | mobauto2_benders.benders.solver | force-added CutType.OPTIMALITY cut 'opt_cut_avg'
2026-08-06 21:21:47,195 INFO | mobauto2_benders.benders.solver | added 1 cut(s)
2026-08-06 21:21:47,195 INFO | mobauto2_benders.benders.solver | bounds: best_lb=0.32679 best_ub=2310.36 gap=2310.03 rel=1
SP result: recourse=2310 feasible=True
[SP PIPELINE] iter=14 build=0.000s solve=0.000s extract=0.000s post=0.000s cutgen=0.053s mode=mw lb_valid=True tl_inc=False vars=- bin=- cons=- lp=-
[CHECK] SP: recourse=2310 first=0.36 sp_total=2310.36
[CUT TIGHTNESS] raw_line(y)=2310  SP_ub=2310  diff=-9.09e-13
[BENDERS] Added cut #13: const_out=6252.25, const_ret=3141.5, nnz=60, slope_range=[-735,-15], raw_pos_dm=0, scale=1
[BENDERS] Eval cut (dir): OUT lhs=101.5 rhs=1456; RET lhs=79.0003 rhs=854
Master updated: added 1 cut(s): opt_cut_avg
[CUT SUMMARY] it=14 cand=OUT[0,3]|RET[0,5]|OUT[0,8]|RET[0,10]|OUT[0,13]|RET[0,15]|OUT[0,22]|RET[0,24]|OUT[0,29]|RET[0,31]|OUT[0,35]|RET[0,37]|...(+24) decision=added skip=None theta_total=180.50028498872513 rec_total=2310.0 raw_rhs_total=2309.9999973533827 rhs_total=2309.99999735339 lhs_total=180.50028498872513
Timing: master=30.397s sp_solve=0.081s cutgen=0.053s cutadd=0.003s cuts_added=1 total_cuts=14
MP stats: nodes=3909 best_bound=0.32678991068843394 incumbent=180.8602849886781 gap=0.9981931361503235
[CHECK] GAP: LB=0.32679 UB=2310.36 gap=2310.03 rel=1

=== Iteration 15 ===
Solving Master (MP)...
[SCHEDULE] master gap-tied: time_limit_s=30 mipgap=0.05 g_bd=1
[MIPSTART] x-only start applied: n_out=132 n_ret=132
2026-08-06 21:22:17,556 WARNING | pyomo.core | Loading a SolverResults object with an 'aborted' status, but containing a solution
2026-08-06 21:22:17,572 WARNING | pyomo.core | Loading a SolverResults object with an 'aborted' status, but containing a solution
2026-08-06 21:22:17,588 INFO | mobauto2_benders.benders.solver | iter=15 master status=SolveStatus.FEASIBLE obj=298.11 lb=0.346532
MP raw solver: status=aborted term=maxTimeLimit incumbent=298.11000448312626 best_bound=0.34653215979920876
MP solutions: count=1 keys=['Gap', 'Status', 'Message', 'Problem', 'Objective', 'Variable', 'Constraint']
Shuttle totals (OUT+RET): q0=12, q1=12, q2=12
MP stats (solver): nodes=3787 best_bound=0.34653215979920876 incumbent=298.11000448312626 gap=0.9988375695055927
MP result: status=SolveStatus.FEASIBLE obj=298.11 lb=0.346532
[CHECK] MP: first=0.86 theta=297.25 mp_total=298.11 inc_obj=298.11 best_bound=0.346532
[CHECK] MP bounds: mp_obj=298.11 mp_best_bound=0.346532 mp_best_integer=298.11 term=maxTimeLimit status=aborted gap=0.998838
[MP] iter=15 incumbent=298.11 best_bound=0.346532 gap=0.998838 (src: inc=cplex_api bb=cplex_api gap=cplex_api)
[MP] iter=15 cuts=14 obj=298.110 last_const=9393.750 last_nnz=60
[MW] core updated (t=0..): min=0.00712 max=1.22 mean=0.4
Evaluating Subproblem (SP) at candidate...
2026-08-06 21:22:18,686 INFO | mobauto2_benders.benders.solver | force-added CutType.OPTIMALITY cut 'opt_cut_avg'
2026-08-06 21:22:18,686 INFO | mobauto2_benders.benders.solver | added 1 cut(s)
2026-08-06 21:22:18,686 INFO | mobauto2_benders.benders.solver | bounds: best_lb=0.346532 best_ub=2310.36 gap=2310.01 rel=1
SP result: recourse=2756.75 feasible=True
[SP PIPELINE] iter=15 build=0.000s solve=0.000s extract=0.000s post=0.000s cutgen=0.061s mode=mw lb_valid=True tl_inc=False vars=- bin=- cons=- lp=-
[CHECK] SP: recourse=2756.75 first=0.86 sp_total=2757.61
[CUT TIGHTNESS] raw_line(y)=2756.75  SP_ub=2756.75  diff=0
[BENDERS] Added cut #14: const_out=6950.5, const_ret=4315, nnz=68, slope_range=[-735,-3.75], raw_pos_dm=0, scale=1
[BENDERS] Eval cut (dir): OUT lhs=297.25 rhs=1340.5; RET lhs=0 rhs=1416.25
Master updated: added 1 cut(s): opt_cut_avg
[CUT SUMMARY] it=15 cand=OUT[0,3]|RET[0,5]|OUT[0,7]|RET[0,9]|OUT[0,17]|RET[0,19]|OUT[0,24]|RET[0,26]|OUT[0,30]|RET[0,32]|OUT[0,35]|RET[0,40]|...(+24) decision=added skip=None theta_total=297.2500044831263 rec_total=2756.75 raw_rhs_total=2756.75 rhs_total=2756.75 lhs_total=297.2500044831263
Timing: master=30.393s sp_solve=0.083s cutgen=0.061s cutadd=0.003s cuts_added=1 total_cuts=15
MP stats: nodes=3787 best_bound=0.34653215979920876 incumbent=298.11000448312626 gap=0.9988375695055927
[CHECK] GAP: LB=0.346532 UB=2310.36 gap=2310.01 rel=1

=== Iteration 16 ===
Solving Master (MP)...
[SCHEDULE] master gap-tied: time_limit_s=30 mipgap=0.05 g_bd=1
[MIPSTART] x-only start applied: n_out=132 n_ret=132
Warning:  No solution found from 1 MIP starts.
2026-08-06 21:22:49,101 WARNING | pyomo.core | Loading a SolverResults object with an 'aborted' status, but containing a solution
2026-08-06 21:22:49,115 WARNING | pyomo.core | Loading a SolverResults object with an 'aborted' status, but containing a solution
2026-08-06 21:22:49,132 INFO | mobauto2_benders.benders.solver | iter=16 master status=SolveStatus.FEASIBLE obj=563.86 lb=0.344829
MP raw solver: status=aborted term=maxTimeLimit incumbent=563.8599798718758 best_bound=0.3448287802363649
MP solutions: count=1 keys=['Gap', 'Status', 'Message', 'Problem', 'Objective', 'Variable', 'Constraint']
Shuttle totals (OUT+RET): q0=12, q1=12, q2=12
MP stats (solver): nodes=2324 best_bound=0.3448287802363649 incumbent=563.8599798718758 gap=0.9993884496281954
MP result: status=SolveStatus.FEASIBLE obj=563.86 lb=0.344829
[CHECK] MP: first=1.36 theta=562.5 mp_total=563.86 inc_obj=563.86 best_bound=0.344829
[CHECK] MP bounds: mp_obj=563.86 mp_best_bound=0.344829 mp_best_integer=563.86 term=maxTimeLimit status=aborted gap=0.999388
[MP] iter=16 incumbent=563.86 best_bound=0.344829 gap=0.999388 (src: inc=cplex_api bb=cplex_api gap=cplex_api)
[MP] iter=16 cuts=15 obj=563.860 last_const=11265.500 last_nnz=68
[MW] core updated (t=0..): min=0.00498 max=1.46 mean=0.403
Evaluating Subproblem (SP) at candidate...
2026-08-06 21:22:50,445 INFO | mobauto2_benders.benders.solver | force-added CutType.OPTIMALITY cut 'opt_cut_avg'
2026-08-06 21:22:50,445 INFO | mobauto2_benders.benders.solver | added 1 cut(s)
2026-08-06 21:22:50,445 INFO | mobauto2_benders.benders.solver | bounds: best_lb=0.346532 best_ub=2310.36 gap=2310.01 rel=1
SP result: recourse=2742.25 feasible=True
[SP PIPELINE] iter=16 build=0.000s solve=0.000s extract=0.000s post=0.000s cutgen=0.072s mode=mw lb_valid=True tl_inc=False vars=- bin=- cons=- lp=-
[CHECK] SP: recourse=2742.25 first=1.36 sp_total=2743.61
[CUT TIGHTNESS] raw_line(y)=2742.25  SP_ub=2742.25  diff=0
[BENDERS] Added cut #15: const_out=6153.75, const_ret=2209.75, nnz=68, slope_range=[-735,-7.5], raw_pos_dm=0, scale=1
[BENDERS] Eval cut (dir): OUT lhs=462.25 rhs=1443.75; RET lhs=100.25 rhs=1298.5
Master updated: added 1 cut(s): opt_cut_avg
[CUT SUMMARY] it=16 cand=OUT[0,5]|RET[0,8]|OUT[0,10]|RET[0,12]|OUT[0,20]|RET[0,22]|OUT[0,26]|RET[0,28]|OUT[0,34]|RET[0,37]|OUT[0,39]|RET[0,41]|...(+24) decision=added skip=None theta_total=562.4999798718759 rec_total=2742.25 raw_rhs_total=2742.25 rhs_total=2742.25 lhs_total=562.4999798718759
Timing: master=30.436s sp_solve=0.074s cutgen=0.072s cutadd=0.003s cuts_added=1 total_cuts=16
MP stats: nodes=2324 best_bound=0.3448287802363649 incumbent=563.8599798718758 gap=0.9993884496281954
[CHECK] GAP: LB=0.346532 UB=2310.36 gap=2310.01 rel=1

=== Iteration 17 ===
Solving Master (MP)...
[SCHEDULE] master gap-tied: time_limit_s=30 mipgap=0.05 g_bd=1
[MIPSTART] x-only start applied: n_out=132 n_ret=132
2026-08-06 21:23:20,790 WARNING | pyomo.core | Loading a SolverResults object with an 'aborted' status, but containing a solution
2026-08-06 21:23:20,808 WARNING | pyomo.core | Loading a SolverResults object with an 'aborted' status, but containing a solution
2026-08-06 21:23:20,808 INFO | mobauto2_benders.benders.solver | iter=17 master status=SolveStatus.FEASIBLE obj=502.361 lb=0.347384
MP raw solver: status=aborted term=maxTimeLimit incumbent=502.3606478452761 best_bound=0.3473835043026254
MP solutions: count=1 keys=['Gap', 'Status', 'Message', 'Problem', 'Objective', 'Variable', 'Constraint']
Shuttle totals (OUT+RET): q0=12, q1=12, q2=12
MP stats (solver): nodes=3748 best_bound=0.3473835043026254 incumbent=502.3606478452761 gap=0.9993084977776573
MP result: status=SolveStatus.FEASIBLE obj=502.361 lb=0.347384
[CHECK] MP: first=1.11 theta=501.251 mp_total=502.361 inc_obj=502.361 best_bound=0.347384
[CHECK] MP bounds: mp_obj=502.361 mp_best_bound=0.347384 mp_best_integer=502.361 term=maxTimeLimit status=aborted gap=0.999308
[MP] iter=17 incumbent=502.361 best_bound=0.347384 gap=0.999308 (src: inc=cplex_api bb=cplex_api gap=cplex_api)
[MP] iter=17 cuts=16 obj=502.361 last_const=8363.500 last_nnz=68
[MW] core updated (t=0..): min=0.00349 max=1.62 mean=0.404
Evaluating Subproblem (SP) at candidate...
2026-08-06 21:23:21,873 INFO | mobauto2_benders.benders.solver | force-added CutType.OPTIMALITY cut 'opt_cut_avg'
2026-08-06 21:23:21,873 INFO | mobauto2_benders.benders.solver | added 1 cut(s)
2026-08-06 21:23:21,873 INFO | mobauto2_benders.benders.solver | bounds: best_lb=0.347384 best_ub=2310.36 gap=2310.01 rel=1
SP result: recourse=2903 feasible=True
[SP PIPELINE] iter=17 build=0.000s solve=0.000s extract=0.000s post=0.000s cutgen=0.069s mode=mw lb_valid=True tl_inc=False vars=- bin=- cons=- lp=-
[CHECK] SP: recourse=2903 first=1.11 sp_total=2904.11
[CUT TIGHTNESS] raw_line(y)=2903  SP_ub=2903  diff=9.09e-13
[BENDERS] Added cut #16: const_out=6687.25, const_ret=2047, nnz=64, slope_range=[-735,-3.75], raw_pos_dm=0, scale=1
[BENDERS] Eval cut (dir): OUT lhs=501.251 rhs=1879.75; RET lhs=0 rhs=1023.25
Master updated: added 1 cut(s): opt_cut_avg
[CUT SUMMARY] it=17 cand=OUT[0,5]|RET[0,7]|OUT[0,10]|RET[0,12]|OUT[0,15]|RET[0,17]|OUT[0,27]|RET[0,29]|OUT[0,34]|RET[0,36]|OUT[0,39]|RET[0,41]|...(+24) decision=added skip=None theta_total=501.25064784527615 rec_total=2903.0 raw_rhs_total=2903.000000000001 rhs_total=2903.0 lhs_total=501.25064784527615
Timing: master=30.375s sp_solve=0.073s cutgen=0.069s cutadd=0.004s cuts_added=1 total_cuts=17
MP stats: nodes=3748 best_bound=0.3473835043026254 incumbent=502.3606478452761 gap=0.9993084977776573
[CHECK] GAP: LB=0.347384 UB=2310.36 gap=2310.01 rel=1

=== Iteration 18 ===
Solving Master (MP)...
[SCHEDULE] master gap-tied: time_limit_s=30 mipgap=0.05 g_bd=1
[MIPSTART] x-only start applied: n_out=132 n_ret=132
Warning:  No solution found from 1 MIP starts.
2026-08-06 21:23:53,127 WARNING | pyomo.core | Loading a SolverResults object with an 'aborted' status, but containing a solution
2026-08-06 21:23:53,176 WARNING | pyomo.core | Loading a SolverResults object with an 'aborted' status, but containing a solution
2026-08-06 21:23:53,206 INFO | mobauto2_benders.benders.solver | iter=18 master status=SolveStatus.FEASIBLE obj=1032.86 lb=0.341523
MP raw solver: status=aborted term=maxTimeLimit incumbent=1032.8600413512518 best_bound=0.34152268216654336
MP solutions: count=1 keys=['Gap', 'Status', 'Message', 'Problem', 'Objective', 'Variable', 'Constraint']
Shuttle totals (OUT+RET): q0=12, q1=12, q2=12
MP stats (solver): nodes=3 best_bound=0.34152268216654336 incumbent=1032.8600413512518 gap=0.9996693427293212
MP result: status=SolveStatus.FEASIBLE obj=1032.86 lb=0.341523
[CHECK] MP: first=0.86 theta=1032 mp_total=1032.86 inc_obj=1032.86 best_bound=0.341523
[CHECK] MP bounds: mp_obj=1032.86 mp_best_bound=0.341523 mp_best_integer=1032.86 term=maxTimeLimit status=aborted gap=0.999669
[MP] iter=18 incumbent=1032.86 best_bound=0.341523 gap=0.999669 (src: inc=cplex_api bb=cplex_api gap=cplex_api)
[MP] iter=18 cuts=17 obj=1032.860 last_const=8734.250 last_nnz=64
[MW] core updated (t=0..): min=0.00244 max=1.73 mean=0.406
Evaluating Subproblem (SP) at candidate...
2026-08-06 21:23:56,581 INFO | mobauto2_benders.benders.solver | force-added CutType.OPTIMALITY cut 'opt_cut_avg'
2026-08-06 21:23:56,581 INFO | mobauto2_benders.benders.solver | added 1 cut(s)
2026-08-06 21:23:56,581 INFO | mobauto2_benders.benders.solver | bounds: best_lb=0.347384 best_ub=2310.36 gap=2310.01 rel=1
SP result: recourse=3003 feasible=True
[SP PIPELINE] iter=18 build=0.000s solve=0.000s extract=0.000s post=0.000s cutgen=0.097s mode=mw lb_valid=True tl_inc=False vars=- bin=- cons=- lp=-
[CHECK] SP: recourse=3003 first=0.86 sp_total=3003.86
[CUT TIGHTNESS] raw_line(y)=3003  SP_ub=3003  diff=0
[BENDERS] Added cut #17: const_out=6428, const_ret=2140, nnz=64, slope_range=[-735,-3.75], raw_pos_dm=0, scale=1
[BENDERS] Eval cut (dir): OUT lhs=1029.25 rhs=2186.75; RET lhs=2.75 rhs=816.25
Master updated: added 1 cut(s): opt_cut_avg
[CUT SUMMARY] it=18 cand=OUT[0,4]|RET[0,6]|OUT[0,13]|RET[0,15]|OUT[0,17]|RET[0,19]|OUT[0,23]|RET[0,26]|OUT[0,34]|RET[0,36]|OUT[0,39]|RET[0,41]|...(+24) decision=added skip=None theta_total=1032.0000413512519 rec_total=3003.0 raw_rhs_total=3003.0 rhs_total=3003.0 lhs_total=1032.0000413512519
Timing: master=31.331s sp_solve=0.280s cutgen=0.097s cutadd=0.004s cuts_added=1 total_cuts=18
MP stats: nodes=3 best_bound=0.34152268216654336 incumbent=1032.8600413512518 gap=0.9996693427293212
[CHECK] GAP: LB=0.347384 UB=2310.36 gap=2310.01 rel=1

=== Iteration 19 ===
Solving Master (MP)...
[SCHEDULE] master gap-tied: time_limit_s=30 mipgap=0.05 g_bd=1
[MIPSTART] x-only start applied: n_out=132 n_ret=132
2026-08-06 21:24:27,003 WARNING | pyomo.core | Loading a SolverResults object with an 'aborted' status, but containing a solution
2026-08-06 21:24:27,013 WARNING | pyomo.core | Loading a SolverResults object with an 'aborted' status, but containing a solution
2026-08-06 21:24:27,019 INFO | mobauto2_benders.benders.solver | iter=19 master status=SolveStatus.FEASIBLE obj=636.361 lb=0.350393
MP raw solver: status=aborted term=maxTimeLimit incumbent=636.360647845276 best_bound=0.3503928479634459
MP solutions: count=1 keys=['Gap', 'Status', 'Message', 'Problem', 'Objective', 'Variable', 'Constraint']
Shuttle totals (OUT+RET): q0=12, q1=12, q2=12
MP stats (solver): nodes=3959 best_bound=0.3503928479634459 incumbent=636.360647845276 gap=0.9994493800814839
MP result: status=SolveStatus.FEASIBLE obj=636.361 lb=0.350393
[CHECK] MP: first=0.61 theta=635.751 mp_total=636.361 inc_obj=636.361 best_bound=0.350393
[CHECK] MP bounds: mp_obj=636.361 mp_best_bound=0.350393 mp_best_integer=636.361 term=maxTimeLimit status=aborted gap=0.999449
[MP] iter=19 incumbent=636.361 best_bound=0.350393 gap=0.999449 (src: inc=cplex_api bb=cplex_api gap=cplex_api)
[MP] iter=19 cuts=18 obj=636.361 last_const=8568.000 last_nnz=64
[MW] core updated (t=0..): min=0.00171 max=1.51 mean=0.407
Evaluating Subproblem (SP) at candidate...
2026-08-06 21:24:28,321 INFO | mobauto2_benders.benders.solver | force-added CutType.OPTIMALITY cut 'opt_cut_avg'
2026-08-06 21:24:28,321 INFO | mobauto2_benders.benders.solver | added 1 cut(s)
2026-08-06 21:24:28,322 INFO | mobauto2_benders.benders.solver | bounds: best_lb=0.350393 best_ub=2310.36 gap=2310.01 rel=1
2026-08-06 21:24:28,322 WARNING | mobauto2_benders.benders.solver | Time limit reached after 19 iterations
SP result: recourse=2340 feasible=True
[SP PIPELINE] iter=19 build=0.000s solve=0.000s extract=0.000s post=0.000s cutgen=0.079s mode=mw lb_valid=True tl_inc=False vars=- bin=- cons=- lp=-
[CHECK] SP: recourse=2340 first=0.61 sp_total=2340.61
[CUT TIGHTNESS] raw_line(y)=2340  SP_ub=2340  diff=0
[BENDERS] Added cut #18: const_out=4860.75, const_ret=4071.75, nnz=68, slope_range=[-735,-15], raw_pos_dm=0, scale=1
[BENDERS] Eval cut (dir): OUT lhs=512.501 rhs=1320.75; RET lhs=123.25 rhs=1019.25
Master updated: added 1 cut(s): opt_cut_avg
[CUT SUMMARY] it=19 cand=OUT[0,4]|RET[0,6]|OUT[0,8]|RET[0,10]|OUT[0,14]|RET[0,16]|OUT[0,25]|RET[0,29]|OUT[0,34]|RET[0,36]|OUT[0,38]|RET[0,40]|...(+24) decision=added skip=None theta_total=635.7506478452761 rec_total=2340.0 raw_rhs_total=2340.0 rhs_total=2340.0 lhs_total=635.7506478452761
Timing: master=30.437s sp_solve=0.109s cutgen=0.079s cutadd=0.004s cuts_added=1 total_cuts=19
MP stats: nodes=3959 best_bound=0.3503928479634459 incumbent=636.360647845276 gap=0.9994493800814839
[CHECK] GAP: LB=0.350393 UB=2310.36 gap=2310.01 rel=1

Time limit reached after 19 iterations.
Total solve time: 301.499 seconds
Best bounds: LB=0.350393 UB=2310.36 gap=2310.01 rel=1

Best Master Solution:
Q=3 T=44
theta = 180.5
  - theta_out = 101.5
  - theta_ret = 79.0003
Timeline (per shuttle):
           0     1     2     3     4     5     6     7     8     9    10    11    12    13    14    15    16    17    18    19    20    21    22    23    24    25    26    27    28    29    30    31    32    33    34    35    36    37    38    39    40    41    42    43
  q=0:   IDL   IDL   IDL   OUT   INT   RET   INT   CHR   OUT   INT   RET   INT   CHR   OUT   INT   RET   INT   CHR   CHR   CHR   CHR   CHR   OUT   INT   RET   INT   CHR   CHR   CHR   OUT   INT   RET   INT   CHR   CHR   OUT   INT   RET   INT   IDL   IDL   IDL   IDL   IDL
  q=1:   IDL   IDL   IDL   IDL   IDL   IDL   OUT   INT   RET   INT   OUT   INT   RET   INT   CHR   CHR   OUT   INT   RET   INT   CHR   CHR   CHR   CHR   CHR   OUT   INT   RET   INT   CHR   CHR   IDL   OUT   INT   RET   INT   CHR   CHR   CHR   OUT   INT   RET   INT   IDL
  q=2:   IDL   OUT   INT   RET   INT   OUT   INT   RET   INT   CHR   CHR   OUT   INT   RET   INT   CHR   CHR   CHR   CHR   OUT   INT   IDL   RET   INT   CHR   CHR   CHR   CHR   CHR   CHR   OUT   INT   IDL   IDL   IDL   RET   INT   OUT   INT   RET   INT   IDL   IDL   IDL
Battery (per shuttle):
           0     1     2     3     4     5     6     7     8     9    10    11    12    13    14    15    16    17    18    19    20    21    22    23    24    25    26    27    28    29    30    31    32    33    34    35    36    37    38    39    40    41    42    43
  q=0:   150   150   150   150   150   120   120    90    90    60    60    30    30    48    65    35    35     5     5    22    40    58    75    92   110   128    98    98    98    98    68    68    85   103   120    90    90    60    60    30    30     0     0     0
  q=1:   150   150   150   150   120   120    90    90    60    60    30    30    48    65    82   100   118   134   150   120   120    90    90   108   122   136   150   120   120    90    90    60    60    60    30    30    48    65    35    35     5     5    23    23
  q=2:   150   150   150   120   120    90    90    60    60    30    30    48    65    35    35     5     5    22    40    58    75    92   110   128    98    98    68    68    38    38    38    38    38    38     8     8    21    34    47    60    30    30     0     0

Scenario 1: setups/base.yaml
Demand per slot (OUT/RET):
         0   1   2   3   4   5   6   7   8   9  10  11  12  13  14  15  16  17  18  19  20  21  22  23  24  25  26  27  28  29  30  31  32  33  34  35  36  37  38  39  40  41  42  43
  OUT:   7  12  13   9  12  17  16   6   7  10   5   3   2   2   2   2   2   0   1   3   4   1   2   1   0   1   3   1   1   0   0   2   0   0   1   0   0   0   2   0   0   0   0   0
  RET:   1   2   1   0   1   1   0   0   0   0   2   2   2   1   3   4   1   3   2   2   5   3   3   9   1   7   3   4   4   2   2   5  10   9   6   9  10  14   9   7   0   0   0   0
Passengers per shuttle and slot (OUT):
         0   1   2   3   4   5   6   7   8   9  10  11  12  13  14  15  16  17  18  19  20  21  22  23  24  25  26  27  28  29  30  31  32  33  34  35  36  37  38  39  40  41  42  43
  q=0:   0   0   0  15   0   0   0   0  15   0   0   0   0  15   0   0   0   0   0   0   0   0   8   0   0   0   0   0   0   6   0   0   0   0   0   1   0   0   0   0   0   0   0   0
  q=1:   0   0   0   0   0   0  15   0   0   0  15   0   0   0   0   0   8   0   0   0   0   0   0   0   0   3   0   0   0   0   0   0   2   0   0   0   0   0   0   2   0   0   0   0
  q=2:   0   7   0   0   0  15   0   0   0   0   0  15   0   0   0   0   0   0   0   3   0   0   0   0   0   0   0   0   0   0   0   0   0   0   0   0   0   0   0   0   0   0   0   0
Passengers per shuttle and slot (RET):
         0   1   2   3   4   5   6   7   8   9  10  11  12  13  14  15  16  17  18  19  20  21  22  23  24  25  26  27  28  29  30  31  32  33  34  35  36  37  38  39  40  41  42  43
  q=0:   0   0   0   0   0   1   0   0   0   0   0   0   0   0   0   4   0   0   0   0   0   0   0   0  12   0   0   0   0   0   0  12   0   0   0   0   0  15   0   0   0   0   0   0
  q=1:   0   0   0   0   0   0   0   0   0   0   0   0   4   0   0   0   0   0   8   0   0   0   0   0   0   0   0  11   0   0   0   0   0   0  15   0   0   0   0   0   0  15   0   0
  q=2:   0   0   0   4   0   0   0   1   0   0   0   0   0   2   0   0   0   0   0   0   0   0  12   0   0   0   0   0   0   0   0   0   0   0   0  15   0   0   0  15   0   0   0   0
Passengers per shuttle and slot (TOTAL):
         0   1   2   3   4   5   6   7   8   9  10  11  12  13  14  15  16  17  18  19  20  21  22  23  24  25  26  27  28  29  30  31  32  33  34  35  36  37  38  39  40  41  42  43
  q=0:   0   0   0  15   0   1   0   0  15   0   0   0   0  15   0   4   0   0   0   0   0   0   8   0  12   0   0   0   0   6   0  12   0   0   0   1   0  15   0   0   0   0   0   0
  q=1:   0   0   0   0   0   0  15   0   0   0  15   0   4   0   0   0   8   0   8   0   0   0   0   0   0   3   0  11   0   0   0   0   2   0  15   0   0   0   0   2   0  15   0   0
  q=2:   0   7   0   4   0  15   0   1   0   0   0  15   0   2   0   0   0   0   0   3   0   0  12   0   0   0   0   0   0   0   0   0   0   0   0  15   0   0   0  15   0   0   0   0
Pax served: 291/300

Scenario 2: setups/base_plus100_out_noon.yaml
Demand per slot (OUT/RET):
         0   1   2   3   4   5   6   7   8   9  10  11  12  13  14  15  16  17  18  19  20  21  22  23  24  25  26  27  28  29  30  31  32  33  34  35  36  37  38  39  40  41  42  43
  OUT:   7  12  13   9  12  17  16   6   7  10   5   3   2   2   2   2  13  15  11  14  14  15  15  17   0   1   3   1   1   0   0   2   0   0   1   0   0   0   2   0   0   0   0   0
  RET:   1   2   1   0   1   1   0   0   0   0   2   2   2   1   3   4   1   3   2   2   5   3   3   9   1   7   3   4   4   2   2   5  10   9   6   9  10  14   9   7   0   0   0   0
Passengers per shuttle and slot (OUT):
         0   1   2   3   4   5   6   7   8   9  10  11  12  13  14  15  16  17  18  19  20  21  22  23  24  25  26  27  28  29  30  31  32  33  34  35  36  37  38  39  40  41  42  43
  q=0:   0   0   0  15   0   0   0   0  15   0   0   0   0  15   0   0   0   0   0   0   0   0  15   0   0   0   0   0   0   6   0   0   0   0   0   1   0   0   0   0   0   0   0   0
  q=1:   0   0   0   0   0   0  15   0   0   0  15   0   0   0   0   0   8   0   0   0   0   0   0   0   0  15   0   0   0   0   0   0   2   0   0   0   0   0   0   2   0   0   0   0
  q=2:   0   7   0   0   0  15   0   0   0   0   0  15   0   0   0   0   0   0   0  15   0   0   0   0   0   0   0   0   0   0   0   0   0   0   0   0   0   0   0   0   0   0   0   0
Passengers per shuttle and slot (RET):
         0   1   2   3   4   5   6   7   8   9  10  11  12  13  14  15  16  17  18  19  20  21  22  23  24  25  26  27  28  29  30  31  32  33  34  35  36  37  38  39  40  41  42  43
  q=0:   0   0   0   0   0   1   0   0   0   0   0   0   0   0   0   4   0   0   0   0   0   0   0   0  12   0   0   0   0   0   0  12   0   0   0   0   0  15   0   0   0   0   0   0
  q=1:   0   0   0   0   0   0   0   0   0   0   0   0   4   0   0   0   0   0   8   0   0   0   0   0   0   0   0  11   0   0   0   0   0   0  15   0   0   0   0   0   0  15   0   0
  q=2:   0   0   0   4   0   0   0   1   0   0   0   0   0   2   0   0   0   0   0   0   0   0  12   0   0   0   0   0   0   0   0   0   0   0   0  15   0   0   0  15   0   0   0   0
Passengers per shuttle and slot (TOTAL):
         0   1   2   3   4   5   6   7   8   9  10  11  12  13  14  15  16  17  18  19  20  21  22  23  24  25  26  27  28  29  30  31  32  33  34  35  36  37  38  39  40  41  42  43
  q=0:   0   0   0  15   0   1   0   0  15   0   0   0   0  15   0   4   0   0   0   0   0   0  15   0  12   0   0   0   0   6   0  12   0   0   0   1   0  15   0   0   0   0   0   0
  q=1:   0   0   0   0   0   0  15   0   0   0  15   0   4   0   0   0   8   0   8   0   0   0   0   0   0  15   0  11   0   0   0   0   2   0  15   0   0   0   0   2   0  15   0   0
  q=2:   0   7   0   4   0  15   0   1   0   0   0  15   0   2   0   0   0   0   0  15   0   0  12   0   0   0   0   0   0   0   0   0   0   0   0  15   0   0   0  15   0   0   0   0
Pax served: 322/400

Scenario 3: setups/base_ret_peak_adv.yaml
Demand per slot (OUT/RET):
         0   1   2   3   4   5   6   7   8   9  10  11  12  13  14  15  16  17  18  19  20  21  22  23  24  25  26  27  28  29  30  31  32  33  34  35  36  37  38  39  40  41  42  43
  OUT:   7  12  13   9  12  17  16   6   7  10   5   3   2   2   2   2   2   0   1   3   4   1   2   1   0   1   3   1   1   0   0   2   0   0   1   0   0   0   2   0   0   0   0   0
  RET:   1   2   1   0   1   1   0   0   0   0   2   2   2   1   3   4   1   3   2   2   5   3   3   9   8  12   6   9   9  15  11  12   8   5   3   4   0   0   0   0   0   0   0   0
Passengers per shuttle and slot (OUT):
         0   1   2   3   4   5   6   7   8   9  10  11  12  13  14  15  16  17  18  19  20  21  22  23  24  25  26  27  28  29  30  31  32  33  34  35  36  37  38  39  40  41  42  43
  q=0:   0   0   0  15   0   0   0   0  15   0   0   0   0  15   0   0   0   0   0   0   0   0   8   0   0   0   0   0   0   6   0   0   0   0   0   1   0   0   0   0   0   0   0   0
  q=1:   0   0   0   0   0   0  15   0   0   0  15   0   0   0   0   0   8   0   0   0   0   0   0   0   0   3   0   0   0   0   0   0   2   0   0   0   0   0   0   2   0   0   0   0
  q=2:   0   7   0   0   0  15   0   0   0   0   0  15   0   0   0   0   0   0   0   3   0   0   0   0   0   0   0   0   0   0   0   0   0   0   0   0   0   0   0   0   0   0   0   0
Passengers per shuttle and slot (RET):
         0   1   2   3   4   5   6   7   8   9  10  11  12  13  14  15  16  17  18  19  20  21  22  23  24  25  26  27  28  29  30  31  32  33  34  35  36  37  38  39  40  41  42  43
  q=0:   0   0   0   0   0   1   0   0   0   0   0   0   0   0   0   4   0   0   0   0   0   0   0   0  12   0   0   0   0   0   0  15   0   0   0   0   0  12   0   0   0   0   0   0
  q=1:   0   0   0   0   0   0   0   0   0   0   0   0   4   0   0   0   0   0   8   0   0   0   0   0   0   0   0  15   0   0   0   0   0   0  15   0   0   0   0   0   0   0   0   0
  q=2:   0   0   0   4   0   0   0   1   0   0   0   0   0   2   0   0   0   0   0   0   0   0  12   0   0   0   0   0   0   0   0   0   0   0   0  15   0   0   0   0   0   0   0   0
Passengers per shuttle and slot (TOTAL):
         0   1   2   3   4   5   6   7   8   9  10  11  12  13  14  15  16  17  18  19  20  21  22  23  24  25  26  27  28  29  30  31  32  33  34  35  36  37  38  39  40  41  42  43
  q=0:   0   0   0  15   0   1   0   0  15   0   0   0   0  15   0   4   0   0   0   0   0   0   8   0  12   0   0   0   0   6   0  15   0   0   0   1   0  12   0   0   0   0   0   0
  q=1:   0   0   0   0   0   0  15   0   0   0  15   0   4   0   0   0   8   0   8   0   0   0   0   0   0   3   0  15   0   0   0   0   2   0  15   0   0   0   0   2   0   0   0   0
  q=2:   0   7   0   4   0  15   0   1   0   0   0  15   0   2   0   0   0   0   0   3   0   0  12   0   0   0   0   0   0   0   0   0   0   0   0  15   0   0   0   0   0   0   0   0
Pax served: 265/300

Scenario 4: setups/base_vol20_pm60.yaml
Demand per slot (OUT/RET):
         0   1   2   3   4   5   6   7   8   9  10  11  12  13  14  15  16  17  18  19  20  21  22  23  24  25  26  27  28  29  30  31  32  33  34  35  36  37  38  39  40  41  42  43
  OUT:  10  11  12   7  13  18  16   6   6   7   6   3   3   3   2   2   1   1   1   2   4   0   3   0   1   1   4   1   0   1   0   2   0   0   1   0   0   0   1   1   0   0   0   0
  RET:   1   2   1   0   1   1   0   0   0   1   2   2   2   1   3   3   1   3   2   2   5   3   3   7   0   6   5   4   7   2   3   3   9   6   6  10  12  15   8   8   0   0   0   0
Passengers per shuttle and slot (OUT):
         0   1   2   3   4   5   6   7   8   9  10  11  12  13  14  15  16  17  18  19  20  21  22  23  24  25  26  27  28  29  30  31  32  33  34  35  36  37  38  39  40  41  42  43
  q=0:   0   0   0  15   0   0   0   0  15   0   0   0   0  15   0   0   0   0   0   0   0   0   6   0   0   0   0   0   0   6   0   0   0   0   0   1   0   0   0   0   0   0   0   0
  q=1:   0   0   0   0   0   0  15   0   0   0  15   0   0   0   0   0   8   0   0   0   0   0   0   0   0   4   0   0   0   0   0   0   2   0   0   0   0   0   0   1   0   0   0   0
  q=2:   0  10   0   0   0  15   0   0   0   0   0  15   0   0   0   0   0   0   0   3   0   0   0   0   0   0   0   0   0   0   1   0   0   0   0   0   0   0   0   0   0   0   0   0
Passengers per shuttle and slot (RET):
         0   1   2   3   4   5   6   7   8   9  10  11  12  13  14  15  16  17  18  19  20  21  22  23  24  25  26  27  28  29  30  31  32  33  34  35  36  37  38  39  40  41  42  43
  q=0:   0   0   0   0   0   1   0   0   0   0   1   0   0   0   0   4   0   0   0   0   0   0   0   0  10   0   0   0   0   0   0  15   0   0   0   0   0  15   0   0   0   0   0   0
  q=1:   0   0   0   0   0   0   0   0   0   0   0   0   4   0   0   0   0   0   7   0   0   0   0   0   0   0   0  11   0   0   0   0   0   0  15   0   0   0   0   0   0  15   0   0
  q=2:   0   0   0   4   0   0   0   1   0   0   0   0   0   2   0   0   0   0   0   0   0   0  12   0   0   0   0   0   0   0   0   0   0   0   0  10   0   0   0  15   0   0   0   0
Passengers per shuttle and slot (TOTAL):
         0   1   2   3   4   5   6   7   8   9  10  11  12  13  14  15  16  17  18  19  20  21  22  23  24  25  26  27  28  29  30  31  32  33  34  35  36  37  38  39  40  41  42  43
  q=0:   0   0   0  15   0   1   0   0  15   0   1   0   0  15   0   4   0   0   0   0   0   0   6   0  10   0   0   0   0   6   0  15   0   0   0   1   0  15   0   0   0   0   0   0
  q=1:   0   0   0   0   0   0  15   0   0   0  15   0   4   0   0   0   8   0   7   0   0   0   0   0   0   4   0  11   0   0   0   0   2   0  15   0   0   0   0   1   0  15   0   0
  q=2:   0  10   0   4   0  15   0   1   0   0   0  15   0   2   0   0   0   0   0   3   0   0  12   0   0   0   0   0   0   0   1   0   0   0   0  10   0   0   0  15   0   0   0   0
Pax served: 289/300
Pax served: 292/325
Subproblem (last): obj=2310 wait_slots=647.5 fill_eps=0 penalty_cost=1662.5 penalty_pax=33.25 total_demand=325
Avg wait (min): 33.2905
UB_total (best): 2310.36

Result: status=UNKNOWN iterations=19 best_lb=0.3503928479634459 best_ub=2310.36
NOT REPRODUCIBLE: 9 master solve(s) stopped on the clock, not the gap. Bounds from this run vary with machine load. For a comparable number, raise master.per_iteration_time_limit_s and solver.total_time_limit_s until the master always terminates on the gap (configs/baseline_d9.yaml).

Manifest: C:\Users\fabio\My Drive\05_Projects\19_MobAuto2_Benders\manifests\manifest_p1_lp_on_20260806_192428.json
