Run configuration:
  solver: iterations=10 tol=0.001 time_limit_s=3600 seed=42
  master: solver=cplex Q=2 T_minutes=660 slot_res=30 (slots=22) trip_dur_min=30 Emax=150.0 L=30.0 eps=0.01 conc_pen=0.25 delta_chg=35.0
  subproblem: solver=cplex_direct S=15.0 Wmax=60 p=50.0 fill_eps=1e-06 (slot_res=30)
  demand_file: setups/base.yaml
  scenario_files: ['setups/base.yaml', 'setups/demo_cont_demand.yaml']
Initialized master problem.
[MW] enabled=True alpha=0.3 eps=0.001

=== Iteration 1 ===
Solving Master (MP)...
[SCHEDULE] master gap-tied: time_limit_s=102 mipgap=0.05 g_bd=0.05
[MP] Wrote LP: Report\master_iter_001_cuts_000_20260806_042242.lp
2026-08-06 04:22:42,595 INFO | mobauto2_benders.benders.solver | iter=1 master status=SolveStatus.OPTIMAL obj=0 lb=0
Solver log file: C:\Users\fabio\AppData\Local\Temp\tmpnq_x_s8y.log
MP raw solver: status=ok term=optimal incumbent=0.0 best_bound=0.0
MP solutions: count=1 keys=['Gap', 'Status', 'Message', 'Problem', 'Objective', 'Variable', 'Constraint']
[MP] Solver log: Report\master_iter_001_cuts_000_20260806_042242.log
Shuttle totals (OUT+RET): q0=0, q1=0
MP stats (solver): nodes=0 best_bound=0.0 incumbent=0.0 gap=0.0
MP result: status=SolveStatus.OPTIMAL obj=0 lb=0
[CHECK] MP: first=0 theta=0 mp_total=0 inc_obj=0 best_bound=0
[CHECK] MP bounds: mp_obj=0 mp_best_bound=0 mp_best_integer=0 term=optimal status=ok gap=0
[MP] iter=1 incumbent=0 best_bound=0 gap=0 (src: inc=cplex_api bb=cplex_api gap=cplex_api)
[MP] iter=1 cuts=0 obj=0.000
[MW] core updated (t=0..): min=0.7 max=0.7 mean=0.7
Evaluating Subproblem (SP) at candidate...
[SP WARN] scenario=setups/base.yaml: solve_mw_dual returned no solution; fell back to finite differences. Cut is NOT a valid lower bound.
2026-08-06 04:22:43,702 INFO | mobauto2_benders.benders.solver | force-added CutType.OPTIMALITY cut 'opt_cut_avg'
2026-08-06 04:22:43,702 INFO | mobauto2_benders.benders.solver | added 1 cut(s)
[SP WARN] scenario=setups/demo_cont_demand.yaml: solve_mw_dual returned no solution; fell back to finite differences. Cut is NOT a valid lower bound.
SP result: recourse=13100 feasible=True
[SP PIPELINE] iter=1 build=0.000s solve=0.000s extract=0.000s post=0.000s cutgen=0.467s mode=mw_fdiff_fallback lb_valid=False tl_inc=False vars=- bin=- cons=- lp=-
[CHECK] SP: recourse=13100 first=0 sp_total=13100
[CUT TIGHTNESS] raw_line(y)=13100  SP_ub=13100  diff=0
[BENDERS] Added cut #0: const_out=6325, const_ret=6775, nnz=42, slope_range=[-731,-172], raw_pos_dm=0, scale=1
[BENDERS] Eval cut (dir): OUT lhs=0 rhs=6325; RET lhs=0 rhs=6775
Master updated: added 1 cut(s): opt_cut_avg
[CUT SUMMARY] it=1 cand=candidate:idle decision=added skip=None theta_total=0.0 rec_total=13100.0 raw_rhs_total=13100.0 rhs_total=13100.0 lhs_total=0.0
Timing: master=0.250s sp_solve=0.015s cutgen=0.467s cutadd=0.001s cuts_added=1 total_cuts=1
MP stats: nodes=0 best_bound=0.0 incumbent=0.0 gap=0.0
[CHECK] Bounds are heuristic only; LB/gap optimality logic disabled for current cut mode.

=== Iteration 2 ===
Solving Master (MP)...
[SCHEDULE] master gap-tied: time_limit_s=102 mipgap=0.05 g_bd=0.05
[MIPSTART] x-only start applied: n_out=44 n_ret=44
[MP] Wrote LP: Report\master_iter_002_cuts_001_20260806_042243.lp
Warning:  No solution found from 1 MIP starts.
2026-08-06 04:22:46,611 INFO | mobauto2_benders.benders.solver | iter=2 master status=SolveStatus.FEASIBLE obj=1524.24 lb=1448.62
Solver log file: C:\Users\fabio\AppData\Local\Temp\tmpmf9sx1__.log
MP raw solver: status=ok term=optimal incumbent=1524.2399999999998 best_bound=1448.618571428573
MP solutions: count=1 keys=['Gap', 'Status', 'Message', 'Problem', 'Objective', 'Variable', 'Constraint']
[MP] Solver log: Report\master_iter_002_cuts_001_20260806_042243.log
Shuttle totals (OUT+RET): q0=12, q1=12
MP stats (solver): nodes=6262 best_bound=1448.618571428573 incumbent=1524.2399999999998 gap=0.04961254695548067
MP result: status=SolveStatus.FEASIBLE obj=1524.24 lb=1448.62
[CHECK] MP: first=3.24 theta=1521 mp_total=1524.24 inc_obj=1524.24 best_bound=1448.62
[CHECK] MP bounds: mp_obj=1524.24 mp_best_bound=1448.62 mp_best_integer=1524.24 term=optimal status=ok gap=0.0496125
[MP] iter=2 incumbent=1524.24 best_bound=1448.62 gap=0.0496125 (src: inc=cplex_api bb=cplex_api gap=cplex_api)
[MP] iter=2 cuts=1 obj=1524.240 last_const=13100.000 last_nnz=42
[MW] core updated (t=0..): min=0.49 max=1.09 mean=0.654
Evaluating Subproblem (SP) at candidate...
[SP WARN] scenario=setups/base.yaml: solve_mw_dual returned no solution; fell back to finite differences. Cut is NOT a valid lower bound.
2026-08-06 04:22:48,248 INFO | mobauto2_benders.benders.solver | force-added CutType.OPTIMALITY cut 'opt_cut_avg'
2026-08-06 04:22:48,248 INFO | mobauto2_benders.benders.solver | added 1 cut(s)
[SP WARN] scenario=setups/demo_cont_demand.yaml: solve_mw_dual returned no solution; fell back to finite differences. Cut is NOT a valid lower bound.
SP result: recourse=5839.5 feasible=True
[SP PIPELINE] iter=2 build=0.000s solve=0.000s extract=0.000s post=0.000s cutgen=0.720s mode=mw_fdiff_fallback lb_valid=False tl_inc=False vars=- bin=- cons=- lp=-
[CHECK] SP: recourse=5839.5 first=3.24 sp_total=5842.74
[CUT TIGHTNESS] raw_line(y)=5839.5  SP_ub=5839.5  diff=0
[BENDERS] Added cut #1: const_out=3790, const_ret=3489.5, nnz=33, slope_range=[-630,-4], raw_pos_dm=0, scale=1
[BENDERS] Eval cut (dir): OUT lhs=784 rhs=2830; RET lhs=737 rhs=3009.5
Master updated: added 1 cut(s): opt_cut_avg
[CUT SUMMARY] it=2 cand=OUT[0,2]|RET[0,3]|OUT[0,5]|RET[0,6]|OUT[0,7]|RET[0,8]|OUT[0,11]|RET[0,12]|OUT[0,15]|RET[0,17]|OUT[0,19]|RET[0,20]|...(+12) decision=added skip=None theta_total=1521.0 rec_total=5839.500030499999 raw_rhs_total=5839.5000305 rhs_total=5839.500030499999 lhs_total=1521.0
Timing: master=2.895s sp_solve=0.025s cutgen=0.720s cutadd=0.002s cuts_added=1 total_cuts=2
MP stats: nodes=6262 best_bound=1448.618571428573 incumbent=1524.2399999999998 gap=0.04961254695548067
[CHECK] Bounds are heuristic only; LB/gap optimality logic disabled for current cut mode.

=== Iteration 3 ===
Solving Master (MP)...
[SCHEDULE] master gap-tied: time_limit_s=102 mipgap=0.05 g_bd=0.05
[MIPSTART] x-only start applied: n_out=44 n_ret=44
[MP] Wrote LP: Report\master_iter_003_cuts_002_20260806_042248.lp
2026-08-06 04:22:53,229 INFO | mobauto2_benders.benders.solver | iter=3 master status=SolveStatus.FEASIBLE obj=1727.49 lb=1641.32
Solver log file: C:\Users\fabio\AppData\Local\Temp\tmpw96zddlq.log
MP raw solver: status=ok term=optimal incumbent=1727.4899999999998 best_bound=1641.3230324753301
MP solutions: count=1 keys=['Gap', 'Status', 'Message', 'Problem', 'Objective', 'Variable', 'Constraint']
[MP] Solver log: Report\master_iter_003_cuts_002_20260806_042248.log
Shuttle totals (OUT+RET): q0=12, q1=12
MP stats (solver): nodes=5674 best_bound=1641.3230324753301 incumbent=1727.4899999999998 gap=0.04987986473129492
MP result: status=SolveStatus.FEASIBLE obj=1727.49 lb=1641.32
[CHECK] MP: first=2.49 theta=1725 mp_total=1727.49 inc_obj=1727.49 best_bound=1641.32
[CHECK] MP bounds: mp_obj=1727.49 mp_best_bound=1641.32 mp_best_integer=1727.49 term=optimal status=ok gap=0.0498799
[MP] iter=3 incumbent=1727.49 best_bound=1641.32 gap=0.0498799 (src: inc=cplex_api bb=cplex_api gap=cplex_api)
[MP] iter=3 cuts=2 obj=1727.490 last_const=7279.500 last_nnz=33
[MW] core updated (t=0..): min=0.343 max=1.36 mean=0.621
Evaluating Subproblem (SP) at candidate...
[SP WARN] scenario=setups/base.yaml: solve_mw_dual returned no solution; fell back to finite differences. Cut is NOT a valid lower bound.
2026-08-06 04:22:57,660 INFO | mobauto2_benders.benders.solver | force-added CutType.OPTIMALITY cut 'opt_cut_avg'
2026-08-06 04:22:57,660 INFO | mobauto2_benders.benders.solver | added 1 cut(s)
[SP WARN] scenario=setups/demo_cont_demand.yaml: solve_mw_dual returned no solution; fell back to finite differences. Cut is NOT a valid lower bound.
SP result: recourse=4677 feasible=True
[SP PIPELINE] iter=3 build=0.000s solve=0.000s extract=0.000s post=0.000s cutgen=1.959s mode=mw_fdiff_fallback lb_valid=False tl_inc=False vars=- bin=- cons=- lp=-
[CHECK] SP: recourse=4677 first=2.49 sp_total=4679.49
[CUT TIGHTNESS] raw_line(y)=4677  SP_ub=4677  diff=-9.09e-13
[BENDERS] Added cut #2: const_out=3568.5, const_ret=2598.5, nnz=31, slope_range=[-606,-2.5], raw_pos_dm=0, scale=1
[BENDERS] Eval cut (dir): OUT lhs=1268.5 rhs=2750.5; RET lhs=456.5 rhs=1926.5
Master updated: added 1 cut(s): opt_cut_avg
[CUT SUMMARY] it=3 cand=OUT[0,1]|RET[0,2]|OUT[0,3]|RET[0,4]|OUT[0,6]|RET[0,9]|OUT[0,12]|RET[0,13]|OUT[0,17]|RET[0,18]|OUT[0,19]|RET[0,20]|...(+12) decision=added skip=None theta_total=1725.0 rec_total=4677.00003 raw_rhs_total=4677.00003 rhs_total=4677.000029999999 lhs_total=1725.0
Timing: master=4.979s sp_solve=0.061s cutgen=1.959s cutadd=0.002s cuts_added=1 total_cuts=3
MP stats: nodes=5674 best_bound=1641.3230324753301 incumbent=1727.4899999999998 gap=0.04987986473129492
[CHECK] Bounds are heuristic only; LB/gap optimality logic disabled for current cut mode.

=== Iteration 4 ===
Solving Master (MP)...
[SCHEDULE] master gap-tied: time_limit_s=102 mipgap=0.05 g_bd=0.05
[MIPSTART] x-only start applied: n_out=44 n_ret=44
[MP] Wrote LP: Report\master_iter_004_cuts_003_20260806_042257.lp
2026-08-06 04:22:59,594 INFO | mobauto2_benders.benders.solver | iter=4 master status=SolveStatus.FEASIBLE obj=1870.99 lb=1777.5
Solver log file: C:\Users\fabio\AppData\Local\Temp\tmp5ricsu0l.log
MP raw solver: status=ok term=optimal incumbent=1870.9899999999998 best_bound=1777.5003058071004
MP solutions: count=1 keys=['Gap', 'Status', 'Message', 'Problem', 'Objective', 'Variable', 'Constraint']
[MP] Solver log: Report\master_iter_004_cuts_003_20260806_042257.log
Shuttle totals (OUT+RET): q0=12, q1=12
MP stats (solver): nodes=5158 best_bound=1777.5003058071004 incumbent=1870.9899999999998 gap=0.049968035207507464
MP result: status=SolveStatus.FEASIBLE obj=1870.99 lb=1777.5
[CHECK] MP: first=1.49 theta=1869.5 mp_total=1870.99 inc_obj=1870.99 best_bound=1777.5
[CHECK] MP bounds: mp_obj=1870.99 mp_best_bound=1777.5 mp_best_integer=1870.99 term=optimal status=ok gap=0.049968
[MP] iter=4 incumbent=1870.99 best_bound=1777.5 gap=0.049968 (src: inc=cplex_api bb=cplex_api gap=cplex_api)
[MP] iter=4 cuts=3 obj=1870.990 last_const=6167.000 last_nnz=31
[MW] core updated (t=0..): min=0.24 max=1.55 mean=0.598
Evaluating Subproblem (SP) at candidate...
[SP WARN] scenario=setups/base.yaml: solve_mw_dual returned no solution; fell back to finite differences. Cut is NOT a valid lower bound.
2026-08-06 04:23:01,478 INFO | mobauto2_benders.benders.solver | force-added CutType.OPTIMALITY cut 'opt_cut_avg'
2026-08-06 04:23:01,478 INFO | mobauto2_benders.benders.solver | added 1 cut(s)
[SP WARN] scenario=setups/demo_cont_demand.yaml: solve_mw_dual returned no solution; fell back to finite differences. Cut is NOT a valid lower bound.
SP result: recourse=4947.5 feasible=True
[SP PIPELINE] iter=4 build=0.000s solve=0.000s extract=0.000s post=0.000s cutgen=0.851s mode=mw_fdiff_fallback lb_valid=False tl_inc=False vars=- bin=- cons=- lp=-
[CHECK] SP: recourse=4947.5 first=1.49 sp_total=4948.99
[CUT TIGHTNESS] raw_line(y)=4947.5  SP_ub=4947.5  diff=-9.09e-13
[BENDERS] Added cut #3: const_out=3852.5, const_ret=3427, nnz=30, slope_range=[-631,-2.5], raw_pos_dm=0, scale=1
[BENDERS] Eval cut (dir): OUT lhs=1341.5 rhs=2527; RET lhs=528 rhs=2420.5
Master updated: added 1 cut(s): opt_cut_avg
[CUT SUMMARY] it=4 cand=OUT[0,2]|RET[0,3]|OUT[0,5]|RET[0,7]|OUT[0,8]|RET[0,9]|OUT[0,14]|RET[0,15]|OUT[0,16]|RET[0,17]|OUT[0,19]|RET[0,20]|...(+12) decision=added skip=None theta_total=1869.5 rec_total=4947.5000075 raw_rhs_total=4947.5000075 rhs_total=4947.5000075 lhs_total=1869.5
Timing: master=1.934s sp_solve=0.022s cutgen=0.851s cutadd=0.001s cuts_added=1 total_cuts=4
MP stats: nodes=5158 best_bound=1777.5003058071004 incumbent=1870.9899999999998 gap=0.049968035207507464
[CHECK] Bounds are heuristic only; LB/gap optimality logic disabled for current cut mode.

=== Iteration 5 ===
Solving Master (MP)...
[SCHEDULE] master gap-tied: time_limit_s=102 mipgap=0.05 g_bd=0.05
[MIPSTART] x-only start applied: n_out=44 n_ret=44
[MP] Wrote LP: Report\master_iter_005_cuts_004_20260806_042301.lp
2026-08-06 04:23:08,889 INFO | mobauto2_benders.benders.solver | iter=5 master status=SolveStatus.FEASIBLE obj=2177.74 lb=2068.96
Solver log file: C:\Users\fabio\AppData\Local\Temp\tmpov111q6v.log
MP raw solver: status=ok term=optimal incumbent=2177.739979999999 best_bound=2068.956838848226
MP solutions: count=1 keys=['Gap', 'Status', 'Message', 'Problem', 'Objective', 'Variable', 'Constraint']
[MP] Solver log: Report\master_iter_005_cuts_004_20260806_042301.log
Shuttle totals (OUT+RET): q0=12, q1=12
MP stats (solver): nodes=10012 best_bound=2068.956838848226 incumbent=2177.739979999999 gap=0.04995230934400524
MP result: status=SolveStatus.FEASIBLE obj=2177.74 lb=2068.96
[CHECK] MP: first=1.24 theta=2176.5 mp_total=2177.74 inc_obj=2177.74 best_bound=2068.96
[CHECK] MP bounds: mp_obj=2177.74 mp_best_bound=2068.96 mp_best_integer=2177.74 term=optimal status=ok gap=0.0499523
[MP] iter=5 incumbent=2177.74 best_bound=2068.96 gap=0.0499523 (src: inc=cplex_api bb=cplex_api gap=cplex_api)
[MP] iter=5 cuts=4 obj=2177.740 last_const=7279.500 last_nnz=30
[MW] core updated (t=0..): min=0.168 max=1.39 mean=0.583
Evaluating Subproblem (SP) at candidate...
[SP WARN] scenario=setups/base.yaml: solve_mw_dual returned no solution; fell back to finite differences. Cut is NOT a valid lower bound.
2026-08-06 04:23:12,318 INFO | mobauto2_benders.benders.solver | force-added CutType.OPTIMALITY cut 'opt_cut_avg'
2026-08-06 04:23:12,318 INFO | mobauto2_benders.benders.solver | added 1 cut(s)
[SP WARN] scenario=setups/demo_cont_demand.yaml: solve_mw_dual returned no solution; fell back to finite differences. Cut is NOT a valid lower bound.
SP result: recourse=4606.5 feasible=True
[SP PIPELINE] iter=5 build=0.000s solve=0.000s extract=0.000s post=0.000s cutgen=1.478s mode=mw_fdiff_fallback lb_valid=False tl_inc=False vars=- bin=- cons=- lp=-
[CHECK] SP: recourse=4606.5 first=1.24 sp_total=4607.74
[CUT TIGHTNESS] raw_line(y)=4606.5  SP_ub=4606.5  diff=0
[BENDERS] Added cut #4: const_out=3327, const_ret=2732.5, nnz=26, slope_range=[-606,-2], raw_pos_dm=0, scale=1
[BENDERS] Eval cut (dir): OUT lhs=1423.5 rhs=2596.5; RET lhs=753 rhs=2010
Master updated: added 1 cut(s): opt_cut_avg
[CUT SUMMARY] it=5 cand=OUT[0,1]|RET[0,2]|OUT[0,3]|RET[0,4]|OUT[0,8]|RET[0,9]|OUT[0,12]|RET[0,13]|OUT[0,14]|RET[0,15]|OUT[0,18]|RET[0,19]|...(+12) decision=added skip=None theta_total=2176.499979999999 rec_total=4606.5000045 raw_rhs_total=4606.5000045 rhs_total=4606.5000045 lhs_total=2176.499979999999
Timing: master=7.415s sp_solve=0.046s cutgen=1.478s cutadd=0.001s cuts_added=1 total_cuts=5
MP stats: nodes=10012 best_bound=2068.956838848226 incumbent=2177.739979999999 gap=0.04995230934400524
[CHECK] Bounds are heuristic only; LB/gap optimality logic disabled for current cut mode.

=== Iteration 6 ===
Solving Master (MP)...
[SCHEDULE] master gap-tied: time_limit_s=102 mipgap=0.05 g_bd=0.05
[MIPSTART] x-only start applied: n_out=44 n_ret=44
[MP] Wrote LP: Report\master_iter_006_cuts_005_20260806_042312.lp
2026-08-06 04:23:14,927 INFO | mobauto2_benders.benders.solver | iter=6 master status=SolveStatus.FEASIBLE obj=2319.24 lb=2203.49
Solver log file: C:\Users\fabio\AppData\Local\Temp\tmpmkxy3thg.log
MP raw solver: status=ok term=optimal incumbent=2319.2400019999995 best_bound=2203.4870902079933
MP solutions: count=1 keys=['Gap', 'Status', 'Message', 'Problem', 'Objective', 'Variable', 'Constraint']
[MP] Solver log: Report\master_iter_006_cuts_005_20260806_042312.log
Shuttle totals (OUT+RET): q0=12, q1=12
MP stats (solver): nodes=2589 best_bound=2203.4870902079933 incumbent=2319.2400019999995 gap=0.04990984619624599
MP result: status=SolveStatus.FEASIBLE obj=2319.24 lb=2203.49
[CHECK] MP: first=1.74 theta=2317.5 mp_total=2319.24 inc_obj=2319.24 best_bound=2203.49
[CHECK] MP bounds: mp_obj=2319.24 mp_best_bound=2203.49 mp_best_integer=2319.24 term=optimal status=ok gap=0.0499098
[MP] iter=6 incumbent=2319.24 best_bound=2203.49 gap=0.0499098 (src: inc=cplex_api bb=cplex_api gap=cplex_api)
[MP] iter=6 cuts=5 obj=2319.240 last_const=6059.500 last_nnz=26
[MW] core updated (t=0..): min=0.118 max=1.34 mean=0.571
Evaluating Subproblem (SP) at candidate...
[SP WARN] scenario=setups/base.yaml: solve_mw_dual returned no solution; fell back to finite differences. Cut is NOT a valid lower bound.
2026-08-06 04:23:18,993 INFO | mobauto2_benders.benders.solver | force-added CutType.OPTIMALITY cut 'opt_cut_avg'
2026-08-06 04:23:18,993 INFO | mobauto2_benders.benders.solver | added 1 cut(s)
[SP WARN] scenario=setups/demo_cont_demand.yaml: solve_mw_dual returned no solution; fell back to finite differences. Cut is NOT a valid lower bound.
SP result: recourse=5212.5 feasible=True
[SP PIPELINE] iter=6 build=0.000s solve=0.000s extract=0.000s post=0.000s cutgen=1.785s mode=mw_fdiff_fallback lb_valid=False tl_inc=False vars=- bin=- cons=- lp=-
[CHECK] SP: recourse=5212.5 first=1.74 sp_total=5214.24
[CUT TIGHTNESS] raw_line(y)=5212.5  SP_ub=5212.5  diff=0
[BENDERS] Added cut #5: const_out=3710, const_ret=3475, nnz=30, slope_range=[-724,-2], raw_pos_dm=0, scale=1
[BENDERS] Eval cut (dir): OUT lhs=1304 rhs=2624.5; RET lhs=1013.5 rhs=2588
Master updated: added 1 cut(s): opt_cut_avg
[CUT SUMMARY] it=6 cand=OUT[0,1]|RET[0,2]|OUT[0,4]|RET[0,5]|OUT[0,7]|RET[0,8]|OUT[0,12]|RET[0,13]|OUT[0,14]|RET[0,15]|OUT[0,17]|RET[0,18]|...(+12) decision=added skip=None theta_total=2317.5000019999998 rec_total=5212.50001 raw_rhs_total=5212.500010000001 rhs_total=5212.50001 lhs_total=2317.5000019999998
Timing: master=2.606s sp_solve=0.057s cutgen=1.785s cutadd=0.002s cuts_added=1 total_cuts=6
MP stats: nodes=2589 best_bound=2203.4870902079933 incumbent=2319.2400019999995 gap=0.04990984619624599
[CHECK] Bounds are heuristic only; LB/gap optimality logic disabled for current cut mode.

=== Iteration 7 ===
Solving Master (MP)...
[SCHEDULE] master gap-tied: time_limit_s=102 mipgap=0.05 g_bd=0.05
[MIPSTART] x-only start applied: n_out=44 n_ret=44
[MP] Wrote LP: Report\master_iter_007_cuts_006_20260806_042318.lp
2026-08-06 04:23:25,444 INFO | mobauto2_benders.benders.solver | iter=7 master status=SolveStatus.FEASIBLE obj=2505.74 lb=2380.61
Solver log file: C:\Users\fabio\AppData\Local\Temp\tmp76oz4h9h.log
MP raw solver: status=ok term=optimal incumbent=2505.739987999999 best_bound=2380.612130147175
MP solutions: count=1 keys=['Gap', 'Status', 'Message', 'Problem', 'Objective', 'Variable', 'Constraint']
[MP] Solver log: Report\master_iter_007_cuts_006_20260806_042319.log
Shuttle totals (OUT+RET): q0=12, q1=12
MP stats (solver): nodes=8477 best_bound=2380.612130147175 incumbent=2505.739987999999 gap=0.04993648920161588
MP result: status=SolveStatus.FEASIBLE obj=2505.74 lb=2380.61
[CHECK] MP: first=0.74 theta=2505 mp_total=2505.74 inc_obj=2505.74 best_bound=2380.61
[CHECK] MP bounds: mp_obj=2505.74 mp_best_bound=2380.61 mp_best_integer=2505.74 term=optimal status=ok gap=0.0499365
[MP] iter=7 incumbent=2505.74 best_bound=2380.61 gap=0.0499365 (src: inc=cplex_api bb=cplex_api gap=cplex_api)
[MP] iter=7 cuts=6 obj=2505.740 last_const=7185.000 last_nnz=30
[MW] core updated (t=0..): min=0.0824 max=1.25 mean=0.564
Evaluating Subproblem (SP) at candidate...
[SP WARN] scenario=setups/base.yaml: solve_mw_dual returned no solution; fell back to finite differences. Cut is NOT a valid lower bound.
2026-08-06 04:23:28,338 INFO | mobauto2_benders.benders.solver | force-added CutType.OPTIMALITY cut 'opt_cut_avg'
2026-08-06 04:23:28,338 INFO | mobauto2_benders.benders.solver | added 1 cut(s)
[SP WARN] scenario=setups/demo_cont_demand.yaml: solve_mw_dual returned no solution; fell back to finite differences. Cut is NOT a valid lower bound.
SP result: recourse=4080 feasible=True
[SP PIPELINE] iter=7 build=0.000s solve=0.000s extract=0.000s post=0.000s cutgen=1.336s mode=mw_fdiff_fallback lb_valid=False tl_inc=False vars=- bin=- cons=- lp=-
[CHECK] SP: recourse=4080 first=0.74 sp_total=4080.74
[CUT TIGHTNESS] raw_line(y)=4080  SP_ub=4080  diff=4.55e-13
[BENDERS] Added cut #6: const_out=3483, const_ret=3164.5, nnz=28, slope_range=[-544,-2], raw_pos_dm=0, scale=1
[BENDERS] Eval cut (dir): OUT lhs=1481.5 rhs=2157.5; RET lhs=1023.5 rhs=1922.5
Master updated: added 1 cut(s): opt_cut_avg
[CUT SUMMARY] it=7 cand=OUT[0,1]|RET[0,2]|OUT[0,4]|RET[0,5]|OUT[0,6]|RET[0,7]|OUT[0,11]|RET[0,12]|OUT[0,15]|RET[0,17]|OUT[0,18]|RET[0,19]|...(+12) decision=added skip=None theta_total=2504.999987999999 rec_total=4080.0000075 raw_rhs_total=4080.0000075 rhs_total=4080.0000075 lhs_total=2504.999987999999
Timing: master=6.437s sp_solve=0.025s cutgen=1.336s cutadd=0.002s cuts_added=1 total_cuts=7
MP stats: nodes=8477 best_bound=2380.612130147175 incumbent=2505.739987999999 gap=0.04993648920161588
[CHECK] Bounds are heuristic only; LB/gap optimality logic disabled for current cut mode.

=== Iteration 8 ===
Solving Master (MP)...
[SCHEDULE] master gap-tied: time_limit_s=102 mipgap=0.05 g_bd=0.05
[MIPSTART] x-only start applied: n_out=44 n_ret=44
[MP] Wrote LP: Report\master_iter_008_cuts_007_20260806_042328.lp
2026-08-06 04:23:30,567 INFO | mobauto2_benders.benders.solver | iter=8 master status=SolveStatus.FEASIBLE obj=2586.74 lb=2457.67
Solver log file: C:\Users\fabio\AppData\Local\Temp\tmpm4hk14l9.log
MP raw solver: status=ok term=optimal incumbent=2586.7400124999995 best_bound=2457.669667506354
MP solutions: count=1 keys=['Gap', 'Status', 'Message', 'Problem', 'Objective', 'Variable', 'Constraint']
[MP] Solver log: Report\master_iter_008_cuts_007_20260806_042328.log
Shuttle totals (OUT+RET): q0=12, q1=12
MP stats (solver): nodes=5021 best_bound=2457.669667506354 incumbent=2586.7400124999995 gap=0.049896914405749726
MP result: status=SolveStatus.FEASIBLE obj=2586.74 lb=2457.67
[CHECK] MP: first=3.24 theta=2583.5 mp_total=2586.74 inc_obj=2586.74 best_bound=2457.67
[CHECK] MP bounds: mp_obj=2586.74 mp_best_bound=2457.67 mp_best_integer=2586.74 term=optimal status=ok gap=0.0498969
[MP] iter=8 incumbent=2586.74 best_bound=2457.67 gap=0.0498969 (src: inc=cplex_api bb=cplex_api gap=cplex_api)
[MP] iter=8 cuts=7 obj=2586.740 last_const=6647.500 last_nnz=28
[MW] core updated (t=0..): min=0.0576 max=1.26 mean=0.558
Evaluating Subproblem (SP) at candidate...
[SP WARN] scenario=setups/base.yaml: solve_mw_dual returned no solution; fell back to finite differences. Cut is NOT a valid lower bound.
2026-08-06 04:23:32,350 INFO | mobauto2_benders.benders.solver | force-added CutType.OPTIMALITY cut 'opt_cut_avg'
2026-08-06 04:23:32,350 INFO | mobauto2_benders.benders.solver | added 1 cut(s)
[SP WARN] scenario=setups/demo_cont_demand.yaml: solve_mw_dual returned no solution; fell back to finite differences. Cut is NOT a valid lower bound.
SP result: recourse=6104 feasible=True
[SP PIPELINE] iter=8 build=0.000s solve=0.000s extract=0.000s post=0.000s cutgen=0.795s mode=mw_fdiff_fallback lb_valid=False tl_inc=False vars=- bin=- cons=- lp=-
[CHECK] SP: recourse=6104 first=3.24 sp_total=6107.24
[CUT TIGHTNESS] raw_line(y)=6104  SP_ub=6104  diff=0
[BENDERS] Added cut #7: const_out=4081, const_ret=3415, nnz=33, slope_range=[-724,-2.5], raw_pos_dm=0, scale=1
[BENDERS] Eval cut (dir): OUT lhs=1674.5 rhs=3121; RET lhs=909 rhs=2983
Master updated: added 1 cut(s): opt_cut_avg
[CUT SUMMARY] it=8 cand=OUT[0,2]|RET[0,3]|OUT[0,5]|RET[0,6]|OUT[0,9]|RET[0,10]|OUT[0,12]|RET[0,13]|OUT[0,16]|RET[0,17]|OUT[0,18]|RET[0,19]|...(+12) decision=added skip=None theta_total=2583.5000124999997 rec_total=6104.000030499999 raw_rhs_total=6104.000030499999 rhs_total=6104.000030499999 lhs_total=2583.5000124999997
Timing: master=2.224s sp_solve=0.024s cutgen=0.795s cutadd=0.001s cuts_added=1 total_cuts=8
MP stats: nodes=5021 best_bound=2457.669667506354 incumbent=2586.7400124999995 gap=0.049896914405749726
[CHECK] Bounds are heuristic only; LB/gap optimality logic disabled for current cut mode.

=== Iteration 9 ===
Solving Master (MP)...
[SCHEDULE] master gap-tied: time_limit_s=102 mipgap=0.05 g_bd=0.05
[MIPSTART] x-only start applied: n_out=44 n_ret=44
[MP] Wrote LP: Report\master_iter_009_cuts_008_20260806_042332.lp
2026-08-06 04:23:35,603 INFO | mobauto2_benders.benders.solver | iter=9 master status=SolveStatus.FEASIBLE obj=2649.74 lb=2517.28
Solver log file: C:\Users\fabio\AppData\Local\Temp\tmp7zbu843h.log
MP raw solver: status=ok term=optimal incumbent=2649.7400020000005 best_bound=2517.2758608010763
MP solutions: count=1 keys=['Gap', 'Status', 'Message', 'Problem', 'Objective', 'Variable', 'Constraint']
[MP] Solver log: Report\master_iter_009_cuts_008_20260806_042332.log
Shuttle totals (OUT+RET): q0=12, q1=12
MP stats (solver): nodes=4937 best_bound=2517.2758608010763 incumbent=2649.7400020000005 gap=0.04999137315319102
MP result: status=SolveStatus.FEASIBLE obj=2649.74 lb=2517.28
[CHECK] MP: first=0.74 theta=2649 mp_total=2649.74 inc_obj=2649.74 best_bound=2517.28
[CHECK] MP bounds: mp_obj=2649.74 mp_best_bound=2517.28 mp_best_integer=2649.74 term=optimal status=ok gap=0.0499914
[MP] iter=9 incumbent=2649.74 best_bound=2517.28 gap=0.0499914 (src: inc=cplex_api bb=cplex_api gap=cplex_api)
[MP] iter=9 cuts=8 obj=2649.740 last_const=7496.000 last_nnz=33
[MW] core updated (t=0..): min=0.0404 max=1.18 mean=0.554
Evaluating Subproblem (SP) at candidate...
[SP WARN] scenario=setups/base.yaml: solve_mw_dual returned no solution; fell back to finite differences. Cut is NOT a valid lower bound.
2026-08-06 04:23:39,729 INFO | mobauto2_benders.benders.solver | force-added CutType.OPTIMALITY cut 'opt_cut_avg'
2026-08-06 04:23:39,729 INFO | mobauto2_benders.benders.solver | added 1 cut(s)
[SP WARN] scenario=setups/demo_cont_demand.yaml: solve_mw_dual returned no solution; fell back to finite differences. Cut is NOT a valid lower bound.
SP result: recourse=3899 feasible=True
[SP PIPELINE] iter=9 build=0.000s solve=0.000s extract=0.000s post=0.000s cutgen=1.697s mode=mw_fdiff_fallback lb_valid=False tl_inc=False vars=- bin=- cons=- lp=-
[CHECK] SP: recourse=3899 first=0.74 sp_total=3899.74
[CUT TIGHTNESS] raw_line(y)=3899  SP_ub=3899  diff=9.09e-13
[BENDERS] Added cut #8: const_out=3610, const_ret=2750, nnz=28, slope_range=[-462,-2.5], raw_pos_dm=0, scale=1
[BENDERS] Eval cut (dir): OUT lhs=1537 rhs=2158; RET lhs=1112 rhs=1741
Master updated: added 1 cut(s): opt_cut_avg
[CUT SUMMARY] it=9 cand=OUT[0,2]|RET[0,3]|OUT[0,4]|RET[0,5]|OUT[0,7]|RET[0,9]|OUT[0,12]|RET[0,13]|OUT[0,16]|RET[0,17]|OUT[0,19]|RET[0,20]|...(+12) decision=added skip=None theta_total=2649.0000020000007 rec_total=3899.0000075 raw_rhs_total=3899.0000075000007 rhs_total=3899.0000075 lhs_total=2649.0000020000007
Timing: master=3.254s sp_solve=0.093s cutgen=1.697s cutadd=0.001s cuts_added=1 total_cuts=9
MP stats: nodes=4937 best_bound=2517.2758608010763 incumbent=2649.7400020000005 gap=0.04999137315319102
[CHECK] Bounds are heuristic only; LB/gap optimality logic disabled for current cut mode.

=== Iteration 10 ===
Solving Master (MP)...
[SCHEDULE] master gap-tied: time_limit_s=102 mipgap=0.05 g_bd=0.05
[MIPSTART] x-only start applied: n_out=44 n_ret=44
[MP] Wrote LP: Report\master_iter_010_cuts_009_20260806_042339.lp
2026-08-06 04:23:42,277 INFO | mobauto2_benders.benders.solver | iter=10 master status=SolveStatus.FEASIBLE obj=2731.74 lb=2595.31
Solver log file: C:\Users\fabio\AppData\Local\Temp\tmpfahw4b4h.log
MP raw solver: status=ok term=optimal incumbent=2731.739986999999 best_bound=2595.305678774588
MP solutions: count=1 keys=['Gap', 'Status', 'Message', 'Problem', 'Objective', 'Variable', 'Constraint']
[MP] Solver log: Report\master_iter_010_cuts_009_20260806_042339.log
Shuttle totals (OUT+RET): q0=12, q1=12
MP stats (solver): nodes=5053 best_bound=2595.305678774588 incumbent=2731.739986999999 gap=0.049944104810369684
MP result: status=SolveStatus.FEASIBLE obj=2731.74 lb=2595.31
[CHECK] MP: first=0.24 theta=2731.5 mp_total=2731.74 inc_obj=2731.74 best_bound=2595.31
[CHECK] MP bounds: mp_obj=2731.74 mp_best_bound=2595.31 mp_best_integer=2731.74 term=optimal status=ok gap=0.0499441
[MP] iter=10 incumbent=2731.74 best_bound=2595.31 gap=0.0499441 (src: inc=cplex_api bb=cplex_api gap=cplex_api)
[MP] iter=10 cuts=9 obj=2731.740 last_const=6360.000 last_nnz=28
[MW] core updated (t=0..): min=0.0282 max=1.13 mean=0.552
Evaluating Subproblem (SP) at candidate...
[SP WARN] scenario=setups/base.yaml: solve_mw_dual returned no solution; fell back to finite differences. Cut is NOT a valid lower bound.
2026-08-06 04:23:45,236 INFO | mobauto2_benders.benders.solver | force-added CutType.OPTIMALITY cut 'opt_cut_avg'
2026-08-06 04:23:45,236 INFO | mobauto2_benders.benders.solver | added 1 cut(s)
2026-08-06 04:23:45,236 WARNING | mobauto2_benders.benders.solver | Max iterations reached: 10
[SP WARN] scenario=setups/demo_cont_demand.yaml: solve_mw_dual returned no solution; fell back to finite differences. Cut is NOT a valid lower bound.
SP result: recourse=3698 feasible=True
[SP PIPELINE] iter=10 build=0.000s solve=0.000s extract=0.000s post=0.000s cutgen=1.340s mode=mw_fdiff_fallback lb_valid=False tl_inc=False vars=- bin=- cons=- lp=-
[CHECK] SP: recourse=3698 first=0.24 sp_total=3698.24
[CUT TIGHTNESS] raw_line(y)=3698  SP_ub=3698  diff=-1.82e-12
[BENDERS] Added cut #9: const_out=3300.5, const_ret=2887.5, nnz=27, slope_range=[-544,-2.5], raw_pos_dm=0, scale=1
[BENDERS] Eval cut (dir): OUT lhs=1466.5 rhs=1890; RET lhs=1265 rhs=1808
Master updated: added 1 cut(s): opt_cut_avg
[CUT SUMMARY] it=10 cand=OUT[0,1]|RET[0,2]|OUT[0,4]|RET[0,5]|OUT[0,6]|RET[0,7]|OUT[0,11]|RET[0,12]|OUT[0,15]|RET[0,16]|OUT[0,18]|RET[0,19]|...(+12) decision=added skip=None theta_total=2731.4999869999992 rec_total=3698.0 raw_rhs_total=3697.999999999999 rhs_total=3697.9999999999986 lhs_total=2731.4999869999992
Timing: master=2.547s sp_solve=0.029s cutgen=1.340s cutadd=0.002s cuts_added=1 total_cuts=10
MP stats: nodes=5053 best_bound=2595.305678774588 incumbent=2731.739986999999 gap=0.049944104810369684
[CHECK] Bounds are heuristic only; LB/gap optimality logic disabled for current cut mode.

Max iterations reached: 10
Total solve time: 63.044 seconds

Best Master Solution:
Q=2 T=22
theta = 2731.5
  - theta_out = 1466.5
  - theta_ret = 1265
Timeline (per shuttle):
           0     1     2     3     4     5     6     7     8     9    10    11    12    13    14    15    16    17    18    19    20    21
  q=0:   IDL   OUT   RET   CHR   OUT   RET   OUT   RET   CHR   CHR   IDL   OUT   RET   CHR   CHR   OUT   RET   CHR   OUT   RET   IDL   IDL
  q=1:   IDL   IDL   IDL   OUT   RET   OUT   RET   CHR   OUT   RET   CHR   CHR   OUT   RET   CHR   CHR   CHR   OUT   RET   OUT   RET   IDL
Battery (per shuttle):
           0     1     2     3     4     5     6     7     8     9    10    11    12    13    14    15    16    17    18    19    20    21
  q=0:   150   150   120    90   125    95    65    35     5    40    75    75    45    15    50    85    55    25    60    30     0     0
  q=1:   150   150   150   150   120    90    60    30    65    35     5    40    75    45    15    50    85   120    90    60    30     0

Scenario 1: setups/base.yaml
Demand per slot (OUT/RET):
         0   1   2   3   4   5   6   7   8   9  10  11  12  13  14  15  16  17  18  19  20  21
  OUT:  19  22  29  22  17   8   4   4   2   4   5   3   1   4   1   2   0   1   0   2   0   0
  RET:   3   1   2   0   0   4   3   7   4   4   8  12   8   7   6   7  19  15  24  16   0   0
Passengers per shuttle and slot (OUT):
         0   1   2   3   4   5   6   7   8   9  10  11  12  13  14  15  16  17  18  19  20  21
  q=0:   0  15   0   0  15   0  15   0   0   0   0   9   0   0   0   5   0   0   1   0   0   0
  q=1:   0   0   0  15   0  15   0   0   8   0   0   0   3   0   0   0   0   2   0   0   0   0
Passengers per shuttle and slot (RET):
         0   1   2   3   4   5   6   7   8   9  10  11  12  13  14  15  16  17  18  19  20  21
  q=0:   0   0   4   0   0   0   0   3   0   0   0   0  15   0   0   0  13   0   0  15   0   0
  q=1:   0   0   0   0   2   0   4   0   0  11   0   0   0  13   0   0   0   0  15   0  15   0
Passengers per shuttle and slot (TOTAL):
         0   1   2   3   4   5   6   7   8   9  10  11  12  13  14  15  16  17  18  19  20  21
  q=0:   0  15   4   0  15   0  15   3   0   0   0   9  15   0   0   5  13   0   1  15   0   0
  q=1:   0   0   0  15   2  15   4   0   8  11   0   0   3  13   0   0   0   2  15   0  15   0
Pax served: 213/300

Scenario 2: setups/demo_cont_demand.yaml
Demand per slot (OUT/RET):
         0   1   2   3   4   5   6   7   8   9  10  11  12  13  14  15  16  17  18  19  20  21
  OUT:   5   4   5   5   5   5   5   5   5   5   4   3   5   4   5   4   5   4   6   5   5   4
  RET:   4   3   5   4   4   3   5   4   6   6   5   5   6   5   6   6   7   6   8   7   8   8
Passengers per shuttle and slot (OUT):
         0   1   2   3   4   5   6   7   8   9  10  11  12  13  14  15  16  17  18  19  20  21
  q=0:   0   5   0   0   5   0   5   0   0   0   0   9   0   0   0   9   0   0   4   0   0   0
  q=1:   0   0   0   9   0   5   0   0  10   0   0   0   3   0   0   0   0   9   0   6   0   0
Passengers per shuttle and slot (RET):
         0   1   2   3   4   5   6   7   8   9  10  11  12  13  14  15  16  17  18  19  20  21
  q=0:   0   0   7   0   0   4   0   5   0   0   0   0  10   0   0   0  12   0   0   8   0   0
  q=1:   0   0   0   0   9   0   3   0   0  10   0   0   0   6   0   0   0   0  13   0   7   0
Passengers per shuttle and slot (TOTAL):
         0   1   2   3   4   5   6   7   8   9  10  11  12  13  14  15  16  17  18  19  20  21
  q=0:   0   5   7   0   5   4   5   5   0   0   0   9  10   0   0   9  12   0   4   8   0   0
  q=1:   0   0   0   9   9   5   3   0  10  10   0   0   3   6   0   0   0   9  13   6   7   0
Pax served: 173/224
Pax served: 193/262
Subproblem (last): obj=3698 wait_slots=248 fill_eps=0 penalty_cost=3450 penalty_pax=69 total_demand=262
Avg wait (min): 38.5492
UB_total (best): 3698.24

Result: status=UNKNOWN iterations=10 best_lb=None best_ub=3698.24
