Run configuration:
  solver: iterations=10 tol=0.001 total_time_limit_s=3600 seed=42
  master: solver=cplex Q=2 T_minutes=660 slot_res=30 (slots=22) trip_dur_min=30 Emax=150.0 L=30.0 eps=0.01 conc_pen=0.25 delta_chg=35.0
  subproblem: solver=cplex_direct S=15.0 Wmax=60 p=50.0 (slot_res=30)
  demand_file: setups/base.yaml
  scenario_files: ['setups/base.yaml', 'setups/demo_cont_demand.yaml']
Initialized master problem.
[MW] enabled=True alpha=0.3 eps=0.001

=== Iteration 1 ===
Solving Master (MP)...
[SCHEDULE] master gap-tied: time_limit_s=102 mipgap=0.05 g_bd=0.05
MP raw solver: status=ok term=optimal incumbent=0.0 best_bound=0.0
MP solutions: count=1 keys=['Gap', 'Status', 'Message', 'Problem', 'Objective', 'Variable', 'Constraint']
Shuttle totals (OUT+RET): q0=0, q1=0
MP stats (solver): nodes=0 best_bound=0.0 incumbent=0.0 gap=0.0
2026-08-06 19:34:20,466 INFO | mobauto2_benders.benders.solver | iter=1 master status=SolveStatus.OPTIMAL obj=0 lb=0
MP result: status=SolveStatus.OPTIMAL obj=0 lb=0
[CHECK] MP: first=0 theta=0 mp_total=0 inc_obj=0 best_bound=0
[CHECK] MP bounds: mp_obj=0 mp_best_bound=0 mp_best_integer=0 term=optimal status=ok gap=0
[MP] iter=1 incumbent=0 best_bound=0 gap=0 (src: inc=cplex_api bb=cplex_api gap=cplex_api)
[MP] iter=1 cuts=0 obj=0.000
[MW] core updated (t=0..): min=0.7 max=0.7 mean=0.7
Evaluating Subproblem (SP) at candidate...
2026-08-06 19:34:20,549 WARNING | mobauto2_benders.problem.subproblem_impl | [DEMAND] 60 request(s) discarded outside the horizon (after_horizon=60); horizon is 22 slots of 30 min = 660 min, latest request at 830 min. Served/total counts below exclude them.
[DEMAND] 60 request(s) discarded outside the horizon (after_horizon=60); horizon is 22 slots of 30 min = 660 min, latest request at 830 min. Served/total counts below exclude them.
SP result: recourse=13100 feasible=True
[SP PIPELINE] iter=1 build=0.000s solve=0.000s extract=0.000s post=0.000s cutgen=0.010s mode=mw lb_valid=True tl_inc=False vars=- bin=- cons=- lp=-
[CHECK] SP: recourse=13100 first=0 sp_total=13100
[CUT TIGHTNESS] raw_line(y)=13100  SP_ub=13100  diff=0
[BENDERS] Added cut #0: const_out=6325, const_ret=6775, nnz=42, slope_range=[-735,-368], raw_pos_dm=0, scale=1
[BENDERS] Eval cut (dir): OUT lhs=0 rhs=6325; RET lhs=0 rhs=6775
2026-08-06 19:34:20,583 INFO | mobauto2_benders.benders.solver | force-added CutType.OPTIMALITY cut 'opt_cut_avg'
2026-08-06 19:34:20,583 INFO | mobauto2_benders.benders.solver | added 1 cut(s)
Master updated: added 1 cut(s): opt_cut_avg
[CUT SUMMARY] it=1 cand=candidate:idle decision=added skip=None theta_total=0.0 rec_total=13100.0 raw_rhs_total=13100.0 rhs_total=13100.0 lhs_total=0.0
Timing: master=0.039s sp_solve=0.012s cutgen=0.010s cutadd=0.001s cuts_added=1 total_cuts=1
MP stats: nodes=0 best_bound=0.0 incumbent=0.0 gap=0.0
2026-08-06 19:34:20,584 INFO | mobauto2_benders.benders.solver | bounds: best_lb=0 best_ub=13100 gap=13100 rel=1
[CHECK] GAP: LB=0 UB=13100 gap=13100 rel=1

=== Iteration 2 ===
Solving Master (MP)...
[SCHEDULE] master gap-tied: time_limit_s=102 mipgap=0.05 g_bd=1
[MIPSTART] x-only start applied: n_out=44 n_ret=44
Warning:  No solution found from 1 MIP starts.
MP raw solver: status=ok term=optimal incumbent=0.2 best_bound=0.2
MP solutions: count=1 keys=['Gap', 'Status', 'Message', 'Problem', 'Objective', 'Variable', 'Constraint']
Shuttle totals (OUT+RET): q0=12, q1=8
MP stats (solver): nodes=0 best_bound=0.2 incumbent=0.2 gap=0.0
2026-08-06 19:34:20,647 INFO | mobauto2_benders.benders.solver | iter=2 master status=SolveStatus.OPTIMAL obj=0.2 lb=0.2
MP result: status=SolveStatus.OPTIMAL obj=0.2 lb=0.2
[CHECK] MP: first=0.2 theta=0 mp_total=0.2 inc_obj=0.2 best_bound=0.2
[CHECK] MP bounds: mp_obj=0.2 mp_best_bound=0.2 mp_best_integer=0.2 term=optimal status=ok gap=0
[MP] iter=2 incumbent=0.2 best_bound=0.2 gap=0 (src: inc=cplex_api bb=cplex_api gap=cplex_api)
[MP] iter=2 cuts=1 obj=0.200 last_const=13100.000 last_nnz=42
[MW] core updated (t=0..): min=0.49 max=0.79 mean=0.626
Evaluating Subproblem (SP) at candidate...
2026-08-06 19:34:20,730 WARNING | mobauto2_benders.problem.subproblem_impl | [DEMAND] 60 request(s) discarded outside the horizon (after_horizon=60); horizon is 22 slots of 30 min = 660 min, latest request at 830 min. Served/total counts below exclude them.
[DEMAND] 60 request(s) discarded outside the horizon (after_horizon=60); horizon is 22 slots of 30 min = 660 min, latest request at 830 min. Served/total counts below exclude them.
SP result: recourse=5685 feasible=True
[SP PIPELINE] iter=2 build=0.000s solve=0.000s extract=0.000s post=0.000s cutgen=0.011s mode=mw lb_valid=True tl_inc=False vars=- bin=- cons=- lp=-
[CHECK] SP: recourse=5685 first=0.2 sp_total=5685.2
[CUT TIGHTNESS] raw_line(y)=5685  SP_ub=5685  diff=0
[BENDERS] Added cut #1: const_out=4230.5, const_ret=3667, nnz=29, slope_range=[-735,-7.5], raw_pos_dm=0, scale=1
[BENDERS] Eval cut (dir): OUT lhs=0 rhs=3128; RET lhs=0 rhs=2557
2026-08-06 19:34:20,765 INFO | mobauto2_benders.benders.solver | force-added CutType.OPTIMALITY cut 'opt_cut_avg'
2026-08-06 19:34:20,765 INFO | mobauto2_benders.benders.solver | added 1 cut(s)
Master updated: added 1 cut(s): opt_cut_avg
[CUT SUMMARY] it=2 cand=OUT[0,1]|RET[0,2]|OUT[0,4]|RET[0,6]|OUT[0,9]|RET[0,10]|OUT[0,14]|RET[0,15]|OUT[0,16]|RET[0,17]|OUT[0,19]|RET[0,20]|...(+8) decision=added skip=None theta_total=0.0 rec_total=5685.0 raw_rhs_total=5685.0 rhs_total=5685.0 lhs_total=0.0
Timing: master=0.063s sp_solve=0.012s cutgen=0.011s cutadd=0.001s cuts_added=1 total_cuts=2
MP stats: nodes=0 best_bound=0.2 incumbent=0.2 gap=0.0
2026-08-06 19:34:20,765 INFO | mobauto2_benders.benders.solver | bounds: best_lb=0.2 best_ub=5685.2 gap=5685 rel=1
[CHECK] GAP: LB=0.2 UB=5685.2 gap=5685 rel=1

=== Iteration 3 ===
Solving Master (MP)...
[SCHEDULE] master gap-tied: time_limit_s=102 mipgap=0.05 g_bd=1
[MIPSTART] x-only start applied: n_out=44 n_ret=44
Warning:  No solution found from 1 MIP starts.
MP raw solver: status=ok term=optimal incumbent=0.2 best_bound=0.2
MP solutions: count=1 keys=['Gap', 'Status', 'Message', 'Problem', 'Objective', 'Variable', 'Constraint']
Shuttle totals (OUT+RET): q0=12, q1=8
MP stats (solver): nodes=0 best_bound=0.2 incumbent=0.2 gap=0.0
2026-08-06 19:34:20,845 INFO | mobauto2_benders.benders.solver | iter=3 master status=SolveStatus.OPTIMAL obj=0.2 lb=0.2
MP result: status=SolveStatus.OPTIMAL obj=0.2 lb=0.2
[CHECK] MP: first=0.2 theta=0 mp_total=0.2 inc_obj=0.2 best_bound=0.2
[CHECK] MP bounds: mp_obj=0.2 mp_best_bound=0.2 mp_best_integer=0.2 term=optimal status=ok gap=0
[MP] iter=3 incumbent=0.2 best_bound=0.2 gap=0 (src: inc=cplex_api bb=cplex_api gap=cplex_api)
[MP] iter=3 cuts=2 obj=0.200 last_const=7897.500 last_nnz=29
[MW] core updated (t=0..): min=0.343 max=0.853 mean=0.575
Evaluating Subproblem (SP) at candidate...
2026-08-06 19:34:20,945 WARNING | mobauto2_benders.problem.subproblem_impl | [DEMAND] 60 request(s) discarded outside the horizon (after_horizon=60); horizon is 22 slots of 30 min = 660 min, latest request at 830 min. Served/total counts below exclude them.
[DEMAND] 60 request(s) discarded outside the horizon (after_horizon=60); horizon is 22 slots of 30 min = 660 min, latest request at 830 min. Served/total counts below exclude them.
SP result: recourse=5166.5 feasible=True
[SP PIPELINE] iter=3 build=0.000s solve=0.000s extract=0.000s post=0.000s cutgen=0.012s mode=mw lb_valid=True tl_inc=False vars=- bin=- cons=- lp=-
[CHECK] SP: recourse=5166.5 first=0.2 sp_total=5166.7
[CUT TIGHTNESS] raw_line(y)=5166.5  SP_ub=5166.5  diff=0
[BENDERS] Added cut #2: const_out=3980, const_ret=3369, nnz=28, slope_range=[-735,-15], raw_pos_dm=0, scale=1
[BENDERS] Eval cut (dir): OUT lhs=0 rhs=2532.5; RET lhs=0 rhs=2634
2026-08-06 19:34:20,982 INFO | mobauto2_benders.benders.solver | force-added CutType.OPTIMALITY cut 'opt_cut_avg'
2026-08-06 19:34:20,984 INFO | mobauto2_benders.benders.solver | added 1 cut(s)
Master updated: added 1 cut(s): opt_cut_avg
[CUT SUMMARY] it=3 cand=OUT[0,1]|RET[0,2]|OUT[0,5]|RET[0,6]|OUT[0,7]|RET[0,8]|OUT[0,11]|RET[0,12]|OUT[0,14]|RET[0,15]|OUT[0,18]|RET[0,20]|...(+8) decision=added skip=None theta_total=0.0 rec_total=5166.5 raw_rhs_total=5166.5 rhs_total=5166.5 lhs_total=0.0
Timing: master=0.079s sp_solve=0.013s cutgen=0.012s cutadd=0.001s cuts_added=1 total_cuts=3
MP stats: nodes=0 best_bound=0.2 incumbent=0.2 gap=0.0
2026-08-06 19:34:20,986 INFO | mobauto2_benders.benders.solver | bounds: best_lb=0.2 best_ub=5166.7 gap=5166.5 rel=1
[CHECK] GAP: LB=0.2 UB=5166.7 gap=5166.5 rel=1

=== Iteration 4 ===
Solving Master (MP)...
[SCHEDULE] master gap-tied: time_limit_s=102 mipgap=0.05 g_bd=1
[MIPSTART] x-only start applied: n_out=44 n_ret=44
Warning:  No solution found from 1 MIP starts.
MP raw solver: status=ok term=optimal incumbent=0.2 best_bound=0.2
MP solutions: count=1 keys=['Gap', 'Status', 'Message', 'Problem', 'Objective', 'Variable', 'Constraint']
Shuttle totals (OUT+RET): q0=10, q1=10
MP stats (solver): nodes=0 best_bound=0.2 incumbent=0.2 gap=0.0
2026-08-06 19:34:21,096 INFO | mobauto2_benders.benders.solver | iter=4 master status=SolveStatus.OPTIMAL obj=0.2 lb=0.2
MP result: status=SolveStatus.OPTIMAL obj=0.2 lb=0.2
[CHECK] MP: first=0.2 theta=0 mp_total=0.2 inc_obj=0.2 best_bound=0.2
[CHECK] MP bounds: mp_obj=0.2 mp_best_bound=0.2 mp_best_integer=0.2 term=optimal status=ok gap=0
[MP] iter=4 incumbent=0.2 best_bound=0.2 gap=0 (src: inc=cplex_api bb=cplex_api gap=cplex_api)
[MP] iter=4 cuts=3 obj=0.200 last_const=7349.000 last_nnz=28
[MW] core updated (t=0..): min=0.24 max=0.897 mean=0.539
Evaluating Subproblem (SP) at candidate...
2026-08-06 19:34:21,193 WARNING | mobauto2_benders.problem.subproblem_impl | [DEMAND] 60 request(s) discarded outside the horizon (after_horizon=60); horizon is 22 slots of 30 min = 660 min, latest request at 830 min. Served/total counts below exclude them.
[DEMAND] 60 request(s) discarded outside the horizon (after_horizon=60); horizon is 22 slots of 30 min = 660 min, latest request at 830 min. Served/total counts below exclude them.
SP result: recourse=4973 feasible=True
[SP PIPELINE] iter=4 build=0.000s solve=0.000s extract=0.000s post=0.000s cutgen=0.013s mode=mw lb_valid=True tl_inc=False vars=- bin=- cons=- lp=-
[CHECK] SP: recourse=4973 first=0.2 sp_total=4973.2
[CUT TIGHTNESS] raw_line(y)=4973  SP_ub=4973  diff=0
[BENDERS] Added cut #3: const_out=4071, const_ret=3444.5, nnz=29, slope_range=[-735,-7.5], raw_pos_dm=0, scale=1
[BENDERS] Eval cut (dir): OUT lhs=0 rhs=2623.5; RET lhs=0 rhs=2349.5
2026-08-06 19:34:21,235 INFO | mobauto2_benders.benders.solver | force-added CutType.OPTIMALITY cut 'opt_cut_avg'
2026-08-06 19:34:21,235 INFO | mobauto2_benders.benders.solver | added 1 cut(s)
Master updated: added 1 cut(s): opt_cut_avg
[CUT SUMMARY] it=4 cand=OUT[0,3]|RET[0,4]|OUT[0,5]|RET[0,7]|OUT[0,10]|RET[0,11]|OUT[0,13]|RET[0,14]|OUT[0,17]|RET[0,20]|OUT[1,1]|RET[1,2]|...(+8) decision=added skip=None theta_total=0.0 rec_total=4973.0 raw_rhs_total=4973.0 rhs_total=4973.0 lhs_total=0.0
Timing: master=0.110s sp_solve=0.014s cutgen=0.013s cutadd=0.001s cuts_added=1 total_cuts=4
MP stats: nodes=0 best_bound=0.2 incumbent=0.2 gap=0.0
2026-08-06 19:34:21,235 INFO | mobauto2_benders.benders.solver | bounds: best_lb=0.2 best_ub=4973.2 gap=4973 rel=1
[CHECK] GAP: LB=0.2 UB=4973.2 gap=4973 rel=1

=== Iteration 5 ===
Solving Master (MP)...
[SCHEDULE] master gap-tied: time_limit_s=102 mipgap=0.05 g_bd=1
[MIPSTART] x-only start applied: n_out=44 n_ret=44
Warning:  No solution found from 1 MIP starts.
MP raw solver: status=ok term=optimal incumbent=0.2399999778282388 best_bound=0.22799999868779364
MP solutions: count=1 keys=['Gap', 'Status', 'Message', 'Problem', 'Objective', 'Variable', 'Constraint']
Shuttle totals (OUT+RET): q0=12, q1=12
MP stats (solver): nodes=2894 best_bound=0.22799999868779364 incumbent=0.2399999778282388 gap=0.04999991768346414
2026-08-06 19:34:26,275 INFO | mobauto2_benders.benders.solver | iter=5 master status=SolveStatus.FEASIBLE obj=0.24 lb=0.228
MP result: status=SolveStatus.FEASIBLE obj=0.24 lb=0.228
[CHECK] MP: first=0.24 theta=0 mp_total=0.24 inc_obj=0.24 best_bound=0.228
[CHECK] MP bounds: mp_obj=0.24 mp_best_bound=0.228 mp_best_integer=0.24 term=optimal status=ok gap=0.0499999
[MP] iter=5 incumbent=0.24 best_bound=0.228 gap=0.0499999 (src: inc=cplex_api bb=cplex_api gap=cplex_api)
[MP] iter=5 cuts=4 obj=0.240 last_const=7515.500 last_nnz=29
[MW] core updated (t=0..): min=0.168 max=0.928 mean=0.541
Evaluating Subproblem (SP) at candidate...
2026-08-06 19:34:26,382 WARNING | mobauto2_benders.problem.subproblem_impl | [DEMAND] 60 request(s) discarded outside the horizon (after_horizon=60); horizon is 22 slots of 30 min = 660 min, latest request at 830 min. Served/total counts below exclude them.
[DEMAND] 60 request(s) discarded outside the horizon (after_horizon=60); horizon is 22 slots of 30 min = 660 min, latest request at 830 min. Served/total counts below exclude them.
SP result: recourse=3998 feasible=True
[SP PIPELINE] iter=5 build=0.000s solve=0.000s extract=0.000s post=0.000s cutgen=0.022s mode=mw lb_valid=True tl_inc=False vars=- bin=- cons=- lp=-
[CHECK] SP: recourse=3998 first=0.24 sp_total=3998.24
[CUT TIGHTNESS] raw_line(y)=3998  SP_ub=3998  diff=0
[BENDERS] Added cut #4: const_out=3718, const_ret=3182.5, nnz=27, slope_range=[-735,-7.5], raw_pos_dm=0, scale=1
[BENDERS] Eval cut (dir): OUT lhs=0 rhs=1925.5; RET lhs=0 rhs=2072.5
2026-08-06 19:34:26,445 INFO | mobauto2_benders.benders.solver | force-added CutType.OPTIMALITY cut 'opt_cut_avg'
2026-08-06 19:34:26,446 INFO | mobauto2_benders.benders.solver | added 1 cut(s)
Master updated: added 1 cut(s): opt_cut_avg
[CUT SUMMARY] it=5 cand=OUT[0,2]|RET[0,3]|OUT[0,5]|RET[0,6]|OUT[0,7]|RET[0,8]|OUT[0,12]|RET[0,13]|OUT[0,15]|RET[0,16]|OUT[0,18]|RET[0,19]|...(+12) decision=added skip=None theta_total=0.0 rec_total=3998.0 raw_rhs_total=3998.000058200875 rhs_total=3998.0000582008756 lhs_total=0.0
Timing: master=5.040s sp_solve=0.021s cutgen=0.022s cutadd=0.001s cuts_added=1 total_cuts=5
MP stats: nodes=2894 best_bound=0.22799999868779364 incumbent=0.2399999778282388 gap=0.04999991768346414
2026-08-06 19:34:26,446 INFO | mobauto2_benders.benders.solver | bounds: best_lb=0.228 best_ub=3998.24 gap=3998.01 rel=1
[CHECK] GAP: LB=0.228 UB=3998.24 gap=3998.01 rel=1

=== Iteration 6 ===
Solving Master (MP)...
[SCHEDULE] master gap-tied: time_limit_s=102 mipgap=0.05 g_bd=1
[MIPSTART] x-only start applied: n_out=44 n_ret=44
Warning:  No solution found from 1 MIP starts.
MP raw solver: status=ok term=optimal incumbent=1.24 best_bound=1.179451869444168
MP solutions: count=1 keys=['Gap', 'Status', 'Message', 'Problem', 'Objective', 'Variable', 'Constraint']
Shuttle totals (OUT+RET): q0=12, q1=12
MP stats (solver): nodes=4820 best_bound=1.179451869444168 incumbent=1.24 gap=0.04882913754108795
2026-08-06 19:34:31,275 INFO | mobauto2_benders.benders.solver | iter=6 master status=SolveStatus.FEASIBLE obj=1.24 lb=1.17945
MP result: status=SolveStatus.FEASIBLE obj=1.24 lb=1.17945
[CHECK] MP: first=1.24 theta=0 mp_total=1.24 inc_obj=1.24 best_bound=1.17945
[CHECK] MP bounds: mp_obj=1.24 mp_best_bound=1.17945 mp_best_integer=1.24 term=optimal status=ok gap=0.0488291
[MP] iter=6 incumbent=1.24 best_bound=1.17945 gap=0.0488291 (src: inc=cplex_api bb=cplex_api gap=cplex_api)
[MP] iter=6 cuts=5 obj=1.240 last_const=6900.500 last_nnz=27
[MW] core updated (t=0..): min=0.118 max=1.18 mean=0.542
Evaluating Subproblem (SP) at candidate...
2026-08-06 19:34:31,491 WARNING | mobauto2_benders.problem.subproblem_impl | [DEMAND] 60 request(s) discarded outside the horizon (after_horizon=60); horizon is 22 slots of 30 min = 660 min, latest request at 830 min. Served/total counts below exclude them.
[DEMAND] 60 request(s) discarded outside the horizon (after_horizon=60); horizon is 22 slots of 30 min = 660 min, latest request at 830 min. Served/total counts below exclude them.
SP result: recourse=4173.5 feasible=True
[SP PIPELINE] iter=6 build=0.000s solve=0.000s extract=0.000s post=0.000s cutgen=0.027s mode=mw lb_valid=True tl_inc=False vars=- bin=- cons=- lp=-
[CHECK] SP: recourse=4173.5 first=1.24 sp_total=4174.74
[CUT TIGHTNESS] raw_line(y)=4173.5  SP_ub=4173.5  diff=0
[BENDERS] Added cut #5: const_out=3742, const_ret=3004, nnz=29, slope_range=[-735,-7.5], raw_pos_dm=0, scale=1
[BENDERS] Eval cut (dir): OUT lhs=0 rhs=2287; RET lhs=0 rhs=1886.5
2026-08-06 19:34:31,576 INFO | mobauto2_benders.benders.solver | force-added CutType.OPTIMALITY cut 'opt_cut_avg'
2026-08-06 19:34:31,576 INFO | mobauto2_benders.benders.solver | added 1 cut(s)
Master updated: added 1 cut(s): opt_cut_avg
[CUT SUMMARY] it=6 cand=OUT[0,3]|RET[0,4]|OUT[0,5]|RET[0,6]|OUT[0,10]|RET[0,11]|OUT[0,13]|RET[0,14]|OUT[0,17]|RET[0,18]|OUT[0,19]|RET[0,20]|...(+12) decision=added skip=None theta_total=0.0 rec_total=4173.5 raw_rhs_total=4173.5 rhs_total=4173.5 lhs_total=0.0
Timing: master=4.829s sp_solve=0.030s cutgen=0.027s cutadd=0.002s cuts_added=1 total_cuts=6
MP stats: nodes=4820 best_bound=1.179451869444168 incumbent=1.24 gap=0.04882913754108795
2026-08-06 19:34:31,576 INFO | mobauto2_benders.benders.solver | bounds: best_lb=1.17945 best_ub=3998.24 gap=3997.06 rel=1
[CHECK] GAP: LB=1.17945 UB=3998.24 gap=3997.06 rel=1

=== Iteration 7 ===
Solving Master (MP)...
[SCHEDULE] master gap-tied: time_limit_s=102 mipgap=0.05 g_bd=1
[MIPSTART] x-only start applied: n_out=44 n_ret=44
Warning:  No solution found from 1 MIP starts.
MP raw solver: status=ok term=optimal incumbent=362.4900401340043 best_bound=344.5823595769144
MP solutions: count=1 keys=['Gap', 'Status', 'Message', 'Problem', 'Objective', 'Variable', 'Constraint']
Shuttle totals (OUT+RET): q0=12, q1=12
MP stats (solver): nodes=10487 best_bound=344.5823595769144 incumbent=362.4900401340043 gap=0.049401855428813604
2026-08-06 19:34:43,244 INFO | mobauto2_benders.benders.solver | iter=7 master status=SolveStatus.FEASIBLE obj=362.49 lb=344.582
MP result: status=SolveStatus.FEASIBLE obj=362.49 lb=344.582
[CHECK] MP: first=1.99 theta=360.5 mp_total=362.49 inc_obj=362.49 best_bound=344.582
[CHECK] MP bounds: mp_obj=362.49 mp_best_bound=344.582 mp_best_integer=362.49 term=optimal status=ok gap=0.0494019
[MP] iter=7 incumbent=362.49 best_bound=344.582 gap=0.0494019 (src: inc=cplex_api bb=cplex_api gap=cplex_api)
[MP] iter=7 cuts=6 obj=362.490 last_const=6746.000 last_nnz=29
[MW] core updated (t=0..): min=0.0824 max=1.26 mean=0.543
Evaluating Subproblem (SP) at candidate...
2026-08-06 19:34:43,403 WARNING | mobauto2_benders.problem.subproblem_impl | [DEMAND] 60 request(s) discarded outside the horizon (after_horizon=60); horizon is 22 slots of 30 min = 660 min, latest request at 830 min. Served/total counts below exclude them.
[DEMAND] 60 request(s) discarded outside the horizon (after_horizon=60); horizon is 22 slots of 30 min = 660 min, latest request at 830 min. Served/total counts below exclude them.
SP result: recourse=4255.5 feasible=True
[SP PIPELINE] iter=7 build=0.000s solve=0.000s extract=0.000s post=0.000s cutgen=0.019s mode=mw lb_valid=True tl_inc=False vars=- bin=- cons=- lp=-
[CHECK] SP: recourse=4255.5 first=1.99 sp_total=4257.49
[CUT TIGHTNESS] raw_line(y)=4255.5  SP_ub=4255.5  diff=0
[BENDERS] Added cut #6: const_out=3012, const_ret=3778.5, nnz=30, slope_range=[-735,-15], raw_pos_dm=0, scale=1
[BENDERS] Eval cut (dir): OUT lhs=133 rhs=2292; RET lhs=227.5 rhs=1963.5
2026-08-06 19:34:43,451 INFO | mobauto2_benders.benders.solver | force-added CutType.OPTIMALITY cut 'opt_cut_avg'
2026-08-06 19:34:43,451 INFO | mobauto2_benders.benders.solver | added 1 cut(s)
Master updated: added 1 cut(s): opt_cut_avg
[CUT SUMMARY] it=7 cand=OUT[0,1]|RET[0,2]|OUT[0,4]|RET[0,5]|OUT[0,6]|RET[0,7]|OUT[0,10]|RET[0,11]|OUT[0,14]|RET[0,17]|OUT[0,19]|RET[0,20]|...(+12) decision=added skip=None theta_total=360.5000401340044 rec_total=4255.5 raw_rhs_total=4255.5 rhs_total=4255.5 lhs_total=360.5000401340044
Timing: master=11.671s sp_solve=0.021s cutgen=0.019s cutadd=0.002s cuts_added=1 total_cuts=7
MP stats: nodes=10487 best_bound=344.5823595769144 incumbent=362.4900401340043 gap=0.049401855428813604
2026-08-06 19:34:43,451 INFO | mobauto2_benders.benders.solver | bounds: best_lb=344.582 best_ub=3998.24 gap=3653.66 rel=0.914
[CHECK] GAP: LB=344.582 UB=3998.24 gap=3653.66 rel=0.914

=== Iteration 8 ===
Solving Master (MP)...
[SCHEDULE] master gap-tied: time_limit_s=102 mipgap=0.05 g_bd=0.914
[MIPSTART] x-only start applied: n_out=44 n_ret=44
MP raw solver: status=ok term=optimal incumbent=633.2399999999999 best_bound=601.6387130420716
MP solutions: count=1 keys=['Gap', 'Status', 'Message', 'Problem', 'Objective', 'Variable', 'Constraint']
Shuttle totals (OUT+RET): q0=12, q1=12
MP stats (solver): nodes=13180 best_bound=601.6387130420716 incumbent=633.2399999999999 gap=0.04990412317276757
2026-08-06 19:34:57,202 INFO | mobauto2_benders.benders.solver | iter=8 master status=SolveStatus.FEASIBLE obj=633.24 lb=601.639
MP result: status=SolveStatus.FEASIBLE obj=633.24 lb=601.639
[CHECK] MP: first=0.74 theta=632.5 mp_total=633.24 inc_obj=633.24 best_bound=601.639
[CHECK] MP bounds: mp_obj=633.24 mp_best_bound=601.639 mp_best_integer=633.24 term=optimal status=ok gap=0.0499041
[MP] iter=8 incumbent=633.24 best_bound=601.639 gap=0.0499041 (src: inc=cplex_api bb=cplex_api gap=cplex_api)
[MP] iter=8 cuts=7 obj=633.240 last_const=6790.500 last_nnz=30
[MW] core updated (t=0..): min=0.0576 max=1.19 mean=0.544
Evaluating Subproblem (SP) at candidate...
2026-08-06 19:34:57,314 WARNING | mobauto2_benders.problem.subproblem_impl | [DEMAND] 60 request(s) discarded outside the horizon (after_horizon=60); horizon is 22 slots of 30 min = 660 min, latest request at 830 min. Served/total counts below exclude them.
[DEMAND] 60 request(s) discarded outside the horizon (after_horizon=60); horizon is 22 slots of 30 min = 660 min, latest request at 830 min. Served/total counts below exclude them.
SP result: recourse=4182.5 feasible=True
[SP PIPELINE] iter=8 build=0.000s solve=0.000s extract=0.000s post=0.000s cutgen=0.011s mode=mw lb_valid=True tl_inc=False vars=- bin=- cons=- lp=-
[CHECK] SP: recourse=4182.5 first=0.74 sp_total=4183.24
[CUT TIGHTNESS] raw_line(y)=4182.5  SP_ub=4182.5  diff=0
[BENDERS] Added cut #7: const_out=3864, const_ret=3251, nnz=28, slope_range=[-735,-15], raw_pos_dm=0, scale=1
[BENDERS] Eval cut (dir): OUT lhs=540.5 rhs=2034; RET lhs=92 rhs=2148.5
2026-08-06 19:34:57,346 INFO | mobauto2_benders.benders.solver | force-added CutType.OPTIMALITY cut 'opt_cut_avg'
2026-08-06 19:34:57,346 INFO | mobauto2_benders.benders.solver | added 1 cut(s)
Master updated: added 1 cut(s): opt_cut_avg
[CUT SUMMARY] it=8 cand=OUT[0,1]|RET[0,2]|OUT[0,3]|RET[0,4]|OUT[0,6]|RET[0,7]|OUT[0,11]|RET[0,12]|OUT[0,14]|RET[0,16]|OUT[0,18]|RET[0,19]|...(+12) decision=added skip=None theta_total=632.5 rec_total=4182.5 raw_rhs_total=4182.5 rhs_total=4182.5 lhs_total=632.5
Timing: master=13.749s sp_solve=0.012s cutgen=0.011s cutadd=0.001s cuts_added=1 total_cuts=8
MP stats: nodes=13180 best_bound=601.6387130420716 incumbent=633.2399999999999 gap=0.04990412317276757
2026-08-06 19:34:57,346 INFO | mobauto2_benders.benders.solver | bounds: best_lb=601.639 best_ub=3998.24 gap=3396.6 rel=0.85
[CHECK] GAP: LB=601.639 UB=3998.24 gap=3396.6 rel=0.85

=== Iteration 9 ===
Solving Master (MP)...
[SCHEDULE] master gap-tied: time_limit_s=102 mipgap=0.05 g_bd=0.85
[MIPSTART] x-only start applied: n_out=44 n_ret=44
MP raw solver: status=ok term=optimal incumbent=667.2400377249966 best_bound=634.3839582804334
MP solutions: count=1 keys=['Gap', 'Status', 'Message', 'Problem', 'Objective', 'Variable', 'Constraint']
Shuttle totals (OUT+RET): q0=12, q1=12
MP stats (solver): nodes=4917 best_bound=634.3839582804334 incumbent=667.2400377249966 gap=0.04924176845949391
2026-08-06 19:35:04,288 INFO | mobauto2_benders.benders.solver | iter=9 master status=SolveStatus.FEASIBLE obj=667.24 lb=634.384
MP result: status=SolveStatus.FEASIBLE obj=667.24 lb=634.384
[CHECK] MP: first=0.24 theta=667 mp_total=667.24 inc_obj=667.24 best_bound=634.384
[CHECK] MP bounds: mp_obj=667.24 mp_best_bound=634.384 mp_best_integer=667.24 term=optimal status=ok gap=0.0492418
[MP] iter=9 incumbent=667.24 best_bound=634.384 gap=0.0492418 (src: inc=cplex_api bb=cplex_api gap=cplex_api)
[MP] iter=9 cuts=8 obj=667.240 last_const=7115.000 last_nnz=28
[MW] core updated (t=0..): min=0.0404 max=1.13 mean=0.544
Evaluating Subproblem (SP) at candidate...
2026-08-06 19:35:04,442 WARNING | mobauto2_benders.problem.subproblem_impl | [DEMAND] 60 request(s) discarded outside the horizon (after_horizon=60); horizon is 22 slots of 30 min = 660 min, latest request at 830 min. Served/total counts below exclude them.
[DEMAND] 60 request(s) discarded outside the horizon (after_horizon=60); horizon is 22 slots of 30 min = 660 min, latest request at 830 min. Served/total counts below exclude them.
SP result: recourse=4370.5 feasible=True
[SP PIPELINE] iter=9 build=0.000s solve=0.000s extract=0.000s post=0.000s cutgen=0.022s mode=mw lb_valid=True tl_inc=False vars=- bin=- cons=- lp=-
[CHECK] SP: recourse=4370.5 first=0.24 sp_total=4370.74
[CUT TIGHTNESS] raw_line(y)=4370.5  SP_ub=4370.5  diff=0
[BENDERS] Added cut #8: const_out=3763.5, const_ret=2804.5, nnz=24, slope_range=[-735,-7.5], raw_pos_dm=0, scale=1
[BENDERS] Eval cut (dir): OUT lhs=432 rhs=2301; RET lhs=235 rhs=2069.5
2026-08-06 19:35:04,516 INFO | mobauto2_benders.benders.solver | force-added CutType.OPTIMALITY cut 'opt_cut_avg'
2026-08-06 19:35:04,516 INFO | mobauto2_benders.benders.solver | added 1 cut(s)
Master updated: added 1 cut(s): opt_cut_avg
[CUT SUMMARY] it=9 cand=OUT[0,1]|RET[0,2]|OUT[0,4]|RET[0,5]|OUT[0,9]|RET[0,10]|OUT[0,11]|RET[0,12]|OUT[0,14]|RET[0,15]|OUT[0,18]|RET[0,19]|...(+12) decision=added skip=None theta_total=667.0000377249967 rec_total=4370.5 raw_rhs_total=4370.5 rhs_total=4370.5 lhs_total=667.0000377249967
Timing: master=6.938s sp_solve=0.024s cutgen=0.022s cutadd=0.001s cuts_added=1 total_cuts=9
MP stats: nodes=4917 best_bound=634.3839582804334 incumbent=667.2400377249966 gap=0.04924176845949391
2026-08-06 19:35:04,516 INFO | mobauto2_benders.benders.solver | bounds: best_lb=634.384 best_ub=3998.24 gap=3363.86 rel=0.841
[CHECK] GAP: LB=634.384 UB=3998.24 gap=3363.86 rel=0.841

=== Iteration 10 ===
Solving Master (MP)...
[SCHEDULE] master gap-tied: time_limit_s=102 mipgap=0.05 g_bd=0.841
[MIPSTART] x-only start applied: n_out=44 n_ret=44
MP raw solver: status=ok term=optimal incumbent=925.7400377249965 best_bound=879.5113029966208
MP solutions: count=1 keys=['Gap', 'Status', 'Message', 'Problem', 'Objective', 'Variable', 'Constraint']
Shuttle totals (OUT+RET): q0=12, q1=12
MP stats (solver): nodes=23831 best_bound=879.5113029966208 incumbent=925.7400377249965 gap=0.04993705883346871
2026-08-06 19:35:46,892 INFO | mobauto2_benders.benders.solver | iter=10 master status=SolveStatus.FEASIBLE obj=925.74 lb=879.511
MP result: status=SolveStatus.FEASIBLE obj=925.74 lb=879.511
[CHECK] MP: first=0.24 theta=925.5 mp_total=925.74 inc_obj=925.74 best_bound=879.511
[CHECK] MP bounds: mp_obj=925.74 mp_best_bound=879.511 mp_best_integer=925.74 term=optimal status=ok gap=0.0499371
[MP] iter=10 incumbent=925.74 best_bound=879.511 gap=0.0499371 (src: inc=cplex_api bb=cplex_api gap=cplex_api)
[MP] iter=10 cuts=9 obj=925.740 last_const=6568.000 last_nnz=24
[MW] core updated (t=0..): min=0.0282 max=1.09 mean=0.545
Evaluating Subproblem (SP) at candidate...
2026-08-06 19:35:47,044 WARNING | mobauto2_benders.problem.subproblem_impl | [DEMAND] 60 request(s) discarded outside the horizon (after_horizon=60); horizon is 22 slots of 30 min = 660 min, latest request at 830 min. Served/total counts below exclude them.
[DEMAND] 60 request(s) discarded outside the horizon (after_horizon=60); horizon is 22 slots of 30 min = 660 min, latest request at 830 min. Served/total counts below exclude them.
SP result: recourse=3382 feasible=True
[SP PIPELINE] iter=10 build=0.000s solve=0.000s extract=0.000s post=0.000s cutgen=0.015s mode=mw lb_valid=True tl_inc=False vars=- bin=- cons=- lp=-
[CHECK] SP: recourse=3382 first=0.24 sp_total=3382.24
[CUT TIGHTNESS] raw_line(y)=3382  SP_ub=3382  diff=0
[BENDERS] Added cut #9: const_out=3402.5, const_ret=2544.5, nnz=25, slope_range=[-735,-7.5], raw_pos_dm=0, scale=1
[BENDERS] Eval cut (dir): OUT lhs=447 rhs=1940; RET lhs=478.5 rhs=1442
2026-08-06 19:35:47,095 INFO | mobauto2_benders.benders.solver | force-added CutType.OPTIMALITY cut 'opt_cut_avg'
2026-08-06 19:35:47,095 INFO | mobauto2_benders.benders.solver | added 1 cut(s)
Master updated: added 1 cut(s): opt_cut_avg
[CUT SUMMARY] it=10 cand=OUT[0,1]|RET[0,2]|OUT[0,4]|RET[0,5]|OUT[0,8]|RET[0,9]|OUT[0,11]|RET[0,12]|OUT[0,14]|RET[0,15]|OUT[0,17]|RET[0,18]|...(+12) decision=added skip=None theta_total=925.5000377249967 rec_total=3382.0 raw_rhs_total=3382.0 rhs_total=3382.0 lhs_total=925.5000377249967
Timing: master=42.377s sp_solve=0.018s cutgen=0.015s cutadd=0.001s cuts_added=1 total_cuts=10
MP stats: nodes=23831 best_bound=879.5113029966208 incumbent=925.7400377249965 gap=0.04993705883346871
2026-08-06 19:35:47,095 INFO | mobauto2_benders.benders.solver | bounds: best_lb=879.511 best_ub=3382.24 gap=2502.73 rel=0.74
[CHECK] GAP: LB=879.511 UB=3382.24 gap=2502.73 rel=0.74
2026-08-06 19:35:47,095 WARNING | mobauto2_benders.benders.solver | Max iterations reached: 10

Max iterations reached: 10
Total solve time: 86.736 seconds
Best bounds: LB=879.511 UB=3382.24 gap=2502.73 rel=0.74

Best Master Solution:
Q=2 T=22
theta = 925.5
  - theta_out = 447
  - theta_ret = 478.5
Timeline (per shuttle):
           0     1     2     3     4     5     6     7     8     9    10    11    12    13    14    15    16    17    18    19    20    21
  q=0:   IDL   OUT   RET   CHR   OUT   RET   CHR   CHR   OUT   RET   CHR   OUT   RET   CHR   OUT   RET   CHR   OUT   RET   IDL   IDL   IDL
  q=1:   IDL   IDL   OUT   RET   CHR   CHR   OUT   RET   CHR   CHR   OUT   RET   OUT   RET   CHR   CHR   OUT   RET   CHR   OUT   RET   IDL
Battery (per shuttle):
           0     1     2     3     4     5     6     7     8     9    10    11    12    13    14    15    16    17    18    19    20    21
  q=0:   150   150   120    90   125    95    65   100   135   105    75   110    80    50    85    55    25    60    30     0     0     0
  q=1:   150   150   150   120    90   120   150   120    90   113   135   105    75    45    15    50    85    55    25    60    30     0

Scenario 1: setups/base.yaml
Demand per slot (OUT/RET):
         0   1   2   3   4   5   6   7   8   9  10  11  12  13  14  15  16  17  18  19  20  21
  OUT:  19  22  29  22  17   8   4   4   2   4   5   3   1   4   1   2   0   1   0   2   0   0
  RET:   3   1   2   0   0   4   3   7   4   4   8  12   8   7   6   7  19  15  24  16   0   0
Passengers per shuttle and slot (OUT):
         0   1   2   3   4   5   6   7   8   9  10  11  12  13  14  15  16  17  18  19  20  21
  q=0:   0  15   0   0  15   0   0   0   8   0   0   5   0   0   5   0   0   0   0   0   0   0
  q=1:   0   0  15   0   0   0  15   0   0   0   6   0   3   0   0   0   3   0   0   1   0   0
Passengers per shuttle and slot (RET):
         0   1   2   3   4   5   6   7   8   9  10  11  12  13  14  15  16  17  18  19  20  21
  q=0:   0   0   4   0   0   0   0   0   0  11   0   0  12   0   0  13   0   0  15   0   0   0
  q=1:   0   0   0   2   0   0   0   7   0   0   0  12   0   8   0   0   0  15   0   0  15   0
Passengers per shuttle and slot (TOTAL):
         0   1   2   3   4   5   6   7   8   9  10  11  12  13  14  15  16  17  18  19  20  21
  q=0:   0  15   4   0  15   0   0   0   8  11   0   5  12   0   5  13   0   0  15   0   0   0
  q=1:   0   0  15   2   0   0  15   7   0   0   6  12   3   8   0   0   3  15   0   1  15   0
Pax served: 205/300

Scenario 2: setups/demo_cont_demand.yaml
Demand per slot (OUT/RET):
         0   1   2   3   4   5   6   7   8   9  10  11  12  13  14  15  16  17  18  19  20  21
  OUT:   5   4   5   5   5   5   5   5   5   5   4   3   5   4   5   4   5   4   6   5   5   4
  RET:   4   3   5   4   4   3   5   4   6   6   5   5   6   5   6   6   7   6   8   7   8   8
Passengers per shuttle and slot (OUT):
         0   1   2   3   4   5   6   7   8   9  10  11  12  13  14  15  16  17  18  19  20  21
  q=0:   0   5   0   0  10   0   0   0  10   0   0   4   0   0   9   0   0   5   0   0   0   0
  q=1:   0   0   4   0   0   0  10   0   0   0  10   0   3   0   0   0   9   0   0  10   0   0
Passengers per shuttle and slot (RET):
         0   1   2   3   4   5   6   7   8   9  10  11  12  13  14  15  16  17  18  19  20  21
  q=0:   0   0   7   0   0   8   0   0   0  10   0   0   5   0   0  11   0   0   6   0   0   0
  q=1:   0   0   0   5   0   0   0   8   0   0   0  11   0   6   0   0   0  13   0   0  15   0
Passengers per shuttle and slot (TOTAL):
         0   1   2   3   4   5   6   7   8   9  10  11  12  13  14  15  16  17  18  19  20  21
  q=0:   0   5   7   0  10   8   0   0  10  10   0   4   5   0   9  11   0   5   6   0   0   0
  q=1:   0   0   4   5   0   0  10   8   0   0  10  11   3   6   0   0   9  13   0  10  15   0
Pax served: 194/224
Pax served: 200/262
Subproblem (last): obj=3382 wait_slots=257 fill_eps=0 penalty_cost=3125 penalty_pax=62.5 total_demand=262
Avg wait (min): 38.6466
UB_total (best): 3382.24

Result: status=UNKNOWN iterations=10 best_lb=879.5113029966208 best_ub=3382.24

Manifest: C:\Users\fabio\My Drive\05_Projects\19_MobAuto2_Benders\manifests\manifest_baseline_d9_multi_20260806_173547.json
