Run configuration:
  solver: iterations=10 tol=0.001 time_limit_s=3600 seed=42
  master: solver=cplex Q=2 T_minutes=660 slot_res=30 (slots=22) trip_dur_min=30 Emax=150.0 L=30.0 eps=0.01 conc_pen=0.25 delta_chg=35.0
  subproblem: solver=cplex_direct S=15.0 Wmax=60 p=50.0 fill_eps=1e-06 (slot_res=30)
  demand_file: setups/base.yaml
Initialized master problem.
[MW] enabled=True alpha=0.3 eps=0.001

=== Iteration 1 ===
Solving Master (MP)...
[SCHEDULE] master gap-tied: time_limit_s=102 mipgap=0.05 g_bd=0.05
[MP] Wrote LP: Report\master_iter_001_cuts_000_20260806_050916.lp
2026-08-06 05:09:16,947 INFO | mobauto2_benders.benders.solver | iter=1 master status=SolveStatus.OPTIMAL obj=0 lb=0
Solver log file: C:\Users\fabio\AppData\Local\Temp\tmpkq71z5nr.log
MP raw solver: status=ok term=optimal incumbent=0.0 best_bound=0.0
MP solutions: count=1 keys=['Gap', 'Status', 'Message', 'Problem', 'Objective', 'Variable', 'Constraint']
[MP] Solver log: Report\master_iter_001_cuts_000_20260806_050916.log
Shuttle totals (OUT+RET): q0=0, q1=0
MP stats (solver): nodes=0 best_bound=0.0 incumbent=0.0 gap=0.0
MP result: status=SolveStatus.OPTIMAL obj=0 lb=0
[CHECK] MP: first=0 theta=0 mp_total=0 inc_obj=0 best_bound=0
[CHECK] MP bounds: mp_obj=0 mp_best_bound=0 mp_best_integer=0 term=optimal status=ok gap=0
[MP] iter=1 incumbent=0 best_bound=0 gap=0 (src: inc=cplex_api bb=cplex_api gap=cplex_api)
[MP] iter=1 cuts=0 obj=0.000
[MW] core updated (t=0..): min=0.7 max=0.7 mean=0.7
Evaluating Subproblem (SP) at candidate...
2026-08-06 05:09:17,015 INFO | mobauto2_benders.benders.solver | force-added CutType.OPTIMALITY cut 'opt_cut'
2026-08-06 05:09:17,015 INFO | mobauto2_benders.benders.solver | added 1 cut(s)
2026-08-06 05:09:17,015 INFO | mobauto2_benders.benders.solver | bounds: best_lb=0 best_ub=15000 gap=15000 rel=1
SP result: recourse=15000 feasible=True
[SP PIPELINE] iter=1 build=0.000s solve=0.000s extract=0.000s post=0.000s cutgen=0.011s mode=mw lb_valid=True tl_inc=False vars=- bin=- cons=- lp=-
[CHECK] SP: recourse=15000 first=0 sp_total=15000
[CUT TIGHTNESS] raw_line(y)=15000  SP_ub=15000  diff=0
[BENDERS] Added cut #0: const_out=7500, const_ret=7500, nnz=41, slope_range=[-735,-720], raw_pos_dm=0, scale=1
[BENDERS] Eval cut (dir): OUT lhs=0 rhs=7500; RET lhs=0 rhs=7500
Master updated: added 1 cut(s): opt_cut
[CUT SUMMARY] it=1 cand=candidate:idle decision=added skip=None theta_total=0.0 rec_total=15000.0 raw_rhs_total=15000.0 rhs_total=15000.0 lhs_total=0.0
Timing: master=0.072s sp_solve=0.013s cutgen=0.011s cutadd=0.001s cuts_added=1 total_cuts=1
MP stats: nodes=0 best_bound=0.0 incumbent=0.0 gap=0.0
[CHECK] GAP: LB=0 UB=15000 gap=15000 rel=1

=== Iteration 2 ===
Solving Master (MP)...
[SCHEDULE] master gap-tied: time_limit_s=102 mipgap=0.05 g_bd=1
[MIPSTART] x-only start applied: n_out=44 n_ret=44
[MP] Wrote LP: Report\master_iter_002_cuts_001_20260806_050917.lp
Warning:  No solution found from 1 MIP starts.
2026-08-06 05:09:17,134 INFO | mobauto2_benders.benders.solver | iter=2 master status=SolveStatus.OPTIMAL obj=0.22 lb=0.22
Solver log file: C:\Users\fabio\AppData\Local\Temp\tmp9hsn3p8d.log
MP raw solver: status=ok term=optimal incumbent=0.22 best_bound=0.22000000000000003
MP solutions: count=1 keys=['Gap', 'Status', 'Message', 'Problem', 'Objective', 'Variable', 'Constraint']
[MP] Solver log: Report\master_iter_002_cuts_001_20260806_050917.log
Shuttle totals (OUT+RET): q0=12, q1=10
MP stats (solver): nodes=0 best_bound=0.22000000000000003 incumbent=0.22 gap=0.0
MP result: status=SolveStatus.OPTIMAL obj=0.22 lb=0.22
[CHECK] MP: first=0.22 theta=0 mp_total=0.22 inc_obj=0.22 best_bound=0.22
[CHECK] MP bounds: mp_obj=0.22 mp_best_bound=0.22 mp_best_integer=0.22 term=optimal status=ok gap=0
[MP] iter=2 incumbent=0.22 best_bound=0.22 gap=0 (src: inc=cplex_api bb=cplex_api gap=cplex_api)
[MP] iter=2 cuts=1 obj=0.220 last_const=15000.000 last_nnz=41
[MW] core updated (t=0..): min=0.49 max=0.79 mean=0.64
Evaluating Subproblem (SP) at candidate...
2026-08-06 05:09:17,198 INFO | mobauto2_benders.benders.solver | force-added CutType.OPTIMALITY cut 'opt_cut'
2026-08-06 05:09:17,198 INFO | mobauto2_benders.benders.solver | added 1 cut(s)
2026-08-06 05:09:17,198 INFO | mobauto2_benders.benders.solver | bounds: best_lb=0.22 best_ub=5555.22 gap=5555 rel=1
SP result: recourse=5555 feasible=True
[SP PIPELINE] iter=2 build=0.000s solve=0.000s extract=0.000s post=0.000s cutgen=0.011s mode=mw lb_valid=True tl_inc=False vars=- bin=- cons=- lp=-
[CHECK] SP: recourse=5555 first=0.22 sp_total=5555.22
[CUT TIGHTNESS] raw_line(y)=5555  SP_ub=5555  diff=0
[BENDERS] Added cut #1: const_out=6096, const_ret=4604, nnz=26, slope_range=[-735,-15], raw_pos_dm=0, scale=1
[BENDERS] Eval cut (dir): OUT lhs=0 rhs=3171; RET lhs=0 rhs=2384
Master updated: added 1 cut(s): opt_cut
[CUT SUMMARY] it=2 cand=OUT[0,1]|RET[0,2]|OUT[0,3]|RET[0,4]|OUT[0,7]|RET[0,8]|OUT[0,12]|RET[0,13]|OUT[0,16]|RET[0,17]|OUT[0,18]|RET[0,19]|...(+10) decision=added skip=None theta_total=0.0 rec_total=5555.0 raw_rhs_total=5555.0 rhs_total=5555.0 lhs_total=0.0
Timing: master=0.126s sp_solve=0.012s cutgen=0.011s cutadd=0.001s cuts_added=1 total_cuts=2
MP stats: nodes=0 best_bound=0.22000000000000003 incumbent=0.22 gap=0.0
[CHECK] GAP: LB=0.22 UB=5555.22 gap=5555 rel=1

=== Iteration 3 ===
Solving Master (MP)...
[SCHEDULE] master gap-tied: time_limit_s=102 mipgap=0.05 g_bd=1
[MIPSTART] x-only start applied: n_out=44 n_ret=44
[MP] Wrote LP: Report\master_iter_003_cuts_002_20260806_050917.lp
Warning:  No solution found from 1 MIP starts.
2026-08-06 05:09:17,535 INFO | mobauto2_benders.benders.solver | iter=3 master status=SolveStatus.FEASIBLE obj=202.99 lb=193.129
Solver log file: C:\Users\fabio\AppData\Local\Temp\tmpzrp7o8hc.log
MP raw solver: status=ok term=optimal incumbent=202.98999999999998 best_bound=193.12929945054944
MP solutions: count=1 keys=['Gap', 'Status', 'Message', 'Problem', 'Objective', 'Variable', 'Constraint']
[MP] Solver log: Report\master_iter_003_cuts_002_20260806_050917.log
Shuttle totals (OUT+RET): q0=12, q1=12
MP stats (solver): nodes=239 best_bound=193.12929945054944 incumbent=202.98999999999998 gap=0.04857727252300944
MP result: status=SolveStatus.FEASIBLE obj=202.99 lb=193.129
[CHECK] MP: first=1.99 theta=201 mp_total=202.99 inc_obj=202.99 best_bound=193.129
[CHECK] MP bounds: mp_obj=202.99 mp_best_bound=193.129 mp_best_integer=202.99 term=optimal status=ok gap=0.0485773
[MP] iter=3 incumbent=202.99 best_bound=193.129 gap=0.0485773 (src: inc=cplex_api bb=cplex_api gap=cplex_api)
[MP] iter=3 cuts=2 obj=202.990 last_const=10700.000 last_nnz=26
[MW] core updated (t=0..): min=0.343 max=1.15 mean=0.612
Evaluating Subproblem (SP) at candidate...
2026-08-06 05:09:17,602 INFO | mobauto2_benders.benders.solver | force-added CutType.OPTIMALITY cut 'opt_cut'
2026-08-06 05:09:17,602 INFO | mobauto2_benders.benders.solver | added 1 cut(s)
2026-08-06 05:09:17,602 INFO | mobauto2_benders.benders.solver | bounds: best_lb=193.129 best_ub=5555.22 gap=5362.09 rel=0.965
SP result: recourse=6615 feasible=True
[SP PIPELINE] iter=3 build=0.000s solve=0.000s extract=0.000s post=0.000s cutgen=0.014s mode=mw lb_valid=True tl_inc=False vars=- bin=- cons=- lp=-
[CHECK] SP: recourse=6615 first=1.99 sp_total=6616.99
[CUT TIGHTNESS] raw_line(y)=6615  SP_ub=6615  diff=-9.09e-13
[BENDERS] Added cut #2: const_out=6923, const_ret=4777, nnz=28, slope_range=[-1.44e+03,-15], raw_pos_dm=0, scale=1
[BENDERS] Eval cut (dir): OUT lhs=201 rhs=4043; RET lhs=0 rhs=2572
Master updated: added 1 cut(s): opt_cut
[CUT SUMMARY] it=3 cand=OUT[0,1]|RET[0,2]|OUT[0,5]|RET[0,6]|OUT[0,8]|RET[0,9]|OUT[0,10]|RET[0,11]|OUT[0,14]|RET[0,15]|OUT[0,18]|RET[0,19]|...(+12) decision=added skip=None theta_total=201.0 rec_total=6615.000019 raw_rhs_total=6615.000018999999 rhs_total=6615.000019000002 lhs_total=201.0
Timing: master=0.341s sp_solve=0.012s cutgen=0.014s cutadd=0.001s cuts_added=1 total_cuts=3
MP stats: nodes=239 best_bound=193.12929945054944 incumbent=202.98999999999998 gap=0.04857727252300944
[CHECK] GAP: LB=193.129 UB=5555.22 gap=5362.09 rel=0.965

=== Iteration 4 ===
Solving Master (MP)...
[SCHEDULE] master gap-tied: time_limit_s=102 mipgap=0.05 g_bd=0.965
[MIPSTART] x-only start applied: n_out=44 n_ret=44
[MP] Wrote LP: Report\master_iter_004_cuts_003_20260806_050917.lp
Warning:  No solution found from 1 MIP starts.
2026-08-06 05:09:17,920 INFO | mobauto2_benders.benders.solver | iter=4 master status=SolveStatus.FEASIBLE obj=248.47 lb=240.368
Solver log file: C:\Users\fabio\AppData\Local\Temp\tmpkecjy25z.log
MP raw solver: status=ok term=optimal incumbent=248.46999999999997 best_bound=240.3683849279647
MP solutions: count=1 keys=['Gap', 'Status', 'Message', 'Problem', 'Objective', 'Variable', 'Constraint']
[MP] Solver log: Report\master_iter_004_cuts_003_20260806_050917.log
Shuttle totals (OUT+RET): q0=12, q1=10
MP stats (solver): nodes=0 best_bound=240.3683849279647 incumbent=248.46999999999997 gap=0.03260600906359721
MP result: status=SolveStatus.FEASIBLE obj=248.47 lb=240.368
[CHECK] MP: first=2.47 theta=246 mp_total=248.47 inc_obj=248.47 best_bound=240.368
[CHECK] MP bounds: mp_obj=248.47 mp_best_bound=240.368 mp_best_integer=248.47 term=optimal status=ok gap=0.032606
[MP] iter=4 incumbent=248.47 best_bound=240.368 gap=0.032606 (src: inc=cplex_api bb=cplex_api gap=cplex_api)
[MP] iter=4 cuts=3 obj=248.470 last_const=11700.000 last_nnz=28
[MW] core updated (t=0..): min=0.24 max=1.26 mean=0.578
Evaluating Subproblem (SP) at candidate...
2026-08-06 05:09:18,000 INFO | mobauto2_benders.benders.solver | force-added CutType.OPTIMALITY cut 'opt_cut'
2026-08-06 05:09:18,000 INFO | mobauto2_benders.benders.solver | added 1 cut(s)
2026-08-06 05:09:18,000 INFO | mobauto2_benders.benders.solver | bounds: best_lb=240.368 best_ub=5555.22 gap=5314.85 rel=0.957
SP result: recourse=7257 feasible=True
[SP PIPELINE] iter=4 build=0.000s solve=0.000s extract=0.000s post=0.000s cutgen=0.013s mode=mw lb_valid=True tl_inc=False vars=- bin=- cons=- lp=-
[CHECK] SP: recourse=7257 first=2.47 sp_total=7259.47
[CUT TIGHTNESS] raw_line(y)=7257  SP_ub=7257  diff=-2.73e-12
[BENDERS] Added cut #3: const_out=9420, const_ret=5802, nnz=31, slope_range=[-1.44e+03,-15], raw_pos_dm=0, scale=1
[BENDERS] Eval cut (dir): OUT lhs=246 rhs=3660; RET lhs=-0 rhs=3597
Master updated: added 1 cut(s): opt_cut
[CUT SUMMARY] it=4 cand=OUT[0,2]|RET[0,3]|OUT[0,5]|RET[0,6]|OUT[0,9]|RET[0,10]|OUT[0,11]|RET[0,13]|OUT[0,16]|RET[0,17]|OUT[0,19]|RET[0,20]|...(+10) decision=added skip=None theta_total=246.0 rec_total=7257.000035 raw_rhs_total=7257.000034999996 rhs_total=7257.000035 lhs_total=246.0
Timing: master=0.318s sp_solve=0.030s cutgen=0.013s cutadd=0.001s cuts_added=1 total_cuts=4
MP stats: nodes=0 best_bound=240.3683849279647 incumbent=248.46999999999997 gap=0.03260600906359721
[CHECK] GAP: LB=240.368 UB=5555.22 gap=5314.85 rel=0.957

=== Iteration 5 ===
Solving Master (MP)...
[SCHEDULE] master gap-tied: time_limit_s=102 mipgap=0.05 g_bd=0.957
[MIPSTART] x-only start applied: n_out=44 n_ret=44
[MP] Wrote LP: Report\master_iter_005_cuts_004_20260806_050918.lp
Warning:  No solution found from 1 MIP starts.
2026-08-06 05:09:18,317 INFO | mobauto2_benders.benders.solver | iter=5 master status=SolveStatus.FEASIBLE obj=953.24 lb=905.869
Solver log file: C:\Users\fabio\AppData\Local\Temp\tmp7bk7vt0k.log
MP raw solver: status=ok term=optimal incumbent=953.2399924957566 best_bound=905.8692958872062
MP solutions: count=1 keys=['Gap', 'Status', 'Message', 'Problem', 'Objective', 'Variable', 'Constraint']
[MP] Solver log: Report\master_iter_005_cuts_004_20260806_050918.log
Shuttle totals (OUT+RET): q0=12, q1=12
MP stats (solver): nodes=52 best_bound=905.8692958872062 incumbent=953.2399924957566 gap=0.04969440747499509
MP result: status=SolveStatus.FEASIBLE obj=953.24 lb=905.869
[CHECK] MP: first=2.24 theta=951 mp_total=953.24 inc_obj=953.24 best_bound=905.869
[CHECK] MP bounds: mp_obj=953.24 mp_best_bound=905.869 mp_best_integer=953.24 term=optimal status=ok gap=0.0496944
[MP] iter=5 incumbent=953.24 best_bound=905.869 gap=0.0496944 (src: inc=cplex_api bb=cplex_api gap=cplex_api)
[MP] iter=5 cuts=4 obj=953.240 last_const=15222.000 last_nnz=31
[MW] core updated (t=0..): min=0.168 max=1.48 mean=0.568
Evaluating Subproblem (SP) at candidate...
2026-08-06 05:09:18,384 INFO | mobauto2_benders.benders.solver | force-added CutType.OPTIMALITY cut 'opt_cut'
2026-08-06 05:09:18,384 INFO | mobauto2_benders.benders.solver | added 1 cut(s)
2026-08-06 05:09:18,384 INFO | mobauto2_benders.benders.solver | bounds: best_lb=905.869 best_ub=5555.22 gap=4649.35 rel=0.837
SP result: recourse=5711 feasible=True
[SP PIPELINE] iter=5 build=0.000s solve=0.000s extract=0.000s post=0.000s cutgen=0.017s mode=mw lb_valid=True tl_inc=False vars=- bin=- cons=- lp=-
[CHECK] SP: recourse=5711 first=2.24 sp_total=5713.24
[CUT TIGHTNESS] raw_line(y)=5711  SP_ub=5711  diff=-2.73e-12
[BENDERS] Added cut #4: const_out=9077, const_ret=5994, nnz=27, slope_range=[-1.44e+03,-15], raw_pos_dm=0, scale=1
[BENDERS] Eval cut (dir): OUT lhs=951 rhs=3317; RET lhs=0 rhs=2394
Master updated: added 1 cut(s): opt_cut
[CUT SUMMARY] it=5 cand=OUT[0,2]|RET[0,3]|OUT[0,5]|RET[0,6]|OUT[0,8]|RET[0,9]|OUT[0,11]|RET[0,12]|OUT[0,15]|RET[0,17]|OUT[0,19]|RET[0,20]|...(+12) decision=added skip=None theta_total=950.9999922131973 rec_total=5711.000056 raw_rhs_total=5710.999431284727 rhs_total=5710.999431284728 lhs_total=950.9999922131973
Timing: master=0.305s sp_solve=0.015s cutgen=0.017s cutadd=0.001s cuts_added=1 total_cuts=5
MP stats: nodes=52 best_bound=905.8692958872062 incumbent=953.2399924957566 gap=0.04969440747499509
[CHECK] GAP: LB=905.869 UB=5555.22 gap=4649.35 rel=0.837

=== Iteration 6 ===
Solving Master (MP)...
[SCHEDULE] master gap-tied: time_limit_s=102 mipgap=0.05 g_bd=0.837
[MIPSTART] x-only start applied: n_out=44 n_ret=44
[MP] Wrote LP: Report\master_iter_006_cuts_005_20260806_050918.lp
Warning:  No solution found from 1 MIP starts.
2026-08-06 05:09:18,850 INFO | mobauto2_benders.benders.solver | iter=6 master status=SolveStatus.FEASIBLE obj=1687.74 lb=1605.14
Solver log file: C:\Users\fabio\AppData\Local\Temp\tmp1mk1jnao.log
MP raw solver: status=ok term=optimal incumbent=1687.7399999999998 best_bound=1605.1368620977612
MP solutions: count=1 keys=['Gap', 'Status', 'Message', 'Problem', 'Objective', 'Variable', 'Constraint']
[MP] Solver log: Report\master_iter_006_cuts_005_20260806_050918.log
Shuttle totals (OUT+RET): q0=12, q1=12
MP stats (solver): nodes=480 best_bound=1605.1368620977612 incumbent=1687.7399999999998 gap=0.048943046856881806
MP result: status=SolveStatus.FEASIBLE obj=1687.74 lb=1605.14
[CHECK] MP: first=1.74 theta=1686 mp_total=1687.74 inc_obj=1687.74 best_bound=1605.14
[CHECK] MP bounds: mp_obj=1687.74 mp_best_bound=1605.14 mp_best_integer=1687.74 term=optimal status=ok gap=0.048943
[MP] iter=6 incumbent=1687.74 best_bound=1605.14 gap=0.048943 (src: inc=cplex_api bb=cplex_api gap=cplex_api)
[MP] iter=6 cuts=5 obj=1687.740 last_const=15071.000 last_nnz=27
[MW] core updated (t=0..): min=0.118 max=1.64 mean=0.561
Evaluating Subproblem (SP) at candidate...
2026-08-06 05:09:18,924 INFO | mobauto2_benders.benders.solver | force-added CutType.OPTIMALITY cut 'opt_cut'
2026-08-06 05:09:18,924 INFO | mobauto2_benders.benders.solver | added 1 cut(s)
2026-08-06 05:09:18,924 INFO | mobauto2_benders.benders.solver | bounds: best_lb=1605.14 best_ub=4950.74 gap=3345.6 rel=0.676
SP result: recourse=4949 feasible=True
[SP PIPELINE] iter=6 build=0.000s solve=0.000s extract=0.000s post=0.000s cutgen=0.015s mode=mw lb_valid=True tl_inc=False vars=- bin=- cons=- lp=-
[CHECK] SP: recourse=4949 first=1.74 sp_total=4950.74
[CUT TIGHTNESS] raw_line(y)=4949  SP_ub=4949  diff=-1.82e-12
[BENDERS] Added cut #5: const_out=9031, const_ret=7453, nnz=27, slope_range=[-1.44e+03,-15], raw_pos_dm=0, scale=1
[BENDERS] Eval cut (dir): OUT lhs=1686 rhs=3271; RET lhs=0 rhs=1678
Master updated: added 1 cut(s): opt_cut
[CUT SUMMARY] it=6 cand=OUT[0,2]|RET[0,3]|OUT[0,5]|RET[0,6]|OUT[0,8]|RET[0,9]|OUT[0,12]|RET[0,13]|OUT[0,16]|RET[0,18]|OUT[0,19]|RET[0,20]|...(+12) decision=added skip=None theta_total=1686.0 rec_total=4949.00006 raw_rhs_total=4949.00006 rhs_total=4949.000059999999 lhs_total=1686.0
Timing: master=0.470s sp_solve=0.012s cutgen=0.015s cutadd=0.001s cuts_added=1 total_cuts=6
MP stats: nodes=480 best_bound=1605.1368620977612 incumbent=1687.7399999999998 gap=0.048943046856881806
[CHECK] GAP: LB=1605.14 UB=4950.74 gap=3345.6 rel=0.676

=== Iteration 7 ===
Solving Master (MP)...
[SCHEDULE] master gap-tied: time_limit_s=102 mipgap=0.05 g_bd=0.676
[MIPSTART] x-only start applied: n_out=44 n_ret=44
[MP] Wrote LP: Report\master_iter_007_cuts_006_20260806_050918.lp
Warning:  No solution found from 1 MIP starts.
2026-08-06 05:09:19,384 INFO | mobauto2_benders.benders.solver | iter=7 master status=SolveStatus.FEASIBLE obj=2586.24 lb=2457.04
Solver log file: C:\Users\fabio\AppData\Local\Temp\tmpohrf6a52.log
MP raw solver: status=ok term=optimal incumbent=2586.2400300000013 best_bound=2457.044571633538
MP solutions: count=1 keys=['Gap', 'Status', 'Message', 'Problem', 'Objective', 'Variable', 'Constraint']
[MP] Solver log: Report\master_iter_007_cuts_006_20260806_050918.log
Shuttle totals (OUT+RET): q0=12, q1=12
MP stats (solver): nodes=0 best_bound=2457.044571633538 incumbent=2586.2400300000013 gap=0.04995493723235667
MP result: status=SolveStatus.FEASIBLE obj=2586.24 lb=2457.04
[CHECK] MP: first=2.24 theta=2584 mp_total=2586.24 inc_obj=2586.24 best_bound=2457.04
[CHECK] MP bounds: mp_obj=2586.24 mp_best_bound=2457.04 mp_best_integer=2586.24 term=optimal status=ok gap=0.0499549
[MP] iter=7 incumbent=2586.24 best_bound=2457.04 gap=0.0499549 (src: inc=cplex_api bb=cplex_api gap=cplex_api)
[MP] iter=7 cuts=6 obj=2586.240 last_const=16484.000 last_nnz=27
[MW] core updated (t=0..): min=0.0824 max=1.75 mean=0.557
Evaluating Subproblem (SP) at candidate...
2026-08-06 05:09:19,450 INFO | mobauto2_benders.benders.solver | force-added CutType.OPTIMALITY cut 'opt_cut'
2026-08-06 05:09:19,450 INFO | mobauto2_benders.benders.solver | added 1 cut(s)
2026-08-06 05:09:19,450 INFO | mobauto2_benders.benders.solver | bounds: best_lb=2457.04 best_ub=4950.74 gap=2493.7 rel=0.504
SP result: recourse=5566 feasible=True
[SP PIPELINE] iter=7 build=0.000s solve=0.000s extract=0.000s post=0.000s cutgen=0.013s mode=mw lb_valid=True tl_inc=False vars=- bin=- cons=- lp=-
[CHECK] SP: recourse=5566 first=2.24 sp_total=5568.24
[CUT TIGHTNESS] raw_line(y)=5566  SP_ub=5566  diff=-2.73e-12
[BENDERS] Added cut #6: const_out=7663, const_ret=8733, nnz=30, slope_range=[-1.44e+03,-15], raw_pos_dm=0, scale=1
[BENDERS] Eval cut (dir): OUT lhs=2406 rhs=3313; RET lhs=178 rhs=2253
Master updated: added 1 cut(s): opt_cut
[CUT SUMMARY] it=7 cand=OUT[0,1]|RET[0,2]|OUT[0,5]|RET[0,6]|OUT[0,7]|RET[0,8]|OUT[0,10]|RET[0,12]|OUT[0,17]|RET[0,18]|OUT[0,19]|RET[0,20]|...(+12) decision=added skip=None theta_total=2584.00003 rec_total=5566.000045 raw_rhs_total=5566.000044999999 rhs_total=5566.000045000002 lhs_total=2584.00003
Timing: master=0.457s sp_solve=0.013s cutgen=0.013s cutadd=0.001s cuts_added=1 total_cuts=7
MP stats: nodes=0 best_bound=2457.044571633538 incumbent=2586.2400300000013 gap=0.04995493723235667
[CHECK] GAP: LB=2457.04 UB=4950.74 gap=2493.7 rel=0.504

=== Iteration 8 ===
Solving Master (MP)...
[SCHEDULE] master gap-tied: time_limit_s=102 mipgap=0.05 g_bd=0.504
[MIPSTART] x-only start applied: n_out=44 n_ret=44
[MP] Wrote LP: Report\master_iter_008_cuts_007_20260806_050919.lp
2026-08-06 05:09:19,751 INFO | mobauto2_benders.benders.solver | iter=8 master status=SolveStatus.FEASIBLE obj=3260.49 lb=3098.33
Solver log file: C:\Users\fabio\AppData\Local\Temp\tmpq3xoga0r.log
MP raw solver: status=ok term=optimal incumbent=3260.4900450000005 best_bound=3098.330273099951
MP solutions: count=1 keys=['Gap', 'Status', 'Message', 'Problem', 'Objective', 'Variable', 'Constraint']
[MP] Solver log: Report\master_iter_008_cuts_007_20260806_050919.log
Shuttle totals (OUT+RET): q0=12, q1=12
MP stats (solver): nodes=834 best_bound=3098.330273099951 incumbent=3260.4900450000005 gap=0.04973478515866614
MP result: status=SolveStatus.FEASIBLE obj=3260.49 lb=3098.33
[CHECK] MP: first=1.49 theta=3259 mp_total=3260.49 inc_obj=3260.49 best_bound=3098.33
[CHECK] MP bounds: mp_obj=3260.49 mp_best_bound=3098.33 mp_best_integer=3260.49 term=optimal status=ok gap=0.0497348
[MP] iter=8 incumbent=3260.49 best_bound=3098.33 gap=0.0497348 (src: inc=cplex_api bb=cplex_api gap=cplex_api)
[MP] iter=8 cuts=7 obj=3260.490 last_const=16396.000 last_nnz=30
[MW] core updated (t=0..): min=0.0576 max=1.82 mean=0.553
Evaluating Subproblem (SP) at candidate...
2026-08-06 05:09:19,818 INFO | mobauto2_benders.benders.solver | force-added CutType.OPTIMALITY cut 'opt_cut'
2026-08-06 05:09:19,818 INFO | mobauto2_benders.benders.solver | added 1 cut(s)
2026-08-06 05:09:19,818 INFO | mobauto2_benders.benders.solver | bounds: best_lb=3098.33 best_ub=4798.49 gap=1700.16 rel=0.354
SP result: recourse=4797 feasible=True
[SP PIPELINE] iter=8 build=0.000s solve=0.000s extract=0.000s post=0.000s cutgen=0.013s mode=mw lb_valid=True tl_inc=False vars=- bin=- cons=- lp=-
[CHECK] SP: recourse=4797 first=1.49 sp_total=4798.49
[CUT TIGHTNESS] raw_line(y)=4797  SP_ub=4797  diff=-2.73e-12
[BENDERS] Added cut #7: const_out=7278, const_ret=8349, nnz=27, slope_range=[-1.44e+03,-15], raw_pos_dm=0, scale=1
[BENDERS] Eval cut (dir): OUT lhs=2506 rhs=2928; RET lhs=753 rhs=1869
Master updated: added 1 cut(s): opt_cut
[CUT SUMMARY] it=8 cand=OUT[0,1]|RET[0,2]|OUT[0,5]|RET[0,6]|OUT[0,7]|RET[0,9]|OUT[0,12]|RET[0,13]|OUT[0,17]|RET[0,18]|OUT[0,19]|RET[0,20]|...(+12) decision=added skip=None theta_total=3259.000045 rec_total=4797.000045 raw_rhs_total=4797.000044999999 rhs_total=4797.000044999998 lhs_total=3259.000045
Timing: master=0.303s sp_solve=0.014s cutgen=0.013s cutadd=0.001s cuts_added=1 total_cuts=8
MP stats: nodes=834 best_bound=3098.330273099951 incumbent=3260.4900450000005 gap=0.04973478515866614
[CHECK] GAP: LB=3098.33 UB=4798.49 gap=1700.16 rel=0.354

=== Iteration 9 ===
Solving Master (MP)...
[SCHEDULE] master gap-tied: time_limit_s=102 mipgap=0.05 g_bd=0.354
[MIPSTART] x-only start applied: n_out=44 n_ret=44
[MP] Wrote LP: Report\master_iter_009_cuts_008_20260806_050919.lp
2026-08-06 05:09:20,237 INFO | mobauto2_benders.benders.solver | iter=9 master status=SolveStatus.FEASIBLE obj=3466.24 lb=3294.81
Solver log file: C:\Users\fabio\AppData\Local\Temp\tmp55_c4fcy.log
MP raw solver: status=ok term=optimal incumbent=3466.24006 best_bound=3294.8133045102745
MP solutions: count=1 keys=['Gap', 'Status', 'Message', 'Problem', 'Objective', 'Variable', 'Constraint']
[MP] Solver log: Report\master_iter_009_cuts_008_20260806_050919.log
Shuttle totals (OUT+RET): q0=12, q1=12
MP stats (solver): nodes=774 best_bound=3294.8133045102745 incumbent=3466.24006 gap=0.04945611167211558
MP result: status=SolveStatus.FEASIBLE obj=3466.24 lb=3294.81
[CHECK] MP: first=2.24 theta=3464 mp_total=3466.24 inc_obj=3466.24 best_bound=3294.81
[CHECK] MP bounds: mp_obj=3466.24 mp_best_bound=3294.81 mp_best_integer=3466.24 term=optimal status=ok gap=0.0494561
[MP] iter=9 incumbent=3466.24 best_bound=3294.81 gap=0.0494561 (src: inc=cplex_api bb=cplex_api gap=cplex_api)
[MP] iter=9 cuts=8 obj=3466.240 last_const=15627.000 last_nnz=27
[MW] core updated (t=0..): min=0.0404 max=1.88 mean=0.551
Evaluating Subproblem (SP) at candidate...
2026-08-06 05:09:20,300 INFO | mobauto2_benders.benders.solver | force-added CutType.OPTIMALITY cut 'opt_cut'
2026-08-06 05:09:20,300 INFO | mobauto2_benders.benders.solver | added 1 cut(s)
2026-08-06 05:09:20,300 INFO | mobauto2_benders.benders.solver | bounds: best_lb=3294.81 best_ub=4798.49 gap=1503.68 rel=0.313
SP result: recourse=5478 feasible=True
[SP PIPELINE] iter=9 build=0.000s solve=0.000s extract=0.000s post=0.000s cutgen=0.014s mode=mw lb_valid=True tl_inc=False vars=- bin=- cons=- lp=-
[CHECK] SP: recourse=5478 first=2.24 sp_total=5480.24
[CUT TIGHTNESS] raw_line(y)=5478  SP_ub=5478  diff=-1.82e-12
[BENDERS] Added cut #8: const_out=9080, const_ret=8638, nnz=29, slope_range=[-1.44e+03,-15], raw_pos_dm=0, scale=1
[BENDERS] Eval cut (dir): OUT lhs=2521 rhs=3320; RET lhs=943 rhs=2158
Master updated: added 1 cut(s): opt_cut
[CUT SUMMARY] it=9 cand=OUT[0,2]|RET[0,3]|OUT[0,5]|RET[0,6]|OUT[0,9]|RET[0,11]|OUT[0,12]|RET[0,13]|OUT[0,17]|RET[0,18]|OUT[0,19]|RET[0,20]|...(+12) decision=added skip=None theta_total=3464.0000599999994 rec_total=5478.00006 raw_rhs_total=5478.000060000002 rhs_total=5478.000060000002 lhs_total=3464.0000599999994
Timing: master=0.417s sp_solve=0.015s cutgen=0.014s cutadd=0.001s cuts_added=1 total_cuts=9
MP stats: nodes=774 best_bound=3294.8133045102745 incumbent=3466.24006 gap=0.04945611167211558
[CHECK] GAP: LB=3294.81 UB=4798.49 gap=1503.68 rel=0.313

=== Iteration 10 ===
Solving Master (MP)...
[SCHEDULE] master gap-tied: time_limit_s=102 mipgap=0.05 g_bd=0.313
[MIPSTART] x-only start applied: n_out=44 n_ret=44
[MP] Wrote LP: Report\master_iter_010_cuts_009_20260806_050920.lp
2026-08-06 05:09:21,020 INFO | mobauto2_benders.benders.solver | iter=10 master status=SolveStatus.FEASIBLE obj=3641.74 lb=3459.65
Solver log file: C:\Users\fabio\AppData\Local\Temp\tmpe4krsp_u.log
MP raw solver: status=ok term=optimal incumbent=3641.740044999997 best_bound=3459.6533895532248
MP solutions: count=1 keys=['Gap', 'Status', 'Message', 'Problem', 'Objective', 'Variable', 'Constraint']
[MP] Solver log: Report\master_iter_010_cuts_009_20260806_050920.log
Shuttle totals (OUT+RET): q0=12, q1=12
MP stats (solver): nodes=1447 best_bound=3459.6533895532248 incumbent=3641.740044999997 gap=0.04999990476990985
MP result: status=SolveStatus.FEASIBLE obj=3641.74 lb=3459.65
[CHECK] MP: first=1.74 theta=3640 mp_total=3641.74 inc_obj=3641.74 best_bound=3459.65
[CHECK] MP bounds: mp_obj=3641.74 mp_best_bound=3459.65 mp_best_integer=3641.74 term=optimal status=ok gap=0.0499999
[MP] iter=10 incumbent=3641.74 best_bound=3459.65 gap=0.0499999 (src: inc=cplex_api bb=cplex_api gap=cplex_api)
[MP] iter=10 cuts=9 obj=3641.740 last_const=17718.000 last_nnz=29
[MW] core updated (t=0..): min=0.0282 max=1.91 mean=0.549
Evaluating Subproblem (SP) at candidate...
2026-08-06 05:09:21,164 INFO | mobauto2_benders.benders.solver | force-added CutType.OPTIMALITY cut 'opt_cut'
2026-08-06 05:09:21,164 INFO | mobauto2_benders.benders.solver | added 1 cut(s)
2026-08-06 05:09:21,164 INFO | mobauto2_benders.benders.solver | bounds: best_lb=3459.65 best_ub=4798.49 gap=1338.84 rel=0.279
2026-08-06 05:09:21,164 WARNING | mobauto2_benders.benders.solver | Max iterations reached: 10
SP result: recourse=5275 feasible=True
[SP PIPELINE] iter=10 build=0.000s solve=0.000s extract=0.000s post=0.000s cutgen=0.025s mode=mw lb_valid=True tl_inc=False vars=- bin=- cons=- lp=-
[CHECK] SP: recourse=5275 first=1.74 sp_total=5276.74
[CUT TIGHTNESS] raw_line(y)=5275  SP_ub=5275  diff=-2.73e-12
[BENDERS] Added cut #9: const_out=7565, const_ret=7835, nnz=28, slope_range=[-1.44e+03,-15], raw_pos_dm=0, scale=1
[BENDERS] Eval cut (dir): OUT lhs=2521 rhs=3215; RET lhs=1119 rhs=2060
Master updated: added 1 cut(s): opt_cut
[CUT SUMMARY] it=10 cand=OUT[0,1]|RET[0,2]|OUT[0,5]|RET[0,6]|OUT[0,7]|RET[0,8]|OUT[0,11]|RET[0,12]|OUT[0,16]|RET[0,18]|OUT[0,19]|RET[0,20]|...(+12) decision=added skip=None theta_total=3640.000044999996 rec_total=5275.000045 raw_rhs_total=5275.000044999999 rhs_total=5275.000045000001 lhs_total=3640.000044999996
Timing: master=0.727s sp_solve=0.024s cutgen=0.025s cutadd=0.002s cuts_added=1 total_cuts=10
MP stats: nodes=1447 best_bound=3459.6533895532248 incumbent=3641.740044999997 gap=0.04999990476990985
[CHECK] GAP: LB=3459.65 UB=4798.49 gap=1338.84 rel=0.279

Max iterations reached: 10
Total solve time: 4.349 seconds
Best bounds: LB=3459.65 UB=4798.49 gap=1338.84 rel=0.279

Best Master Solution:
Q=2 T=22
theta = 3259
  - theta_out = 2506
  - theta_ret = 753
Timeline (per shuttle):
           0     1     2     3     4     5     6     7     8     9    10    11    12    13    14    15    16    17    18    19    20    21
  q=0:   IDL   OUT   RET   CHR   CHR   OUT   RET   OUT   IDL   RET   CHR   CHR   OUT   RET   CHR   CHR   CHR   OUT   RET   OUT   RET   IDL
  q=1:   IDL   IDL   OUT   RET   CHR   OUT   IDL   RET   CHR   OUT   RET   CHR   CHR   CHR   OUT   RET   CHR   OUT   RET   OUT   RET   IDL
Battery (per shuttle):
           0     1     2     3     4     5     6     7     8     9    10    11    12    13    14    15    16    17    18    19    20    21
  q=0:   150   150   120    90   120   150   120    90    60    30    65   100    70    40    75   110   120    90    90    60    30     0
  q=1:   150   150   150   120    90   125    95    65    35    35     5    40    75    45    15    50    85   120    90    60    30     0

Demand per slot (OUT/RET):
         0   1   2   3   4   5   6   7   8   9  10  11  12  13  14  15  16  17  18  19  20  21
  OUT:  19  22  29  22  17   8   4   4   2   4   5   3   1   4   1   2   0   1   0   2   0   0
  RET:   3   1   2   0   0   4   3   7   4   4   8  12   8   7   6   7  19  15  24  16   0   0

Pax per shuttle and slot (total):
         0   1   2   3   4   5   6   7   8   9  10  11  12  13  14  15  16  17  18  19  20  21
  q=0:   0  15   4   0   0  15   4  12   0  11   0   0   8  15   0   0   0   2  15   1  15   0
  q=1:   0   0  15   2   0  15   0   3   0   6   4   0   0   0   5  13   0   0  15   0  15   0
Pax served: 210/300
Pax served: 210/300
Subproblem (last): obj=4797 wait_slots=297 fill_eps=4.5e-05 penalty_cost=4500 penalty_pax=90 total_demand=300
Avg wait (min): 42.4286
UB_total (best): 4798.49

Result: status=UNKNOWN iterations=10 best_lb=3459.6533895532248 best_ub=4798.490045
