Run configuration:
  solver: iterations=10 tol=0.001 time_limit_s=3600 seed=42
  master: solver=cplex Q=2 T_minutes=660 slot_res=30 (slots=22) trip_dur_min=30 Emax=150.0 L=30.0 eps=0.01 conc_pen=0.25 delta_chg=35.0
  subproblem: solver=cplex_direct S=15.0 Wmax=60 p=50.0 fill_eps=1e-06 (slot_res=30)
  demand_file: setups/base.yaml
Initialized master problem.
[MW] enabled=True alpha=0.3 eps=0.001

=== Iteration 1 ===
Solving Master (MP)...
[SCHEDULE] master gap-tied: time_limit_s=102 mipgap=0.05 g_bd=0.05
2026-08-06 05:41:22,816 INFO | mobauto2_benders.benders.solver | iter=1 master status=SolveStatus.OPTIMAL obj=0 lb=0
MP raw solver: status=ok term=optimal incumbent=0.0 best_bound=0.0
MP solutions: count=1 keys=['Gap', 'Status', 'Message', 'Problem', 'Objective', 'Variable', 'Constraint']
Shuttle totals (OUT+RET): q0=0, q1=0
MP stats (solver): nodes=0 best_bound=0.0 incumbent=0.0 gap=0.0
MP result: status=SolveStatus.OPTIMAL obj=0 lb=0
[CHECK] MP: first=0 theta=0 mp_total=0 inc_obj=0 best_bound=0
[CHECK] MP bounds: mp_obj=0 mp_best_bound=0 mp_best_integer=0 term=optimal status=ok gap=0
[MP] iter=1 incumbent=0 best_bound=0 gap=0 (src: inc=cplex_api bb=cplex_api gap=cplex_api)
[MP] iter=1 cuts=0 obj=0.000
[MW] core updated (t=0..): min=0.7 max=0.7 mean=0.7
Evaluating Subproblem (SP) at candidate...
2026-08-06 05:41:22,879 INFO | mobauto2_benders.benders.solver | force-added CutType.OPTIMALITY cut 'opt_cut'
2026-08-06 05:41:22,879 INFO | mobauto2_benders.benders.solver | added 1 cut(s)
2026-08-06 05:41:22,879 INFO | mobauto2_benders.benders.solver | bounds: best_lb=0 best_ub=15000 gap=15000 rel=1
SP result: recourse=15000 feasible=True
[SP PIPELINE] iter=1 build=0.000s solve=0.000s extract=0.000s post=0.000s cutgen=0.011s mode=mw lb_valid=True tl_inc=False vars=- bin=- cons=- lp=-
[CHECK] SP: recourse=15000 first=0 sp_total=15000
[CUT TIGHTNESS] raw_line(y)=15000  SP_ub=15000  diff=0
[BENDERS] Added cut #0: const_out=7500, const_ret=7500, nnz=41, slope_range=[-735,-720], raw_pos_dm=0, scale=1
[BENDERS] Eval cut (dir): OUT lhs=0 rhs=7500; RET lhs=0 rhs=7500
Master updated: added 1 cut(s): opt_cut
[CUT SUMMARY] it=1 cand=candidate:idle decision=added skip=None theta_total=0.0 rec_total=15000.0 raw_rhs_total=15000.0 rhs_total=15000.0 lhs_total=0.0
Timing: master=0.047s sp_solve=0.012s cutgen=0.011s cutadd=0.001s cuts_added=1 total_cuts=1
MP stats: nodes=0 best_bound=0.0 incumbent=0.0 gap=0.0
[CHECK] GAP: LB=0 UB=15000 gap=15000 rel=1

=== Iteration 2 ===
Solving Master (MP)...
[SCHEDULE] master gap-tied: time_limit_s=102 mipgap=0.05 g_bd=1
[MIPSTART] x-only start applied: n_out=44 n_ret=44
Warning:  No solution found from 1 MIP starts.
2026-08-06 05:41:22,997 INFO | mobauto2_benders.benders.solver | iter=2 master status=SolveStatus.OPTIMAL obj=0.22 lb=0.22
MP raw solver: status=ok term=optimal incumbent=0.22 best_bound=0.22000000000000003
MP solutions: count=1 keys=['Gap', 'Status', 'Message', 'Problem', 'Objective', 'Variable', 'Constraint']
Shuttle totals (OUT+RET): q0=12, q1=10
MP stats (solver): nodes=0 best_bound=0.22000000000000003 incumbent=0.22 gap=0.0
MP result: status=SolveStatus.OPTIMAL obj=0.22 lb=0.22
[CHECK] MP: first=0.22 theta=0 mp_total=0.22 inc_obj=0.22 best_bound=0.22
[CHECK] MP bounds: mp_obj=0.22 mp_best_bound=0.22 mp_best_integer=0.22 term=optimal status=ok gap=0
[MP] iter=2 incumbent=0.22 best_bound=0.22 gap=0 (src: inc=cplex_api bb=cplex_api gap=cplex_api)
[MP] iter=2 cuts=1 obj=0.220 last_const=15000.000 last_nnz=41
[MW] core updated (t=0..): min=0.49 max=0.79 mean=0.64
Evaluating Subproblem (SP) at candidate...
2026-08-06 05:41:23,059 INFO | mobauto2_benders.benders.solver | force-added CutType.OPTIMALITY cut 'opt_cut'
2026-08-06 05:41:23,059 INFO | mobauto2_benders.benders.solver | added 1 cut(s)
2026-08-06 05:41:23,059 INFO | mobauto2_benders.benders.solver | bounds: best_lb=0.22 best_ub=5553.22 gap=5553 rel=1
SP result: recourse=5553 feasible=True
[SP PIPELINE] iter=2 build=0.000s solve=0.000s extract=0.000s post=0.000s cutgen=0.011s mode=mw lb_valid=True tl_inc=False vars=- bin=- cons=- lp=-
[CHECK] SP: recourse=5553 first=0.22 sp_total=5553.22
[CUT TIGHTNESS] raw_line(y)=5553  SP_ub=5553  diff=0
[BENDERS] Added cut #1: const_out=5685, const_ret=4983, nnz=25, slope_range=[-735,-15], raw_pos_dm=0, scale=1
[BENDERS] Eval cut (dir): OUT lhs=0 rhs=2790; RET lhs=-0 rhs=2763
Master updated: added 1 cut(s): opt_cut
[CUT SUMMARY] it=2 cand=OUT[0,2]|RET[0,3]|OUT[0,6]|RET[0,7]|OUT[0,8]|RET[0,9]|OUT[0,11]|RET[0,12]|OUT[0,16]|RET[0,17]|OUT[0,19]|RET[0,20]|...(+10) decision=added skip=None theta_total=0.0 rec_total=5553.0 raw_rhs_total=5553.0 rhs_total=5553.0 lhs_total=0.0
Timing: master=0.118s sp_solve=0.012s cutgen=0.011s cutadd=0.001s cuts_added=1 total_cuts=2
MP stats: nodes=0 best_bound=0.22000000000000003 incumbent=0.22 gap=0.0
[CHECK] GAP: LB=0.22 UB=5553.22 gap=5553 rel=1

=== Iteration 3 ===
Solving Master (MP)...
[SCHEDULE] master gap-tied: time_limit_s=102 mipgap=0.05 g_bd=1
[MIPSTART] x-only start applied: n_out=44 n_ret=44
Warning:  No solution found from 1 MIP starts.
2026-08-06 05:41:23,343 INFO | mobauto2_benders.benders.solver | iter=3 master status=SolveStatus.FEASIBLE obj=510.74 lb=485.735
MP raw solver: status=ok term=optimal incumbent=510.7401665899976 best_bound=485.7350546829152
MP solutions: count=1 keys=['Gap', 'Status', 'Message', 'Problem', 'Objective', 'Variable', 'Constraint']
Shuttle totals (OUT+RET): q0=12, q1=12
MP stats (solver): nodes=694 best_bound=485.7350546829152 incumbent=510.7401665899976 gap=0.048958577262537245
MP result: status=SolveStatus.FEASIBLE obj=510.74 lb=485.735
[CHECK] MP: first=0.74 theta=510 mp_total=510.74 inc_obj=510.74 best_bound=485.735
[CHECK] MP bounds: mp_obj=510.74 mp_best_bound=485.735 mp_best_integer=510.74 term=optimal status=ok gap=0.0489586
[MP] iter=3 incumbent=510.74 best_bound=485.735 gap=0.0489586 (src: inc=cplex_api bb=cplex_api gap=cplex_api)
[MP] iter=3 cuts=2 obj=510.740 last_const=10668.000 last_nnz=25
[MW] core updated (t=0..): min=0.343 max=0.943 mean=0.612
Evaluating Subproblem (SP) at candidate...
2026-08-06 05:41:23,418 INFO | mobauto2_benders.benders.solver | force-added CutType.OPTIMALITY cut 'opt_cut'
2026-08-06 05:41:23,419 INFO | mobauto2_benders.benders.solver | added 1 cut(s)
2026-08-06 05:41:23,419 INFO | mobauto2_benders.benders.solver | bounds: best_lb=485.735 best_ub=5390.74 gap=4905 rel=0.91
SP result: recourse=5390 feasible=True
[SP PIPELINE] iter=3 build=0.000s solve=0.000s extract=0.000s post=0.000s cutgen=0.016s mode=mw lb_valid=True tl_inc=False vars=- bin=- cons=- lp=-
[CHECK] SP: recourse=5390 first=0.74 sp_total=5390.74
[CUT TIGHTNESS] raw_line(y)=5390  SP_ub=5390  diff=0
[BENDERS] Added cut #2: const_out=6523, const_ret=5437, nnz=28, slope_range=[-735,-15], raw_pos_dm=0, scale=1
[BENDERS] Eval cut (dir): OUT lhs=510 rhs=2863; RET lhs=0 rhs=2527
Master updated: added 1 cut(s): opt_cut
[CUT SUMMARY] it=3 cand=OUT[0,1]|RET[0,2]|OUT[0,3]|RET[0,4]|OUT[0,6]|RET[0,7]|OUT[0,10]|RET[0,11]|OUT[0,15]|RET[0,17]|OUT[0,18]|RET[0,20]|...(+12) decision=added skip=None theta_total=510.00016658999766 rec_total=5390.0 raw_rhs_total=5390.0 rhs_total=5390.0 lhs_total=510.00016658999766
Timing: master=0.284s sp_solve=0.018s cutgen=0.016s cutadd=0.001s cuts_added=1 total_cuts=3
MP stats: nodes=694 best_bound=485.7350546829152 incumbent=510.7401665899976 gap=0.048958577262537245
[CHECK] GAP: LB=485.735 UB=5390.74 gap=4905 rel=0.91

=== Iteration 4 ===
Solving Master (MP)...
[SCHEDULE] master gap-tied: time_limit_s=102 mipgap=0.05 g_bd=0.91
[MIPSTART] x-only start applied: n_out=44 n_ret=44
Warning:  No solution found from 1 MIP starts.
2026-08-06 05:41:27,902 INFO | mobauto2_benders.benders.solver | iter=4 master status=SolveStatus.FEASIBLE obj=1612.99 lb=1532.69
MP raw solver: status=ok term=optimal incumbent=1612.989999125101 best_bound=1532.6924718686607
MP solutions: count=1 keys=['Gap', 'Status', 'Message', 'Problem', 'Objective', 'Variable', 'Constraint']
Shuttle totals (OUT+RET): q0=12, q1=12
MP stats (solver): nodes=17096 best_bound=1532.6924718686607 incumbent=1612.989999125101 gap=0.0497817886657631
MP result: status=SolveStatus.FEASIBLE obj=1612.99 lb=1532.69
[CHECK] MP: first=0.99 theta=1612 mp_total=1612.99 inc_obj=1612.99 best_bound=1532.69
[CHECK] MP bounds: mp_obj=1612.99 mp_best_bound=1532.69 mp_best_integer=1612.99 term=optimal status=ok gap=0.0497818
[MP] iter=4 incumbent=1612.99 best_bound=1532.69 gap=0.0497818 (src: inc=cplex_api bb=cplex_api gap=cplex_api)
[MP] iter=4 cuts=3 obj=1612.990 last_const=11960.000 last_nnz=28
[MW] core updated (t=0..): min=0.24 max=1.2 mean=0.592
Evaluating Subproblem (SP) at candidate...
2026-08-06 05:41:28,052 INFO | mobauto2_benders.benders.solver | force-added CutType.OPTIMALITY cut 'opt_cut'
2026-08-06 05:41:28,052 INFO | mobauto2_benders.benders.solver | added 1 cut(s)
2026-08-06 05:41:28,052 INFO | mobauto2_benders.benders.solver | bounds: best_lb=1532.69 best_ub=5390.74 gap=3858.05 rel=0.716
SP result: recourse=5923 feasible=True
[SP PIPELINE] iter=4 build=0.000s solve=0.000s extract=0.000s post=0.000s cutgen=0.037s mode=mw lb_valid=True tl_inc=False vars=- bin=- cons=- lp=-
[CHECK] SP: recourse=5923 first=0.99 sp_total=5923.99
[CUT TIGHTNESS] raw_line(y)=5923  SP_ub=5923  diff=1.82e-12
[BENDERS] Added cut #3: const_out=5640, const_ret=5413, nnz=27, slope_range=[-735,-15], raw_pos_dm=0, scale=1
[BENDERS] Eval cut (dir): OUT lhs=1275 rhs=3450; RET lhs=337 rhs=2473
Master updated: added 1 cut(s): opt_cut
[CUT SUMMARY] it=4 cand=OUT[0,1]|RET[0,2]|OUT[0,4]|RET[0,6]|OUT[0,9]|RET[0,10]|OUT[0,13]|RET[0,14]|OUT[0,16]|RET[0,17]|OUT[0,18]|RET[0,19]|...(+12) decision=added skip=None theta_total=1611.9999991270615 rec_total=5923.0000039999995 raw_rhs_total=5922.999995687729 rhs_total=5922.99999568773 lhs_total=1611.9999991270615
Timing: master=4.483s sp_solve=0.021s cutgen=0.037s cutadd=0.001s cuts_added=1 total_cuts=4
MP stats: nodes=17096 best_bound=1532.6924718686607 incumbent=1612.989999125101 gap=0.0497817886657631
[CHECK] GAP: LB=1532.69 UB=5390.74 gap=3858.05 rel=0.716

=== Iteration 5 ===
Solving Master (MP)...
[SCHEDULE] master gap-tied: time_limit_s=102 mipgap=0.05 g_bd=0.716
[MIPSTART] x-only start applied: n_out=44 n_ret=44
2026-08-06 05:41:33,659 INFO | mobauto2_benders.benders.solver | iter=5 master status=SolveStatus.FEASIBLE obj=1731.74 lb=1645.19
MP raw solver: status=ok term=optimal incumbent=1731.7400572127915 best_bound=1645.185769183581
MP solutions: count=1 keys=['Gap', 'Status', 'Message', 'Problem', 'Objective', 'Variable', 'Constraint']
Shuttle totals (OUT+RET): q0=12, q1=12
MP stats (solver): nodes=10144 best_bound=1645.185769183581 incumbent=1731.7400572127915 gap=0.049981108693941796
MP result: status=SolveStatus.FEASIBLE obj=1731.74 lb=1645.19
[CHECK] MP: first=1.74 theta=1730 mp_total=1731.74 inc_obj=1731.74 best_bound=1645.19
[CHECK] MP bounds: mp_obj=1731.74 mp_best_bound=1645.19 mp_best_integer=1731.74 term=optimal status=ok gap=0.0499811
[MP] iter=5 incumbent=1731.74 best_bound=1645.19 gap=0.0499811 (src: inc=cplex_api bb=cplex_api gap=cplex_api)
[MP] iter=5 cuts=4 obj=1731.740 last_const=11053.000 last_nnz=27
[MW] core updated (t=0..): min=0.168 max=1.23 mean=0.578
Evaluating Subproblem (SP) at candidate...
2026-08-06 05:41:33,998 INFO | mobauto2_benders.benders.solver | force-added CutType.OPTIMALITY cut 'opt_cut'
2026-08-06 05:41:33,998 INFO | mobauto2_benders.benders.solver | added 1 cut(s)
2026-08-06 05:41:33,998 INFO | mobauto2_benders.benders.solver | bounds: best_lb=1645.19 best_ub=5390.74 gap=3745.55 rel=0.695
SP result: recourse=5698 feasible=True
[SP PIPELINE] iter=5 build=0.000s solve=0.000s extract=0.000s post=0.000s cutgen=0.044s mode=mw lb_valid=True tl_inc=False vars=- bin=- cons=- lp=-
[CHECK] SP: recourse=5698 first=1.74 sp_total=5699.74
[CUT TIGHTNESS] raw_line(y)=5698  SP_ub=5698  diff=0
[BENDERS] Added cut #4: const_out=6737, const_ret=5471, nnz=29, slope_range=[-1.44e+03,-15], raw_pos_dm=0, scale=1
[BENDERS] Eval cut (dir): OUT lhs=1363 rhs=3107; RET lhs=367 rhs=2591
Master updated: added 1 cut(s): opt_cut
[CUT SUMMARY] it=5 cand=OUT[0,3]|RET[0,4]|OUT[0,5]|RET[0,6]|OUT[0,10]|RET[0,11]|OUT[0,14]|RET[0,15]|OUT[0,16]|RET[0,17]|OUT[0,19]|RET[0,20]|...(+12) decision=added skip=None theta_total=1730.0000572127917 rec_total=5698.000026 raw_rhs_total=5697.9999756366215 rhs_total=5697.999975636621 lhs_total=1730.0000572127917
Timing: master=5.607s sp_solve=0.046s cutgen=0.044s cutadd=0.003s cuts_added=1 total_cuts=5
MP stats: nodes=10144 best_bound=1645.185769183581 incumbent=1731.7400572127915 gap=0.049981108693941796
[CHECK] GAP: LB=1645.19 UB=5390.74 gap=3745.55 rel=0.695

=== Iteration 6 ===
Solving Master (MP)...
[SCHEDULE] master gap-tied: time_limit_s=102 mipgap=0.05 g_bd=0.695
[MIPSTART] x-only start applied: n_out=44 n_ret=44
2026-08-06 05:41:39,553 INFO | mobauto2_benders.benders.solver | iter=6 master status=SolveStatus.FEASIBLE obj=2210.99 lb=2100.47
MP raw solver: status=ok term=optimal incumbent=2210.9899989979626 best_bound=2100.4685038696866
MP solutions: count=1 keys=['Gap', 'Status', 'Message', 'Problem', 'Objective', 'Variable', 'Constraint']
Shuttle totals (OUT+RET): q0=12, q1=12
MP stats (solver): nodes=13080 best_bound=2100.4685038696866 incumbent=2210.9899989979626 gap=0.04998733380899967
MP result: status=SolveStatus.FEASIBLE obj=2210.99 lb=2100.47
[CHECK] MP: first=0.99 theta=2210 mp_total=2210.99 inc_obj=2210.99 best_bound=2100.47
[CHECK] MP bounds: mp_obj=2210.99 mp_best_bound=2100.47 mp_best_integer=2210.99 term=optimal status=ok gap=0.0499873
[MP] iter=6 incumbent=2210.99 best_bound=2100.47 gap=0.0499873 (src: inc=cplex_api bb=cplex_api gap=cplex_api)
[MP] iter=6 cuts=5 obj=2210.990 last_const=12208.000 last_nnz=29
[MW] core updated (t=0..): min=0.118 max=1.46 mean=0.568
Evaluating Subproblem (SP) at candidate...
2026-08-06 05:41:39,736 INFO | mobauto2_benders.benders.solver | force-added CutType.OPTIMALITY cut 'opt_cut'
2026-08-06 05:41:39,736 INFO | mobauto2_benders.benders.solver | added 1 cut(s)
2026-08-06 05:41:39,736 INFO | mobauto2_benders.benders.solver | bounds: best_lb=2100.47 best_ub=4676.99 gap=2576.52 rel=0.551
SP result: recourse=4676 feasible=True
[SP PIPELINE] iter=6 build=0.000s solve=0.000s extract=0.000s post=0.000s cutgen=0.019s mode=mw lb_valid=True tl_inc=False vars=- bin=- cons=- lp=-
[CHECK] SP: recourse=4676 first=0.99 sp_total=4676.99
[CUT TIGHTNESS] raw_line(y)=4676  SP_ub=4676  diff=-2.73e-12
[BENDERS] Added cut #5: const_out=6327, const_ret=7769, nnz=28, slope_range=[-1.44e+03,-15], raw_pos_dm=0, scale=1
[BENDERS] Eval cut (dir): OUT lhs=1637 rhs=2667; RET lhs=573 rhs=2009
Master updated: added 1 cut(s): opt_cut
[CUT SUMMARY] it=6 cand=OUT[0,2]|RET[0,3]|OUT[0,4]|RET[0,5]|OUT[0,9]|RET[0,11]|OUT[0,14]|RET[0,15]|OUT[0,17]|RET[0,18]|OUT[0,19]|RET[0,20]|...(+12) decision=added skip=None theta_total=2209.999998998659 rec_total=4676.00003 raw_rhs_total=4676.0000362015335 rhs_total=4676.000036201531 lhs_total=2209.999998998659
Timing: master=5.558s sp_solve=0.020s cutgen=0.019s cutadd=0.001s cuts_added=1 total_cuts=6
MP stats: nodes=13080 best_bound=2100.4685038696866 incumbent=2210.9899989979626 gap=0.04998733380899967
[CHECK] GAP: LB=2100.47 UB=4676.99 gap=2576.52 rel=0.551

=== Iteration 7 ===
Solving Master (MP)...
[SCHEDULE] master gap-tied: time_limit_s=102 mipgap=0.05 g_bd=0.551
[MIPSTART] x-only start applied: n_out=44 n_ret=44
2026-08-06 05:41:45,172 INFO | mobauto2_benders.benders.solver | iter=7 master status=SolveStatus.FEASIBLE obj=2382.74 lb=2263.67
MP raw solver: status=ok term=optimal incumbent=2382.740025295645 best_bound=2263.6730680592746
MP solutions: count=1 keys=['Gap', 'Status', 'Message', 'Problem', 'Objective', 'Variable', 'Constraint']
Shuttle totals (OUT+RET): q0=12, q1=12
MP stats (solver): nodes=7264 best_bound=2263.6730680592746 incumbent=2382.740025295645 gap=0.04997060357920997
MP result: status=SolveStatus.FEASIBLE obj=2382.74 lb=2263.67
[CHECK] MP: first=1.74 theta=2381 mp_total=2382.74 inc_obj=2382.74 best_bound=2263.67
[CHECK] MP bounds: mp_obj=2382.74 mp_best_bound=2263.67 mp_best_integer=2382.74 term=optimal status=ok gap=0.0499706
[MP] iter=7 incumbent=2382.74 best_bound=2263.67 gap=0.0499706 (src: inc=cplex_api bb=cplex_api gap=cplex_api)
[MP] iter=7 cuts=6 obj=2382.740 last_const=14096.000 last_nnz=28
[MW] core updated (t=0..): min=0.0824 max=1.62 mean=0.561
Evaluating Subproblem (SP) at candidate...
2026-08-06 05:41:45,292 INFO | mobauto2_benders.benders.solver | force-added CutType.OPTIMALITY cut 'opt_cut'
2026-08-06 05:41:45,292 INFO | mobauto2_benders.benders.solver | added 1 cut(s)
2026-08-06 05:41:45,292 INFO | mobauto2_benders.benders.solver | bounds: best_lb=2263.67 best_ub=4676.99 gap=2413.32 rel=0.516
SP result: recourse=5897 feasible=True
[SP PIPELINE] iter=7 build=0.000s solve=0.000s extract=0.000s post=0.000s cutgen=0.019s mode=mw lb_valid=True tl_inc=False vars=- bin=- cons=- lp=-
[CHECK] SP: recourse=5897 first=1.74 sp_total=5898.74
[CUT TIGHTNESS] raw_line(y)=5897  SP_ub=5897  diff=-2.73e-12
[BENDERS] Added cut #6: const_out=6481, const_ret=8116, nnz=28, slope_range=[-1.44e+03,-15], raw_pos_dm=0, scale=1
[BENDERS] Eval cut (dir): OUT lhs=2010 rhs=3541; RET lhs=371 rhs=2356
Master updated: added 1 cut(s): opt_cut
[CUT SUMMARY] it=7 cand=OUT[0,1]|RET[0,2]|OUT[0,4]|RET[0,6]|OUT[0,9]|RET[0,11]|OUT[0,14]|RET[0,15]|OUT[0,17]|RET[0,18]|OUT[0,19]|RET[0,20]|...(+12) decision=added skip=None theta_total=2381.000025297396 rec_total=5897.00003 raw_rhs_total=5897.000034176084 rhs_total=5897.000034176086 lhs_total=2381.000025297396
Timing: master=5.433s sp_solve=0.021s cutgen=0.019s cutadd=0.001s cuts_added=1 total_cuts=7
MP stats: nodes=7264 best_bound=2263.6730680592746 incumbent=2382.740025295645 gap=0.04997060357920997
[CHECK] GAP: LB=2263.67 UB=4676.99 gap=2413.32 rel=0.516

=== Iteration 8 ===
Solving Master (MP)...
[SCHEDULE] master gap-tied: time_limit_s=102 mipgap=0.05 g_bd=0.516
[MIPSTART] x-only start applied: n_out=44 n_ret=44
2026-08-06 05:41:54,624 INFO | mobauto2_benders.benders.solver | iter=8 master status=SolveStatus.FEASIBLE obj=2569.24 lb=2440.78
MP raw solver: status=ok term=optimal incumbent=2569.240003191233 best_bound=2440.779823228515
MP solutions: count=1 keys=['Gap', 'Status', 'Message', 'Problem', 'Objective', 'Variable', 'Constraint']
Shuttle totals (OUT+RET): q0=12, q1=12
MP stats (solver): nodes=14408 best_bound=2440.779823228515 incumbent=2569.240003191233 gap=0.049999291542694974
MP result: status=SolveStatus.FEASIBLE obj=2569.24 lb=2440.78
[CHECK] MP: first=1.24 theta=2568 mp_total=2569.24 inc_obj=2569.24 best_bound=2440.78
[CHECK] MP bounds: mp_obj=2569.24 mp_best_bound=2440.78 mp_best_integer=2569.24 term=optimal status=ok gap=0.0499993
[MP] iter=8 incumbent=2569.24 best_bound=2440.78 gap=0.0499993 (src: inc=cplex_api bb=cplex_api gap=cplex_api)
[MP] iter=8 cuts=7 obj=2569.240 last_const=14597.000 last_nnz=28
[MW] core updated (t=0..): min=0.0576 max=1.74 mean=0.557
Evaluating Subproblem (SP) at candidate...
2026-08-06 05:41:54,759 INFO | mobauto2_benders.benders.solver | force-added CutType.OPTIMALITY cut 'opt_cut'
2026-08-06 05:41:54,759 INFO | mobauto2_benders.benders.solver | added 1 cut(s)
2026-08-06 05:41:54,759 INFO | mobauto2_benders.benders.solver | bounds: best_lb=2440.78 best_ub=4640.24 gap=2199.46 rel=0.474
SP result: recourse=4639 feasible=True
[SP PIPELINE] iter=8 build=0.000s solve=0.000s extract=0.000s post=0.000s cutgen=0.034s mode=mw lb_valid=True tl_inc=False vars=- bin=- cons=- lp=-
[CHECK] SP: recourse=4639 first=1.24 sp_total=4640.24
[CUT TIGHTNESS] raw_line(y)=4639  SP_ub=4639  diff=-2.73e-12
[BENDERS] Added cut #7: const_out=6595, const_ret=8154, nnz=29, slope_range=[-1.44e+03,-15], raw_pos_dm=0, scale=1
[BENDERS] Eval cut (dir): OUT lhs=1980 rhs=2965; RET lhs=588 rhs=1674
Master updated: added 1 cut(s): opt_cut
[CUT SUMMARY] it=8 cand=OUT[0,2]|RET[0,3]|OUT[0,5]|RET[0,7]|OUT[0,10]|RET[0,11]|OUT[0,12]|RET[0,13]|OUT[0,17]|RET[0,18]|OUT[0,19]|RET[0,20]|...(+12) decision=added skip=None theta_total=2568.0000031919913 rec_total=4639.00003 raw_rhs_total=4639.000032738551 rhs_total=4639.000032738554 lhs_total=2568.0000031919913
Timing: master=9.329s sp_solve=0.034s cutgen=0.034s cutadd=0.002s cuts_added=1 total_cuts=8
MP stats: nodes=14408 best_bound=2440.779823228515 incumbent=2569.240003191233 gap=0.049999291542694974
[CHECK] GAP: LB=2440.78 UB=4640.24 gap=2199.46 rel=0.474

=== Iteration 9 ===
Solving Master (MP)...
[SCHEDULE] master gap-tied: time_limit_s=102 mipgap=0.05 g_bd=0.474
[MIPSTART] x-only start applied: n_out=44 n_ret=44
2026-08-06 05:42:02,957 INFO | mobauto2_benders.benders.solver | iter=9 master status=SolveStatus.FEASIBLE obj=2732.49 lb=2596.05
MP raw solver: status=ok term=optimal incumbent=2732.489999157879 best_bound=2596.0489171994177
MP solutions: count=1 keys=['Gap', 'Status', 'Message', 'Problem', 'Objective', 'Variable', 'Constraint']
Shuttle totals (OUT+RET): q0=12, q1=12
MP stats (solver): nodes=10308 best_bound=2596.0489171994177 incumbent=2732.489999157879 gap=0.04993287514336957
MP result: status=SolveStatus.FEASIBLE obj=2732.49 lb=2596.05
[CHECK] MP: first=1.49 theta=2731 mp_total=2732.49 inc_obj=2732.49 best_bound=2596.05
[CHECK] MP bounds: mp_obj=2732.49 mp_best_bound=2596.05 mp_best_integer=2732.49 term=optimal status=ok gap=0.0499329
[MP] iter=9 incumbent=2732.49 best_bound=2596.05 gap=0.0499329 (src: inc=cplex_api bb=cplex_api gap=cplex_api)
[MP] iter=9 cuts=8 obj=2732.490 last_const=14749.000 last_nnz=29
[MW] core updated (t=0..): min=0.0404 max=1.81 mean=0.553
Evaluating Subproblem (SP) at candidate...
2026-08-06 05:42:03,183 INFO | mobauto2_benders.benders.solver | force-added CutType.OPTIMALITY cut 'opt_cut'
2026-08-06 05:42:03,183 INFO | mobauto2_benders.benders.solver | added 1 cut(s)
2026-08-06 05:42:03,183 INFO | mobauto2_benders.benders.solver | bounds: best_lb=2596.05 best_ub=4640.24 gap=2044.19 rel=0.441
SP result: recourse=5455 feasible=True
[SP PIPELINE] iter=9 build=0.000s solve=0.000s extract=0.000s post=0.000s cutgen=0.042s mode=mw lb_valid=True tl_inc=False vars=- bin=- cons=- lp=-
[CHECK] SP: recourse=5455 first=1.49 sp_total=5456.49
[CUT TIGHTNESS] raw_line(y)=5455  SP_ub=5455  diff=-9.09e-13
[BENDERS] Added cut #8: const_out=6501, const_ret=6919, nnz=30, slope_range=[-1.44e+03,-15], raw_pos_dm=0, scale=1
[BENDERS] Eval cut (dir): OUT lhs=1423 rhs=2871; RET lhs=1308 rhs=2584
Master updated: added 1 cut(s): opt_cut
[CUT SUMMARY] it=9 cand=OUT[0,1]|RET[0,2]|OUT[0,3]|RET[0,4]|OUT[0,6]|RET[0,7]|OUT[0,12]|RET[0,13]|OUT[0,15]|RET[0,18]|OUT[0,19]|RET[0,20]|...(+12) decision=added skip=None theta_total=2730.999999158175 rec_total=5455.00002 raw_rhs_total=5455.000018386947 rhs_total=5455.000018386943 lhs_total=2730.999999158175
Timing: master=8.197s sp_solve=0.046s cutgen=0.042s cutadd=0.004s cuts_added=1 total_cuts=9
MP stats: nodes=10308 best_bound=2596.0489171994177 incumbent=2732.489999157879 gap=0.04993287514336957
[CHECK] GAP: LB=2596.05 UB=4640.24 gap=2044.19 rel=0.441

=== Iteration 10 ===
Solving Master (MP)...
[SCHEDULE] master gap-tied: time_limit_s=102 mipgap=0.05 g_bd=0.441
[MIPSTART] x-only start applied: n_out=44 n_ret=44
2026-08-06 05:42:12,866 INFO | mobauto2_benders.benders.solver | iter=10 master status=SolveStatus.FEASIBLE obj=2916.74 lb=2770.97
MP raw solver: status=ok term=optimal incumbent=2916.7399995534033 best_bound=2770.9721740425016
MP solutions: count=1 keys=['Gap', 'Status', 'Message', 'Problem', 'Objective', 'Variable', 'Constraint']
Shuttle totals (OUT+RET): q0=12, q1=12
MP stats (solver): nodes=15752 best_bound=2770.9721740425016 incumbent=2916.7399995534033 gap=0.049976283636256905
MP result: status=SolveStatus.FEASIBLE obj=2916.74 lb=2770.97
[CHECK] MP: first=1.74 theta=2915 mp_total=2916.74 inc_obj=2916.74 best_bound=2770.97
[CHECK] MP bounds: mp_obj=2916.74 mp_best_bound=2770.97 mp_best_integer=2916.74 term=optimal status=ok gap=0.0499763
[MP] iter=10 incumbent=2916.74 best_bound=2770.97 gap=0.0499763 (src: inc=cplex_api bb=cplex_api gap=cplex_api)
[MP] iter=10 cuts=9 obj=2916.740 last_const=13420.000 last_nnz=30
[MW] core updated (t=0..): min=0.0282 max=1.87 mean=0.551
Evaluating Subproblem (SP) at candidate...
2026-08-06 05:42:13,023 INFO | mobauto2_benders.benders.solver | force-added CutType.OPTIMALITY cut 'opt_cut'
2026-08-06 05:42:13,023 INFO | mobauto2_benders.benders.solver | added 1 cut(s)
2026-08-06 05:42:13,023 INFO | mobauto2_benders.benders.solver | bounds: best_lb=2770.97 best_ub=4640.24 gap=1869.27 rel=0.403
2026-08-06 05:42:13,023 WARNING | mobauto2_benders.benders.solver | Max iterations reached: 10
SP result: recourse=5132 feasible=True
[SP PIPELINE] iter=10 build=0.000s solve=0.000s extract=0.000s post=0.000s cutgen=0.020s mode=mw lb_valid=True tl_inc=False vars=- bin=- cons=- lp=-
[CHECK] SP: recourse=5132 first=1.74 sp_total=5133.74
[CUT TIGHTNESS] raw_line(y)=5132  SP_ub=5132  diff=-9.09e-13
[BENDERS] Added cut #9: const_out=5205, const_ret=8597, nnz=30, slope_range=[-1.44e+03,-15], raw_pos_dm=0, scale=1
[BENDERS] Eval cut (dir): OUT lhs=1592 rhs=3015; RET lhs=1323 rhs=2117
Master updated: added 1 cut(s): opt_cut
[CUT SUMMARY] it=10 cand=OUT[0,1]|RET[0,2]|OUT[0,4]|RET[0,5]|OUT[0,8]|RET[0,9]|OUT[0,12]|RET[0,13]|OUT[0,15]|RET[0,18]|OUT[0,19]|RET[0,20]|...(+12) decision=added skip=None theta_total=2914.9999995535363 rec_total=5132.000034 raw_rhs_total=5132.000033598819 rhs_total=5132.000033598819 lhs_total=2914.9999995535363
Timing: master=9.680s sp_solve=0.043s cutgen=0.020s cutadd=0.001s cuts_added=1 total_cuts=10
MP stats: nodes=15752 best_bound=2770.9721740425016 incumbent=2916.7399995534033 gap=0.049976283636256905
[CHECK] GAP: LB=2770.97 UB=4640.24 gap=1869.27 rel=0.403

Max iterations reached: 10
Total solve time: 50.298 seconds
Best bounds: LB=2770.97 UB=4640.24 gap=1869.27 rel=0.403

Best Master Solution:
Q=2 T=22
theta = 2568
  - theta_out = 1980
  - theta_ret = 588
Timeline (per shuttle):
           0     1     2     3     4     5     6     7     8     9    10    11    12    13    14    15    16    17    18    19    20    21
  q=0:   IDL   IDL   OUT   RET   CHR   OUT   IDL   RET   CHR   CHR   OUT   RET   OUT   RET   CHR   CHR   CHR   OUT   RET   OUT   RET   IDL
  q=1:   IDL   OUT   RET   CHR   OUT   RET   OUT   IDL   RET   CHR   CHR   CHR   CHR   OUT   IDL   RET   CHR   OUT   RET   OUT   RET   IDL
Battery (per shuttle):
           0     1     2     3     4     5     6     7     8     9    10    11    12    13    14    15    16    17    18    19    20    21
  q=0:   150   150   120    90   125    95    65   100   135   105    75   110   145   115    85   120    90    90    90    60    30     0
  q=1:   150   150   120    90    60    30    65    35     5    40    75    45    15    50    85   120    90    90    90    60    30     0

Demand per slot (OUT/RET):
         0   1   2   3   4   5   6   7   8   9  10  11  12  13  14  15  16  17  18  19  20  21
  OUT:  19  22  29  22  17   8   4   4   2   4   5   3   1   4   1   2   0   1   0   2   0   0
  RET:   3   1   2   0   0   4   3   7   4   4   8  12   8   7   6   7  19  15  24  16   0   0

Pax per shuttle and slot (total):
         0   1   2   3   4   5   6   7   8   9  10  11  12  13  14  15  16  17  18  19  20  21
  q=0:   0   0  15   2   0  15   0   7   0   0   6  12   8  15   0   0   0   2  15   1  15   0
  q=1:   0  15   4   0  15   0  15   0   7   0   0   0   0   1   0  13   0   0  15   0  15   0
Pax served: 213/300
Pax served: 213/300
Subproblem (last): obj=4639 wait_slots=289 fill_eps=3e-05 penalty_cost=4350 penalty_pax=87 total_demand=300
Avg wait (min): 40.7042
UB_total (best): 4640.24

Result: status=UNKNOWN iterations=10 best_lb=2770.9721740425016 best_ub=4640.24003
