Run configuration:
  solver: iterations=10 tol=0.001 time_limit_s=3600 seed=42
  master: solver=cplex Q=2 T_minutes=660 slot_res=30 (slots=22) trip_dur_min=30 Emax=150.0 L=30.0 eps=0.01 conc_pen=0.25 delta_chg=35.0
  subproblem: solver=cplex_direct S=15.0 Wmax=60 p=50.0 fill_eps=1e-06 (slot_res=30)
  demand_file: setups/base.yaml
Initialized master problem.
[MW] enabled=True alpha=0.3 eps=0.001

=== Iteration 1 ===
Solving Master (MP)...
[SCHEDULE] master gap-tied: time_limit_s=102 mipgap=0.05 g_bd=0.05
2026-08-06 05:47:21,893 INFO | mobauto2_benders.benders.solver | iter=1 master status=SolveStatus.OPTIMAL obj=0 lb=0
MP raw solver: status=ok term=optimal incumbent=0.0 best_bound=0.0
MP solutions: count=1 keys=['Gap', 'Status', 'Message', 'Problem', 'Objective', 'Variable', 'Constraint']
Shuttle totals (OUT+RET): q0=0, q1=0
MP stats (solver): nodes=0 best_bound=0.0 incumbent=0.0 gap=0.0
MP result: status=SolveStatus.OPTIMAL obj=0 lb=0
[CHECK] MP: first=0 theta=0 mp_total=0 inc_obj=0 best_bound=0
[CHECK] MP bounds: mp_obj=0 mp_best_bound=0 mp_best_integer=0 term=optimal status=ok gap=0
[MP] iter=1 incumbent=0 best_bound=0 gap=0 (src: inc=cplex_api bb=cplex_api gap=cplex_api)
[MP] iter=1 cuts=0 obj=0.000
[MW] core updated (t=0..): min=0.7 max=0.7 mean=0.7
Evaluating Subproblem (SP) at candidate...
2026-08-06 05:47:21,959 INFO | mobauto2_benders.benders.solver | force-added CutType.OPTIMALITY cut 'opt_cut'
2026-08-06 05:47:21,959 INFO | mobauto2_benders.benders.solver | added 1 cut(s)
2026-08-06 05:47:21,959 INFO | mobauto2_benders.benders.solver | bounds: best_lb=0 best_ub=15000 gap=15000 rel=1
SP result: recourse=15000 feasible=True
[SP PIPELINE] iter=1 build=0.000s solve=0.000s extract=0.000s post=0.000s cutgen=0.014s mode=mw lb_valid=True tl_inc=False vars=- bin=- cons=- lp=-
[CHECK] SP: recourse=15000 first=0 sp_total=15000
[CUT TIGHTNESS] raw_line(y)=15000  SP_ub=15000  diff=0
[BENDERS] Added cut #0: const_out=7500, const_ret=7500, nnz=41, slope_range=[-735,-720], raw_pos_dm=0, scale=1
[BENDERS] Eval cut (dir): OUT lhs=0 rhs=7500; RET lhs=0 rhs=7500
Master updated: added 1 cut(s): opt_cut
[CUT SUMMARY] it=1 cand=candidate:idle decision=added skip=None theta_total=0.0 rec_total=15000.0 raw_rhs_total=15000.0 rhs_total=15000.0 lhs_total=0.0
Timing: master=0.047s sp_solve=0.014s cutgen=0.014s cutadd=0.001s cuts_added=1 total_cuts=1
MP stats: nodes=0 best_bound=0.0 incumbent=0.0 gap=0.0
[CHECK] GAP: LB=0 UB=15000 gap=15000 rel=1

=== Iteration 2 ===
Solving Master (MP)...
[SCHEDULE] master gap-tied: time_limit_s=102 mipgap=0.05 g_bd=1
[MIPSTART] x-only start applied: n_out=44 n_ret=44
Warning:  No solution found from 1 MIP starts.
2026-08-06 05:47:22,104 INFO | mobauto2_benders.benders.solver | iter=2 master status=SolveStatus.OPTIMAL obj=0.22 lb=0.22
MP raw solver: status=ok term=optimal incumbent=0.22000000000000003 best_bound=0.22000000000000003
MP solutions: count=1 keys=['Gap', 'Status', 'Message', 'Problem', 'Objective', 'Variable', 'Constraint']
Shuttle totals (OUT+RET): q0=12, q1=10
MP stats (solver): nodes=0 best_bound=0.22000000000000003 incumbent=0.22000000000000003 gap=0.0
MP result: status=SolveStatus.OPTIMAL obj=0.22 lb=0.22
[CHECK] MP: first=0.22 theta=0 mp_total=0.22 inc_obj=0.22 best_bound=0.22
[CHECK] MP bounds: mp_obj=0.22 mp_best_bound=0.22 mp_best_integer=0.22 term=optimal status=ok gap=0
[MP] iter=2 incumbent=0.22 best_bound=0.22 gap=0 (src: inc=cplex_api bb=cplex_api gap=cplex_api)
[MP] iter=2 cuts=1 obj=0.220 last_const=15000.000 last_nnz=41
[MW] core updated (t=0..): min=0.49 max=0.79 mean=0.64
Evaluating Subproblem (SP) at candidate...
2026-08-06 05:47:22,172 INFO | mobauto2_benders.benders.solver | force-added CutType.OPTIMALITY cut 'opt_cut'
2026-08-06 05:47:22,172 INFO | mobauto2_benders.benders.solver | added 1 cut(s)
2026-08-06 05:47:22,172 INFO | mobauto2_benders.benders.solver | bounds: best_lb=0.22 best_ub=5307.22 gap=5307 rel=1
SP result: recourse=5307 feasible=True
[SP PIPELINE] iter=2 build=0.000s solve=0.000s extract=0.000s post=0.000s cutgen=0.012s mode=mw lb_valid=True tl_inc=False vars=- bin=- cons=- lp=-
[CHECK] SP: recourse=5307 first=0.22 sp_total=5307.22
[CUT TIGHTNESS] raw_line(y)=5307  SP_ub=5307  diff=0
[BENDERS] Added cut #1: const_out=5963, const_ret=4459, nnz=24, slope_range=[-735,-15], raw_pos_dm=0, scale=1
[BENDERS] Eval cut (dir): OUT lhs=0 rhs=3068; RET lhs=0 rhs=2239
Master updated: added 1 cut(s): opt_cut
[CUT SUMMARY] it=2 cand=OUT[0,1]|RET[0,2]|OUT[0,5]|RET[0,6]|OUT[0,8]|RET[0,9]|OUT[0,13]|RET[0,14]|OUT[0,16]|RET[0,17]|OUT[0,18]|RET[0,19]|...(+10) decision=added skip=None theta_total=0.0 rec_total=5307.0 raw_rhs_total=5307.0 rhs_total=5307.0 lhs_total=0.0
Timing: master=0.140s sp_solve=0.013s cutgen=0.012s cutadd=0.001s cuts_added=1 total_cuts=2
MP stats: nodes=0 best_bound=0.22000000000000003 incumbent=0.22000000000000003 gap=0.0
[CHECK] GAP: LB=0.22 UB=5307.22 gap=5307 rel=1

=== Iteration 3 ===
Solving Master (MP)...
[SCHEDULE] master gap-tied: time_limit_s=102 mipgap=0.05 g_bd=1
[MIPSTART] x-only start applied: n_out=44 n_ret=44
Warning:  No solution found from 1 MIP starts.
2026-08-06 05:47:22,339 INFO | mobauto2_benders.benders.solver | iter=3 master status=SolveStatus.FEASIBLE obj=1618.99 lb=1582.23
MP raw solver: status=ok term=optimal incumbent=1618.9899999999998 best_bound=1582.233253968254
MP solutions: count=1 keys=['Gap', 'Status', 'Message', 'Problem', 'Objective', 'Variable', 'Constraint']
Shuttle totals (OUT+RET): q0=12, q1=12
MP stats (solver): nodes=0 best_bound=1582.233253968254 incumbent=1618.9899999999998 gap=0.02270350405607412
MP result: status=SolveStatus.FEASIBLE obj=1618.99 lb=1582.23
[CHECK] MP: first=1.99 theta=1617 mp_total=1618.99 inc_obj=1618.99 best_bound=1582.23
[CHECK] MP bounds: mp_obj=1618.99 mp_best_bound=1582.23 mp_best_integer=1618.99 term=optimal status=ok gap=0.0227035
[MP] iter=3 incumbent=1618.99 best_bound=1582.23 gap=0.0227035 (src: inc=cplex_api bb=cplex_api gap=cplex_api)
[MP] iter=3 cuts=2 obj=1618.990 last_const=10422.000 last_nnz=24
[MW] core updated (t=0..): min=0.343 max=1.15 mean=0.612
Evaluating Subproblem (SP) at candidate...
2026-08-06 05:47:22,406 INFO | mobauto2_benders.benders.solver | force-added CutType.OPTIMALITY cut 'opt_cut'
2026-08-06 05:47:22,406 INFO | mobauto2_benders.benders.solver | added 1 cut(s)
2026-08-06 05:47:22,406 INFO | mobauto2_benders.benders.solver | bounds: best_lb=1582.23 best_ub=5307.22 gap=3724.99 rel=0.702
SP result: recourse=6426 feasible=True
[SP PIPELINE] iter=3 build=0.000s solve=0.000s extract=0.000s post=0.000s cutgen=0.013s mode=mw lb_valid=True tl_inc=False vars=- bin=- cons=- lp=-
[CHECK] SP: recourse=6426 first=1.99 sp_total=6427.99
[CUT TIGHTNESS] raw_line(y)=6426  SP_ub=6426  diff=9.09e-13
[BENDERS] Added cut #2: const_out=4923, const_ret=7323, nnz=30, slope_range=[-1.44e+03,-15], raw_pos_dm=0, scale=1
[BENDERS] Eval cut (dir): OUT lhs=1583 rhs=3453; RET lhs=34 rhs=2973
Master updated: added 1 cut(s): opt_cut
[CUT SUMMARY] it=3 cand=OUT[0,1]|RET[0,2]|OUT[0,3]|RET[0,4]|OUT[0,6]|RET[0,7]|OUT[0,14]|RET[0,15]|OUT[0,17]|RET[0,18]|OUT[0,19]|RET[0,20]|...(+12) decision=added skip=None theta_total=1617.0 rec_total=6426.000029 raw_rhs_total=6426.000029000002 rhs_total=6426.000029000002 lhs_total=1617.0
Timing: master=0.165s sp_solve=0.014s cutgen=0.013s cutadd=0.001s cuts_added=1 total_cuts=3
MP stats: nodes=0 best_bound=1582.233253968254 incumbent=1618.9899999999998 gap=0.02270350405607412
[CHECK] GAP: LB=1582.23 UB=5307.22 gap=3724.99 rel=0.702

=== Iteration 4 ===
Solving Master (MP)...
[SCHEDULE] master gap-tied: time_limit_s=102 mipgap=0.05 g_bd=0.702
[MIPSTART] x-only start applied: n_out=44 n_ret=44
2026-08-06 05:47:22,657 INFO | mobauto2_benders.benders.solver | iter=4 master status=SolveStatus.FEASIBLE obj=2367.99 lb=2250.59
MP raw solver: status=ok term=optimal incumbent=2367.9899991121583 best_bound=2250.589240088682
MP solutions: count=1 keys=['Gap', 'Status', 'Message', 'Problem', 'Objective', 'Variable', 'Constraint']
Shuttle totals (OUT+RET): q0=12, q1=12
MP stats (solver): nodes=485 best_bound=2250.589240088682 incumbent=2367.9899991121583 gap=0.04957823262238823
MP result: status=SolveStatus.FEASIBLE obj=2367.99 lb=2250.59
[CHECK] MP: first=0.99 theta=2367 mp_total=2367.99 inc_obj=2367.99 best_bound=2250.59
[CHECK] MP bounds: mp_obj=2367.99 mp_best_bound=2250.59 mp_best_integer=2367.99 term=optimal status=ok gap=0.0495782
[MP] iter=4 incumbent=2367.99 best_bound=2250.59 gap=0.0495782 (src: inc=cplex_api bb=cplex_api gap=cplex_api)
[MP] iter=4 cuts=3 obj=2367.990 last_const=12246.000 last_nnz=30
[MW] core updated (t=0..): min=0.24 max=1.26 mean=0.592
Evaluating Subproblem (SP) at candidate...
2026-08-06 05:47:22,722 INFO | mobauto2_benders.benders.solver | force-added CutType.OPTIMALITY cut 'opt_cut'
2026-08-06 05:47:22,723 INFO | mobauto2_benders.benders.solver | added 1 cut(s)
2026-08-06 05:47:22,723 INFO | mobauto2_benders.benders.solver | bounds: best_lb=2250.59 best_ub=5307.22 gap=3056.63 rel=0.576
SP result: recourse=5884 feasible=True
[SP PIPELINE] iter=4 build=0.000s solve=0.000s extract=0.000s post=0.000s cutgen=0.012s mode=mw lb_valid=True tl_inc=False vars=- bin=- cons=- lp=-
[CHECK] SP: recourse=5884 first=0.99 sp_total=5884.99
[CUT TIGHTNESS] raw_line(y)=5884  SP_ub=5884  diff=1.82e-12
[BENDERS] Added cut #3: const_out=6043, const_ret=7116, nnz=27, slope_range=[-1.44e+03,-15], raw_pos_dm=0, scale=1
[BENDERS] Eval cut (dir): OUT lhs=1613 rhs=3103; RET lhs=754 rhs=2781
Master updated: added 1 cut(s): opt_cut
[CUT SUMMARY] it=4 cand=OUT[0,1]|RET[0,2]|OUT[0,3]|RET[0,4]|OUT[0,7]|RET[0,9]|OUT[0,11]|RET[0,12]|OUT[0,15]|RET[0,16]|OUT[0,18]|RET[0,20]|...(+12) decision=added skip=None theta_total=2366.9999991103996 rec_total=5884.000015 raw_rhs_total=5884.00002277024 rhs_total=5884.000022770237 lhs_total=2366.9999991103996
Timing: master=0.241s sp_solve=0.013s cutgen=0.012s cutadd=0.001s cuts_added=1 total_cuts=4
MP stats: nodes=485 best_bound=2250.589240088682 incumbent=2367.9899991121583 gap=0.04957823262238823
[CHECK] GAP: LB=2250.59 UB=5307.22 gap=3056.63 rel=0.576

=== Iteration 5 ===
Solving Master (MP)...
[SCHEDULE] master gap-tied: time_limit_s=102 mipgap=0.05 g_bd=0.576
[MIPSTART] x-only start applied: n_out=44 n_ret=44
2026-08-06 05:47:24,776 INFO | mobauto2_benders.benders.solver | iter=5 master status=SolveStatus.FEASIBLE obj=2944.99 lb=2797.75
MP raw solver: status=ok term=optimal incumbent=2944.990014687334 best_bound=2797.7546422084274
MP solutions: count=1 keys=['Gap', 'Status', 'Message', 'Problem', 'Objective', 'Variable', 'Constraint']
Shuttle totals (OUT+RET): q0=12, q1=12
MP stats (solver): nodes=17365 best_bound=2797.7546422084274 incumbent=2944.990014687334 gap=0.04999520261345728
MP result: status=SolveStatus.FEASIBLE obj=2944.99 lb=2797.75
[CHECK] MP: first=0.99 theta=2944 mp_total=2944.99 inc_obj=2944.99 best_bound=2797.75
[CHECK] MP bounds: mp_obj=2944.99 mp_best_bound=2797.75 mp_best_integer=2944.99 term=optimal status=ok gap=0.0499952
[MP] iter=5 incumbent=2944.99 best_bound=2797.75 gap=0.0499952 (src: inc=cplex_api bb=cplex_api gap=cplex_api)
[MP] iter=5 cuts=4 obj=2944.990 last_const=13159.000 last_nnz=27
[MW] core updated (t=0..): min=0.168 max=1.48 mean=0.578
Evaluating Subproblem (SP) at candidate...
2026-08-06 05:47:24,841 INFO | mobauto2_benders.benders.solver | force-added CutType.OPTIMALITY cut 'opt_cut'
2026-08-06 05:47:24,841 INFO | mobauto2_benders.benders.solver | added 1 cut(s)
2026-08-06 05:47:24,841 INFO | mobauto2_benders.benders.solver | bounds: best_lb=2797.75 best_ub=4651.99 gap=1854.24 rel=0.399
SP result: recourse=4651 feasible=True
[SP PIPELINE] iter=5 build=0.000s solve=0.000s extract=0.000s post=0.000s cutgen=0.012s mode=mw lb_valid=True tl_inc=False vars=- bin=- cons=- lp=-
[CHECK] SP: recourse=4651 first=0.99 sp_total=4651.99
[CUT TIGHTNESS] raw_line(y)=4651  SP_ub=4651  diff=-1.82e-12
[BENDERS] Added cut #4: const_out=6039, const_ret=7267, nnz=29, slope_range=[-1.44e+03,-15], raw_pos_dm=0, scale=1
[BENDERS] Eval cut (dir): OUT lhs=1648 rhs=2454; RET lhs=1296 rhs=2197
Master updated: added 1 cut(s): opt_cut
[CUT SUMMARY] it=5 cand=OUT[0,1]|RET[0,2]|OUT[0,4]|RET[0,5]|OUT[0,6]|RET[0,9]|OUT[0,14]|RET[0,15]|OUT[0,17]|RET[0,18]|OUT[0,19]|RET[0,20]|...(+12) decision=added skip=None theta_total=2944.0000146871607 rec_total=4651.000015 raw_rhs_total=4651.000015185706 rhs_total=4651.000015185705 lhs_total=2944.0000146871607
Timing: master=2.054s sp_solve=0.013s cutgen=0.012s cutadd=0.001s cuts_added=1 total_cuts=5
MP stats: nodes=17365 best_bound=2797.7546422084274 incumbent=2944.990014687334 gap=0.04999520261345728
[CHECK] GAP: LB=2797.75 UB=4651.99 gap=1854.24 rel=0.399

=== Iteration 6 ===
Solving Master (MP)...
[SCHEDULE] master gap-tied: time_limit_s=102 mipgap=0.05 g_bd=0.399
[MIPSTART] x-only start applied: n_out=44 n_ret=44
2026-08-06 05:47:29,644 INFO | mobauto2_benders.benders.solver | iter=6 master status=SolveStatus.FEASIBLE obj=3056.99 lb=2904.27
MP raw solver: status=ok term=optimal incumbent=3056.990014401126 best_bound=2904.2684919625517
MP solutions: count=1 keys=['Gap', 'Status', 'Message', 'Problem', 'Objective', 'Variable', 'Constraint']
Shuttle totals (OUT+RET): q0=12, q1=12
MP stats (solver): nodes=12564 best_bound=2904.2684919625517 incumbent=3056.990014401126 gap=0.04995813585229775
MP result: status=SolveStatus.FEASIBLE obj=3056.99 lb=2904.27
[CHECK] MP: first=0.99 theta=3056 mp_total=3056.99 inc_obj=3056.99 best_bound=2904.27
[CHECK] MP bounds: mp_obj=3056.99 mp_best_bound=2904.27 mp_best_integer=3056.99 term=optimal status=ok gap=0.0499581
[MP] iter=6 incumbent=3056.99 best_bound=2904.27 gap=0.0499581 (src: inc=cplex_api bb=cplex_api gap=cplex_api)
[MP] iter=6 cuts=5 obj=3056.990 last_const=13306.000 last_nnz=29
[MW] core updated (t=0..): min=0.118 max=1.64 mean=0.568
Evaluating Subproblem (SP) at candidate...
2026-08-06 05:47:29,776 INFO | mobauto2_benders.benders.solver | force-added CutType.OPTIMALITY cut 'opt_cut'
2026-08-06 05:47:29,776 INFO | mobauto2_benders.benders.solver | added 1 cut(s)
2026-08-06 05:47:29,776 INFO | mobauto2_benders.benders.solver | bounds: best_lb=2904.27 best_ub=4651.99 gap=1747.72 rel=0.376
SP result: recourse=4776 feasible=True
[SP PIPELINE] iter=6 build=0.000s solve=0.000s extract=0.000s post=0.000s cutgen=0.021s mode=mw lb_valid=True tl_inc=False vars=- bin=- cons=- lp=-
[CHECK] SP: recourse=4776 first=0.99 sp_total=4776.99
[CUT TIGHTNESS] raw_line(y)=4776  SP_ub=4776  diff=9.09e-13
[BENDERS] Added cut #5: const_out=5127, const_ret=6924, nnz=27, slope_range=[-1.44e+03,-15], raw_pos_dm=0, scale=1
[BENDERS] Eval cut (dir): OUT lhs=2303 rhs=2922; RET lhs=753 rhs=1854
Master updated: added 1 cut(s): opt_cut
[CUT SUMMARY] it=6 cand=OUT[0,2]|RET[0,3]|OUT[0,6]|RET[0,7]|OUT[0,9]|RET[0,10]|OUT[0,11]|RET[0,12]|OUT[0,16]|RET[0,17]|OUT[0,19]|RET[0,20]|...(+12) decision=added skip=None theta_total=3056.0000144013547 rec_total=4776.000025 raw_rhs_total=4776.00002510679 rhs_total=4776.00002510679 lhs_total=3056.0000144013547
Timing: master=4.817s sp_solve=0.023s cutgen=0.021s cutadd=0.001s cuts_added=1 total_cuts=6
MP stats: nodes=12564 best_bound=2904.2684919625517 incumbent=3056.990014401126 gap=0.04995813585229775
[CHECK] GAP: LB=2904.27 UB=4651.99 gap=1747.72 rel=0.376

=== Iteration 7 ===
Solving Master (MP)...
[SCHEDULE] master gap-tied: time_limit_s=102 mipgap=0.05 g_bd=0.376
[MIPSTART] x-only start applied: n_out=44 n_ret=44
2026-08-06 05:47:32,411 INFO | mobauto2_benders.benders.solver | iter=7 master status=SolveStatus.FEASIBLE obj=3119.74 lb=2964.05
MP raw solver: status=ok term=optimal incumbent=3119.7400697650105 best_bound=2964.0530002743253
MP solutions: count=1 keys=['Gap', 'Status', 'Message', 'Problem', 'Objective', 'Variable', 'Constraint']
Shuttle totals (OUT+RET): q0=12, q1=12
MP stats (solver): nodes=5336 best_bound=2964.0530002743253 incumbent=3119.7400697650105 gap=0.049903859298895716
MP result: status=SolveStatus.FEASIBLE obj=3119.74 lb=2964.05
[CHECK] MP: first=1.74 theta=3118 mp_total=3119.74 inc_obj=3119.74 best_bound=2964.05
[CHECK] MP bounds: mp_obj=3119.74 mp_best_bound=2964.05 mp_best_integer=3119.74 term=optimal status=ok gap=0.0499039
[MP] iter=7 incumbent=3119.74 best_bound=2964.05 gap=0.0499039 (src: inc=cplex_api bb=cplex_api gap=cplex_api)
[MP] iter=7 cuts=6 obj=3119.740 last_const=12051.000 last_nnz=27
[MW] core updated (t=0..): min=0.0824 max=1.75 mean=0.561
Evaluating Subproblem (SP) at candidate...
2026-08-06 05:47:32,533 INFO | mobauto2_benders.benders.solver | force-added CutType.OPTIMALITY cut 'opt_cut'
2026-08-06 05:47:32,533 INFO | mobauto2_benders.benders.solver | added 1 cut(s)
2026-08-06 05:47:32,533 INFO | mobauto2_benders.benders.solver | bounds: best_lb=2964.05 best_ub=4651.99 gap=1687.94 rel=0.363
SP result: recourse=4984 feasible=True
[SP PIPELINE] iter=7 build=0.000s solve=0.000s extract=0.000s post=0.000s cutgen=0.027s mode=mw lb_valid=True tl_inc=False vars=- bin=- cons=- lp=-
[CHECK] SP: recourse=4984 first=1.74 sp_total=4985.74
[CUT TIGHTNESS] raw_line(y)=4984  SP_ub=4984  diff=9.09e-13
[BENDERS] Added cut #6: const_out=6429, const_ret=5785, nnz=27, slope_range=[-1.44e+03,-15], raw_pos_dm=0, scale=1
[BENDERS] Eval cut (dir): OUT lhs=1674 rhs=2829; RET lhs=1444 rhs=2155
Master updated: added 1 cut(s): opt_cut
[CUT SUMMARY] it=7 cand=OUT[0,1]|RET[0,2]|OUT[0,3]|RET[0,4]|OUT[0,7]|RET[0,10]|OUT[0,12]|RET[0,13]|OUT[0,16]|RET[0,17]|OUT[0,19]|RET[0,20]|...(+12) decision=added skip=None theta_total=3118.0000697650107 rec_total=4984.000034 raw_rhs_total=4984.0000340000015 rhs_total=4984.0000340000015 lhs_total=3118.0000697650107
Timing: master=2.625s sp_solve=0.028s cutgen=0.027s cutadd=0.001s cuts_added=1 total_cuts=7
MP stats: nodes=5336 best_bound=2964.0530002743253 incumbent=3119.7400697650105 gap=0.049903859298895716
[CHECK] GAP: LB=2964.05 UB=4651.99 gap=1687.94 rel=0.363

=== Iteration 8 ===
Solving Master (MP)...
[SCHEDULE] master gap-tied: time_limit_s=102 mipgap=0.05 g_bd=0.363
[MIPSTART] x-only start applied: n_out=44 n_ret=44
2026-08-06 05:47:34,265 INFO | mobauto2_benders.benders.solver | iter=8 master status=SolveStatus.FEASIBLE obj=3117.49 lb=2961.77
MP raw solver: status=ok term=optimal incumbent=3117.490014999999 best_bound=2961.771751125755
MP solutions: count=1 keys=['Gap', 'Status', 'Message', 'Problem', 'Objective', 'Variable', 'Constraint']
Shuttle totals (OUT+RET): q0=12, q1=12
MP stats (solver): nodes=2127 best_bound=2961.771751125755 incumbent=3117.490014999999 gap=0.049949883760650585
MP result: status=SolveStatus.FEASIBLE obj=3117.49 lb=2961.77
[CHECK] MP: first=1.49 theta=3116 mp_total=3117.49 inc_obj=3117.49 best_bound=2961.77
[CHECK] MP bounds: mp_obj=3117.49 mp_best_bound=2961.77 mp_best_integer=3117.49 term=optimal status=ok gap=0.0499499
[MP] iter=8 incumbent=3117.49 best_bound=2961.77 gap=0.0499499 (src: inc=cplex_api bb=cplex_api gap=cplex_api)
[MP] iter=8 cuts=7 obj=3117.490 last_const=12214.000 last_nnz=27
[MW] core updated (t=0..): min=0.0576 max=1.82 mean=0.557
Evaluating Subproblem (SP) at candidate...
2026-08-06 05:47:34,382 INFO | mobauto2_benders.benders.solver | force-added CutType.OPTIMALITY cut 'opt_cut'
2026-08-06 05:47:34,382 INFO | mobauto2_benders.benders.solver | added 1 cut(s)
2026-08-06 05:47:34,382 INFO | mobauto2_benders.benders.solver | bounds: best_lb=2964.05 best_ub=4651.99 gap=1687.94 rel=0.363
SP result: recourse=5654 feasible=True
[SP PIPELINE] iter=8 build=0.000s solve=0.000s extract=0.000s post=0.000s cutgen=0.025s mode=mw lb_valid=True tl_inc=False vars=- bin=- cons=- lp=-
[CHECK] SP: recourse=5654 first=1.49 sp_total=5655.49
[CUT TIGHTNESS] raw_line(y)=5654  SP_ub=5654  diff=-9.09e-13
[BENDERS] Added cut #7: const_out=5309, const_ret=6150, nnz=28, slope_range=[-1.44e+03,-15], raw_pos_dm=0, scale=1
[BENDERS] Eval cut (dir): OUT lhs=1613 rhs=3119; RET lhs=1503 rhs=2535
Master updated: added 1 cut(s): opt_cut
[CUT SUMMARY] it=8 cand=OUT[0,1]|RET[0,2]|OUT[0,3]|RET[0,4]|OUT[0,7]|RET[0,8]|OUT[0,10]|RET[0,12]|OUT[0,17]|RET[0,18]|OUT[0,19]|RET[0,20]|...(+12) decision=added skip=None theta_total=3116.000014999999 rec_total=5654.000019 raw_rhs_total=5654.000019 rhs_total=5654.000019000002 lhs_total=3116.000014999999
Timing: master=1.727s sp_solve=0.022s cutgen=0.025s cutadd=0.001s cuts_added=1 total_cuts=8
MP stats: nodes=2127 best_bound=2961.771751125755 incumbent=3117.490014999999 gap=0.049949883760650585
[CHECK] GAP: LB=2964.05 UB=4651.99 gap=1687.94 rel=0.363

=== Iteration 9 ===
Solving Master (MP)...
[SCHEDULE] master gap-tied: time_limit_s=102 mipgap=0.05 g_bd=0.363
[MIPSTART] x-only start applied: n_out=44 n_ret=44
2026-08-06 05:47:35,699 INFO | mobauto2_benders.benders.solver | iter=9 master status=SolveStatus.FEASIBLE obj=3149.49 lb=2992.87
MP raw solver: status=ok term=optimal incumbent=3149.4900697650105 best_bound=2992.87302007399
MP solutions: count=1 keys=['Gap', 'Status', 'Message', 'Problem', 'Objective', 'Variable', 'Constraint']
Shuttle totals (OUT+RET): q0=12, q1=12
MP stats (solver): nodes=1507 best_bound=2992.87302007399 incumbent=3149.4900697650105 gap=0.049727748372516985
MP result: status=SolveStatus.FEASIBLE obj=3149.49 lb=2992.87
[CHECK] MP: first=1.49 theta=3148 mp_total=3149.49 inc_obj=3149.49 best_bound=2992.87
[CHECK] MP bounds: mp_obj=3149.49 mp_best_bound=2992.87 mp_best_integer=3149.49 term=optimal status=ok gap=0.0497277
[MP] iter=9 incumbent=3149.49 best_bound=2992.87 gap=0.0497277 (src: inc=cplex_api bb=cplex_api gap=cplex_api)
[MP] iter=9 cuts=8 obj=3149.490 last_const=11459.000 last_nnz=28
[MW] core updated (t=0..): min=0.0404 max=1.88 mean=0.553
Evaluating Subproblem (SP) at candidate...
2026-08-06 05:47:35,830 INFO | mobauto2_benders.benders.solver | force-added CutType.OPTIMALITY cut 'opt_cut'
2026-08-06 05:47:35,830 INFO | mobauto2_benders.benders.solver | added 1 cut(s)
2026-08-06 05:47:35,830 INFO | mobauto2_benders.benders.solver | bounds: best_lb=2992.87 best_ub=4651.99 gap=1659.12 rel=0.357
SP result: recourse=5471 feasible=True
[SP PIPELINE] iter=9 build=0.000s solve=0.000s extract=0.000s post=0.000s cutgen=0.023s mode=mw lb_valid=True tl_inc=False vars=- bin=- cons=- lp=-
[CHECK] SP: recourse=5471 first=1.49 sp_total=5472.49
[CUT TIGHTNESS] raw_line(y)=5471  SP_ub=5471  diff=9.09e-13
[BENDERS] Added cut #8: const_out=6528, const_ret=6878, nnz=27, slope_range=[-1.44e+03,-15], raw_pos_dm=0, scale=1
[BENDERS] Eval cut (dir): OUT lhs=1644 rhs=2928; RET lhs=1504 rhs=2543
Master updated: added 1 cut(s): opt_cut
[CUT SUMMARY] it=9 cand=OUT[0,1]|RET[0,2]|OUT[0,3]|RET[0,4]|OUT[0,7]|RET[0,10]|OUT[0,13]|RET[0,14]|OUT[0,16]|RET[0,17]|OUT[0,19]|RET[0,20]|...(+12) decision=added skip=None theta_total=3148.0000697650107 rec_total=5471.000034 raw_rhs_total=5471.0000340000015 rhs_total=5471.0000340000015 lhs_total=3148.0000697650107
Timing: master=1.325s sp_solve=0.019s cutgen=0.023s cutadd=0.004s cuts_added=1 total_cuts=9
MP stats: nodes=1507 best_bound=2992.87302007399 incumbent=3149.4900697650105 gap=0.049727748372516985
[CHECK] GAP: LB=2992.87 UB=4651.99 gap=1659.12 rel=0.357

=== Iteration 10 ===
Solving Master (MP)...
[SCHEDULE] master gap-tied: time_limit_s=102 mipgap=0.05 g_bd=0.357
[MIPSTART] x-only start applied: n_out=44 n_ret=44
2026-08-06 05:47:37,214 INFO | mobauto2_benders.benders.solver | iter=10 master status=SolveStatus.FEASIBLE obj=3194.24 lb=3034.77
MP raw solver: status=ok term=optimal incumbent=3194.2400150000003 best_bound=3034.7699710025367
MP solutions: count=1 keys=['Gap', 'Status', 'Message', 'Problem', 'Objective', 'Variable', 'Constraint']
Shuttle totals (OUT+RET): q0=12, q1=12
MP stats (solver): nodes=1862 best_bound=3034.7699710025367 incumbent=3194.2400150000003 gap=0.04992425216909023
MP result: status=SolveStatus.FEASIBLE obj=3194.24 lb=3034.77
[CHECK] MP: first=2.24 theta=3192 mp_total=3194.24 inc_obj=3194.24 best_bound=3034.77
[CHECK] MP bounds: mp_obj=3194.24 mp_best_bound=3034.77 mp_best_integer=3194.24 term=optimal status=ok gap=0.0499243
[MP] iter=10 incumbent=3194.24 best_bound=3034.77 gap=0.0499243 (src: inc=cplex_api bb=cplex_api gap=cplex_api)
[MP] iter=10 cuts=9 obj=3194.240 last_const=13406.000 last_nnz=27
[MW] core updated (t=0..): min=0.0282 max=1.91 mean=0.551
Evaluating Subproblem (SP) at candidate...
2026-08-06 05:47:37,318 INFO | mobauto2_benders.benders.solver | force-added CutType.OPTIMALITY cut 'opt_cut'
2026-08-06 05:47:37,318 INFO | mobauto2_benders.benders.solver | added 1 cut(s)
2026-08-06 05:47:37,318 INFO | mobauto2_benders.benders.solver | bounds: best_lb=3034.77 best_ub=4651.99 gap=1617.22 rel=0.348
2026-08-06 05:47:37,318 WARNING | mobauto2_benders.benders.solver | Max iterations reached: 10
SP result: recourse=5371 feasible=True
[SP PIPELINE] iter=10 build=0.000s solve=0.000s extract=0.000s post=0.000s cutgen=0.026s mode=mw lb_valid=True tl_inc=False vars=- bin=- cons=- lp=-
[CHECK] SP: recourse=5371 first=2.24 sp_total=5373.24
[CUT TIGHTNESS] raw_line(y)=5371  SP_ub=5371  diff=-9.09e-13
[BENDERS] Added cut #9: const_out=6524, const_ret=5342, nnz=29, slope_range=[-1.44e+03,-15], raw_pos_dm=0, scale=1
[BENDERS] Eval cut (dir): OUT lhs=1689 rhs=2924; RET lhs=1503 rhs=2447
Master updated: added 1 cut(s): opt_cut
[CUT SUMMARY] it=10 cand=OUT[0,1]|RET[0,2]|OUT[0,3]|RET[0,4]|OUT[0,6]|RET[0,7]|OUT[0,12]|RET[0,13]|OUT[0,14]|RET[0,17]|OUT[0,19]|RET[0,20]|...(+12) decision=added skip=None theta_total=3192.0000150000005 rec_total=5371.000045 raw_rhs_total=5371.000044999999 rhs_total=5371.000045000001 lhs_total=3192.0000150000005
Timing: master=1.377s sp_solve=0.020s cutgen=0.026s cutadd=0.001s cuts_added=1 total_cuts=10
MP stats: nodes=1862 best_bound=3034.7699710025367 incumbent=3194.2400150000003 gap=0.04992425216909023
[CHECK] GAP: LB=3034.77 UB=4651.99 gap=1617.22 rel=0.348

Max iterations reached: 10
Total solve time: 15.530 seconds
Best bounds: LB=3034.77 UB=4651.99 gap=1617.22 rel=0.348

Best Master Solution:
Q=2 T=22
theta = 2944
  - theta_out = 1648
  - theta_ret = 1296
Timeline (per shuttle):
           0     1     2     3     4     5     6     7     8     9    10    11    12    13    14    15    16    17    18    19    20    21
  q=0:   IDL   OUT   RET   CHR   OUT   RET   OUT   IDL   IDL   RET   CHR   CHR   CHR   CHR   OUT   RET   CHR   OUT   RET   OUT   RET   IDL
  q=1:   IDL   IDL   OUT   RET   CHR   OUT   RET   OUT   IDL   RET   CHR   CHR   OUT   RET   CHR   CHR   OUT   RET   CHR   OUT   RET   IDL
Battery (per shuttle):
           0     1     2     3     4     5     6     7     8     9    10    11    12    13    14    15    16    17    18    19    20    21
  q=0:   150   150   120    90    60    30    65    35     5    40    75   110   145   115    85    55    55    55    25    60    30     0
  q=1:   150   150   120    90    60    30    65   100    70    40    75   110    80    50    85    55    55    55    25    60    30     0

Demand per slot (OUT/RET):
         0   1   2   3   4   5   6   7   8   9  10  11  12  13  14  15  16  17  18  19  20  21
  OUT:  19  22  29  22  17   8   4   4   2   4   5   3   1   4   1   2   0   1   0   2   0   0
  RET:   3   1   2   0   0   4   3   7   4   4   8  12   8   7   6   7  19  15  24  16   0   0

Pax per shuttle and slot (total):
         0   1   2   3   4   5   6   7   8   9  10  11  12  13  14  15  16  17  18  19  20  21
  q=0:   0  15   4   0  15   0  15   0   0  11   0   0   0   0   5  13   0   0  15   1  15   0
  q=1:   0   0  15   2   0  15   4  12   0   0   0   0   8  15   0   0   3  15   0   0  15   0
Pax served: 213/300
Pax served: 213/300
Subproblem (last): obj=4651 wait_slots=301 fill_eps=1.5e-05 penalty_cost=4350 penalty_pax=87 total_demand=300
Avg wait (min): 42.3944
UB_total (best): 4651.99

Result: status=UNKNOWN iterations=10 best_lb=3034.7699710025367 best_ub=4651.990014999999
