Run configuration:
  solver: iterations=10 tol=0.001 time_limit_s=3600 seed=42
  master: solver=cplex Q=2 T_minutes=660 slot_res=30 (slots=22) trip_dur_min=30 Emax=150.0 L=30.0 eps=0.01 conc_pen=0.25 delta_chg=35.0
  subproblem: solver=cplex_direct S=15.0 Wmax=60 p=50.0 fill_eps=1e-06 (slot_res=30)
  demand_file: setups/base.yaml
  scenario_files: ['setups/base.yaml', 'setups/demo_cont_demand.yaml']
Initialized master problem.
[MW] enabled=True alpha=0.3 eps=0.001

=== Iteration 1 ===
Solving Master (MP)...
[SCHEDULE] master gap-tied: time_limit_s=102 mipgap=0.05 g_bd=0.05
[MP] Wrote LP: Report\master_iter_001_cuts_000_20260806_052443.lp
2026-08-06 05:24:43,501 INFO | mobauto2_benders.benders.solver | iter=1 master status=SolveStatus.OPTIMAL obj=0 lb=0
Solver log file: C:\Users\fabio\AppData\Local\Temp\tmprq0otlgx.log
MP raw solver: status=ok term=optimal incumbent=0.0 best_bound=0.0
MP solutions: count=1 keys=['Gap', 'Status', 'Message', 'Problem', 'Objective', 'Variable', 'Constraint']
[MP] Solver log: Report\master_iter_001_cuts_000_20260806_052443.log
Shuttle totals (OUT+RET): q0=0, q1=0
MP stats (solver): nodes=0 best_bound=0.0 incumbent=0.0 gap=0.0
MP result: status=SolveStatus.OPTIMAL obj=0 lb=0
[CHECK] MP: first=0 theta=0 mp_total=0 inc_obj=0 best_bound=0
[CHECK] MP bounds: mp_obj=0 mp_best_bound=0 mp_best_integer=0 term=optimal status=ok gap=0
[MP] iter=1 incumbent=0 best_bound=0 gap=0 (src: inc=cplex_api bb=cplex_api gap=cplex_api)
[MP] iter=1 cuts=0 obj=0.000
[MW] core updated (t=0..): min=0.7 max=0.7 mean=0.7
Evaluating Subproblem (SP) at candidate...
2026-08-06 05:24:43,680 INFO | mobauto2_benders.benders.solver | force-added CutType.OPTIMALITY cut 'opt_cut_avg'
2026-08-06 05:24:43,681 INFO | mobauto2_benders.benders.solver | added 1 cut(s)
2026-08-06 05:24:43,681 INFO | mobauto2_benders.benders.solver | bounds: best_lb=0 best_ub=13100 gap=13100 rel=1
SP result: recourse=13100 feasible=True
[SP PIPELINE] iter=1 build=0.000s solve=0.000s extract=0.000s post=0.000s cutgen=0.017s mode=mw lb_valid=True tl_inc=False vars=- bin=- cons=- lp=-
[CHECK] SP: recourse=13100 first=0 sp_total=13100
[CUT TIGHTNESS] raw_line(y)=13100  SP_ub=13100  diff=0
[BENDERS] Added cut #0: const_out=6325, const_ret=6775, nnz=42, slope_range=[-735,-368], raw_pos_dm=0, scale=1
[BENDERS] Eval cut (dir): OUT lhs=0 rhs=6325; RET lhs=0 rhs=6775
Master updated: added 1 cut(s): opt_cut_avg
[CUT SUMMARY] it=1 cand=candidate:idle decision=added skip=None theta_total=0.0 rec_total=13100.0 raw_rhs_total=13100.0 rhs_total=13100.0 lhs_total=0.0
Timing: master=0.088s sp_solve=0.019s cutgen=0.017s cutadd=0.002s cuts_added=1 total_cuts=1
MP stats: nodes=0 best_bound=0.0 incumbent=0.0 gap=0.0
[CHECK] GAP: LB=0 UB=13100 gap=13100 rel=1

=== Iteration 2 ===
Solving Master (MP)...
[SCHEDULE] master gap-tied: time_limit_s=102 mipgap=0.05 g_bd=1
[MIPSTART] x-only start applied: n_out=44 n_ret=44
[MP] Wrote LP: Report\master_iter_002_cuts_001_20260806_052443.lp
Warning:  No solution found from 1 MIP starts.
2026-08-06 05:24:43,852 INFO | mobauto2_benders.benders.solver | iter=2 master status=SolveStatus.OPTIMAL obj=0.2 lb=0.2
Solver log file: C:\Users\fabio\AppData\Local\Temp\tmprnfnwdor.log
MP raw solver: status=ok term=optimal incumbent=0.2 best_bound=0.2
MP solutions: count=1 keys=['Gap', 'Status', 'Message', 'Problem', 'Objective', 'Variable', 'Constraint']
[MP] Solver log: Report\master_iter_002_cuts_001_20260806_052443.log
Shuttle totals (OUT+RET): q0=12, q1=8
MP stats (solver): nodes=0 best_bound=0.2 incumbent=0.2 gap=0.0
MP result: status=SolveStatus.OPTIMAL obj=0.2 lb=0.2
[CHECK] MP: first=0.2 theta=0 mp_total=0.2 inc_obj=0.2 best_bound=0.2
[CHECK] MP bounds: mp_obj=0.2 mp_best_bound=0.2 mp_best_integer=0.2 term=optimal status=ok gap=0
[MP] iter=2 incumbent=0.2 best_bound=0.2 gap=0 (src: inc=cplex_api bb=cplex_api gap=cplex_api)
[MP] iter=2 cuts=1 obj=0.200 last_const=13100.000 last_nnz=42
[MW] core updated (t=0..): min=0.49 max=0.79 mean=0.626
Evaluating Subproblem (SP) at candidate...
2026-08-06 05:24:44,014 INFO | mobauto2_benders.benders.solver | force-added CutType.OPTIMALITY cut 'opt_cut_avg'
2026-08-06 05:24:44,014 INFO | mobauto2_benders.benders.solver | added 1 cut(s)
2026-08-06 05:24:44,014 INFO | mobauto2_benders.benders.solver | bounds: best_lb=0.2 best_ub=5685.2 gap=5685 rel=1
SP result: recourse=5685 feasible=True
[SP PIPELINE] iter=2 build=0.000s solve=0.000s extract=0.000s post=0.000s cutgen=0.017s mode=mw lb_valid=True tl_inc=False vars=- bin=- cons=- lp=-
[CHECK] SP: recourse=5685 first=0.2 sp_total=5685.2
[CUT TIGHTNESS] raw_line(y)=5685  SP_ub=5685  diff=0
[BENDERS] Added cut #1: const_out=4230.5, const_ret=3667, nnz=29, slope_range=[-735,-7.5], raw_pos_dm=0, scale=1
[BENDERS] Eval cut (dir): OUT lhs=0 rhs=3128; RET lhs=0 rhs=2557
Master updated: added 1 cut(s): opt_cut_avg
[CUT SUMMARY] it=2 cand=OUT[0,1]|RET[0,2]|OUT[0,4]|RET[0,6]|OUT[0,9]|RET[0,10]|OUT[0,14]|RET[0,15]|OUT[0,16]|RET[0,17]|OUT[0,19]|RET[0,20]|...(+8) decision=added skip=None theta_total=0.0 rec_total=5685.0 raw_rhs_total=5685.0 rhs_total=5685.0 lhs_total=0.0
Timing: master=0.170s sp_solve=0.017s cutgen=0.017s cutadd=0.001s cuts_added=1 total_cuts=2
MP stats: nodes=0 best_bound=0.2 incumbent=0.2 gap=0.0
[CHECK] GAP: LB=0.2 UB=5685.2 gap=5685 rel=1

=== Iteration 3 ===
Solving Master (MP)...
[SCHEDULE] master gap-tied: time_limit_s=102 mipgap=0.05 g_bd=1
[MIPSTART] x-only start applied: n_out=44 n_ret=44
[MP] Wrote LP: Report\master_iter_003_cuts_002_20260806_052444.lp
Warning:  No solution found from 1 MIP starts.
2026-08-06 05:24:44,227 INFO | mobauto2_benders.benders.solver | iter=3 master status=SolveStatus.OPTIMAL obj=0.2 lb=0.2
Solver log file: C:\Users\fabio\AppData\Local\Temp\tmpxp_lb31p.log
MP raw solver: status=ok term=optimal incumbent=0.2 best_bound=0.2
MP solutions: count=1 keys=['Gap', 'Status', 'Message', 'Problem', 'Objective', 'Variable', 'Constraint']
[MP] Solver log: Report\master_iter_003_cuts_002_20260806_052444.log
Shuttle totals (OUT+RET): q0=12, q1=8
MP stats (solver): nodes=0 best_bound=0.2 incumbent=0.2 gap=0.0
MP result: status=SolveStatus.OPTIMAL obj=0.2 lb=0.2
[CHECK] MP: first=0.2 theta=0 mp_total=0.2 inc_obj=0.2 best_bound=0.2
[CHECK] MP bounds: mp_obj=0.2 mp_best_bound=0.2 mp_best_integer=0.2 term=optimal status=ok gap=0
[MP] iter=3 incumbent=0.2 best_bound=0.2 gap=0 (src: inc=cplex_api bb=cplex_api gap=cplex_api)
[MP] iter=3 cuts=2 obj=0.200 last_const=7897.500 last_nnz=29
[MW] core updated (t=0..): min=0.343 max=0.853 mean=0.575
Evaluating Subproblem (SP) at candidate...
2026-08-06 05:24:44,429 INFO | mobauto2_benders.benders.solver | force-added CutType.OPTIMALITY cut 'opt_cut_avg'
2026-08-06 05:24:44,429 INFO | mobauto2_benders.benders.solver | added 1 cut(s)
2026-08-06 05:24:44,429 INFO | mobauto2_benders.benders.solver | bounds: best_lb=0.2 best_ub=5166.7 gap=5166.5 rel=1
SP result: recourse=5166.5 feasible=True
[SP PIPELINE] iter=3 build=0.000s solve=0.000s extract=0.000s post=0.000s cutgen=0.023s mode=mw lb_valid=True tl_inc=False vars=- bin=- cons=- lp=-
[CHECK] SP: recourse=5166.5 first=0.2 sp_total=5166.7
[CUT TIGHTNESS] raw_line(y)=5166.5  SP_ub=5166.5  diff=0
[BENDERS] Added cut #2: const_out=3980, const_ret=3369, nnz=28, slope_range=[-735,-15], raw_pos_dm=0, scale=1
[BENDERS] Eval cut (dir): OUT lhs=0 rhs=2532.5; RET lhs=0 rhs=2634
Master updated: added 1 cut(s): opt_cut_avg
[CUT SUMMARY] it=3 cand=OUT[0,1]|RET[0,2]|OUT[0,5]|RET[0,6]|OUT[0,7]|RET[0,8]|OUT[0,11]|RET[0,12]|OUT[0,14]|RET[0,15]|OUT[0,18]|RET[0,20]|...(+8) decision=added skip=None theta_total=0.0 rec_total=5166.5 raw_rhs_total=5166.5 rhs_total=5166.5 lhs_total=0.0
Timing: master=0.202s sp_solve=0.018s cutgen=0.023s cutadd=0.001s cuts_added=1 total_cuts=3
MP stats: nodes=0 best_bound=0.2 incumbent=0.2 gap=0.0
[CHECK] GAP: LB=0.2 UB=5166.7 gap=5166.5 rel=1

=== Iteration 4 ===
Solving Master (MP)...
[SCHEDULE] master gap-tied: time_limit_s=102 mipgap=0.05 g_bd=1
[MIPSTART] x-only start applied: n_out=44 n_ret=44
[MP] Wrote LP: Report\master_iter_004_cuts_003_20260806_052444.lp
Warning:  No solution found from 1 MIP starts.
2026-08-06 05:24:45,139 INFO | mobauto2_benders.benders.solver | iter=4 master status=SolveStatus.OPTIMAL obj=0.2 lb=0.2
Solver log file: C:\Users\fabio\AppData\Local\Temp\tmpzjdg3s78.log
MP raw solver: status=ok term=optimal incumbent=0.2 best_bound=0.2
MP solutions: count=1 keys=['Gap', 'Status', 'Message', 'Problem', 'Objective', 'Variable', 'Constraint']
[MP] Solver log: Report\master_iter_004_cuts_003_20260806_052444.log
Shuttle totals (OUT+RET): q0=10, q1=10
MP stats (solver): nodes=0 best_bound=0.2 incumbent=0.2 gap=0.0
MP result: status=SolveStatus.OPTIMAL obj=0.2 lb=0.2
[CHECK] MP: first=0.2 theta=0 mp_total=0.2 inc_obj=0.2 best_bound=0.2
[CHECK] MP bounds: mp_obj=0.2 mp_best_bound=0.2 mp_best_integer=0.2 term=optimal status=ok gap=0
[MP] iter=4 incumbent=0.2 best_bound=0.2 gap=0 (src: inc=cplex_api bb=cplex_api gap=cplex_api)
[MP] iter=4 cuts=3 obj=0.200 last_const=7349.000 last_nnz=28
[MW] core updated (t=0..): min=0.24 max=0.897 mean=0.539
Evaluating Subproblem (SP) at candidate...
2026-08-06 05:24:45,377 INFO | mobauto2_benders.benders.solver | force-added CutType.OPTIMALITY cut 'opt_cut_avg'
2026-08-06 05:24:45,377 INFO | mobauto2_benders.benders.solver | added 1 cut(s)
2026-08-06 05:24:45,377 INFO | mobauto2_benders.benders.solver | bounds: best_lb=0.2 best_ub=4973.2 gap=4973 rel=1
SP result: recourse=4973 feasible=True
[SP PIPELINE] iter=4 build=0.000s solve=0.000s extract=0.000s post=0.000s cutgen=0.027s mode=mw lb_valid=True tl_inc=False vars=- bin=- cons=- lp=-
[CHECK] SP: recourse=4973 first=0.2 sp_total=4973.2
[CUT TIGHTNESS] raw_line(y)=4973  SP_ub=4973  diff=0
[BENDERS] Added cut #3: const_out=4071, const_ret=3444.5, nnz=29, slope_range=[-735,-7.5], raw_pos_dm=0, scale=1
[BENDERS] Eval cut (dir): OUT lhs=0 rhs=2623.5; RET lhs=0 rhs=2349.5
Master updated: added 1 cut(s): opt_cut_avg
[CUT SUMMARY] it=4 cand=OUT[0,3]|RET[0,4]|OUT[0,5]|RET[0,7]|OUT[0,10]|RET[0,11]|OUT[0,13]|RET[0,14]|OUT[0,17]|RET[0,20]|OUT[1,1]|RET[1,2]|...(+8) decision=added skip=None theta_total=0.0 rec_total=4973.0 raw_rhs_total=4973.0 rhs_total=4973.0 lhs_total=0.0
Timing: master=0.700s sp_solve=0.023s cutgen=0.027s cutadd=0.001s cuts_added=1 total_cuts=4
MP stats: nodes=0 best_bound=0.2 incumbent=0.2 gap=0.0
[CHECK] GAP: LB=0.2 UB=4973.2 gap=4973 rel=1

=== Iteration 5 ===
Solving Master (MP)...
[SCHEDULE] master gap-tied: time_limit_s=102 mipgap=0.05 g_bd=1
[MIPSTART] x-only start applied: n_out=44 n_ret=44
[MP] Wrote LP: Report\master_iter_005_cuts_004_20260806_052445.lp
Warning:  No solution found from 1 MIP starts.
2026-08-06 05:24:48,900 INFO | mobauto2_benders.benders.solver | iter=5 master status=SolveStatus.FEASIBLE obj=0.24 lb=0.228002
Solver log file: C:\Users\fabio\AppData\Local\Temp\tmp5ph4w5i8.log
MP raw solver: status=ok term=optimal incumbent=0.23999999987368903 best_bound=0.2280021455688141
MP solutions: count=1 keys=['Gap', 'Status', 'Message', 'Problem', 'Objective', 'Variable', 'Constraint']
[MP] Solver log: Report\master_iter_005_cuts_004_20260806_052445.log
Shuttle totals (OUT+RET): q0=12, q1=12
MP stats (solver): nodes=4433 best_bound=0.2280021455688141 incumbent=0.23999999987368903 gap=0.049991059609126025
MP result: status=SolveStatus.FEASIBLE obj=0.24 lb=0.228002
[CHECK] MP: first=0.24 theta=0 mp_total=0.24 inc_obj=0.24 best_bound=0.228002
[CHECK] MP bounds: mp_obj=0.24 mp_best_bound=0.228002 mp_best_integer=0.24 term=optimal status=ok gap=0.0499911
[MP] iter=5 incumbent=0.24 best_bound=0.228002 gap=0.0499911 (src: inc=cplex_api bb=cplex_api gap=cplex_api)
[MP] iter=5 cuts=4 obj=0.240 last_const=7515.500 last_nnz=29
[MW] core updated (t=0..): min=0.168 max=0.928 mean=0.541
Evaluating Subproblem (SP) at candidate...
2026-08-06 05:24:49,217 INFO | mobauto2_benders.benders.solver | force-added CutType.OPTIMALITY cut 'opt_cut_avg'
2026-08-06 05:24:49,217 INFO | mobauto2_benders.benders.solver | added 1 cut(s)
2026-08-06 05:24:49,217 INFO | mobauto2_benders.benders.solver | bounds: best_lb=0.228002 best_ub=3854.24 gap=3854.01 rel=1
SP result: recourse=3854 feasible=True
[SP PIPELINE] iter=5 build=0.000s solve=0.000s extract=0.000s post=0.000s cutgen=0.041s mode=mw lb_valid=True tl_inc=False vars=- bin=- cons=- lp=-
[CHECK] SP: recourse=3854 first=0.24 sp_total=3854.24
[CUT TIGHTNESS] raw_line(y)=3854  SP_ub=3854  diff=0
[BENDERS] Added cut #4: const_out=3574, const_ret=3182.5, nnz=27, slope_range=[-735,-7.5], raw_pos_dm=0, scale=1
[BENDERS] Eval cut (dir): OUT lhs=0 rhs=1781.5; RET lhs=0 rhs=2072.5
Master updated: added 1 cut(s): opt_cut_avg
[CUT SUMMARY] it=5 cand=OUT[0,1]|RET[0,2]|OUT[0,4]|RET[0,5]|OUT[0,6]|RET[0,7]|OUT[0,13]|RET[0,14]|OUT[0,15]|RET[0,16]|OUT[0,18]|RET[0,19]|...(+12) decision=added skip=None theta_total=0.0 rec_total=3854.0 raw_rhs_total=3854.0000039633223 rhs_total=3854.0000039633223 lhs_total=0.0
Timing: master=3.515s sp_solve=0.027s cutgen=0.041s cutadd=0.002s cuts_added=1 total_cuts=5
MP stats: nodes=4433 best_bound=0.2280021455688141 incumbent=0.23999999987368903 gap=0.049991059609126025
[CHECK] GAP: LB=0.228002 UB=3854.24 gap=3854.01 rel=1

=== Iteration 6 ===
Solving Master (MP)...
[SCHEDULE] master gap-tied: time_limit_s=102 mipgap=0.05 g_bd=1
[MIPSTART] x-only start applied: n_out=44 n_ret=44
[MP] Wrote LP: Report\master_iter_006_cuts_005_20260806_052449.lp
Warning:  No solution found from 1 MIP starts.
2026-08-06 05:24:51,011 INFO | mobauto2_benders.benders.solver | iter=6 master status=SolveStatus.FEASIBLE obj=1.24 lb=1.17914
Solver log file: C:\Users\fabio\AppData\Local\Temp\tmpp3izsy3f.log
MP raw solver: status=ok term=optimal incumbent=1.2400000000000002 best_bound=1.179138760703823
MP solutions: count=1 keys=['Gap', 'Status', 'Message', 'Problem', 'Objective', 'Variable', 'Constraint']
[MP] Solver log: Report\master_iter_006_cuts_005_20260806_052449.log
Shuttle totals (OUT+RET): q0=12, q1=12
MP stats (solver): nodes=2198 best_bound=1.179138760703823 incumbent=1.2400000000000002 gap=0.04908164458973304
MP result: status=SolveStatus.FEASIBLE obj=1.24 lb=1.17914
[CHECK] MP: first=1.24 theta=0 mp_total=1.24 inc_obj=1.24 best_bound=1.17914
[CHECK] MP bounds: mp_obj=1.24 mp_best_bound=1.17914 mp_best_integer=1.24 term=optimal status=ok gap=0.0490816
[MP] iter=6 incumbent=1.24 best_bound=1.17914 gap=0.0490816 (src: inc=cplex_api bb=cplex_api gap=cplex_api)
[MP] iter=6 cuts=5 obj=1.240 last_const=6756.500 last_nnz=27
[MW] core updated (t=0..): min=0.118 max=1.18 mean=0.542
Evaluating Subproblem (SP) at candidate...
2026-08-06 05:24:51,490 INFO | mobauto2_benders.benders.solver | force-added CutType.OPTIMALITY cut 'opt_cut_avg'
2026-08-06 05:24:51,490 INFO | mobauto2_benders.benders.solver | added 1 cut(s)
2026-08-06 05:24:51,491 INFO | mobauto2_benders.benders.solver | bounds: best_lb=1.17914 best_ub=3854.24 gap=3853.06 rel=1
SP result: recourse=4294 feasible=True
[SP PIPELINE] iter=6 build=0.000s solve=0.000s extract=0.000s post=0.000s cutgen=0.052s mode=mw lb_valid=True tl_inc=False vars=- bin=- cons=- lp=-
[CHECK] SP: recourse=4294 first=1.24 sp_total=4295.24
[CUT TIGHTNESS] raw_line(y)=4294  SP_ub=4294  diff=-9.09e-13
[BENDERS] Added cut #5: const_out=4582.5, const_ret=3004, nnz=29, slope_range=[-735,-7.5], raw_pos_dm=0, scale=1
[BENDERS] Eval cut (dir): OUT lhs=0 rhs=2407.5; RET lhs=0 rhs=1886.5
Master updated: added 1 cut(s): opt_cut_avg
[CUT SUMMARY] it=6 cand=OUT[0,1]|RET[0,2]|OUT[0,5]|RET[0,6]|OUT[0,8]|RET[0,9]|OUT[0,10]|RET[0,11]|OUT[0,15]|RET[0,16]|OUT[0,18]|RET[0,19]|...(+12) decision=added skip=None theta_total=0.0 rec_total=4294.0000075 raw_rhs_total=4294.000007499999 rhs_total=4294.000007499999 lhs_total=0.0
Timing: master=1.780s sp_solve=0.050s cutgen=0.052s cutadd=0.004s cuts_added=1 total_cuts=6
MP stats: nodes=2198 best_bound=1.179138760703823 incumbent=1.2400000000000002 gap=0.04908164458973304
[CHECK] GAP: LB=1.17914 UB=3854.24 gap=3853.06 rel=1

=== Iteration 7 ===
Solving Master (MP)...
[SCHEDULE] master gap-tied: time_limit_s=102 mipgap=0.05 g_bd=1
[MIPSTART] x-only start applied: n_out=44 n_ret=44
[MP] Wrote LP: Report\master_iter_007_cuts_006_20260806_052451.lp
Warning:  No solution found from 1 MIP starts.
2026-08-06 05:24:53,259 INFO | mobauto2_benders.benders.solver | iter=7 master status=SolveStatus.FEASIBLE obj=676.99 lb=643.518
Solver log file: C:\Users\fabio\AppData\Local\Temp\tmpftj1hn0g.log
MP raw solver: status=ok term=optimal incumbent=676.990022011001 best_bound=643.5184016840586
MP solutions: count=1 keys=['Gap', 'Status', 'Message', 'Problem', 'Objective', 'Variable', 'Constraint']
[MP] Solver log: Report\master_iter_007_cuts_006_20260806_052451.log
Shuttle totals (OUT+RET): q0=12, q1=12
MP stats (solver): nodes=2234 best_bound=643.5184016840586 incumbent=676.990022011001 gap=0.04944182224061419
MP result: status=SolveStatus.FEASIBLE obj=676.99 lb=643.518
[CHECK] MP: first=1.49 theta=675.5 mp_total=676.99 inc_obj=676.99 best_bound=643.518
[CHECK] MP bounds: mp_obj=676.99 mp_best_bound=643.518 mp_best_integer=676.99 term=optimal status=ok gap=0.0494418
[MP] iter=7 incumbent=676.99 best_bound=643.518 gap=0.0494418 (src: inc=cplex_api bb=cplex_api gap=cplex_api)
[MP] iter=7 cuts=6 obj=676.990 last_const=7586.500 last_nnz=29
[MW] core updated (t=0..): min=0.0824 max=1.42 mean=0.543
Evaluating Subproblem (SP) at candidate...
2026-08-06 05:24:53,489 INFO | mobauto2_benders.benders.solver | force-added CutType.OPTIMALITY cut 'opt_cut_avg'
2026-08-06 05:24:53,489 INFO | mobauto2_benders.benders.solver | added 1 cut(s)
2026-08-06 05:24:53,489 INFO | mobauto2_benders.benders.solver | bounds: best_lb=643.518 best_ub=3854.24 gap=3210.72 rel=0.833
SP result: recourse=4591.5 feasible=True
[SP PIPELINE] iter=7 build=0.000s solve=0.000s extract=0.000s post=0.000s cutgen=0.024s mode=mw lb_valid=True tl_inc=False vars=- bin=- cons=- lp=-
[CHECK] SP: recourse=4591.5 first=1.49 sp_total=4592.99
[CUT TIGHTNESS] raw_line(y)=4591.5  SP_ub=4591.5  diff=0
[BENDERS] Added cut #6: const_out=4581.5, const_ret=5072.5, nnz=29, slope_range=[-735,-7.5], raw_pos_dm=0, scale=1
[BENDERS] Eval cut (dir): OUT lhs=626.5 rhs=2406.5; RET lhs=49 rhs=2185
Master updated: added 1 cut(s): opt_cut_avg
[CUT SUMMARY] it=7 cand=OUT[0,3]|RET[0,4]|OUT[0,5]|RET[0,6]|OUT[0,9]|RET[0,10]|OUT[0,12]|RET[0,13]|OUT[0,17]|RET[0,18]|OUT[0,19]|RET[0,20]|...(+12) decision=added skip=None theta_total=675.5000220110012 rec_total=4591.5000225 raw_rhs_total=4591.5000225 rhs_total=4591.5000225 lhs_total=675.5000220110012
Timing: master=1.769s sp_solve=0.025s cutgen=0.024s cutadd=0.001s cuts_added=1 total_cuts=7
MP stats: nodes=2234 best_bound=643.5184016840586 incumbent=676.990022011001 gap=0.04944182224061419
[CHECK] GAP: LB=643.518 UB=3854.24 gap=3210.72 rel=0.833

=== Iteration 8 ===
Solving Master (MP)...
[SCHEDULE] master gap-tied: time_limit_s=102 mipgap=0.05 g_bd=0.833
[MIPSTART] x-only start applied: n_out=44 n_ret=44
[MP] Wrote LP: Report\master_iter_008_cuts_007_20260806_052453.lp
2026-08-06 05:24:57,859 INFO | mobauto2_benders.benders.solver | iter=8 master status=SolveStatus.FEASIBLE obj=1000.99 lb=951.054
Solver log file: C:\Users\fabio\AppData\Local\Temp\tmprerhowku.log
MP raw solver: status=ok term=optimal incumbent=1000.9899924999993 best_bound=951.0536895933528
MP solutions: count=1 keys=['Gap', 'Status', 'Message', 'Problem', 'Objective', 'Variable', 'Constraint']
[MP] Solver log: Report\master_iter_008_cuts_007_20260806_052453.log
Shuttle totals (OUT+RET): q0=12, q1=12
MP stats (solver): nodes=6731 best_bound=951.0536895933528 incumbent=1000.9899924999993 gap=0.049886915234711005
MP result: status=SolveStatus.FEASIBLE obj=1000.99 lb=951.054
[CHECK] MP: first=1.99 theta=999 mp_total=1000.99 inc_obj=1000.99 best_bound=951.054
[CHECK] MP bounds: mp_obj=1000.99 mp_best_bound=951.054 mp_best_integer=1000.99 term=optimal status=ok gap=0.0498869
[MP] iter=8 incumbent=1000.99 best_bound=951.054 gap=0.0498869 (src: inc=cplex_api bb=cplex_api gap=cplex_api)
[MP] iter=8 cuts=7 obj=1000.990 last_const=9654.000 last_nnz=29
[MW] core updated (t=0..): min=0.0576 max=1.49 mean=0.544
Evaluating Subproblem (SP) at candidate...
2026-08-06 05:24:58,108 INFO | mobauto2_benders.benders.solver | force-added CutType.OPTIMALITY cut 'opt_cut_avg'
2026-08-06 05:24:58,108 INFO | mobauto2_benders.benders.solver | added 1 cut(s)
2026-08-06 05:24:58,108 INFO | mobauto2_benders.benders.solver | bounds: best_lb=951.054 best_ub=3854.24 gap=2903.19 rel=0.753
SP result: recourse=4716 feasible=True
[SP PIPELINE] iter=8 build=0.000s solve=0.000s extract=0.000s post=0.000s cutgen=0.019s mode=mw lb_valid=True tl_inc=False vars=- bin=- cons=- lp=-
[CHECK] SP: recourse=4716 first=1.99 sp_total=4717.99
[CUT TIGHTNESS] raw_line(y)=4716  SP_ub=4716  diff=9.09e-13
[BENDERS] Added cut #7: const_out=4183, const_ret=4133, nnz=29, slope_range=[-735,-15], raw_pos_dm=0, scale=1
[BENDERS] Eval cut (dir): OUT lhs=922.5 rhs=2383; RET lhs=76.5 rhs=2333
Master updated: added 1 cut(s): opt_cut_avg
[CUT SUMMARY] it=8 cand=OUT[0,1]|RET[0,2]|OUT[0,4]|RET[0,5]|OUT[0,8]|RET[0,9]|OUT[0,11]|RET[0,12]|OUT[0,15]|RET[0,18]|OUT[0,19]|RET[0,20]|...(+12) decision=added skip=None theta_total=998.9999924999994 rec_total=4716.0000195 raw_rhs_total=4716.000019500001 rhs_total=4716.000019499999 lhs_total=998.9999924999994
Timing: master=4.367s sp_solve=0.036s cutgen=0.019s cutadd=0.001s cuts_added=1 total_cuts=8
MP stats: nodes=6731 best_bound=951.0536895933528 incumbent=1000.9899924999993 gap=0.049886915234711005
[CHECK] GAP: LB=951.054 UB=3854.24 gap=2903.19 rel=0.753

=== Iteration 9 ===
Solving Master (MP)...
[SCHEDULE] master gap-tied: time_limit_s=102 mipgap=0.05 g_bd=0.753
[MIPSTART] x-only start applied: n_out=44 n_ret=44
[MP] Wrote LP: Report\master_iter_009_cuts_008_20260806_052458.lp
2026-08-06 05:25:08,930 INFO | mobauto2_benders.benders.solver | iter=9 master status=SolveStatus.FEASIBLE obj=1098.74 lb=1043.82
Solver log file: C:\Users\fabio\AppData\Local\Temp\tmpca_2ico1.log
MP raw solver: status=ok term=optimal incumbent=1098.7399777419314 best_bound=1043.817479164845
MP solutions: count=1 keys=['Gap', 'Status', 'Message', 'Problem', 'Objective', 'Variable', 'Constraint']
[MP] Solver log: Report\master_iter_009_cuts_008_20260806_052458.log
Shuttle totals (OUT+RET): q0=12, q1=12
MP stats (solver): nodes=10549 best_bound=1043.817479164845 incumbent=1098.7399777419314 gap=0.04998680278290681
MP result: status=SolveStatus.FEASIBLE obj=1098.74 lb=1043.82
[CHECK] MP: first=2.24 theta=1096.5 mp_total=1098.74 inc_obj=1098.74 best_bound=1043.82
[CHECK] MP bounds: mp_obj=1098.74 mp_best_bound=1043.82 mp_best_integer=1098.74 term=optimal status=ok gap=0.0499868
[MP] iter=9 incumbent=1098.74 best_bound=1043.82 gap=0.0499868 (src: inc=cplex_api bb=cplex_api gap=cplex_api)
[MP] iter=9 cuts=8 obj=1098.740 last_const=8316.000 last_nnz=29
[MW] core updated (t=0..): min=0.0404 max=1.64 mean=0.544
Evaluating Subproblem (SP) at candidate...
2026-08-06 05:25:09,135 INFO | mobauto2_benders.benders.solver | force-added CutType.OPTIMALITY cut 'opt_cut_avg'
2026-08-06 05:25:09,135 INFO | mobauto2_benders.benders.solver | added 1 cut(s)
2026-08-06 05:25:09,135 INFO | mobauto2_benders.benders.solver | bounds: best_lb=1043.82 best_ub=3854.24 gap=2810.42 rel=0.729
SP result: recourse=4541.5 feasible=True
[SP PIPELINE] iter=9 build=0.000s solve=0.000s extract=0.000s post=0.000s cutgen=0.020s mode=mw lb_valid=True tl_inc=False vars=- bin=- cons=- lp=-
[CHECK] SP: recourse=4541.5 first=2.24 sp_total=4543.74
[CUT TIGHTNESS] raw_line(y)=4541.5  SP_ub=4541.5  diff=-1.82e-12
[BENDERS] Added cut #8: const_out=4091, const_ret=4418, nnz=31, slope_range=[-735,-15], raw_pos_dm=0, scale=1
[BENDERS] Eval cut (dir): OUT lhs=876.5 rhs=2651; RET lhs=220 rhs=1890.5
Master updated: added 1 cut(s): opt_cut_avg
[CUT SUMMARY] it=9 cand=OUT[0,1]|RET[0,2]|OUT[0,3]|RET[0,4]|OUT[0,6]|RET[0,7]|OUT[0,10]|RET[0,12]|OUT[0,16]|RET[0,18]|OUT[0,19]|RET[0,20]|...(+12) decision=added skip=None theta_total=1096.4999777518628 rec_total=4541.500022 raw_rhs_total=4541.500021553084 rhs_total=4541.500021553088 lhs_total=1096.4999777518628
Timing: master=10.824s sp_solve=0.023s cutgen=0.020s cutadd=0.001s cuts_added=1 total_cuts=9
MP stats: nodes=10549 best_bound=1043.817479164845 incumbent=1098.7399777419314 gap=0.04998680278290681
[CHECK] GAP: LB=1043.82 UB=3854.24 gap=2810.42 rel=0.729

=== Iteration 10 ===
Solving Master (MP)...
[SCHEDULE] master gap-tied: time_limit_s=102 mipgap=0.05 g_bd=0.729
[MIPSTART] x-only start applied: n_out=44 n_ret=44
[MP] Wrote LP: Report\master_iter_010_cuts_009_20260806_052509.lp
2026-08-06 05:25:26,127 INFO | mobauto2_benders.benders.solver | iter=10 master status=SolveStatus.FEASIBLE obj=1245.74 lb=1183.5
Solver log file: C:\Users\fabio\AppData\Local\Temp\tmp33ly5y1e.log
MP raw solver: status=ok term=optimal incumbent=1245.740021393324 best_bound=1183.4976175190075
MP solutions: count=1 keys=['Gap', 'Status', 'Message', 'Problem', 'Objective', 'Variable', 'Constraint']
[MP] Solver log: Report\master_iter_010_cuts_009_20260806_052509.log
Shuttle totals (OUT+RET): q0=12, q1=12
MP stats (solver): nodes=17766 best_bound=1183.4976175190075 incumbent=1245.740021393324 gap=0.049964200238742616
MP result: status=SolveStatus.FEASIBLE obj=1245.74 lb=1183.5
[CHECK] MP: first=1.74 theta=1244 mp_total=1245.74 inc_obj=1245.74 best_bound=1183.5
[CHECK] MP bounds: mp_obj=1245.74 mp_best_bound=1183.5 mp_best_integer=1245.74 term=optimal status=ok gap=0.0499642
[MP] iter=10 incumbent=1245.74 best_bound=1183.5 gap=0.0499642 (src: inc=cplex_api bb=cplex_api gap=cplex_api)
[MP] iter=10 cuts=9 obj=1245.740 last_const=8509.000 last_nnz=31
[MW] core updated (t=0..): min=0.0282 max=1.75 mean=0.545
Evaluating Subproblem (SP) at candidate...
2026-08-06 05:25:26,441 INFO | mobauto2_benders.benders.solver | force-added CutType.OPTIMALITY cut 'opt_cut_avg'
2026-08-06 05:25:26,441 INFO | mobauto2_benders.benders.solver | added 1 cut(s)
2026-08-06 05:25:26,441 INFO | mobauto2_benders.benders.solver | bounds: best_lb=1183.5 best_ub=3854.24 gap=2670.74 rel=0.693
2026-08-06 05:25:26,441 WARNING | mobauto2_benders.benders.solver | Max iterations reached: 10
SP result: recourse=4233 feasible=True
[SP PIPELINE] iter=10 build=0.000s solve=0.000s extract=0.000s post=0.000s cutgen=0.030s mode=mw lb_valid=True tl_inc=False vars=- bin=- cons=- lp=-
[CHECK] SP: recourse=4233 first=1.74 sp_total=4234.74
[CUT TIGHTNESS] raw_line(y)=4233  SP_ub=4233  diff=-1.82e-12
[BENDERS] Added cut #9: const_out=4109.5, const_ret=5523.5, nnz=30, slope_range=[-735,-15], raw_pos_dm=0, scale=1
[BENDERS] Eval cut (dir): OUT lhs=994 rhs=2309.5; RET lhs=250 rhs=1923.5
Master updated: added 1 cut(s): opt_cut_avg
[CUT SUMMARY] it=10 cand=OUT[0,1]|RET[0,2]|OUT[0,3]|RET[0,5]|OUT[0,9]|RET[0,10]|OUT[0,13]|RET[0,14]|OUT[0,16]|RET[0,18]|OUT[0,19]|RET[0,20]|...(+12) decision=added skip=None theta_total=1244.0000213938179 rec_total=4233.0000245 raw_rhs_total=4233.000023110582 rhs_total=4233.000023110584 lhs_total=1244.0000213938179
Timing: master=16.979s sp_solve=0.028s cutgen=0.030s cutadd=0.002s cuts_added=1 total_cuts=10
MP stats: nodes=17766 best_bound=1183.4976175190075 incumbent=1245.740021393324 gap=0.049964200238742616
[CHECK] GAP: LB=1183.5 UB=3854.24 gap=2670.74 rel=0.693

Max iterations reached: 10
Total solve time: 43.102 seconds
Best bounds: LB=1183.5 UB=3854.24 gap=2670.74 rel=0.693

Best Master Solution:
Q=2 T=22
theta = 0
  - theta_out = 0
  - theta_ret = 0
Timeline (per shuttle):
           0     1     2     3     4     5     6     7     8     9    10    11    12    13    14    15    16    17    18    19    20    21
  q=0:   IDL   OUT   RET   CHR   OUT   RET   OUT   RET   CHR   CHR   CHR   CHR   IDL   OUT   RET   OUT   RET   CHR   OUT   RET   IDL   IDL
  q=1:   IDL   IDL   OUT   RET   CHR   OUT   RET   OUT   RET   CHR   CHR   OUT   IDL   RET   CHR   CHR   CHR   OUT   RET   OUT   RET   IDL
Battery (per shuttle):
           0     1     2     3     4     5     6     7     8     9    10    11    12    13    14    15    16    17    18    19    20    21
  q=0:   150   150   120    90    60    60    30    65   100   135   105    75   110   145   115    85   120    90    90    60    30     0
  q=1:   150   150   120    90    60    30    65    35     5    40    75   110    80    50    85   120    90    90    90    60    30     0

Scenario 1: setups/base.yaml
Demand per slot (OUT/RET):
         0   1   2   3   4   5   6   7   8   9  10  11  12  13  14  15  16  17  18  19  20  21
  OUT:  19  22  29  22  17   8   4   4   2   4   5   3   1   4   1   2   0   1   0   2   0   0
  RET:   3   1   2   0   0   4   3   7   4   4   8  12   8   7   6   7  19  15  24  16   0   0
Passengers per shuttle and slot (OUT):
         0   1   2   3   4   5   6   7   8   9  10  11  12  13  14  15  16  17  18  19  20  21
  q=0:   0  15   0   0  15   0  15   0   0   0   0   0   0   4   0   5   0   0   1   0   0   0
  q=1:   0   0  15   0   0  15   0  12   0   0   0   9   0   0   0   0   0   2   0   0   0   0
Passengers per shuttle and slot (RET):
         0   1   2   3   4   5   6   7   8   9  10  11  12  13  14  15  16  17  18  19  20  21
  q=0:   0   0   4   0   0   0   0   3   0   0   0   0   0   0  12   0  13   0   0  15   0   0
  q=1:   0   0   0   2   0   0   4   0   7   0   0   0   0  15   0   0   0   0  15   0  15   0
Passengers per shuttle and slot (TOTAL):
         0   1   2   3   4   5   6   7   8   9  10  11  12  13  14  15  16  17  18  19  20  21
  q=0:   0  15   4   0  15   0  15   3   0   0   0   0   0   4  12   5  13   0   1  15   0   0
  q=1:   0   0  15   2   0  15   4  12   7   0   0   9   0  15   0   0   0   2  15   0  15   0
Pax served: 213/300

Scenario 2: setups/demo_cont_demand.yaml
Demand per slot (OUT/RET):
         0   1   2   3   4   5   6   7   8   9  10  11  12  13  14  15  16  17  18  19  20  21
  OUT:   5   4   5   5   5   5   5   5   5   5   4   3   5   4   5   4   5   4   6   5   5   4
  RET:   4   3   5   4   4   3   5   4   6   6   5   5   6   5   6   6   7   6   8   7   8   8
Passengers per shuttle and slot (OUT):
         0   1   2   3   4   5   6   7   8   9  10  11  12  13  14  15  16  17  18  19  20  21
  q=0:   0   5   0   0  10   0   5   0   0   0   0   0   0   8   0   9   0   0   4   0   0   0
  q=1:   0   0   4   0   0   5   0   5   0   0   0   9   0   0   0   0   0   9   0   6   0   0
Passengers per shuttle and slot (RET):
         0   1   2   3   4   5   6   7   8   9  10  11  12  13  14  15  16  17  18  19  20  21
  q=0:   0   0   7   0   0   8   0   5   0   0   0   0   0   0   5   0  12   0   0   8   0   0
  q=1:   0   0   0   5   0   0   3   0   4   0   0   0   0  11   0   0   0   0  13   0   7   0
Passengers per shuttle and slot (TOTAL):
         0   1   2   3   4   5   6   7   8   9  10  11  12  13  14  15  16  17  18  19  20  21
  q=0:   0   5   7   0  10   8   5   5   0   0   0   0   0   8   5   9  12   0   4   8   0   0
  q=1:   0   0   4   5   0   5   3   5   4   0   0   9   0  11   0   0   0   9  13   6   7   0
Pax served: 167/224
Pax served: 190/262
Subproblem (last): obj=3854 wait_slots=254 fill_eps=0 penalty_cost=3600 penalty_pax=72 total_demand=262
Avg wait (min): 40.1053
UB_total (best): 3854.24

Result: status=UNKNOWN iterations=10 best_lb=1183.4976175190075 best_ub=3854.24
