Run configuration:
  solver: iterations=200 tol=0.001 time_limit_s=120 seed=42
  master: solver=cplex Q=2 T_minutes=660 slot_res=30 (slots=22) trip_dur_min=30 Emax=150.0 L=30.0 eps=0.01 conc_pen=0.25 delta_chg=35.0
  subproblem: solver=cplex_direct S=15.0 Wmax=60 p=50.0 fill_eps=1e-06 (slot_res=30)
  demand_file: setups/base.yaml
Initialized master problem.
[MW] enabled=True alpha=0.3 eps=0.001

=== Iteration 1 ===
Solving Master (MP)...
[SCHEDULE] master gap-tied: time_limit_s=102 mipgap=0.05 g_bd=0.05
[MP] Wrote LP: Report\master_iter_001_cuts_000_20260806_051705.lp
2026-08-06 05:17:05,142 INFO | mobauto2_benders.benders.solver | iter=1 master status=SolveStatus.OPTIMAL obj=0 lb=0
Solver log file: C:\Users\fabio\AppData\Local\Temp\tmp0z7digpb.log
MP raw solver: status=ok term=optimal incumbent=0.0 best_bound=0.0
MP solutions: count=1 keys=['Gap', 'Status', 'Message', 'Problem', 'Objective', 'Variable', 'Constraint']
[MP] Solver log: Report\master_iter_001_cuts_000_20260806_051705.log
Shuttle totals (OUT+RET): q0=0, q1=0
MP stats (solver): nodes=0 best_bound=0.0 incumbent=0.0 gap=0.0
MP result: status=SolveStatus.OPTIMAL obj=0 lb=0
[CHECK] MP: first=0 theta=0 mp_total=0 inc_obj=0 best_bound=0
[CHECK] MP bounds: mp_obj=0 mp_best_bound=0 mp_best_integer=0 term=optimal status=ok gap=0
[MP] iter=1 incumbent=0 best_bound=0 gap=0 (src: inc=cplex_api bb=cplex_api gap=cplex_api)
[MP] iter=1 cuts=0 obj=0.000
[MW] core updated (t=0..): min=0.7 max=0.7 mean=0.7
Evaluating Subproblem (SP) at candidate...
2026-08-06 05:17:05,214 INFO | mobauto2_benders.benders.solver | force-added CutType.OPTIMALITY cut 'opt_cut'
2026-08-06 05:17:05,215 INFO | mobauto2_benders.benders.solver | added 1 cut(s)
2026-08-06 05:17:05,215 INFO | mobauto2_benders.benders.solver | bounds: best_lb=0 best_ub=15000 gap=15000 rel=1
SP result: recourse=15000 feasible=True
[SP PIPELINE] iter=1 build=0.000s solve=0.000s extract=0.000s post=0.000s cutgen=0.012s mode=mw lb_valid=True tl_inc=False vars=- bin=- cons=- lp=-
[CHECK] SP: recourse=15000 first=0 sp_total=15000
[CUT TIGHTNESS] raw_line(y)=15000  SP_ub=15000  diff=0
[BENDERS] Added cut #0: const_out=7500, const_ret=7500, nnz=41, slope_range=[-735,-720], raw_pos_dm=0, scale=1
[BENDERS] Eval cut (dir): OUT lhs=0 rhs=7500; RET lhs=0 rhs=7500
Master updated: added 1 cut(s): opt_cut
[CUT SUMMARY] it=1 cand=candidate:idle decision=added skip=None theta_total=0.0 rec_total=15000.0 raw_rhs_total=15000.0 rhs_total=15000.0 lhs_total=0.0
Timing: master=0.071s sp_solve=0.012s cutgen=0.012s cutadd=0.001s cuts_added=1 total_cuts=1
MP stats: nodes=0 best_bound=0.0 incumbent=0.0 gap=0.0
[CHECK] GAP: LB=0 UB=15000 gap=15000 rel=1

=== Iteration 2 ===
Solving Master (MP)...
[SCHEDULE] master gap-tied: time_limit_s=102 mipgap=0.05 g_bd=1
[MIPSTART] x-only start applied: n_out=44 n_ret=44
[MP] Wrote LP: Report\master_iter_002_cuts_001_20260806_051705.lp
Warning:  No solution found from 1 MIP starts.
2026-08-06 05:17:05,416 INFO | mobauto2_benders.benders.solver | iter=2 master status=SolveStatus.OPTIMAL obj=0.22 lb=0.22
Solver log file: C:\Users\fabio\AppData\Local\Temp\tmpgrqcvl2v.log
MP raw solver: status=ok term=optimal incumbent=0.22 best_bound=0.22000000000000003
MP solutions: count=1 keys=['Gap', 'Status', 'Message', 'Problem', 'Objective', 'Variable', 'Constraint']
[MP] Solver log: Report\master_iter_002_cuts_001_20260806_051705.log
Shuttle totals (OUT+RET): q0=12, q1=10
MP stats (solver): nodes=0 best_bound=0.22000000000000003 incumbent=0.22 gap=0.0
MP result: status=SolveStatus.OPTIMAL obj=0.22 lb=0.22
[CHECK] MP: first=0.22 theta=0 mp_total=0.22 inc_obj=0.22 best_bound=0.22
[CHECK] MP bounds: mp_obj=0.22 mp_best_bound=0.22 mp_best_integer=0.22 term=optimal status=ok gap=0
[MP] iter=2 incumbent=0.22 best_bound=0.22 gap=0 (src: inc=cplex_api bb=cplex_api gap=cplex_api)
[MP] iter=2 cuts=1 obj=0.220 last_const=15000.000 last_nnz=41
[MW] core updated (t=0..): min=0.49 max=0.79 mean=0.64
Evaluating Subproblem (SP) at candidate...
2026-08-06 05:17:05,522 INFO | mobauto2_benders.benders.solver | force-added CutType.OPTIMALITY cut 'opt_cut'
2026-08-06 05:17:05,522 INFO | mobauto2_benders.benders.solver | added 1 cut(s)
2026-08-06 05:17:05,522 INFO | mobauto2_benders.benders.solver | bounds: best_lb=0.22 best_ub=5197.22 gap=5197 rel=1
SP result: recourse=5197 feasible=True
[SP PIPELINE] iter=2 build=0.000s solve=0.000s extract=0.000s post=0.000s cutgen=0.027s mode=mw lb_valid=True tl_inc=False vars=- bin=- cons=- lp=-
[CHECK] SP: recourse=5197 first=0.22 sp_total=5197.22
[CUT TIGHTNESS] raw_line(y)=5197  SP_ub=5197  diff=0
[BENDERS] Added cut #1: const_out=6083, const_ret=4994, nnz=26, slope_range=[-735,-15], raw_pos_dm=0, scale=1
[BENDERS] Eval cut (dir): OUT lhs=0 rhs=3158; RET lhs=0 rhs=2039
Master updated: added 1 cut(s): opt_cut
[CUT SUMMARY] it=2 cand=OUT[0,1]|RET[0,2]|OUT[0,6]|RET[0,7]|OUT[0,8]|RET[0,9]|OUT[0,13]|RET[0,14]|OUT[0,16]|RET[0,17]|OUT[0,19]|RET[0,20]|...(+10) decision=added skip=None theta_total=0.0 rec_total=5197.0 raw_rhs_total=5197.0 rhs_total=5197.0 lhs_total=0.0
Timing: master=0.202s sp_solve=0.024s cutgen=0.027s cutadd=0.002s cuts_added=1 total_cuts=2
MP stats: nodes=0 best_bound=0.22000000000000003 incumbent=0.22 gap=0.0
[CHECK] GAP: LB=0.22 UB=5197.22 gap=5197 rel=1

=== Iteration 3 ===
Solving Master (MP)...
[SCHEDULE] master gap-tied: time_limit_s=102 mipgap=0.05 g_bd=1
[MIPSTART] x-only start applied: n_out=44 n_ret=44
[MP] Wrote LP: Report\master_iter_003_cuts_002_20260806_051705.lp
Warning:  No solution found from 1 MIP starts.
2026-08-06 05:17:06,028 INFO | mobauto2_benders.benders.solver | iter=3 master status=SolveStatus.FEASIBLE obj=818.49 lb=780.036
Solver log file: C:\Users\fabio\AppData\Local\Temp\tmpdksl3bb6.log
MP raw solver: status=ok term=optimal incumbent=818.4901559100018 best_bound=780.0363440075336
MP solutions: count=1 keys=['Gap', 'Status', 'Message', 'Problem', 'Objective', 'Variable', 'Constraint']
[MP] Solver log: Report\master_iter_003_cuts_002_20260806_051705.log
Shuttle totals (OUT+RET): q0=12, q1=12
MP stats (solver): nodes=788 best_bound=780.0363440075336 incumbent=818.4901559100018 gap=0.04698139815708645
MP result: status=SolveStatus.FEASIBLE obj=818.49 lb=780.036
[CHECK] MP: first=1.49 theta=817 mp_total=818.49 inc_obj=818.49 best_bound=780.036
[CHECK] MP bounds: mp_obj=818.49 mp_best_bound=780.036 mp_best_integer=818.49 term=optimal status=ok gap=0.0469814
[MP] iter=3 incumbent=818.49 best_bound=780.036 gap=0.0469814 (src: inc=cplex_api bb=cplex_api gap=cplex_api)
[MP] iter=3 cuts=2 obj=818.490 last_const=11077.000 last_nnz=26
[MW] core updated (t=0..): min=0.343 max=1.15 mean=0.612
Evaluating Subproblem (SP) at candidate...
2026-08-06 05:17:06,125 INFO | mobauto2_benders.benders.solver | force-added CutType.OPTIMALITY cut 'opt_cut'
2026-08-06 05:17:06,125 INFO | mobauto2_benders.benders.solver | added 1 cut(s)
2026-08-06 05:17:06,125 INFO | mobauto2_benders.benders.solver | bounds: best_lb=780.036 best_ub=5197.22 gap=4417.18 rel=0.85
SP result: recourse=6222 feasible=True
[SP PIPELINE] iter=3 build=0.000s solve=0.000s extract=0.000s post=0.000s cutgen=0.022s mode=mw lb_valid=True tl_inc=False vars=- bin=- cons=- lp=-
[CHECK] SP: recourse=6222 first=1.49 sp_total=6223.49
[CUT TIGHTNESS] raw_line(y)=6222  SP_ub=6222  diff=1.82e-12
[BENDERS] Added cut #2: const_out=5407, const_ret=5945, nnz=30, slope_range=[-735,-15], raw_pos_dm=0, scale=1
[BENDERS] Eval cut (dir): OUT lhs=248 rhs=3217; RET lhs=569 rhs=3005
Master updated: added 1 cut(s): opt_cut
[CUT SUMMARY] it=3 cand=OUT[0,1]|RET[0,2]|OUT[0,3]|RET[0,4]|OUT[0,6]|RET[0,7]|OUT[0,10]|RET[0,11]|OUT[0,15]|RET[0,17]|OUT[0,18]|RET[0,19]|...(+12) decision=added skip=None theta_total=817.0001559100019 rec_total=6222.0000039999995 raw_rhs_total=6222.000004000001 rhs_total=6222.000004000001 lhs_total=817.0001559100019
Timing: master=0.505s sp_solve=0.019s cutgen=0.022s cutadd=0.001s cuts_added=1 total_cuts=3
MP stats: nodes=788 best_bound=780.0363440075336 incumbent=818.4901559100018 gap=0.04698139815708645
[CHECK] GAP: LB=780.036 UB=5197.22 gap=4417.18 rel=0.85

=== Iteration 4 ===
Solving Master (MP)...
[SCHEDULE] master gap-tied: time_limit_s=102 mipgap=0.05 g_bd=0.85
[MIPSTART] x-only start applied: n_out=44 n_ret=44
[MP] Wrote LP: Report\master_iter_004_cuts_003_20260806_051706.lp
2026-08-06 05:17:07,345 INFO | mobauto2_benders.benders.solver | iter=4 master status=SolveStatus.FEASIBLE obj=1650.24 lb=1568.1
Solver log file: C:\Users\fabio\AppData\Local\Temp\tmpskvmeanp.log
MP raw solver: status=ok term=optimal incumbent=1650.2401559100017 best_bound=1568.1002229359237
MP solutions: count=1 keys=['Gap', 'Status', 'Message', 'Problem', 'Objective', 'Variable', 'Constraint']
[MP] Solver log: Report\master_iter_004_cuts_003_20260806_051706.log
Shuttle totals (OUT+RET): q0=12, q1=12
MP stats (solver): nodes=5018 best_bound=1568.1002229359237 incumbent=1650.2401559100017 gap=0.04977453292474154
MP result: status=SolveStatus.FEASIBLE obj=1650.24 lb=1568.1
[CHECK] MP: first=2.24 theta=1648 mp_total=1650.24 inc_obj=1650.24 best_bound=1568.1
[CHECK] MP bounds: mp_obj=1650.24 mp_best_bound=1568.1 mp_best_integer=1650.24 term=optimal status=ok gap=0.0497745
[MP] iter=4 incumbent=1650.24 best_bound=1568.1 gap=0.0497745 (src: inc=cplex_api bb=cplex_api gap=cplex_api)
[MP] iter=4 cuts=3 obj=1650.240 last_const=11352.000 last_nnz=30
[MW] core updated (t=0..): min=0.24 max=1.26 mean=0.592
Evaluating Subproblem (SP) at candidate...
2026-08-06 05:17:07,455 INFO | mobauto2_benders.benders.solver | force-added CutType.OPTIMALITY cut 'opt_cut'
2026-08-06 05:17:07,455 INFO | mobauto2_benders.benders.solver | added 1 cut(s)
2026-08-06 05:17:07,456 INFO | mobauto2_benders.benders.solver | bounds: best_lb=1568.1 best_ub=5197.22 gap=3629.12 rel=0.698
SP result: recourse=6572 feasible=True
[SP PIPELINE] iter=4 build=0.000s solve=0.000s extract=0.000s post=0.000s cutgen=0.020s mode=mw lb_valid=True tl_inc=False vars=- bin=- cons=- lp=-
[CHECK] SP: recourse=6572 first=2.24 sp_total=6574.24
[CUT TIGHTNESS] raw_line(y)=6572  SP_ub=6572  diff=-9.09e-13
[BENDERS] Added cut #3: const_out=7956, const_ret=5171, nnz=30, slope_range=[-1.44e+03,-720], raw_pos_dm=0, scale=1
[BENDERS] Eval cut (dir): OUT lhs=1613 rhs=3606; RET lhs=35 rhs=2966
Master updated: added 1 cut(s): opt_cut
[CUT SUMMARY] it=4 cand=OUT[0,1]|RET[0,3]|OUT[0,5]|RET[0,6]|OUT[0,9]|RET[0,10]|OUT[0,12]|RET[0,13]|OUT[0,15]|RET[0,17]|OUT[0,19]|RET[0,20]|...(+12) decision=added skip=None theta_total=1648.000155910002 rec_total=6572.00002 raw_rhs_total=6572.0000199999995 rhs_total=6572.00002 lhs_total=1648.000155910002
Timing: master=1.220s sp_solve=0.037s cutgen=0.020s cutadd=0.001s cuts_added=1 total_cuts=4
MP stats: nodes=5018 best_bound=1568.1002229359237 incumbent=1650.2401559100017 gap=0.04977453292474154
[CHECK] GAP: LB=1568.1 UB=5197.22 gap=3629.12 rel=0.698

=== Iteration 5 ===
Solving Master (MP)...
[SCHEDULE] master gap-tied: time_limit_s=102 mipgap=0.05 g_bd=0.698
[MIPSTART] x-only start applied: n_out=44 n_ret=44
[MP] Wrote LP: Report\master_iter_005_cuts_004_20260806_051707.lp
2026-08-06 05:17:08,630 INFO | mobauto2_benders.benders.solver | iter=5 master status=SolveStatus.FEASIBLE obj=1715.24 lb=1629.51
Solver log file: C:\Users\fabio\AppData\Local\Temp\tmpmfqb7y1s.log
MP raw solver: status=ok term=optimal incumbent=1715.2400049999997 best_bound=1629.509005395138
MP solutions: count=1 keys=['Gap', 'Status', 'Message', 'Problem', 'Objective', 'Variable', 'Constraint']
[MP] Solver log: Report\master_iter_005_cuts_004_20260806_051707.log
Shuttle totals (OUT+RET): q0=12, q1=12
MP stats (solver): nodes=5591 best_bound=1629.509005395138 incumbent=1715.2400049999997 gap=0.049981926351383474
MP result: status=SolveStatus.FEASIBLE obj=1715.24 lb=1629.51
[CHECK] MP: first=1.24 theta=1714 mp_total=1715.24 inc_obj=1715.24 best_bound=1629.51
[CHECK] MP bounds: mp_obj=1715.24 mp_best_bound=1629.51 mp_best_integer=1715.24 term=optimal status=ok gap=0.0499819
[MP] iter=5 incumbent=1715.24 best_bound=1629.51 gap=0.0499819 (src: inc=cplex_api bb=cplex_api gap=cplex_api)
[MP] iter=5 cuts=4 obj=1715.240 last_const=13127.000 last_nnz=30
[MW] core updated (t=0..): min=0.168 max=1.29 mean=0.578
Evaluating Subproblem (SP) at candidate...
2026-08-06 05:17:08,719 INFO | mobauto2_benders.benders.solver | force-added CutType.OPTIMALITY cut 'opt_cut'
2026-08-06 05:17:08,720 INFO | mobauto2_benders.benders.solver | added 1 cut(s)
2026-08-06 05:17:08,720 INFO | mobauto2_benders.benders.solver | bounds: best_lb=1629.51 best_ub=5197.22 gap=3567.71 rel=0.686
SP result: recourse=5730 feasible=True
[SP PIPELINE] iter=5 build=0.000s solve=0.000s extract=0.000s post=0.000s cutgen=0.018s mode=mw lb_valid=True tl_inc=False vars=- bin=- cons=- lp=-
[CHECK] SP: recourse=5730 first=1.24 sp_total=5731.24
[CUT TIGHTNESS] raw_line(y)=5730  SP_ub=5730  diff=-1.82e-12
[BENDERS] Added cut #4: const_out=7854, const_ret=6576, nnz=29, slope_range=[-1.44e+03,-15], raw_pos_dm=0, scale=1
[BENDERS] Eval cut (dir): OUT lhs=1658 rhs=3504; RET lhs=56 rhs=2226
Master updated: added 1 cut(s): opt_cut
[CUT SUMMARY] it=5 cand=OUT[0,1]|RET[0,2]|OUT[0,5]|RET[0,6]|OUT[0,9]|RET[0,10]|OUT[0,12]|RET[0,14]|OUT[0,17]|RET[0,18]|OUT[0,19]|RET[0,20]|...(+12) decision=added skip=None theta_total=1714.0000049999999 rec_total=5730.000015 raw_rhs_total=5730.000014999998 rhs_total=5730.0000150000005 lhs_total=1714.0000049999999
Timing: master=1.174s sp_solve=0.016s cutgen=0.018s cutadd=0.001s cuts_added=1 total_cuts=5
MP stats: nodes=5591 best_bound=1629.509005395138 incumbent=1715.2400049999997 gap=0.049981926351383474
[CHECK] GAP: LB=1629.51 UB=5197.22 gap=3567.71 rel=0.686

=== Iteration 6 ===
Solving Master (MP)...
[SCHEDULE] master gap-tied: time_limit_s=102 mipgap=0.05 g_bd=0.686
[MIPSTART] x-only start applied: n_out=44 n_ret=44
[MP] Wrote LP: Report\master_iter_006_cuts_005_20260806_051708.lp
2026-08-06 05:17:13,547 INFO | mobauto2_benders.benders.solver | iter=6 master status=SolveStatus.FEASIBLE obj=2444.24 lb=2322.03
Solver log file: C:\Users\fabio\AppData\Local\Temp\tmpxwuj5qty.log
MP raw solver: status=ok term=optimal incumbent=2444.2400770658487 best_bound=2322.028268793554
MP solutions: count=1 keys=['Gap', 'Status', 'Message', 'Problem', 'Objective', 'Variable', 'Constraint']
[MP] Solver log: Report\master_iter_006_cuts_005_20260806_051708.log
Shuttle totals (OUT+RET): q0=12, q1=12
MP stats (solver): nodes=10782 best_bound=2322.028268793554 incumbent=2444.2400770658487 gap=0.04999991998289991
MP result: status=SolveStatus.FEASIBLE obj=2444.24 lb=2322.03
[CHECK] MP: first=1.24 theta=2443 mp_total=2444.24 inc_obj=2444.24 best_bound=2322.03
[CHECK] MP bounds: mp_obj=2444.24 mp_best_bound=2322.03 mp_best_integer=2444.24 term=optimal status=ok gap=0.0499999
[MP] iter=6 incumbent=2444.24 best_bound=2322.03 gap=0.0499999 (src: inc=cplex_api bb=cplex_api gap=cplex_api)
[MP] iter=6 cuts=5 obj=2444.240 last_const=14430.000 last_nnz=29
[MW] core updated (t=0..): min=0.118 max=1.43 mean=0.568
Evaluating Subproblem (SP) at candidate...
2026-08-06 05:17:13,674 INFO | mobauto2_benders.benders.solver | force-added CutType.OPTIMALITY cut 'opt_cut'
2026-08-06 05:17:13,674 INFO | mobauto2_benders.benders.solver | added 1 cut(s)
2026-08-06 05:17:13,674 INFO | mobauto2_benders.benders.solver | bounds: best_lb=2322.03 best_ub=4876.24 gap=2554.21 rel=0.524
SP result: recourse=4875 feasible=True
[SP PIPELINE] iter=6 build=0.000s solve=0.000s extract=0.000s post=0.000s cutgen=0.023s mode=mw lb_valid=True tl_inc=False vars=- bin=- cons=- lp=-
[CHECK] SP: recourse=4875 first=1.24 sp_total=4876.24
[CUT TIGHTNESS] raw_line(y)=4875  SP_ub=4875  diff=-9.09e-13
[BENDERS] Added cut #5: const_out=7229, const_ret=7066, nnz=27, slope_range=[-1.44e+03,-15], raw_pos_dm=0, scale=1
[BENDERS] Eval cut (dir): OUT lhs=1673 rhs=2879; RET lhs=770 rhs=1996
Master updated: added 1 cut(s): opt_cut
[CUT SUMMARY] it=6 cand=OUT[0,2]|RET[0,3]|OUT[0,5]|RET[0,7]|OUT[0,9]|RET[0,10]|OUT[0,14]|RET[0,15]|OUT[0,17]|RET[0,18]|OUT[0,19]|RET[0,20]|...(+12) decision=added skip=None theta_total=2443.0000770661177 rec_total=4875.00003 raw_rhs_total=4875.000028696075 rhs_total=4875.000028696075 lhs_total=2443.0000770661177
Timing: master=4.834s sp_solve=0.026s cutgen=0.023s cutadd=0.006s cuts_added=1 total_cuts=6
MP stats: nodes=10782 best_bound=2322.028268793554 incumbent=2444.2400770658487 gap=0.04999991998289991
[CHECK] GAP: LB=2322.03 UB=4876.24 gap=2554.21 rel=0.524

=== Iteration 7 ===
Solving Master (MP)...
[SCHEDULE] master gap-tied: time_limit_s=102 mipgap=0.05 g_bd=0.524
[MIPSTART] x-only start applied: n_out=44 n_ret=44
[MP] Wrote LP: Report\master_iter_007_cuts_006_20260806_051713.lp
2026-08-06 05:17:15,876 INFO | mobauto2_benders.benders.solver | iter=7 master status=SolveStatus.FEASIBLE obj=2444.24 lb=2322.08
Solver log file: C:\Users\fabio\AppData\Local\Temp\tmpkji4xxhp.log
MP raw solver: status=ok term=optimal incumbent=2444.2401559100017 best_bound=2322.0792948741587
MP solutions: count=1 keys=['Gap', 'Status', 'Message', 'Problem', 'Objective', 'Variable', 'Constraint']
[MP] Solver log: Report\master_iter_007_cuts_006_20260806_051713.log
Shuttle totals (OUT+RET): q0=12, q1=12
MP stats (solver): nodes=3092 best_bound=2322.0792948741587 incumbent=2444.2401559100017 gap=0.04997907457680114
MP result: status=SolveStatus.FEASIBLE obj=2444.24 lb=2322.08
[CHECK] MP: first=1.24 theta=2443 mp_total=2444.24 inc_obj=2444.24 best_bound=2322.08
[CHECK] MP bounds: mp_obj=2444.24 mp_best_bound=2322.08 mp_best_integer=2444.24 term=optimal status=ok gap=0.0499791
[MP] iter=7 incumbent=2444.24 best_bound=2322.08 gap=0.0499791 (src: inc=cplex_api bb=cplex_api gap=cplex_api)
[MP] iter=7 cuts=6 obj=2444.240 last_const=14295.000 last_nnz=27
[MW] core updated (t=0..): min=0.0824 max=1.6 mean=0.561
Evaluating Subproblem (SP) at candidate...
2026-08-06 05:17:16,021 INFO | mobauto2_benders.benders.solver | force-added CutType.OPTIMALITY cut 'opt_cut'
2026-08-06 05:17:16,021 INFO | mobauto2_benders.benders.solver | added 1 cut(s)
2026-08-06 05:17:16,021 INFO | mobauto2_benders.benders.solver | bounds: best_lb=2322.08 best_ub=4876.24 gap=2554.16 rel=0.524
SP result: recourse=5309 feasible=True
[SP PIPELINE] iter=7 build=0.000s solve=0.000s extract=0.000s post=0.000s cutgen=0.022s mode=mw lb_valid=True tl_inc=False vars=- bin=- cons=- lp=-
[CHECK] SP: recourse=5309 first=1.24 sp_total=5310.24
[CUT TIGHTNESS] raw_line(y)=5309  SP_ub=5309  diff=-9.09e-13
[BENDERS] Added cut #6: const_out=7710, const_ret=5564, nnz=25, slope_range=[-1.44e+03,-15], raw_pos_dm=0, scale=1
[BENDERS] Eval cut (dir): OUT lhs=1658 rhs=3360; RET lhs=785 rhs=1949
Master updated: added 1 cut(s): opt_cut
[CUT SUMMARY] it=7 cand=OUT[0,1]|RET[0,2]|OUT[0,5]|RET[0,7]|OUT[0,10]|RET[0,11]|OUT[0,13]|RET[0,14]|OUT[0,15]|RET[0,16]|OUT[0,19]|RET[0,20]|...(+12) decision=added skip=None theta_total=2443.000155910002 rec_total=5309.00003 raw_rhs_total=5309.000030000001 rhs_total=5309.000030000001 lhs_total=2443.000155910002
Timing: master=2.205s sp_solve=0.031s cutgen=0.022s cutadd=0.002s cuts_added=1 total_cuts=7
MP stats: nodes=3092 best_bound=2322.0792948741587 incumbent=2444.2401559100017 gap=0.04997907457680114
[CHECK] GAP: LB=2322.08 UB=4876.24 gap=2554.16 rel=0.524

=== Iteration 8 ===
Solving Master (MP)...
[SCHEDULE] master gap-tied: time_limit_s=102 mipgap=0.05 g_bd=0.524
[MIPSTART] x-only start applied: n_out=44 n_ret=44
[MP] Wrote LP: Report\master_iter_008_cuts_007_20260806_051716.lp
2026-08-06 05:17:17,560 INFO | mobauto2_benders.benders.solver | iter=8 master status=SolveStatus.FEASIBLE obj=2459.49 lb=2337.01
Solver log file: C:\Users\fabio\AppData\Local\Temp\tmpgzv_jwet.log
MP raw solver: status=ok term=optimal incumbent=2459.4900779550035 best_bound=2337.008228900335
MP solutions: count=1 keys=['Gap', 'Status', 'Message', 'Problem', 'Objective', 'Variable', 'Constraint']
[MP] Solver log: Report\master_iter_008_cuts_007_20260806_051716.log
Shuttle totals (OUT+RET): q0=12, q1=12
MP stats (solver): nodes=1368 best_bound=2337.008228900335 incumbent=2459.4900779550035 gap=0.04979969228276124
MP result: status=SolveStatus.FEASIBLE obj=2459.49 lb=2337.01
[CHECK] MP: first=1.49 theta=2458 mp_total=2459.49 inc_obj=2459.49 best_bound=2337.01
[CHECK] MP bounds: mp_obj=2459.49 mp_best_bound=2337.01 mp_best_integer=2459.49 term=optimal status=ok gap=0.0497997
[MP] iter=8 incumbent=2459.49 best_bound=2337.01 gap=0.0497997 (src: inc=cplex_api bb=cplex_api gap=cplex_api)
[MP] iter=8 cuts=7 obj=2459.490 last_const=13274.000 last_nnz=25
[MW] core updated (t=0..): min=0.0576 max=1.72 mean=0.557
Evaluating Subproblem (SP) at candidate...
2026-08-06 05:17:17,685 INFO | mobauto2_benders.benders.solver | force-added CutType.OPTIMALITY cut 'opt_cut'
2026-08-06 05:17:17,686 INFO | mobauto2_benders.benders.solver | added 1 cut(s)
2026-08-06 05:17:17,686 INFO | mobauto2_benders.benders.solver | bounds: best_lb=2337.01 best_ub=4876.24 gap=2539.23 rel=0.521
SP result: recourse=5307 feasible=True
[SP PIPELINE] iter=8 build=0.000s solve=0.000s extract=0.000s post=0.000s cutgen=0.026s mode=mw lb_valid=True tl_inc=False vars=- bin=- cons=- lp=-
[CHECK] SP: recourse=5307 first=1.49 sp_total=5308.49
[CUT TIGHTNESS] raw_line(y)=5307  SP_ub=5307  diff=-9.09e-13
[BENDERS] Added cut #7: const_out=7225, const_ret=6782, nnz=27, slope_range=[-1.44e+03,-15], raw_pos_dm=0, scale=1
[BENDERS] Eval cut (dir): OUT lhs=1703 rhs=2875; RET lhs=755 rhs=2432
Master updated: added 1 cut(s): opt_cut
[CUT SUMMARY] it=8 cand=OUT[0,2]|RET[0,3]|OUT[0,5]|RET[0,6]|OUT[0,7]|RET[0,8]|OUT[0,11]|RET[0,12]|OUT[0,15]|RET[0,17]|OUT[0,19]|RET[0,20]|...(+12) decision=added skip=None theta_total=2458.0000779550037 rec_total=5307.000035 raw_rhs_total=5307.000035000012 rhs_total=5307.000035000013 lhs_total=2458.0000779550037
Timing: master=1.547s sp_solve=0.023s cutgen=0.026s cutadd=0.001s cuts_added=1 total_cuts=8
MP stats: nodes=1368 best_bound=2337.008228900335 incumbent=2459.4900779550035 gap=0.04979969228276124
[CHECK] GAP: LB=2337.01 UB=4876.24 gap=2539.23 rel=0.521

=== Iteration 9 ===
Solving Master (MP)...
[SCHEDULE] master gap-tied: time_limit_s=102 mipgap=0.05 g_bd=0.521
[MIPSTART] x-only start applied: n_out=44 n_ret=44
[MP] Wrote LP: Report\master_iter_009_cuts_008_20260806_051717.lp
2026-08-06 05:17:20,307 INFO | mobauto2_benders.benders.solver | iter=9 master status=SolveStatus.FEASIBLE obj=2855.74 lb=2713.08
Solver log file: C:\Users\fabio\AppData\Local\Temp\tmp5osdfmub.log
MP raw solver: status=ok term=optimal incumbent=2855.740015 best_bound=2713.0758923546196
MP solutions: count=1 keys=['Gap', 'Status', 'Message', 'Problem', 'Objective', 'Variable', 'Constraint']
[MP] Solver log: Report\master_iter_009_cuts_008_20260806_051717.log
Shuttle totals (OUT+RET): q0=12, q1=12
MP stats (solver): nodes=4377 best_bound=2713.0758923546196 incumbent=2855.740015 gap=0.04995697153663174
MP result: status=SolveStatus.FEASIBLE obj=2855.74 lb=2713.08
[CHECK] MP: first=1.74 theta=2854 mp_total=2855.74 inc_obj=2855.74 best_bound=2713.08
[CHECK] MP bounds: mp_obj=2855.74 mp_best_bound=2713.08 mp_best_integer=2855.74 term=optimal status=ok gap=0.049957
[MP] iter=9 incumbent=2855.74 best_bound=2713.08 gap=0.049957 (src: inc=cplex_api bb=cplex_api gap=cplex_api)
[MP] iter=9 cuts=8 obj=2855.740 last_const=14007.000 last_nnz=27
[MW] core updated (t=0..): min=0.0404 max=1.81 mean=0.553
Evaluating Subproblem (SP) at candidate...
2026-08-06 05:17:20,410 INFO | mobauto2_benders.benders.solver | force-added CutType.OPTIMALITY cut 'opt_cut'
2026-08-06 05:17:20,410 INFO | mobauto2_benders.benders.solver | added 1 cut(s)
2026-08-06 05:17:20,410 INFO | mobauto2_benders.benders.solver | bounds: best_lb=2713.08 best_ub=4876.24 gap=2163.16 rel=0.444
SP result: recourse=4937 feasible=True
[SP PIPELINE] iter=9 build=0.000s solve=0.000s extract=0.000s post=0.000s cutgen=0.021s mode=mw lb_valid=True tl_inc=False vars=- bin=- cons=- lp=-
[CHECK] SP: recourse=4937 first=1.74 sp_total=4938.74
[CUT TIGHTNESS] raw_line(y)=4937  SP_ub=4937  diff=-2.73e-12
[BENDERS] Added cut #8: const_out=7421, const_ret=4761, nnz=26, slope_range=[-1.44e+03,-15], raw_pos_dm=0, scale=1
[BENDERS] Eval cut (dir): OUT lhs=2099 rhs=3071; RET lhs=755 rhs=1866
Master updated: added 1 cut(s): opt_cut
[CUT SUMMARY] it=9 cand=OUT[0,1]|RET[0,3]|OUT[0,5]|RET[0,7]|OUT[0,10]|RET[0,11]|OUT[0,13]|RET[0,14]|OUT[0,16]|RET[0,17]|OUT[0,19]|RET[0,20]|...(+12) decision=added skip=None theta_total=2854.0000149999996 rec_total=4937.000041 raw_rhs_total=4937.000040999999 rhs_total=4937.000040999999 lhs_total=2854.0000149999996
Timing: master=2.622s sp_solve=0.022s cutgen=0.021s cutadd=0.001s cuts_added=1 total_cuts=9
MP stats: nodes=4377 best_bound=2713.0758923546196 incumbent=2855.740015 gap=0.04995697153663174
[CHECK] GAP: LB=2713.08 UB=4876.24 gap=2163.16 rel=0.444

=== Iteration 10 ===
Solving Master (MP)...
[SCHEDULE] master gap-tied: time_limit_s=102 mipgap=0.05 g_bd=0.444
[MIPSTART] x-only start applied: n_out=44 n_ret=44
[MP] Wrote LP: Report\master_iter_010_cuts_009_20260806_051720.lp
2026-08-06 05:17:23,416 INFO | mobauto2_benders.benders.solver | iter=10 master status=SolveStatus.FEASIBLE obj=2880.74 lb=2736.96
Solver log file: C:\Users\fabio\AppData\Local\Temp\tmp9dl0eh6l.log
MP raw solver: status=ok term=optimal incumbent=2880.7400946050047 best_bound=2736.9577227378327
MP solutions: count=1 keys=['Gap', 'Status', 'Message', 'Problem', 'Objective', 'Variable', 'Constraint']
[MP] Solver log: Report\master_iter_010_cuts_009_20260806_051720.log
Shuttle totals (OUT+RET): q0=12, q1=12
MP stats (solver): nodes=6553 best_bound=2736.9577227378327 incumbent=2880.7400946050047 gap=0.049911608526031194
MP result: status=SolveStatus.FEASIBLE obj=2880.74 lb=2736.96
[CHECK] MP: first=0.74 theta=2880 mp_total=2880.74 inc_obj=2880.74 best_bound=2736.96
[CHECK] MP bounds: mp_obj=2880.74 mp_best_bound=2736.96 mp_best_integer=2880.74 term=optimal status=ok gap=0.0499116
[MP] iter=10 incumbent=2880.74 best_bound=2736.96 gap=0.0499116 (src: inc=cplex_api bb=cplex_api gap=cplex_api)
[MP] iter=10 cuts=9 obj=2880.740 last_const=12182.000 last_nnz=26
[MW] core updated (t=0..): min=0.0282 max=1.86 mean=0.551
Evaluating Subproblem (SP) at candidate...
2026-08-06 05:17:23,511 INFO | mobauto2_benders.benders.solver | force-added CutType.OPTIMALITY cut 'opt_cut'
2026-08-06 05:17:23,511 INFO | mobauto2_benders.benders.solver | added 1 cut(s)
2026-08-06 05:17:23,511 INFO | mobauto2_benders.benders.solver | bounds: best_lb=2736.96 best_ub=4876.24 gap=2139.28 rel=0.439
SP result: recourse=5596 feasible=True
[SP PIPELINE] iter=10 build=0.000s solve=0.000s extract=0.000s post=0.000s cutgen=0.019s mode=mw lb_valid=True tl_inc=False vars=- bin=- cons=- lp=-
[CHECK] SP: recourse=5596 first=0.74 sp_total=5596.74
[CUT TIGHTNESS] raw_line(y)=5596  SP_ub=5596  diff=-9.09e-13
[BENDERS] Added cut #9: const_out=7853, const_ret=7148, nnz=25, slope_range=[-1.44e+03,-15], raw_pos_dm=0, scale=1
[BENDERS] Eval cut (dir): OUT lhs=2095 rhs=3503; RET lhs=785 rhs=2093
Master updated: added 1 cut(s): opt_cut
[CUT SUMMARY] it=10 cand=OUT[0,1]|RET[0,2]|OUT[0,5]|RET[0,6]|OUT[0,8]|RET[0,9]|OUT[0,10]|RET[0,11]|OUT[0,16]|RET[0,17]|OUT[0,18]|RET[0,20]|...(+12) decision=added skip=None theta_total=2880.0000946050045 rec_total=5596.00003 raw_rhs_total=5596.00003 rhs_total=5596.000030000001 lhs_total=2880.0000946050045
Timing: master=2.998s sp_solve=0.021s cutgen=0.019s cutadd=0.001s cuts_added=1 total_cuts=10
MP stats: nodes=6553 best_bound=2736.9577227378327 incumbent=2880.7400946050047 gap=0.049911608526031194
[CHECK] GAP: LB=2736.96 UB=4876.24 gap=2139.28 rel=0.439

=== Iteration 11 ===
Solving Master (MP)...
[SCHEDULE] master gap-tied: time_limit_s=102 mipgap=0.05 g_bd=0.439
[MIPSTART] x-only start applied: n_out=44 n_ret=44
[MP] Wrote LP: Report\master_iter_011_cuts_010_20260806_051723.lp
2026-08-06 05:17:31,552 INFO | mobauto2_benders.benders.solver | iter=11 master status=SolveStatus.FEASIBLE obj=3336.49 lb=3169.77
Solver log file: C:\Users\fabio\AppData\Local\Temp\tmpwq163e8a.log
MP raw solver: status=ok term=optimal incumbent=3336.4900990592464 best_bound=3169.7710450567715
MP solutions: count=1 keys=['Gap', 'Status', 'Message', 'Problem', 'Objective', 'Variable', 'Constraint']
[MP] Solver log: Report\master_iter_011_cuts_010_20260806_051723.log
Shuttle totals (OUT+RET): q0=12, q1=12
MP stats (solver): nodes=12389 best_bound=3169.7710450567715 incumbent=3336.4900990592464 gap=0.04996839464606169
MP result: status=SolveStatus.FEASIBLE obj=3336.49 lb=3169.77
[CHECK] MP: first=1.49 theta=3335 mp_total=3336.49 inc_obj=3336.49 best_bound=3169.77
[CHECK] MP bounds: mp_obj=3336.49 mp_best_bound=3169.77 mp_best_integer=3336.49 term=optimal status=ok gap=0.0499684
[MP] iter=11 incumbent=3336.49 best_bound=3169.77 gap=0.0499684 (src: inc=cplex_api bb=cplex_api gap=cplex_api)
[MP] iter=11 cuts=10 obj=3336.490 last_const=15001.000 last_nnz=25
[MW] core updated (t=0..): min=0.0198 max=1.9 mean=0.549
Evaluating Subproblem (SP) at candidate...
2026-08-06 05:17:31,679 INFO | mobauto2_benders.benders.solver | force-added CutType.OPTIMALITY cut 'opt_cut'
2026-08-06 05:17:31,679 INFO | mobauto2_benders.benders.solver | added 1 cut(s)
2026-08-06 05:17:31,679 INFO | mobauto2_benders.benders.solver | bounds: best_lb=3169.77 best_ub=4876.24 gap=1706.47 rel=0.35
SP result: recourse=5550 feasible=True
[SP PIPELINE] iter=11 build=0.000s solve=0.000s extract=0.000s post=0.000s cutgen=0.034s mode=mw lb_valid=True tl_inc=False vars=- bin=- cons=- lp=-
[CHECK] SP: recourse=5550 first=1.49 sp_total=5551.49
[CUT TIGHTNESS] raw_line(y)=5550  SP_ub=5550  diff=-9.09e-13
[BENDERS] Added cut #10: const_out=7367, const_ret=6148, nnz=25, slope_range=[-1.44e+03,-15], raw_pos_dm=0, scale=1
[BENDERS] Eval cut (dir): OUT lhs=1845 rhs=3017; RET lhs=1490 rhs=2533
Master updated: added 1 cut(s): opt_cut
[CUT SUMMARY] it=11 cand=OUT[0,1]|RET[0,2]|OUT[0,5]|RET[0,6]|OUT[0,7]|RET[0,8]|OUT[0,11]|RET[0,12]|OUT[0,14]|RET[0,15]|OUT[0,18]|RET[0,20]|...(+12) decision=added skip=None theta_total=3335.0000988799966 rec_total=5550.00003 raw_rhs_total=5550.000556994943 rhs_total=5550.0005569949435 lhs_total=3335.0000988799966
Timing: master=8.030s sp_solve=0.024s cutgen=0.034s cutadd=0.001s cuts_added=1 total_cuts=11
MP stats: nodes=12389 best_bound=3169.7710450567715 incumbent=3336.4900990592464 gap=0.04996839464606169
[CHECK] GAP: LB=3169.77 UB=4876.24 gap=1706.47 rel=0.35

=== Iteration 12 ===
Solving Master (MP)...
[SCHEDULE] master gap-tied: time_limit_s=102 mipgap=0.05 g_bd=0.35
[MIPSTART] x-only start applied: n_out=44 n_ret=44
[MP] Wrote LP: Report\master_iter_012_cuts_011_20260806_051731.lp
2026-08-06 05:17:43,462 INFO | mobauto2_benders.benders.solver | iter=12 master status=SolveStatus.FEASIBLE obj=3442.99 lb=3271.32
Solver log file: C:\Users\fabio\AppData\Local\Temp\tmp40lvgr5i.log
MP raw solver: status=ok term=optimal incumbent=3442.990030000001 best_bound=3271.322585573432
MP solutions: count=1 keys=['Gap', 'Status', 'Message', 'Problem', 'Objective', 'Variable', 'Constraint']
[MP] Solver log: Report\master_iter_012_cuts_011_20260806_051731.log
Shuttle totals (OUT+RET): q0=12, q1=12
MP stats (solver): nodes=12894 best_bound=3271.322585573432 incumbent=3442.990030000001 gap=0.049859988826794134
MP result: status=SolveStatus.FEASIBLE obj=3442.99 lb=3271.32
[CHECK] MP: first=0.99 theta=3442 mp_total=3442.99 inc_obj=3442.99 best_bound=3271.32
[CHECK] MP bounds: mp_obj=3442.99 mp_best_bound=3271.32 mp_best_integer=3442.99 term=optimal status=ok gap=0.04986
[MP] iter=12 incumbent=3442.99 best_bound=3271.32 gap=0.04986 (src: inc=cplex_api bb=cplex_api gap=cplex_api)
[MP] iter=12 cuts=11 obj=3442.990 last_const=13515.000 last_nnz=25
[MW] core updated (t=0..): min=0.0138 max=1.93 mean=0.548
Evaluating Subproblem (SP) at candidate...
2026-08-06 05:17:43,637 INFO | mobauto2_benders.benders.solver | force-added CutType.OPTIMALITY cut 'opt_cut'
2026-08-06 05:17:43,637 INFO | mobauto2_benders.benders.solver | added 1 cut(s)
2026-08-06 05:17:43,637 INFO | mobauto2_benders.benders.solver | bounds: best_lb=3271.32 best_ub=4876.24 gap=1604.92 rel=0.329
SP result: recourse=4925 feasible=True
[SP PIPELINE] iter=12 build=0.000s solve=0.000s extract=0.000s post=0.000s cutgen=0.032s mode=mw lb_valid=True tl_inc=False vars=- bin=- cons=- lp=-
[CHECK] SP: recourse=4925 first=0.99 sp_total=4925.99
[CUT TIGHTNESS] raw_line(y)=4925  SP_ub=4925  diff=-9.09e-13
[BENDERS] Added cut #11: const_out=7036, const_ret=6574, nnz=24, slope_range=[-1.44e+03,-15], raw_pos_dm=0, scale=1
[BENDERS] Eval cut (dir): OUT lhs=2129 rhs=2686; RET lhs=1313 rhs=2239
Master updated: added 1 cut(s): opt_cut
[CUT SUMMARY] it=12 cand=OUT[0,2]|RET[0,3]|OUT[0,5]|RET[0,6]|OUT[0,7]|RET[0,8]|OUT[0,13]|RET[0,15]|OUT[0,16]|RET[0,17]|OUT[0,19]|RET[0,20]|...(+12) decision=added skip=None theta_total=3442.00003 rec_total=4925.00003 raw_rhs_total=4925.00003 rhs_total=4925.000030000001 lhs_total=3442.00003
Timing: master=11.782s sp_solve=0.031s cutgen=0.032s cutadd=0.002s cuts_added=1 total_cuts=12
MP stats: nodes=12894 best_bound=3271.322585573432 incumbent=3442.990030000001 gap=0.049859988826794134
[CHECK] GAP: LB=3271.32 UB=4876.24 gap=1604.92 rel=0.329

=== Iteration 13 ===
Solving Master (MP)...
[SCHEDULE] master gap-tied: time_limit_s=102 mipgap=0.05 g_bd=0.329
[MIPSTART] x-only start applied: n_out=44 n_ret=44
[MP] Wrote LP: Report\master_iter_013_cuts_012_20260806_051743.lp
2026-08-06 05:17:50,370 INFO | mobauto2_benders.benders.solver | iter=13 master status=SolveStatus.FEASIBLE obj=3954.74 lb=3757.08
Solver log file: C:\Users\fabio\AppData\Local\Temp\tmp4pwgjjxh.log
MP raw solver: status=ok term=optimal incumbent=3954.740103875005 best_bound=3757.0814326818727
MP solutions: count=1 keys=['Gap', 'Status', 'Message', 'Problem', 'Objective', 'Variable', 'Constraint']
[MP] Solver log: Report\master_iter_013_cuts_012_20260806_051743.log
Shuttle totals (OUT+RET): q0=12, q1=12
MP stats (solver): nodes=12777 best_bound=3757.0814326818727 incumbent=3954.740103875005 gap=0.04998019237710558
MP result: status=SolveStatus.FEASIBLE obj=3954.74 lb=3757.08
[CHECK] MP: first=0.74 theta=3954 mp_total=3954.74 inc_obj=3954.74 best_bound=3757.08
[CHECK] MP bounds: mp_obj=3954.74 mp_best_bound=3757.08 mp_best_integer=3954.74 term=optimal status=ok gap=0.0499802
[MP] iter=13 incumbent=3954.74 best_bound=3757.08 gap=0.0499802 (src: inc=cplex_api bb=cplex_api gap=cplex_api)
[MP] iter=13 cuts=12 obj=3954.740 last_const=13610.000 last_nnz=24
[MW] core updated (t=0..): min=0.00969 max=1.95 mean=0.547
Evaluating Subproblem (SP) at candidate...
2026-08-06 05:17:50,563 INFO | mobauto2_benders.benders.solver | force-added CutType.OPTIMALITY cut 'opt_cut'
2026-08-06 05:17:50,563 INFO | mobauto2_benders.benders.solver | added 1 cut(s)
2026-08-06 05:17:50,563 INFO | mobauto2_benders.benders.solver | bounds: best_lb=3757.08 best_ub=4876.24 gap=1119.16 rel=0.23
SP result: recourse=5061 feasible=True
[SP PIPELINE] iter=13 build=0.000s solve=0.000s extract=0.000s post=0.000s cutgen=0.030s mode=mw lb_valid=True tl_inc=False vars=- bin=- cons=- lp=-
[CHECK] SP: recourse=5061 first=0.74 sp_total=5061.74
[CUT TIGHTNESS] raw_line(y)=5061  SP_ub=5061  diff=-9.09e-13
[BENDERS] Added cut #12: const_out=7462, const_ret=5564, nnz=23, slope_range=[-1.44e+03,-15], raw_pos_dm=0, scale=1
[BENDERS] Eval cut (dir): OUT lhs=2611 rhs=3112; RET lhs=1343 rhs=1949
Master updated: added 1 cut(s): opt_cut
[CUT SUMMARY] it=13 cand=OUT[0,1]|RET[0,2]|OUT[0,5]|RET[0,6]|OUT[0,8]|RET[0,9]|OUT[0,11]|RET[0,12]|OUT[0,14]|RET[0,15]|OUT[0,18]|RET[0,20]|...(+12) decision=added skip=None theta_total=3954.0001038750042 rec_total=5061.00003 raw_rhs_total=5061.00003 rhs_total=5061.000030000001 lhs_total=3954.0001038750042
Timing: master=6.724s sp_solve=0.038s cutgen=0.030s cutadd=0.002s cuts_added=1 total_cuts=13
MP stats: nodes=12777 best_bound=3757.0814326818727 incumbent=3954.740103875005 gap=0.04998019237710558
[CHECK] GAP: LB=3757.08 UB=4876.24 gap=1119.16 rel=0.23

=== Iteration 14 ===
Solving Master (MP)...
[SCHEDULE] master gap-tied: time_limit_s=102 mipgap=0.05 g_bd=0.23
[MIPSTART] x-only start applied: n_out=44 n_ret=44
[MP] Wrote LP: Report\master_iter_014_cuts_013_20260806_051750.lp
2026-08-06 05:17:51,430 INFO | mobauto2_benders.benders.solver | iter=14 master status=SolveStatus.FEASIBLE obj=3970.74 lb=3782.65
Solver log file: C:\Users\fabio\AppData\Local\Temp\tmpnrjuibp_.log
MP raw solver: status=ok term=optimal incumbent=3970.7400300000018 best_bound=3782.6454200773505
MP solutions: count=1 keys=['Gap', 'Status', 'Message', 'Problem', 'Objective', 'Variable', 'Constraint']
[MP] Solver log: Report\master_iter_014_cuts_013_20260806_051750.log
Shuttle totals (OUT+RET): q0=12, q1=12
MP stats (solver): nodes=95 best_bound=3782.6454200773505 incumbent=3970.7400300000018 gap=0.04737016488149349
MP result: status=SolveStatus.FEASIBLE obj=3970.74 lb=3782.65
[CHECK] MP: first=1.74 theta=3969 mp_total=3970.74 inc_obj=3970.74 best_bound=3782.65
[CHECK] MP bounds: mp_obj=3970.74 mp_best_bound=3782.65 mp_best_integer=3970.74 term=optimal status=ok gap=0.0473702
[MP] iter=14 incumbent=3970.74 best_bound=3782.65 gap=0.0473702 (src: inc=cplex_api bb=cplex_api gap=cplex_api)
[MP] iter=14 cuts=13 obj=3970.740 last_const=13026.000 last_nnz=23
[MW] core updated (t=0..): min=0.00678 max=1.97 mean=0.547
Evaluating Subproblem (SP) at candidate...
2026-08-06 05:17:51,586 INFO | mobauto2_benders.benders.solver | force-added CutType.OPTIMALITY cut 'opt_cut'
2026-08-06 05:17:51,587 INFO | mobauto2_benders.benders.solver | added 1 cut(s)
2026-08-06 05:17:51,587 INFO | mobauto2_benders.benders.solver | bounds: best_lb=3782.65 best_ub=4876.24 gap=1093.59 rel=0.224
SP result: recourse=5706 feasible=True
[SP PIPELINE] iter=14 build=0.000s solve=0.000s extract=0.000s post=0.000s cutgen=0.028s mode=mw lb_valid=True tl_inc=False vars=- bin=- cons=- lp=-
[CHECK] SP: recourse=5706 first=1.74 sp_total=5707.74
[CUT TIGHTNESS] raw_line(y)=5706  SP_ub=5706  diff=9.09e-13
[BENDERS] Added cut #13: const_out=6540, const_ret=5661, nnz=26, slope_range=[-1.44e+03,-15], raw_pos_dm=0, scale=1
[BENDERS] Eval cut (dir): OUT lhs=2626 rhs=3660; RET lhs=1343 rhs=2046
Master updated: added 1 cut(s): opt_cut
[CUT SUMMARY] it=14 cand=OUT[0,1]|RET[0,2]|OUT[0,5]|RET[0,6]|OUT[0,8]|RET[0,9]|OUT[0,10]|RET[0,12]|OUT[0,15]|RET[0,16]|OUT[0,19]|RET[0,20]|...(+12) decision=added skip=None theta_total=3969.000030000001 rec_total=5706.000034 raw_rhs_total=5706.0000340000015 rhs_total=5706.000034000002 lhs_total=3969.000030000001
Timing: master=0.868s sp_solve=0.030s cutgen=0.028s cutadd=0.002s cuts_added=1 total_cuts=14
MP stats: nodes=95 best_bound=3782.6454200773505 incumbent=3970.7400300000018 gap=0.04737016488149349
[CHECK] GAP: LB=3782.65 UB=4876.24 gap=1093.59 rel=0.224

=== Iteration 15 ===
Solving Master (MP)...
[SCHEDULE] master gap-tied: time_limit_s=102 mipgap=0.05 g_bd=0.224
[MIPSTART] x-only start applied: n_out=44 n_ret=44
[MP] Wrote LP: Report\master_iter_015_cuts_014_20260806_051751.lp
2026-08-06 05:17:52,982 INFO | mobauto2_benders.benders.solver | iter=15 master status=SolveStatus.FEASIBLE obj=3969.99 lb=3773.17
Solver log file: C:\Users\fabio\AppData\Local\Temp\tmpxqbx2t50.log
MP raw solver: status=ok term=optimal incumbent=3969.9900300000018 best_bound=3773.169217809971
MP solutions: count=1 keys=['Gap', 'Status', 'Message', 'Problem', 'Objective', 'Variable', 'Constraint']
[MP] Solver log: Report\master_iter_015_cuts_014_20260806_051751.log
Shuttle totals (OUT+RET): q0=12, q1=12
MP stats (solver): nodes=1319 best_bound=3773.169217809971 incumbent=3969.9900300000018 gap=0.04957715528318987
MP result: status=SolveStatus.FEASIBLE obj=3969.99 lb=3773.17
[CHECK] MP: first=0.99 theta=3969 mp_total=3969.99 inc_obj=3969.99 best_bound=3773.17
[CHECK] MP bounds: mp_obj=3969.99 mp_best_bound=3773.17 mp_best_integer=3969.99 term=optimal status=ok gap=0.0495772
[MP] iter=15 incumbent=3969.99 best_bound=3773.17 gap=0.0495772 (src: inc=cplex_api bb=cplex_api gap=cplex_api)
[MP] iter=15 cuts=14 obj=3969.990 last_const=12201.000 last_nnz=26
[MW] core updated (t=0..): min=0.00475 max=1.98 mean=0.546
Evaluating Subproblem (SP) at candidate...
2026-08-06 05:17:53,123 INFO | mobauto2_benders.benders.solver | force-added CutType.OPTIMALITY cut 'opt_cut'
2026-08-06 05:17:53,123 INFO | mobauto2_benders.benders.solver | added 1 cut(s)
2026-08-06 05:17:53,123 INFO | mobauto2_benders.benders.solver | bounds: best_lb=3782.65 best_ub=4534.99 gap=752.345 rel=0.166
SP result: recourse=4534 feasible=True
[SP PIPELINE] iter=15 build=0.000s solve=0.000s extract=0.000s post=0.000s cutgen=0.025s mode=mw lb_valid=True tl_inc=False vars=- bin=- cons=- lp=-
[CHECK] SP: recourse=4534 first=0.99 sp_total=4534.99
[CUT TIGHTNESS] raw_line(y)=4534  SP_ub=4534  diff=-9.09e-13
[BENDERS] Added cut #14: const_out=7418, const_ret=6536, nnz=26, slope_range=[-1.44e+03,-15], raw_pos_dm=0, scale=1
[BENDERS] Eval cut (dir): OUT lhs=2626 rhs=3068; RET lhs=1343 rhs=1466
Master updated: added 1 cut(s): opt_cut
[CUT SUMMARY] it=15 cand=OUT[0,2]|RET[0,3]|OUT[0,5]|RET[0,6]|OUT[0,10]|RET[0,11]|OUT[0,12]|RET[0,13]|OUT[0,16]|RET[0,17]|OUT[0,19]|RET[0,20]|...(+12) decision=added skip=None theta_total=3969.000030000001 rec_total=4534.00003 raw_rhs_total=4534.00003 rhs_total=4534.000030000001 lhs_total=3969.000030000001
Timing: master=1.395s sp_solve=0.029s cutgen=0.025s cutadd=0.002s cuts_added=1 total_cuts=15
MP stats: nodes=1319 best_bound=3773.169217809971 incumbent=3969.9900300000018 gap=0.04957715528318987
[CHECK] GAP: LB=3782.65 UB=4534.99 gap=752.345 rel=0.166

=== Iteration 16 ===
Solving Master (MP)...
[SCHEDULE] master gap-tied: time_limit_s=102 mipgap=0.05 g_bd=0.166
[MIPSTART] x-only start applied: n_out=44 n_ret=44
[MP] Wrote LP: Report\master_iter_016_cuts_015_20260806_051753.lp
2026-08-06 05:17:54,522 INFO | mobauto2_benders.benders.solver | iter=16 master status=SolveStatus.FEASIBLE obj=4000.24 lb=3803.71
Solver log file: C:\Users\fabio\AppData\Local\Temp\tmp4h9pvyak.log
MP raw solver: status=ok term=optimal incumbent=4000.2400300000018 best_bound=3803.7067849786404
MP solutions: count=1 keys=['Gap', 'Status', 'Message', 'Problem', 'Objective', 'Variable', 'Constraint']
[MP] Solver log: Report\master_iter_016_cuts_015_20260806_051753.log
Shuttle totals (OUT+RET): q0=12, q1=12
MP stats (solver): nodes=1643 best_bound=3803.7067849786404 incumbent=4000.2400300000018 gap=0.04913036306507747
MP result: status=SolveStatus.FEASIBLE obj=4000.24 lb=3803.71
[CHECK] MP: first=1.24 theta=3999 mp_total=4000.24 inc_obj=4000.24 best_bound=3803.71
[CHECK] MP bounds: mp_obj=4000.24 mp_best_bound=3803.71 mp_best_integer=4000.24 term=optimal status=ok gap=0.0491304
[MP] iter=16 incumbent=4000.24 best_bound=3803.71 gap=0.0491304 (src: inc=cplex_api bb=cplex_api gap=cplex_api)
[MP] iter=16 cuts=15 obj=4000.240 last_const=13954.000 last_nnz=26
[MW] core updated (t=0..): min=0.00332 max=1.98 mean=0.546
Evaluating Subproblem (SP) at candidate...
2026-08-06 05:17:54,691 INFO | mobauto2_benders.benders.solver | force-added CutType.OPTIMALITY cut 'opt_cut'
2026-08-06 05:17:54,691 INFO | mobauto2_benders.benders.solver | added 1 cut(s)
2026-08-06 05:17:54,691 INFO | mobauto2_benders.benders.solver | bounds: best_lb=3803.71 best_ub=4534.99 gap=731.283 rel=0.161
SP result: recourse=5017 feasible=True
[SP PIPELINE] iter=16 build=0.000s solve=0.000s extract=0.000s post=0.000s cutgen=0.028s mode=mw lb_valid=True tl_inc=False vars=- bin=- cons=- lp=-
[CHECK] SP: recourse=5017 first=1.24 sp_total=5018.24
[CUT TIGHTNESS] raw_line(y)=5017  SP_ub=5017  diff=-9.09e-13
[BENDERS] Added cut #15: const_out=7272, const_ret=5710, nnz=24, slope_range=[-1.44e+03,-15], raw_pos_dm=0, scale=1
[BENDERS] Eval cut (dir): OUT lhs=2656 rhs=2922; RET lhs=1343 rhs=2095
Master updated: added 1 cut(s): opt_cut
[CUT SUMMARY] it=16 cand=OUT[0,2]|RET[0,3]|OUT[0,5]|RET[0,6]|OUT[0,10]|RET[0,11]|OUT[0,12]|RET[0,13]|OUT[0,15]|RET[0,16]|OUT[0,19]|RET[0,20]|...(+12) decision=added skip=None theta_total=3999.000030000001 rec_total=5017.00003 raw_rhs_total=5017.00003 rhs_total=5017.000030000001 lhs_total=3999.000030000001
Timing: master=1.409s sp_solve=0.028s cutgen=0.028s cutadd=0.002s cuts_added=1 total_cuts=16
MP stats: nodes=1643 best_bound=3803.7067849786404 incumbent=4000.2400300000018 gap=0.04913036306507747
[CHECK] GAP: LB=3803.71 UB=4534.99 gap=731.283 rel=0.161

=== Iteration 17 ===
Solving Master (MP)...
[SCHEDULE] master gap-tied: time_limit_s=102 mipgap=0.05 g_bd=0.161
[MIPSTART] x-only start applied: n_out=44 n_ret=44
[MP] Wrote LP: Report\master_iter_017_cuts_016_20260806_051754.lp
2026-08-06 05:17:56,186 INFO | mobauto2_benders.benders.solver | iter=17 master status=SolveStatus.FEASIBLE obj=4000.99 lb=3802.02
Solver log file: C:\Users\fabio\AppData\Local\Temp\tmpqh_s_fyo.log
MP raw solver: status=ok term=optimal incumbent=4000.9900300000018 best_bound=3802.0245527848388
MP solutions: count=1 keys=['Gap', 'Status', 'Message', 'Problem', 'Objective', 'Variable', 'Constraint']
[MP] Solver log: Report\master_iter_017_cuts_016_20260806_051754.log
Shuttle totals (OUT+RET): q0=12, q1=12
MP stats (solver): nodes=223 best_bound=3802.0245527848388 incumbent=4000.9900300000018 gap=0.049729060988226936
MP result: status=SolveStatus.FEASIBLE obj=4000.99 lb=3802.02
[CHECK] MP: first=1.99 theta=3999 mp_total=4000.99 inc_obj=4000.99 best_bound=3802.02
[CHECK] MP bounds: mp_obj=4000.99 mp_best_bound=3802.02 mp_best_integer=4000.99 term=optimal status=ok gap=0.0497291
[MP] iter=17 incumbent=4000.99 best_bound=3802.02 gap=0.0497291 (src: inc=cplex_api bb=cplex_api gap=cplex_api)
[MP] iter=17 cuts=16 obj=4000.990 last_const=12982.000 last_nnz=24
[MW] core updated (t=0..): min=0.00233 max=1.99 mean=0.546
Evaluating Subproblem (SP) at candidate...
2026-08-06 05:17:56,389 INFO | mobauto2_benders.benders.solver | force-added CutType.OPTIMALITY cut 'opt_cut'
2026-08-06 05:17:56,390 INFO | mobauto2_benders.benders.solver | added 1 cut(s)
2026-08-06 05:17:56,390 INFO | mobauto2_benders.benders.solver | bounds: best_lb=3803.71 best_ub=4534.99 gap=731.283 rel=0.161
SP result: recourse=5522 feasible=True
[SP PIPELINE] iter=17 build=0.000s solve=0.000s extract=0.000s post=0.000s cutgen=0.058s mode=mw lb_valid=True tl_inc=False vars=- bin=- cons=- lp=-
[CHECK] SP: recourse=5522 first=1.99 sp_total=5523.99
[CUT TIGHTNESS] raw_line(y)=5522  SP_ub=5522  diff=-2.73e-12
[BENDERS] Added cut #16: const_out=7419, const_ret=8213, nnz=29, slope_range=[-1.44e+03,-15], raw_pos_dm=0, scale=1
[BENDERS] Eval cut (dir): OUT lhs=2656 rhs=3069; RET lhs=1343 rhs=2453
Master updated: added 1 cut(s): opt_cut
[CUT SUMMARY] it=17 cand=OUT[0,3]|RET[0,4]|OUT[0,5]|RET[0,6]|OUT[0,8]|RET[0,9]|OUT[0,12]|RET[0,13]|OUT[0,17]|RET[0,18]|OUT[0,19]|RET[0,20]|...(+12) decision=added skip=None theta_total=3999.000030000001 rec_total=5522.00005 raw_rhs_total=5522.000049999999 rhs_total=5522.00005 lhs_total=3999.000030000001
Timing: master=1.494s sp_solve=0.039s cutgen=0.058s cutadd=0.002s cuts_added=1 total_cuts=17
MP stats: nodes=223 best_bound=3802.0245527848388 incumbent=4000.9900300000018 gap=0.049729060988226936
[CHECK] GAP: LB=3803.71 UB=4534.99 gap=731.283 rel=0.161

=== Iteration 18 ===
Solving Master (MP)...
[SCHEDULE] master gap-tied: time_limit_s=102 mipgap=0.05 g_bd=0.161
[MIPSTART] x-only start applied: n_out=44 n_ret=44
[MP] Wrote LP: Report\master_iter_018_cuts_017_20260806_051756.lp
2026-08-06 05:17:57,848 INFO | mobauto2_benders.benders.solver | iter=18 master status=SolveStatus.FEASIBLE obj=4014.74 lb=3816.1
Solver log file: C:\Users\fabio\AppData\Local\Temp\tmp65y6g7k5.log
MP raw solver: status=ok term=optimal incumbent=4014.740074268624 best_bound=3816.0961958329935
MP solutions: count=1 keys=['Gap', 'Status', 'Message', 'Problem', 'Objective', 'Variable', 'Constraint']
[MP] Solver log: Report\master_iter_018_cuts_017_20260806_051756.log
Shuttle totals (OUT+RET): q0=12, q1=12
MP stats (solver): nodes=1883 best_bound=3816.0961958329935 incumbent=4014.740074268624 gap=0.0494786399021892
MP result: status=SolveStatus.FEASIBLE obj=4014.74 lb=3816.1
[CHECK] MP: first=0.74 theta=4014 mp_total=4014.74 inc_obj=4014.74 best_bound=3816.1
[CHECK] MP bounds: mp_obj=4014.74 mp_best_bound=3816.1 mp_best_integer=4014.74 term=optimal status=ok gap=0.0494786
[MP] iter=18 incumbent=4014.74 best_bound=3816.1 gap=0.0494786 (src: inc=cplex_api bb=cplex_api gap=cplex_api)
[MP] iter=18 cuts=17 obj=4014.740 last_const=15632.000 last_nnz=29
[MW] core updated (t=0..): min=0.00163 max=1.99 mean=0.546
Evaluating Subproblem (SP) at candidate...
2026-08-06 05:17:58,280 INFO | mobauto2_benders.benders.solver | force-added CutType.OPTIMALITY cut 'opt_cut'
2026-08-06 05:17:58,281 INFO | mobauto2_benders.benders.solver | added 1 cut(s)
2026-08-06 05:17:58,281 INFO | mobauto2_benders.benders.solver | bounds: best_lb=3816.1 best_ub=4534.99 gap=718.894 rel=0.159
SP result: recourse=4628 feasible=True
[SP PIPELINE] iter=18 build=0.000s solve=0.000s extract=0.000s post=0.000s cutgen=0.033s mode=mw lb_valid=True tl_inc=False vars=- bin=- cons=- lp=-
[CHECK] SP: recourse=4628 first=0.74 sp_total=4628.74
[CUT TIGHTNESS] raw_line(y)=4628  SP_ub=4628  diff=-9.09e-13
[BENDERS] Added cut #17: const_out=7228, const_ret=7510, nnz=26, slope_range=[-1.44e+03,-15], raw_pos_dm=0, scale=1
[BENDERS] Eval cut (dir): OUT lhs=2671 rhs=2878; RET lhs=1343 rhs=1750
Master updated: added 1 cut(s): opt_cut
[CUT SUMMARY] it=18 cand=OUT[0,1]|RET[0,2]|OUT[0,5]|RET[0,7]|OUT[0,9]|RET[0,10]|OUT[0,11]|RET[0,12]|OUT[0,17]|RET[0,18]|OUT[0,19]|RET[0,20]|...(+12) decision=added skip=None theta_total=4014.0000742686234 rec_total=4628.00003 raw_rhs_total=4627.9999877051705 rhs_total=4627.999987705171 lhs_total=4014.0000742686234
Timing: master=1.458s sp_solve=0.072s cutgen=0.033s cutadd=0.004s cuts_added=1 total_cuts=18
MP stats: nodes=1883 best_bound=3816.0961958329935 incumbent=4014.740074268624 gap=0.0494786399021892
[CHECK] GAP: LB=3816.1 UB=4534.99 gap=718.894 rel=0.159

=== Iteration 19 ===
Solving Master (MP)...
[SCHEDULE] master gap-tied: time_limit_s=102 mipgap=0.05 g_bd=0.159
[MIPSTART] x-only start applied: n_out=44 n_ret=44
[MP] Wrote LP: Report\master_iter_019_cuts_018_20260806_051758.lp
2026-08-06 05:18:01,170 INFO | mobauto2_benders.benders.solver | iter=19 master status=SolveStatus.FEASIBLE obj=4108.49 lb=3903.14
Solver log file: C:\Users\fabio\AppData\Local\Temp\tmp9hkwijbg.log
MP raw solver: status=ok term=optimal incumbent=4108.490030000001 best_bound=3903.14406294316
MP solutions: count=1 keys=['Gap', 'Status', 'Message', 'Problem', 'Objective', 'Variable', 'Constraint']
[MP] Solver log: Report\master_iter_019_cuts_018_20260806_051758.log
Shuttle totals (OUT+RET): q0=12, q1=12
MP stats (solver): nodes=6385 best_bound=3903.14406294316 incumbent=4108.490030000001 gap=0.04998088484027205
MP result: status=SolveStatus.FEASIBLE obj=4108.49 lb=3903.14
[CHECK] MP: first=1.49 theta=4107 mp_total=4108.49 inc_obj=4108.49 best_bound=3903.14
[CHECK] MP bounds: mp_obj=4108.49 mp_best_bound=3903.14 mp_best_integer=4108.49 term=optimal status=ok gap=0.0499809
[MP] iter=19 incumbent=4108.49 best_bound=3903.14 gap=0.0499809 (src: inc=cplex_api bb=cplex_api gap=cplex_api)
[MP] iter=19 cuts=18 obj=4108.490 last_const=14738.000 last_nnz=26
[MW] core updated (t=0..): min=0.00114 max=1.99 mean=0.546
Evaluating Subproblem (SP) at candidate...
2026-08-06 05:18:01,364 INFO | mobauto2_benders.benders.solver | force-added CutType.OPTIMALITY cut 'opt_cut'
2026-08-06 05:18:01,365 INFO | mobauto2_benders.benders.solver | added 1 cut(s)
2026-08-06 05:18:01,365 INFO | mobauto2_benders.benders.solver | bounds: best_lb=3903.14 best_ub=4408.49 gap=505.346 rel=0.115
SP result: recourse=4407 feasible=True
[SP PIPELINE] iter=19 build=0.000s solve=0.000s extract=0.000s post=0.000s cutgen=0.058s mode=mw lb_valid=True tl_inc=False vars=- bin=- cons=- lp=-
[CHECK] SP: recourse=4407 first=1.49 sp_total=4408.49
[CUT TIGHTNESS] raw_line(y)=4407  SP_ub=4407  diff=-2.73e-12
[BENDERS] Added cut #18: const_out=7276, const_ret=7961, nnz=27, slope_range=[-1.44e+03,-15], raw_pos_dm=0, scale=1
[BENDERS] Eval cut (dir): OUT lhs=2641 rhs=2926; RET lhs=1466 rhs=1481
Master updated: added 1 cut(s): opt_cut
[CUT SUMMARY] it=19 cand=OUT[0,2]|RET[0,3]|OUT[0,5]|RET[0,7]|OUT[0,10]|RET[0,11]|OUT[0,12]|RET[0,13]|OUT[0,17]|RET[0,18]|OUT[0,19]|RET[0,20]|...(+12) decision=added skip=None theta_total=4107.000030000001 rec_total=4407.000045 raw_rhs_total=4407.000044999999 rhs_total=4407.000045000001 lhs_total=4107.000030000001
Timing: master=2.888s sp_solve=0.027s cutgen=0.058s cutadd=0.005s cuts_added=1 total_cuts=19
MP stats: nodes=6385 best_bound=3903.14406294316 incumbent=4108.490030000001 gap=0.04998088484027205
[CHECK] GAP: LB=3903.14 UB=4408.49 gap=505.346 rel=0.115

=== Iteration 20 ===
Solving Master (MP)...
[SCHEDULE] master gap-tied: time_limit_s=102 mipgap=0.05 g_bd=0.115
[MIPSTART] x-only start applied: n_out=44 n_ret=44
[MP] Wrote LP: Report\master_iter_020_cuts_019_20260806_051801.lp
2026-08-06 05:18:04,166 INFO | mobauto2_benders.benders.solver | iter=20 master status=SolveStatus.FEASIBLE obj=4132.24 lb=3926.05
Solver log file: C:\Users\fabio\AppData\Local\Temp\tmpxijmotey.log
MP raw solver: status=ok term=optimal incumbent=4132.240088875004 best_bound=3926.0472656863635
MP solutions: count=1 keys=['Gap', 'Status', 'Message', 'Problem', 'Objective', 'Variable', 'Constraint']
[MP] Solver log: Report\master_iter_020_cuts_019_20260806_051801.log
Shuttle totals (OUT+RET): q0=12, q1=12
MP stats (solver): nodes=5096 best_bound=3926.0472656863635 incumbent=4132.240088875004 gap=0.04989855834944275
MP result: status=SolveStatus.FEASIBLE obj=4132.24 lb=3926.05
[CHECK] MP: first=1.24 theta=4131 mp_total=4132.24 inc_obj=4132.24 best_bound=3926.05
[CHECK] MP bounds: mp_obj=4132.24 mp_best_bound=3926.05 mp_best_integer=4132.24 term=optimal status=ok gap=0.0498986
[MP] iter=20 incumbent=4132.24 best_bound=3926.05 gap=0.0498986 (src: inc=cplex_api bb=cplex_api gap=cplex_api)
[MP] iter=20 cuts=19 obj=4132.240 last_const=15237.000 last_nnz=27
[MW] core updated (t=0..): min=0.001 max=2 mean=0.546
Evaluating Subproblem (SP) at candidate...
2026-08-06 05:18:04,305 INFO | mobauto2_benders.benders.solver | force-added CutType.OPTIMALITY cut 'opt_cut'
2026-08-06 05:18:04,305 INFO | mobauto2_benders.benders.solver | added 1 cut(s)
2026-08-06 05:18:04,305 INFO | mobauto2_benders.benders.solver | bounds: best_lb=3926.05 best_ub=4408.49 gap=482.443 rel=0.109
SP result: recourse=4827 feasible=True
[SP PIPELINE] iter=20 build=0.000s solve=0.000s extract=0.000s post=0.000s cutgen=0.019s mode=mw lb_valid=True tl_inc=False vars=- bin=- cons=- lp=-
[CHECK] SP: recourse=4827 first=1.24 sp_total=4828.24
[CUT TIGHTNESS] raw_line(y)=4827  SP_ub=4827  diff=-9.09e-13
[BENDERS] Added cut #19: const_out=7227, const_ret=5550, nnz=25, slope_range=[-1.44e+03,-15], raw_pos_dm=0, scale=1
[BENDERS] Eval cut (dir): OUT lhs=2656 rhs=2877; RET lhs=1475 rhs=1950
Master updated: added 1 cut(s): opt_cut
[CUT SUMMARY] it=20 cand=OUT[0,1]|RET[0,3]|OUT[0,5]|RET[0,6]|OUT[0,10]|RET[0,11]|OUT[0,13]|RET[0,14]|OUT[0,17]|RET[0,18]|OUT[0,19]|RET[0,20]|...(+12) decision=added skip=None theta_total=4131.000088875004 rec_total=4827.00003 raw_rhs_total=4827.00003 rhs_total=4827.000030000001 lhs_total=4131.000088875004
Timing: master=2.800s sp_solve=0.018s cutgen=0.019s cutadd=0.001s cuts_added=1 total_cuts=20
MP stats: nodes=5096 best_bound=3926.0472656863635 incumbent=4132.240088875004 gap=0.04989855834944275
[CHECK] GAP: LB=3926.05 UB=4408.49 gap=482.443 rel=0.109

=== Iteration 21 ===
Solving Master (MP)...
[SCHEDULE] master gap-tied: time_limit_s=102 mipgap=0.05 g_bd=0.109
[MIPSTART] x-only start applied: n_out=44 n_ret=44
[MP] Wrote LP: Report\master_iter_021_cuts_020_20260806_051804.lp
2026-08-06 05:18:06,158 INFO | mobauto2_benders.benders.solver | iter=21 master status=SolveStatus.FEASIBLE obj=4138.74 lb=3932.03
Solver log file: C:\Users\fabio\AppData\Local\Temp\tmpul4_7w1x.log
MP raw solver: status=ok term=optimal incumbent=4138.740045000001 best_bound=3932.025195764524
MP solutions: count=1 keys=['Gap', 'Status', 'Message', 'Problem', 'Objective', 'Variable', 'Constraint']
[MP] Solver log: Report\master_iter_021_cuts_020_20260806_051804.log
Shuttle totals (OUT+RET): q0=12, q1=12
MP stats (solver): nodes=2669 best_bound=3932.025195764524 incumbent=4138.740045000001 gap=0.049946323515825494
MP result: status=SolveStatus.FEASIBLE obj=4138.74 lb=3932.03
[CHECK] MP: first=1.74 theta=4137 mp_total=4138.74 inc_obj=4138.74 best_bound=3932.03
[CHECK] MP bounds: mp_obj=4138.74 mp_best_bound=3932.03 mp_best_integer=4138.74 term=optimal status=ok gap=0.0499463
[MP] iter=21 incumbent=4138.74 best_bound=3932.03 gap=0.0499463 (src: inc=cplex_api bb=cplex_api gap=cplex_api)
[MP] iter=21 cuts=20 obj=4138.740 last_const=12777.000 last_nnz=25
[MW] core updated (t=0..): min=0.001 max=2 mean=0.546
Evaluating Subproblem (SP) at candidate...
2026-08-06 05:18:06,548 INFO | mobauto2_benders.benders.solver | force-added CutType.OPTIMALITY cut 'opt_cut'
2026-08-06 05:18:06,548 INFO | mobauto2_benders.benders.solver | added 1 cut(s)
2026-08-06 05:18:06,548 INFO | mobauto2_benders.benders.solver | bounds: best_lb=3932.03 best_ub=4408.49 gap=476.465 rel=0.108
SP result: recourse=4646 feasible=True
[SP PIPELINE] iter=21 build=0.000s solve=0.000s extract=0.000s post=0.000s cutgen=0.056s mode=mw lb_valid=True tl_inc=False vars=- bin=- cons=- lp=-
[CHECK] SP: recourse=4646 first=1.74 sp_total=4647.74
[CUT TIGHTNESS] raw_line(y)=4646  SP_ub=4646  diff=-2.73e-12
[BENDERS] Added cut #20: const_out=7228, const_ret=7528, nnz=27, slope_range=[-1.44e+03,-15], raw_pos_dm=0, scale=1
[BENDERS] Eval cut (dir): OUT lhs=2671 rhs=2878; RET lhs=1466 rhs=1768
Master updated: added 1 cut(s): opt_cut
[CUT SUMMARY] it=21 cand=OUT[0,1]|RET[0,2]|OUT[0,5]|RET[0,6]|OUT[0,7]|RET[0,9]|OUT[0,11]|RET[0,12]|OUT[0,17]|RET[0,18]|OUT[0,19]|RET[0,20]|...(+12) decision=added skip=None theta_total=4137.000045000001 rec_total=4646.000045 raw_rhs_total=4646.000044999999 rhs_total=4646.000045000001 lhs_total=4137.000045000001
Timing: master=1.861s sp_solve=0.060s cutgen=0.056s cutadd=0.003s cuts_added=1 total_cuts=21
MP stats: nodes=2669 best_bound=3932.025195764524 incumbent=4138.740045000001 gap=0.049946323515825494
[CHECK] GAP: LB=3932.03 UB=4408.49 gap=476.465 rel=0.108

=== Iteration 22 ===
Solving Master (MP)...
[SCHEDULE] master gap-tied: time_limit_s=102 mipgap=0.05 g_bd=0.108
[MIPSTART] x-only start applied: n_out=44 n_ret=44
[MP] Wrote LP: Report\master_iter_022_cuts_021_20260806_051806.lp
2026-08-06 05:18:08,713 INFO | mobauto2_benders.benders.solver | iter=22 master status=SolveStatus.FEASIBLE obj=4161.99 lb=3954.2
Solver log file: C:\Users\fabio\AppData\Local\Temp\tmpa6_6c2ll.log
MP raw solver: status=ok term=optimal incumbent=4161.9900888750035 best_bound=3954.1974088464567
MP solutions: count=1 keys=['Gap', 'Status', 'Message', 'Problem', 'Objective', 'Variable', 'Constraint']
[MP] Solver log: Report\master_iter_022_cuts_021_20260806_051806.log
Shuttle totals (OUT+RET): q0=12, q1=12
MP stats (solver): nodes=4096 best_bound=3954.1974088464567 incumbent=4161.9900888750035 gap=0.049926279397918674
MP result: status=SolveStatus.FEASIBLE obj=4161.99 lb=3954.2
[CHECK] MP: first=0.99 theta=4161 mp_total=4161.99 inc_obj=4161.99 best_bound=3954.2
[CHECK] MP bounds: mp_obj=4161.99 mp_best_bound=3954.2 mp_best_integer=4161.99 term=optimal status=ok gap=0.0499263
[MP] iter=22 incumbent=4161.99 best_bound=3954.2 gap=0.0499263 (src: inc=cplex_api bb=cplex_api gap=cplex_api)
[MP] iter=22 cuts=21 obj=4161.990 last_const=14756.000 last_nnz=27
[MW] core updated (t=0..): min=0.001 max=2 mean=0.546
Evaluating Subproblem (SP) at candidate...
2026-08-06 05:18:08,903 INFO | mobauto2_benders.benders.solver | force-added CutType.OPTIMALITY cut 'opt_cut'
2026-08-06 05:18:08,903 INFO | mobauto2_benders.benders.solver | added 1 cut(s)
2026-08-06 05:18:08,903 INFO | mobauto2_benders.benders.solver | bounds: best_lb=3954.2 best_ub=4408.49 gap=454.293 rel=0.103
SP result: recourse=4492 feasible=True
[SP PIPELINE] iter=22 build=0.000s solve=0.000s extract=0.000s post=0.000s cutgen=0.024s mode=mw lb_valid=True tl_inc=False vars=- bin=- cons=- lp=-
[CHECK] SP: recourse=4492 first=0.99 sp_total=4492.99
[CUT TIGHTNESS] raw_line(y)=4492  SP_ub=4492  diff=-9.09e-13
[BENDERS] Added cut #21: const_out=7037, const_ret=5435, nnz=25, slope_range=[-1.44e+03,-15], raw_pos_dm=0, scale=1
[BENDERS] Eval cut (dir): OUT lhs=2671 rhs=2687; RET lhs=1490 rhs=1805
Master updated: added 1 cut(s): opt_cut
[CUT SUMMARY] it=22 cand=OUT[0,2]|RET[0,3]|OUT[0,5]|RET[0,6]|OUT[0,9]|RET[0,11]|OUT[0,13]|RET[0,14]|OUT[0,17]|RET[0,18]|OUT[0,19]|RET[0,20]|...(+12) decision=added skip=None theta_total=4161.000088875003 rec_total=4492.00003 raw_rhs_total=4492.000029999998 rhs_total=4492.000030000001 lhs_total=4161.000088875003
Timing: master=2.165s sp_solve=0.020s cutgen=0.024s cutadd=0.001s cuts_added=1 total_cuts=22
MP stats: nodes=4096 best_bound=3954.1974088464567 incumbent=4161.9900888750035 gap=0.049926279397918674
[CHECK] GAP: LB=3954.2 UB=4408.49 gap=454.293 rel=0.103

=== Iteration 23 ===
Solving Master (MP)...
[SCHEDULE] master gap-tied: time_limit_s=102 mipgap=0.05 g_bd=0.103
[MIPSTART] x-only start applied: n_out=44 n_ret=44
[MP] Wrote LP: Report\master_iter_023_cuts_022_20260806_051808.lp
2026-08-06 05:18:12,113 INFO | mobauto2_benders.benders.solver | iter=23 master status=SolveStatus.FEASIBLE obj=4178.24 lb=3969.73
Solver log file: C:\Users\fabio\AppData\Local\Temp\tmpwvrm938d.log
MP raw solver: status=ok term=optimal incumbent=4178.240015000001 best_bound=3969.725935967991
MP solutions: count=1 keys=['Gap', 'Status', 'Message', 'Problem', 'Objective', 'Variable', 'Constraint']
[MP] Solver log: Report\master_iter_023_cuts_022_20260806_051808.log
Shuttle totals (OUT+RET): q0=12, q1=12
MP stats (solver): nodes=3327 best_bound=3969.725935967991 incumbent=4178.240015000001 gap=0.04990476331743357
MP result: status=SolveStatus.FEASIBLE obj=4178.24 lb=3969.73
[CHECK] MP: first=1.24 theta=4177 mp_total=4178.24 inc_obj=4178.24 best_bound=3969.73
[CHECK] MP bounds: mp_obj=4178.24 mp_best_bound=3969.73 mp_best_integer=4178.24 term=optimal status=ok gap=0.0499048
[MP] iter=23 incumbent=4178.24 best_bound=3969.73 gap=0.0499048 (src: inc=cplex_api bb=cplex_api gap=cplex_api)
[MP] iter=23 cuts=22 obj=4178.240 last_const=12472.000 last_nnz=25
[MW] core updated (t=0..): min=0.001 max=2 mean=0.546
Evaluating Subproblem (SP) at candidate...
2026-08-06 05:18:12,356 INFO | mobauto2_benders.benders.solver | force-added CutType.OPTIMALITY cut 'opt_cut'
2026-08-06 05:18:12,356 INFO | mobauto2_benders.benders.solver | added 1 cut(s)
2026-08-06 05:18:12,357 INFO | mobauto2_benders.benders.solver | bounds: best_lb=3969.73 best_ub=4390.24 gap=420.514 rel=0.0958
SP result: recourse=4389 feasible=True
[SP PIPELINE] iter=23 build=0.000s solve=0.000s extract=0.000s post=0.000s cutgen=0.067s mode=mw lb_valid=True tl_inc=False vars=- bin=- cons=- lp=-
[CHECK] SP: recourse=4389 first=1.24 sp_total=4390.24
[CUT TIGHTNESS] raw_line(y)=4389  SP_ub=4389  diff=-9.09e-13
[BENDERS] Added cut #22: const_out=7038, const_ret=6756, nnz=27, slope_range=[-1.44e+03,-15], raw_pos_dm=0, scale=1
[BENDERS] Eval cut (dir): OUT lhs=2687 rhs=2688; RET lhs=1490 rhs=1701
Master updated: added 1 cut(s): opt_cut
[CUT SUMMARY] it=23 cand=OUT[0,1]|RET[0,2]|OUT[0,5]|RET[0,6]|OUT[0,7]|RET[0,8]|OUT[0,11]|RET[0,12]|OUT[0,15]|RET[0,17]|OUT[0,19]|RET[0,20]|...(+12) decision=added skip=None theta_total=4177.0000150000005 rec_total=4389.00003 raw_rhs_total=4389.00003 rhs_total=4389.000030000001 lhs_total=4177.0000150000005
Timing: master=3.204s sp_solve=0.043s cutgen=0.067s cutadd=0.003s cuts_added=1 total_cuts=23
MP stats: nodes=3327 best_bound=3969.725935967991 incumbent=4178.240015000001 gap=0.04990476331743357
[CHECK] GAP: LB=3969.73 UB=4390.24 gap=420.514 rel=0.0958

=== Iteration 24 ===
Solving Master (MP)...
[SCHEDULE] master gap-tied: time_limit_s=102 mipgap=0.05 g_bd=0.0958
[MIPSTART] x-only start applied: n_out=44 n_ret=44
[MP] Wrote LP: Report\master_iter_024_cuts_023_20260806_051812.lp
2026-08-06 05:18:15,356 INFO | mobauto2_benders.benders.solver | iter=24 master status=SolveStatus.FEASIBLE obj=4237.74 lb=4026.25
Solver log file: C:\Users\fabio\AppData\Local\Temp\tmp9mg1dqz8.log
MP raw solver: status=ok term=optimal incumbent=4237.740030000002 best_bound=4026.2535217124932
MP solutions: count=1 keys=['Gap', 'Status', 'Message', 'Problem', 'Objective', 'Variable', 'Constraint']
[MP] Solver log: Report\master_iter_024_cuts_023_20260806_051812.log
Shuttle totals (OUT+RET): q0=12, q1=12
MP stats (solver): nodes=5323 best_bound=4026.2535217124932 incumbent=4237.740030000002 gap=0.04990549368067381
MP result: status=SolveStatus.FEASIBLE obj=4237.74 lb=4026.25
[CHECK] MP: first=1.74 theta=4236 mp_total=4237.74 inc_obj=4237.74 best_bound=4026.25
[CHECK] MP bounds: mp_obj=4237.74 mp_best_bound=4026.25 mp_best_integer=4237.74 term=optimal status=ok gap=0.0499055
[MP] iter=24 incumbent=4237.74 best_bound=4026.25 gap=0.0499055 (src: inc=cplex_api bb=cplex_api gap=cplex_api)
[MP] iter=24 cuts=23 obj=4237.740 last_const=13794.000 last_nnz=27
[MW] core updated (t=0..): min=0.001 max=2 mean=0.546
Evaluating Subproblem (SP) at candidate...
2026-08-06 05:18:15,555 INFO | mobauto2_benders.benders.solver | force-added CutType.OPTIMALITY cut 'opt_cut'
2026-08-06 05:18:15,555 INFO | mobauto2_benders.benders.solver | added 1 cut(s)
2026-08-06 05:18:15,555 INFO | mobauto2_benders.benders.solver | bounds: best_lb=4026.25 best_ub=4390.24 gap=363.987 rel=0.0829
SP result: recourse=4600 feasible=True
[SP PIPELINE] iter=24 build=0.000s solve=0.000s extract=0.000s post=0.000s cutgen=0.039s mode=mw lb_valid=True tl_inc=False vars=- bin=- cons=- lp=-
[CHECK] SP: recourse=4600 first=1.74 sp_total=4601.74
[CUT TIGHTNESS] raw_line(y)=4600  SP_ub=4600  diff=-2.73e-12
[BENDERS] Added cut #23: const_out=7279, const_ret=8151, nnz=28, slope_range=[-1.44e+03,-15], raw_pos_dm=0, scale=1
[BENDERS] Eval cut (dir): OUT lhs=2878 rhs=2929; RET lhs=1358 rhs=1671
Master updated: added 1 cut(s): opt_cut
[CUT SUMMARY] it=24 cand=OUT[0,2]|RET[0,3]|OUT[0,5]|RET[0,6]|OUT[0,9]|RET[0,11]|OUT[0,13]|RET[0,14]|OUT[0,17]|RET[0,18]|OUT[0,19]|RET[0,20]|...(+12) decision=added skip=None theta_total=4236.000030000001 rec_total=4600.000045 raw_rhs_total=4600.000044999999 rhs_total=4600.000045000001 lhs_total=4236.000030000001
Timing: master=2.998s sp_solve=0.038s cutgen=0.039s cutadd=0.002s cuts_added=1 total_cuts=24
MP stats: nodes=5323 best_bound=4026.2535217124932 incumbent=4237.740030000002 gap=0.04990549368067381
[CHECK] GAP: LB=4026.25 UB=4390.24 gap=363.987 rel=0.0829

=== Iteration 25 ===
Solving Master (MP)...
[SCHEDULE] master gap-tied: time_limit_s=102 mipgap=0.05 g_bd=0.0829
[MIPSTART] x-only start applied: n_out=44 n_ret=44
[MP] Wrote LP: Report\master_iter_025_cuts_024_20260806_051815.lp
2026-08-06 05:18:21,711 INFO | mobauto2_benders.benders.solver | iter=25 master status=SolveStatus.FEASIBLE obj=4288.74 lb=4074.66
Solver log file: C:\Users\fabio\AppData\Local\Temp\tmpftbk44g4.log
MP raw solver: status=ok term=optimal incumbent=4288.740029522274 best_bound=4074.6596791228076
MP solutions: count=1 keys=['Gap', 'Status', 'Message', 'Problem', 'Objective', 'Variable', 'Constraint']
[MP] Solver log: Report\master_iter_025_cuts_024_20260806_051815.log
Shuttle totals (OUT+RET): q0=12, q1=12
MP stats (solver): nodes=6159 best_bound=4074.6596791228076 incumbent=4288.740029522274 gap=0.04991684012689111
MP result: status=SolveStatus.FEASIBLE obj=4288.74 lb=4074.66
[CHECK] MP: first=1.74 theta=4287 mp_total=4288.74 inc_obj=4288.74 best_bound=4074.66
[CHECK] MP bounds: mp_obj=4288.74 mp_best_bound=4074.66 mp_best_integer=4288.74 term=optimal status=ok gap=0.0499168
[MP] iter=25 incumbent=4288.74 best_bound=4074.66 gap=0.0499168 (src: inc=cplex_api bb=cplex_api gap=cplex_api)
[MP] iter=25 cuts=24 obj=4288.740 last_const=15430.000 last_nnz=28
[MW] core updated (t=0..): min=0.001 max=2 mean=0.546
Evaluating Subproblem (SP) at candidate...
2026-08-06 05:18:21,865 INFO | mobauto2_benders.benders.solver | force-added CutType.OPTIMALITY cut 'opt_cut'
2026-08-06 05:18:21,865 INFO | mobauto2_benders.benders.solver | added 1 cut(s)
2026-08-06 05:18:21,865 INFO | mobauto2_benders.benders.solver | bounds: best_lb=4074.66 best_ub=4390.24 gap=315.58 rel=0.0719
SP result: recourse=4803 feasible=True
[SP PIPELINE] iter=25 build=0.000s solve=0.000s extract=0.000s post=0.000s cutgen=0.024s mode=mw lb_valid=True tl_inc=False vars=- bin=- cons=- lp=-
[CHECK] SP: recourse=4803 first=1.74 sp_total=4804.74
[CUT TIGHTNESS] raw_line(y)=4803  SP_ub=4803  diff=-2.73e-12
[BENDERS] Added cut #24: const_out=7473, const_ret=7455, nnz=28, slope_range=[-1.44e+03,-15], raw_pos_dm=0, scale=1
[BENDERS] Eval cut (dir): OUT lhs=2914 rhs=3123; RET lhs=1373 rhs=1680
Master updated: added 1 cut(s): opt_cut
[CUT SUMMARY] it=25 cand=OUT[0,1]|RET[0,2]|OUT[0,5]|RET[0,6]|OUT[0,9]|RET[0,11]|OUT[0,13]|RET[0,14]|OUT[0,17]|RET[0,18]|OUT[0,19]|RET[0,20]|...(+12) decision=added skip=None theta_total=4287.000029522102 rec_total=4803.000045 raw_rhs_total=4803.000044510409 rhs_total=4803.000044510408 lhs_total=4287.000029522102
Timing: master=6.156s sp_solve=0.033s cutgen=0.024s cutadd=0.002s cuts_added=1 total_cuts=25
MP stats: nodes=6159 best_bound=4074.6596791228076 incumbent=4288.740029522274 gap=0.04991684012689111
[CHECK] GAP: LB=4074.66 UB=4390.24 gap=315.58 rel=0.0719

=== Iteration 26 ===
Solving Master (MP)...
[SCHEDULE] master gap-tied: time_limit_s=102 mipgap=0.05 g_bd=0.0719
[MIPSTART] x-only start applied: n_out=44 n_ret=44
[MP] Wrote LP: Report\master_iter_026_cuts_025_20260806_051821.lp
2026-08-06 05:18:25,153 INFO | mobauto2_benders.benders.solver | iter=26 master status=SolveStatus.FEASIBLE obj=4308.74 lb=4093.33
Solver log file: C:\Users\fabio\AppData\Local\Temp\tmpi1w6owks.log
MP raw solver: status=ok term=optimal incumbent=4308.740015000001 best_bound=4093.326110696225
MP solutions: count=1 keys=['Gap', 'Status', 'Message', 'Problem', 'Objective', 'Variable', 'Constraint']
[MP] Solver log: Report\master_iter_026_cuts_025_20260806_051821.log
Shuttle totals (OUT+RET): q0=12, q1=12
MP stats (solver): nodes=6183 best_bound=4093.326110696225 incumbent=4308.740015000001 gap=0.04999463962872013
MP result: status=SolveStatus.FEASIBLE obj=4308.74 lb=4093.33
[CHECK] MP: first=1.74 theta=4307 mp_total=4308.74 inc_obj=4308.74 best_bound=4093.33
[CHECK] MP bounds: mp_obj=4308.74 mp_best_bound=4093.33 mp_best_integer=4308.74 term=optimal status=ok gap=0.0499946
[MP] iter=26 incumbent=4308.74 best_bound=4093.33 gap=0.0499946 (src: inc=cplex_api bb=cplex_api gap=cplex_api)
[MP] iter=26 cuts=25 obj=4308.740 last_const=14928.000 last_nnz=28
[MW] core updated (t=0..): min=0.001 max=2 mean=0.546
Evaluating Subproblem (SP) at candidate...
2026-08-06 05:18:25,455 INFO | mobauto2_benders.benders.solver | force-added CutType.OPTIMALITY cut 'opt_cut'
2026-08-06 05:18:25,455 INFO | mobauto2_benders.benders.solver | added 1 cut(s)
2026-08-06 05:18:25,456 INFO | mobauto2_benders.benders.solver | bounds: best_lb=4093.33 best_ub=4390.24 gap=296.914 rel=0.0676
SP result: recourse=4694 feasible=True
[SP PIPELINE] iter=26 build=0.000s solve=0.000s extract=0.000s post=0.000s cutgen=0.046s mode=mw lb_valid=True tl_inc=False vars=- bin=- cons=- lp=-
[CHECK] SP: recourse=4694 first=1.74 sp_total=4695.74
[CUT TIGHTNESS] raw_line(y)=4694  SP_ub=4694  diff=-2.73e-12
[BENDERS] Added cut #25: const_out=7226, const_ret=8298, nnz=28, slope_range=[-1.44e+03,-15], raw_pos_dm=0, scale=1
[BENDERS] Eval cut (dir): OUT lhs=2832 rhs=2876; RET lhs=1475 rhs=1818
Master updated: added 1 cut(s): opt_cut
[CUT SUMMARY] it=26 cand=OUT[0,2]|RET[0,3]|OUT[0,5]|RET[0,6]|OUT[0,10]|RET[0,11]|OUT[0,14]|RET[0,15]|OUT[0,17]|RET[0,18]|OUT[0,19]|RET[0,20]|...(+12) decision=added skip=None theta_total=4307.0000150000005 rec_total=4694.000045 raw_rhs_total=4694.000044999999 rhs_total=4694.000044999998 lhs_total=4307.0000150000005
Timing: master=3.287s sp_solve=0.070s cutgen=0.046s cutadd=0.003s cuts_added=1 total_cuts=26
MP stats: nodes=6183 best_bound=4093.326110696225 incumbent=4308.740015000001 gap=0.04999463962872013
[CHECK] GAP: LB=4093.33 UB=4390.24 gap=296.914 rel=0.0676

=== Iteration 27 ===
Solving Master (MP)...
[SCHEDULE] master gap-tied: time_limit_s=102 mipgap=0.05 g_bd=0.0676
[MIPSTART] x-only start applied: n_out=44 n_ret=44
[MP] Wrote LP: Report\master_iter_027_cuts_026_20260806_051825.lp
2026-08-06 05:18:29,514 INFO | mobauto2_benders.benders.solver | iter=27 master status=SolveStatus.FEASIBLE obj=4339.74 lb=4122.85
Solver log file: C:\Users\fabio\AppData\Local\Temp\tmpdjiqd074.log
MP raw solver: status=ok term=optimal incumbent=4339.740038139993 best_bound=4122.853846050535
MP solutions: count=1 keys=['Gap', 'Status', 'Message', 'Problem', 'Objective', 'Variable', 'Constraint']
[MP] Solver log: Report\master_iter_027_cuts_026_20260806_051825.log
Shuttle totals (OUT+RET): q0=12, q1=12
MP stats (solver): nodes=6834 best_bound=4122.853846050535 incumbent=4339.740038139993 gap=0.04997677054001833
MP result: status=SolveStatus.FEASIBLE obj=4339.74 lb=4122.85
[CHECK] MP: first=1.74 theta=4338 mp_total=4339.74 inc_obj=4339.74 best_bound=4122.85
[CHECK] MP bounds: mp_obj=4339.74 mp_best_bound=4122.85 mp_best_integer=4339.74 term=optimal status=ok gap=0.0499768
[MP] iter=27 incumbent=4339.74 best_bound=4122.85 gap=0.0499768 (src: inc=cplex_api bb=cplex_api gap=cplex_api)
[MP] iter=27 cuts=26 obj=4339.740 last_const=15524.000 last_nnz=28
[MW] core updated (t=0..): min=0.001 max=2 mean=0.546
Evaluating Subproblem (SP) at candidate...
2026-08-06 05:18:29,843 INFO | mobauto2_benders.benders.solver | force-added CutType.OPTIMALITY cut 'opt_cut'
2026-08-06 05:18:29,844 INFO | mobauto2_benders.benders.solver | added 1 cut(s)
2026-08-06 05:18:29,844 INFO | mobauto2_benders.benders.solver | bounds: best_lb=4122.85 best_ub=4390.24 gap=267.386 rel=0.0609
SP result: recourse=4943 feasible=True
[SP PIPELINE] iter=27 build=0.000s solve=0.000s extract=0.000s post=0.000s cutgen=0.063s mode=mw lb_valid=True tl_inc=False vars=- bin=- cons=- lp=-
[CHECK] SP: recourse=4943 first=1.74 sp_total=4944.74
[CUT TIGHTNESS] raw_line(y)=4943  SP_ub=4943  diff=-2.73e-12
[BENDERS] Added cut #26: const_out=7423, const_ret=7645, nnz=28, slope_range=[-1.44e+03,-15], raw_pos_dm=0, scale=1
[BENDERS] Eval cut (dir): OUT lhs=2863 rhs=3073; RET lhs=1475 rhs=1870
Master updated: added 1 cut(s): opt_cut
[CUT SUMMARY] it=27 cand=OUT[0,1]|RET[0,3]|OUT[0,5]|RET[0,6]|OUT[0,7]|RET[0,8]|OUT[0,13]|RET[0,14]|OUT[0,16]|RET[0,18]|OUT[0,19]|RET[0,20]|...(+12) decision=added skip=None theta_total=4338.000038139993 rec_total=4943.000045 raw_rhs_total=4943.000044999999 rhs_total=4943.000045000001 lhs_total=4338.000038139993
Timing: master=4.057s sp_solve=0.070s cutgen=0.063s cutadd=0.004s cuts_added=1 total_cuts=27
MP stats: nodes=6834 best_bound=4122.853846050535 incumbent=4339.740038139993 gap=0.04997677054001833
[CHECK] GAP: LB=4122.85 UB=4390.24 gap=267.386 rel=0.0609

=== Iteration 28 ===
Solving Master (MP)...
[SCHEDULE] master gap-tied: time_limit_s=102 mipgap=0.05 g_bd=0.0609
[MIPSTART] x-only start applied: n_out=44 n_ret=44
[MP] Wrote LP: Report\master_iter_028_cuts_027_20260806_051829.lp
2026-08-06 05:18:37,047 INFO | mobauto2_benders.benders.solver | iter=28 master status=SolveStatus.FEASIBLE obj=4340.49 lb=4123.76
Solver log file: C:\Users\fabio\AppData\Local\Temp\tmpfgk5i7o5.log
MP raw solver: status=ok term=optimal incumbent=4340.4900137878985 best_bound=4123.75953595099
MP solutions: count=1 keys=['Gap', 'Status', 'Message', 'Problem', 'Objective', 'Variable', 'Constraint']
[MP] Solver log: Report\master_iter_028_cuts_027_20260806_051829.log
Shuttle totals (OUT+RET): q0=12, q1=12
MP stats (solver): nodes=7974 best_bound=4123.75953595099 incumbent=4340.4900137878985 gap=0.04993226044719443
MP result: status=SolveStatus.FEASIBLE obj=4340.49 lb=4123.76
[CHECK] MP: first=1.49 theta=4339 mp_total=4340.49 inc_obj=4340.49 best_bound=4123.76
[CHECK] MP bounds: mp_obj=4340.49 mp_best_bound=4123.76 mp_best_integer=4340.49 term=optimal status=ok gap=0.0499323
[MP] iter=28 incumbent=4340.49 best_bound=4123.76 gap=0.0499323 (src: inc=cplex_api bb=cplex_api gap=cplex_api)
[MP] iter=28 cuts=27 obj=4340.490 last_const=15068.000 last_nnz=28
[MW] core updated (t=0..): min=0.001 max=2 mean=0.546
Evaluating Subproblem (SP) at candidate...
2026-08-06 05:18:37,367 INFO | mobauto2_benders.benders.solver | force-added CutType.OPTIMALITY cut 'opt_cut'
2026-08-06 05:18:37,367 INFO | mobauto2_benders.benders.solver | added 1 cut(s)
2026-08-06 05:18:37,367 INFO | mobauto2_benders.benders.solver | bounds: best_lb=4123.76 best_ub=4390.24 gap=266.48 rel=0.0607
SP result: recourse=5130 feasible=True
[SP PIPELINE] iter=28 build=0.000s solve=0.000s extract=0.000s post=0.000s cutgen=0.046s mode=mw lb_valid=True tl_inc=False vars=- bin=- cons=- lp=-
[CHECK] SP: recourse=5130 first=1.49 sp_total=5131.49
[CUT TIGHTNESS] raw_line(y)=5130  SP_ub=5130  diff=-2.73e-12
[BENDERS] Added cut #27: const_out=7470, const_ret=7785, nnz=27, slope_range=[-1.44e+03,-15], raw_pos_dm=0, scale=1
[BENDERS] Eval cut (dir): OUT lhs=2849 rhs=3120; RET lhs=1490 rhs=2010
Master updated: added 1 cut(s): opt_cut
[CUT SUMMARY] it=28 cand=OUT[0,1]|RET[0,2]|OUT[0,5]|RET[0,6]|OUT[0,9]|RET[0,11]|OUT[0,14]|RET[0,15]|OUT[0,17]|RET[0,18]|OUT[0,19]|RET[0,20]|...(+12) decision=added skip=None theta_total=4339.000013788294 rec_total=5130.000045 raw_rhs_total=5130.000044268256 rhs_total=5130.000044268256 lhs_total=4339.000013788294
Timing: master=7.203s sp_solve=0.059s cutgen=0.046s cutadd=0.002s cuts_added=1 total_cuts=28
MP stats: nodes=7974 best_bound=4123.75953595099 incumbent=4340.4900137878985 gap=0.04993226044719443
[CHECK] GAP: LB=4123.76 UB=4390.24 gap=266.48 rel=0.0607

=== Iteration 29 ===
Solving Master (MP)...
[SCHEDULE] master gap-tied: time_limit_s=102 mipgap=0.05 g_bd=0.0607
[MIPSTART] x-only start applied: n_out=44 n_ret=44
[MP] Wrote LP: Report\master_iter_029_cuts_028_20260806_051837.lp
2026-08-06 05:18:44,141 INFO | mobauto2_benders.benders.solver | iter=29 master status=SolveStatus.FEASIBLE obj=4347.24 lb=4129.93
Solver log file: C:\Users\fabio\AppData\Local\Temp\tmpoorty2rv.log
MP raw solver: status=ok term=optimal incumbent=4347.240030000002 best_bound=4129.931353641616
MP solutions: count=1 keys=['Gap', 'Status', 'Message', 'Problem', 'Objective', 'Variable', 'Constraint']
[MP] Solver log: Report\master_iter_029_cuts_028_20260806_051837.log
Shuttle totals (OUT+RET): q0=12, q1=12
MP stats (solver): nodes=8779 best_bound=4129.931353641616 incumbent=4347.240030000002 gap=0.04998773356399668
MP result: status=SolveStatus.FEASIBLE obj=4347.24 lb=4129.93
[CHECK] MP: first=1.24 theta=4346 mp_total=4347.24 inc_obj=4347.24 best_bound=4129.93
[CHECK] MP bounds: mp_obj=4347.24 mp_best_bound=4129.93 mp_best_integer=4347.24 term=optimal status=ok gap=0.0499877
[MP] iter=29 incumbent=4347.24 best_bound=4129.93 gap=0.0499877 (src: inc=cplex_api bb=cplex_api gap=cplex_api)
[MP] iter=29 cuts=28 obj=4347.240 last_const=15255.000 last_nnz=27
[MW] core updated (t=0..): min=0.001 max=2 mean=0.546
Evaluating Subproblem (SP) at candidate...
2026-08-06 05:18:44,515 INFO | mobauto2_benders.benders.solver | force-added CutType.OPTIMALITY cut 'opt_cut'
2026-08-06 05:18:44,515 INFO | mobauto2_benders.benders.solver | added 1 cut(s)
2026-08-06 05:18:44,515 INFO | mobauto2_benders.benders.solver | bounds: best_lb=4129.93 best_ub=4390.24 gap=260.309 rel=0.0593
SP result: recourse=4976 feasible=True
[SP PIPELINE] iter=29 build=0.000s solve=0.000s extract=0.000s post=0.000s cutgen=0.062s mode=mw lb_valid=True tl_inc=False vars=- bin=- cons=- lp=-
[CHECK] SP: recourse=4976 first=1.24 sp_total=4977.24
[CUT TIGHTNESS] raw_line(y)=4976  SP_ub=4976  diff=-2.73e-12
[BENDERS] Added cut #28: const_out=7272, const_ret=8534, nnz=26, slope_range=[-1.44e+03,-15], raw_pos_dm=0, scale=1
[BENDERS] Eval cut (dir): OUT lhs=2656 rhs=2922; RET lhs=1690 rhs=2054
Master updated: added 1 cut(s): opt_cut
[CUT SUMMARY] it=29 cand=OUT[0,1]|RET[0,2]|OUT[0,5]|RET[0,7]|OUT[0,8]|RET[0,9]|OUT[0,14]|RET[0,15]|OUT[0,17]|RET[0,18]|OUT[0,19]|RET[0,20]|...(+12) decision=added skip=None theta_total=4346.000030000001 rec_total=4976.000045 raw_rhs_total=4976.000044999999 rhs_total=4976.000045000002 lhs_total=4346.000030000001
Timing: master=6.773s sp_solve=0.053s cutgen=0.062s cutadd=0.002s cuts_added=1 total_cuts=29
MP stats: nodes=8779 best_bound=4129.931353641616 incumbent=4347.240030000002 gap=0.04998773356399668
[CHECK] GAP: LB=4129.93 UB=4390.24 gap=260.309 rel=0.0593

=== Iteration 30 ===
Solving Master (MP)...
[SCHEDULE] master gap-tied: time_limit_s=102 mipgap=0.05 g_bd=0.0593
[MIPSTART] x-only start applied: n_out=44 n_ret=44
[MP] Wrote LP: Report\master_iter_030_cuts_029_20260806_051844.lp
2026-08-06 05:18:52,305 INFO | mobauto2_benders.benders.solver | iter=30 master status=SolveStatus.FEASIBLE obj=4355.49 lb=4137.97
Solver log file: C:\Users\fabio\AppData\Local\Temp\tmp7cb4o_zc.log
MP raw solver: status=ok term=optimal incumbent=4355.490015 best_bound=4137.967597050517
MP solutions: count=1 keys=['Gap', 'Status', 'Message', 'Problem', 'Objective', 'Variable', 'Constraint']
[MP] Solver log: Report\master_iter_030_cuts_029_20260806_051844.log
Shuttle totals (OUT+RET): q0=12, q1=12
MP stats (solver): nodes=8073 best_bound=4137.967597050517 incumbent=4355.490015 gap=0.04994212297591009
MP result: status=SolveStatus.FEASIBLE obj=4355.49 lb=4137.97
[CHECK] MP: first=1.49 theta=4354 mp_total=4355.49 inc_obj=4355.49 best_bound=4137.97
[CHECK] MP bounds: mp_obj=4355.49 mp_best_bound=4137.97 mp_best_integer=4355.49 term=optimal status=ok gap=0.0499421
[MP] iter=30 incumbent=4355.49 best_bound=4137.97 gap=0.0499421 (src: inc=cplex_api bb=cplex_api gap=cplex_api)
[MP] iter=30 cuts=29 obj=4355.490 last_const=15806.000 last_nnz=26
[MW] core updated (t=0..): min=0.001 max=2 mean=0.546
Evaluating Subproblem (SP) at candidate...
2026-08-06 05:18:52,432 INFO | mobauto2_benders.benders.solver | force-added CutType.OPTIMALITY cut 'opt_cut'
2026-08-06 05:18:52,433 INFO | mobauto2_benders.benders.solver | added 1 cut(s)
2026-08-06 05:18:52,433 INFO | mobauto2_benders.benders.solver | bounds: best_lb=4137.97 best_ub=4390.24 gap=252.272 rel=0.0575
SP result: recourse=4551 feasible=True
[SP PIPELINE] iter=30 build=0.000s solve=0.000s extract=0.000s post=0.000s cutgen=0.026s mode=mw lb_valid=True tl_inc=False vars=- bin=- cons=- lp=-
[CHECK] SP: recourse=4551 first=1.49 sp_total=4552.49
[CUT TIGHTNESS] raw_line(y)=4551  SP_ub=4551  diff=-2.73e-12
[BENDERS] Added cut #29: const_out=7228, const_ret=8153, nnz=27, slope_range=[-1.44e+03,-15], raw_pos_dm=0, scale=1
[BENDERS] Eval cut (dir): OUT lhs=2864 rhs=2878; RET lhs=1490 rhs=1673
Master updated: added 1 cut(s): opt_cut
[CUT SUMMARY] it=30 cand=OUT[0,1]|RET[0,2]|OUT[0,5]|RET[0,6]|OUT[0,7]|RET[0,8]|OUT[0,12]|RET[0,13]|OUT[0,16]|RET[0,18]|OUT[0,19]|RET[0,20]|...(+12) decision=added skip=None theta_total=4354.000015 rec_total=4551.000045 raw_rhs_total=4551.000044999999 rhs_total=4551.000045000001 lhs_total=4354.000015
Timing: master=7.782s sp_solve=0.026s cutgen=0.026s cutadd=0.002s cuts_added=1 total_cuts=30
MP stats: nodes=8073 best_bound=4137.967597050517 incumbent=4355.490015 gap=0.04994212297591009
[CHECK] GAP: LB=4137.97 UB=4390.24 gap=252.272 rel=0.0575

=== Iteration 31 ===
Solving Master (MP)...
[SCHEDULE] master gap-tied: time_limit_s=102 mipgap=0.05 g_bd=0.0575
[MIPSTART] x-only start applied: n_out=44 n_ret=44
[MP] Wrote LP: Report\master_iter_031_cuts_030_20260806_051852.lp
2026-08-06 05:18:57,173 INFO | mobauto2_benders.benders.solver | iter=31 master status=SolveStatus.FEASIBLE obj=4361.74 lb=4143.65
Solver log file: C:\Users\fabio\AppData\Local\Temp\tmpsrmiyou7.log
MP raw solver: status=ok term=optimal incumbent=4361.7400450000005 best_bound=4143.653113552659
MP solutions: count=1 keys=['Gap', 'Status', 'Message', 'Problem', 'Objective', 'Variable', 'Constraint']
[MP] Solver log: Report\master_iter_031_cuts_030_20260806_051852.log
Shuttle totals (OUT+RET): q0=12, q1=12
MP stats (solver): nodes=5662 best_bound=4143.653113552659 incumbent=4361.7400450000005 gap=0.04999998376733525
MP result: status=SolveStatus.FEASIBLE obj=4361.74 lb=4143.65
[CHECK] MP: first=1.74 theta=4360 mp_total=4361.74 inc_obj=4361.74 best_bound=4143.65
[CHECK] MP bounds: mp_obj=4361.74 mp_best_bound=4143.65 mp_best_integer=4361.74 term=optimal status=ok gap=0.05
[MP] iter=31 incumbent=4361.74 best_bound=4143.65 gap=0.05 (src: inc=cplex_api bb=cplex_api gap=cplex_api)
[MP] iter=31 cuts=30 obj=4361.740 last_const=15381.000 last_nnz=27
[MW] core updated (t=0..): min=0.001 max=2 mean=0.546
Evaluating Subproblem (SP) at candidate...
2026-08-06 05:18:57,418 INFO | mobauto2_benders.benders.solver | force-added CutType.OPTIMALITY cut 'opt_cut'
2026-08-06 05:18:57,420 INFO | mobauto2_benders.benders.solver | added 1 cut(s)
2026-08-06 05:18:57,420 INFO | mobauto2_benders.benders.solver | bounds: best_lb=4143.65 best_ub=4390.24 gap=246.587 rel=0.0562
SP result: recourse=4556 feasible=True
[SP PIPELINE] iter=31 build=0.000s solve=0.000s extract=0.000s post=0.000s cutgen=0.037s mode=mw lb_valid=True tl_inc=False vars=- bin=- cons=- lp=-
[CHECK] SP: recourse=4556 first=1.74 sp_total=4557.74
[CUT TIGHTNESS] raw_line(y)=4556  SP_ub=4556  diff=-2.73e-12
[BENDERS] Added cut #30: const_out=7278, const_ret=8108, nnz=28, slope_range=[-1.44e+03,-15], raw_pos_dm=0, scale=1
[BENDERS] Eval cut (dir): OUT lhs=2879 rhs=2928; RET lhs=1481 rhs=1628
Master updated: added 1 cut(s): opt_cut
[CUT SUMMARY] it=31 cand=OUT[0,1]|RET[0,2]|OUT[0,5]|RET[0,6]|OUT[0,9]|RET[0,11]|OUT[0,12]|RET[0,13]|OUT[0,17]|RET[0,18]|OUT[0,19]|RET[0,20]|...(+12) decision=added skip=None theta_total=4360.000045 rec_total=4556.000045 raw_rhs_total=4556.000044999999 rhs_total=4556.000045000001 lhs_total=4360.000045
Timing: master=4.741s sp_solve=0.065s cutgen=0.037s cutadd=0.002s cuts_added=1 total_cuts=31
MP stats: nodes=5662 best_bound=4143.653113552659 incumbent=4361.7400450000005 gap=0.04999998376733525
[CHECK] GAP: LB=4143.65 UB=4390.24 gap=246.587 rel=0.0562

=== Iteration 32 ===
Solving Master (MP)...
[SCHEDULE] master gap-tied: time_limit_s=102 mipgap=0.05 g_bd=0.0562
[MIPSTART] x-only start applied: n_out=44 n_ret=44
[MP] Wrote LP: Report\master_iter_032_cuts_031_20260806_051857.lp
2026-08-06 05:19:05,115 INFO | mobauto2_benders.benders.solver | iter=32 master status=SolveStatus.FEASIBLE obj=4377.24 lb=4158.4
Solver log file: C:\Users\fabio\AppData\Local\Temp\tmplxjup7ej.log
MP raw solver: status=ok term=optimal incumbent=4377.240029467357 best_bound=4158.396512979937
MP solutions: count=1 keys=['Gap', 'Status', 'Message', 'Problem', 'Objective', 'Variable', 'Constraint']
[MP] Solver log: Report\master_iter_032_cuts_031_20260806_051857.log
Shuttle totals (OUT+RET): q0=12, q1=12
MP stats (solver): nodes=8403 best_bound=4158.396512979937 incumbent=4377.240029467357 gap=0.04999577702254652
MP result: status=SolveStatus.FEASIBLE obj=4377.24 lb=4158.4
[CHECK] MP: first=1.24 theta=4376 mp_total=4377.24 inc_obj=4377.24 best_bound=4158.4
[CHECK] MP bounds: mp_obj=4377.24 mp_best_bound=4158.4 mp_best_integer=4377.24 term=optimal status=ok gap=0.0499958
[MP] iter=32 incumbent=4377.24 best_bound=4158.4 gap=0.0499958 (src: inc=cplex_api bb=cplex_api gap=cplex_api)
[MP] iter=32 cuts=31 obj=4377.240 last_const=15386.000 last_nnz=28
[MW] core updated (t=0..): min=0.001 max=2 mean=0.546
Evaluating Subproblem (SP) at candidate...
2026-08-06 05:19:05,247 INFO | mobauto2_benders.benders.solver | force-added CutType.OPTIMALITY cut 'opt_cut'
2026-08-06 05:19:05,247 INFO | mobauto2_benders.benders.solver | added 1 cut(s)
2026-08-06 05:19:05,247 INFO | mobauto2_benders.benders.solver | bounds: best_lb=4158.4 best_ub=4390.24 gap=231.844 rel=0.0528
2026-08-06 05:19:05,247 WARNING | mobauto2_benders.benders.solver | Time limit reached after 32 iterations
SP result: recourse=4690 feasible=True
[SP PIPELINE] iter=32 build=0.000s solve=0.000s extract=0.000s post=0.000s cutgen=0.023s mode=mw lb_valid=True tl_inc=False vars=- bin=- cons=- lp=-
[CHECK] SP: recourse=4690 first=1.24 sp_total=4691.24
[CUT TIGHTNESS] raw_line(y)=4690  SP_ub=4690  diff=-2.73e-12
[BENDERS] Added cut #31: const_out=7178, const_ret=8342, nnz=26, slope_range=[-1.44e+03,-15], raw_pos_dm=0, scale=1
[BENDERS] Eval cut (dir): OUT lhs=2671 rhs=2828; RET lhs=1705 rhs=1862
Master updated: added 1 cut(s): opt_cut
[CUT SUMMARY] it=32 cand=OUT[0,2]|RET[0,3]|OUT[0,5]|RET[0,7]|OUT[0,9]|RET[0,10]|OUT[0,14]|RET[0,15]|OUT[0,17]|RET[0,18]|OUT[0,19]|RET[0,20]|...(+12) decision=added skip=None theta_total=4376.000029466628 rec_total=4690.000045 raw_rhs_total=4690.000044455786 rhs_total=4690.000044455786 lhs_total=4376.000029466628
Timing: master=7.706s sp_solve=0.025s cutgen=0.023s cutadd=0.001s cuts_added=1 total_cuts=32
MP stats: nodes=8403 best_bound=4158.396512979937 incumbent=4377.240029467357 gap=0.04999577702254652
[CHECK] GAP: LB=4158.4 UB=4390.24 gap=231.844 rel=0.0528

Time limit reached after 32 iterations.
Total solve time: 120.221 seconds
Best bounds: LB=4158.4 UB=4390.24 gap=231.844 rel=0.0528

Best Master Solution:
Q=2 T=22
theta = 4177
  - theta_out = 2687
  - theta_ret = 1490
Timeline (per shuttle):
           0     1     2     3     4     5     6     7     8     9    10    11    12    13    14    15    16    17    18    19    20    21
  q=0:   IDL   OUT   RET   CHR   CHR   OUT   RET   OUT   RET   CHR   CHR   OUT   RET   CHR   CHR   OUT   IDL   RET   CHR   OUT   RET   IDL
  q=1:   IDL   IDL   OUT   RET   CHR   OUT   RET   CHR   CHR   OUT   IDL   RET   CHR   OUT   RET   CHR   CHR   OUT   RET   OUT   RET   IDL
Battery (per shuttle):
           0     1     2     3     4     5     6     7     8     9    10    11    12    13    14    15    16    17    18    19    20    21
  q=0:   150   150   150   120    90   125    95    95    65   100    70    40    75   110   145   115    85   120    90    60    30     0
  q=1:   150   150   120    90   120   150   120    90    60    30    53    75    45    15    50    85   120    90    90    60    30     0

Demand per slot (OUT/RET):
         0   1   2   3   4   5   6   7   8   9  10  11  12  13  14  15  16  17  18  19  20  21
  OUT:  19  22  29  22  17   8   4   4   2   4   5   3   1   4   1   2   0   1   0   2   0   0
  RET:   3   1   2   0   0   4   3   7   4   4   8  12   8   7   6   7  19  15  24  16   0   0

Pax per shuttle and slot (total):
         0   1   2   3   4   5   6   7   8   9  10  11  12  13  14  15  16  17  18  19  20  21
  q=0:   0  15   4   0   0  15   4  12  10   0   0   9  12   0   0   5   0  15   0   1  15   0
  q=1:   0   0  15   2   0  15   0   0   0   6   0  12   0   4  15   0   0   2  15   0  15   0
Pax served: 218/300
Pax served: 218/300
Subproblem (last): obj=4389 wait_slots=289 fill_eps=3e-05 penalty_cost=4100 penalty_pax=82 total_demand=300
Avg wait (min): 39.7706
UB_total (best): 4390.24

Result: status=UNKNOWN iterations=32 best_lb=4158.396512979937 best_ub=4390.24003
